PyTorch 2.11.0 for DeltaAI (CUDA 13.0, Python 3.12)
Includes: transformers, accelerate, datasets, peft, lightning,
          timm, bitsandbytes, diffusers, mpi4py, tensorboard,
          wandb, jupyter, scipy, scikit-learn, opencv, nvitop
New in this build (sm_90 source builds):
  flash-attn, transformer_engine, xformers, apex, mamba-ssm,
  triton, torch-geometric, cupy-cuda13x, tensorrt, flashinfer
Known: transformer_engine and cupy currently fail at import due to
  a cu13 libcublasLt / cython ABI mismatch on this stack — use the
  other attention paths (flash-attn, xformers) and stock torch CUDA
  until an upstream fix lands.

For documentation and examples:
  https://docs.ncsa.illinois.edu/systems/deltaai/

Run setup-kernel prior to launching OOD job.

Quick start (on a compute node):
  module load python/miniforge3_pytorch/2.11.0
  conda activate base
  python -c "import torch; print(torch.cuda.is_available())"

CUDA extensions: CUDA_HOME, nvcc, and CMAKE_PREFIX_PATH come from the
auto-loaded cuda/13.1.1 module.

A conda environment has been detected
CONDA_PREFIX=/sw/user/python/miniforge3-pytorch-2.5.0 
Consider running 'conda deactivate' before loading this module.
CUDA Toolkit 13.1.1 loaded
Includes GPUDirect Storage (GDS) libraries
Requires NVIDIA driver 590+
Using gcc-native/14 (default in Cray PE 25.09)
host: gh064.hsn.cm.delta.internal.ncsa.edu   started: Tue Sep  8 02:38:29 PM CDT 2026
name, memory.total [MiB], driver_version
NVIDIA GH200 120GB, 97871 MiB, 595.71.05
torch 2.11.0+cu130 cuda True
triton 3.5.1

==== pairs=4 kernel=signed   Tue Sep  8 02:38:33 PM CDT 2026 ====
{"run": "smat_d1_T256_p4_zoo_signed_dm16_s0_decaymamba2", "arm": "smat", "d": 1, "T": 256, "n_pairs": 4, "n_queries": 64, "n_keys": 2048, "ctx_start": 0, "layers": 2, "d_model": 16, "heads": 1, "r": 64, "chunk": 64, "steps": 6000, "nb": 64, "lr": 0.001, "warmup": 200, "eval_every": 500, "eval_n": 512, "qk_norm": true, "short_conv": 3, "triton_bwd": false, "no_amp": false, "phi": "elu1", "decay": "mamba2", "dt_min": 0.05, "dt_max": 0.5, "A_min": 1.0, "A_max": 2.0, "scan_kernel": "signed", "gate_wd": 0.0, "gate_lr_mult": 1.0, "wd": 0.1, "tag": "", "zoology": true, "n_P": 0, "early_stop": 0.99, "mask_bank": false, "vocab": 8192, "oracle_keep": false, "taylor_dim": 16, "pad_noise": false, "out": "results/mqar_dim16.csv", "device": "cuda", "seed": 0}
mask n=128: pairs occupy [0,8), queries in [8,256)
gate params: 36  (wd 0.0, lr x1.0, dt init [0.05, 0.5])
step   100  loss 8.8299  23 ms/step
step   200  loss 8.5097  20 ms/step
step   300  loss 8.3858  20 ms/step
step   400  loss 8.3427  20 ms/step
step   500  loss 8.3601  19 ms/step
== eval step 500: acc 0.000  nll 8.354  noise share of normaliser per layer [0.506 0.492]
step   600  loss 8.3656  20 ms/step
step   700  loss 8.3520  20 ms/step
step   800  loss 8.3467  20 ms/step
step   900  loss 8.3169  20 ms/step
step  1000  loss 8.3238  20 ms/step
== eval step 1000: acc 0.000  nll 8.305  noise share of normaliser per layer [0.601 0.564]
step  1100  loss 8.2720  20 ms/step
step  1200  loss 8.2153  20 ms/step
step  1300  loss 8.2154  20 ms/step
step  1400  loss 8.1064  20 ms/step
step  1500  loss 8.0737  20 ms/step
== eval step 1500: acc 0.000  nll 8.076  noise share of normaliser per layer [0.523 0.495]
step  1600  loss 8.0250  20 ms/step
step  1700  loss 8.0157  20 ms/step
step  1800  loss 7.9632  20 ms/step
step  1900  loss 7.8841  20 ms/step
step  2000  loss 7.8904  20 ms/step
== eval step 2000: acc 0.001  nll 7.880  noise share of normaliser per layer [0.514 0.491]
step  2100  loss 7.8374  20 ms/step
step  2200  loss 7.8554  20 ms/step
step  2300  loss 7.7476  20 ms/step
step  2400  loss 7.5845  20 ms/step
step  2500  loss 7.4750  20 ms/step
== eval step 2500: acc 0.008  nll 7.526  noise share of normaliser per layer [0.555 0.549]
step  2600  loss 7.3595  20 ms/step
step  2700  loss 7.2426  20 ms/step
step  2800  loss 7.1576  20 ms/step
step  2900  loss 7.0661  20 ms/step
step  3000  loss 6.9757  20 ms/step
== eval step 3000: acc 0.047  nll 7.003  noise share of normaliser per layer [0.506 0.502]
[2026-09-08T14:39:38.363] error: *** JOB 3114130 ON gh064 CANCELLED AT 2026-09-08T14:39:38 DUE to SIGNAL Terminated ***
