PyTorch 2.11.0 for DeltaAI (CUDA 13.0, Python 3.12)
Includes: transformers, accelerate, datasets, peft, lightning,
          timm, bitsandbytes, diffusers, mpi4py, tensorboard,
          wandb, jupyter, scipy, scikit-learn, opencv, nvitop
New in this build (sm_90 source builds):
  flash-attn, transformer_engine, xformers, apex, mamba-ssm,
  triton, torch-geometric, cupy-cuda13x, tensorrt, flashinfer
Known: transformer_engine and cupy currently fail at import due to
  a cu13 libcublasLt / cython ABI mismatch on this stack — use the
  other attention paths (flash-attn, xformers) and stock torch CUDA
  until an upstream fix lands.

For documentation and examples:
  https://docs.ncsa.illinois.edu/systems/deltaai/

Run setup-kernel prior to launching OOD job.

Quick start (on a compute node):
  module load python/miniforge3_pytorch/2.11.0
  conda activate base
  python -c "import torch; print(torch.cuda.is_available())"

CUDA extensions: CUDA_HOME, nvcc, and CMAKE_PREFIX_PATH come from the
auto-loaded cuda/13.1.1 module.

A conda environment has been detected
CONDA_PREFIX=/sw/user/python/miniforge3-pytorch-2.5.0 
Consider running 'conda deactivate' before loading this module.
CUDA Toolkit 13.1.1 loaded
Includes GPUDirect Storage (GDS) libraries
Requires NVIDIA driver 590+
Using gcc-native/14 (default in Cray PE 25.09)
host: gh077.hsn.cm.delta.internal.ncsa.edu   started: Tue Sep  8 02:45:39 PM CDT 2026
name, memory.total [MiB], driver_version
NVIDIA GH200 120GB, 97871 MiB, 595.71.05
torch 2.11.0+cu130 cuda True
triton 3.5.1

==== pilot mamba2 ====
gate params: 2  (wd 0.1, lr x1.0, dt init [0.001, 0.1])
== eval step 20: acc 0.000  nll 9.025  noise share of normaliser per layer []
done: {"run": "mamba2_T256_p4_zoo_dm16_s0", "arm": "mamba2", "d": "", "n_pairs": 4, "n_queries": 64, "n_keys": 2048, "step": 20, "train_loss": 9.012001037597656, "acc": 0.0, "nll": 9.025041818618774, "noise_share": "", "d_model": 16, "heads": 1, "r": 64, "n_P": 0, "seed": 0, "state_per_head": 1088, "params": 284902, "ms_per_step": 3451.2710332870483, "elapsed_s": 69.05230212211609}
==== mamba2 lr1e-3 8k   Tue Sep  8 02:47:12 PM CDT 2026 ====
{"run": "mamba2_T256_p4_zoo_dm16_s0_lr1e-3", "arm": "mamba2", "d": 1, "T": 256, "n_pairs": 4, "n_queries": 64, "n_keys": 2048, "ctx_start": 0, "layers": 2, "d_model": 16, "heads": 1, "r": 64, "chunk": 64, "steps": 8000, "nb": 64, "lr": 0.001, "warmup": 200, "eval_every": 1000, "eval_n": 512, "qk_norm": false, "short_conv": 0, "triton_bwd": false, "no_amp": false, "phi": "elu1", "decay": "off", "dt_min": 0.001, "dt_max": 0.1, "A_min": 1.0, "A_max": 16.0, "scan_kernel": "phi", "gate_wd": 0.1, "gate_lr_mult": 1.0, "wd": 0.1, "tag": "_lr1e-3", "zoology": true, "n_P": 0, "early_stop": 0.99, "mask_bank": false, "vocab": 8192, "oracle_keep": false, "taylor_dim": 16, "pad_noise": false, "out": "results/mqar_dim16.csv", "device": "cuda", "seed": 0}
/sw/user/python/miniforge3-pytorch-2.11.0/lib/python3.12/site-packages/requests/__init__.py:113: RequestsDependencyWarning: urllib3 (2.7.0) or chardet (6.0.0.post1)/charset_normalizer (3.4.1) doesn't match a supported version!
  warnings.warn(
gate params: 2  (wd 0.1, lr x1.0, dt init [0.001, 0.1])
step   100  loss 8.8477  166 ms/step
step   200  loss 8.5050  15 ms/step
step   300  loss 8.3861  15 ms/step
step   400  loss 8.3461  15 ms/step
step   500  loss 8.3560  15 ms/step
step   600  loss 8.3413  15 ms/step
step   700  loss 8.3369  15 ms/step
step   800  loss 8.3476  15 ms/step
step   900  loss 8.3479  15 ms/step
step  1000  loss 8.3168  15 ms/step
== eval step 1000: acc 0.000  nll 8.332  noise share of normaliser per layer []
step  1100  loss 8.3287  15 ms/step
step  1200  loss 8.3412  15 ms/step
step  1300  loss 8.3344  15 ms/step
step  1400  loss 8.3250  15 ms/step
step  1500  loss 8.3451  15 ms/step
step  1600  loss 8.3234  15 ms/step
step  1700  loss 8.3150  15 ms/step
step  1800  loss 8.3229  15 ms/step
step  1900  loss 8.3250  15 ms/step
step  2000  loss 8.3206  15 ms/step
== eval step 2000: acc 0.000  nll 8.328  noise share of normaliser per layer []
step  2100  loss 8.3277  15 ms/step
step  2200  loss 8.3241  15 ms/step
step  2300  loss 8.3282  15 ms/step
step  2400  loss 8.3215  15 ms/step
step  2500  loss 8.3396  15 ms/step
step  2600  loss 8.3160  15 ms/step
step  2700  loss 8.3343  15 ms/step
step  2800  loss 8.3277  15 ms/step
step  2900  loss 8.3252  15 ms/step
step  3000  loss 8.3130  15 ms/step
== eval step 3000: acc 0.001  nll 8.319  noise share of normaliser per layer []
step  3100  loss 8.3258  15 ms/step
step  3200  loss 8.3146  15 ms/step
step  3300  loss 8.2889  15 ms/step
step  3400  loss 8.2566  15 ms/step
step  3500  loss 8.2333  15 ms/step
step  3600  loss 8.2130  15 ms/step
step  3700  loss 8.1783  15 ms/step
step  3800  loss 8.1860  15 ms/step
step  3900  loss 8.1473  15 ms/step
step  4000  loss 8.1654  15 ms/step
== eval step 4000: acc 0.000  nll 8.158  noise share of normaliser per layer []
step  4100  loss 8.1654  15 ms/step
step  4200  loss 8.1074  15 ms/step
step  4300  loss 8.0917  15 ms/step
step  4400  loss 8.0924  15 ms/step
step  4500  loss 8.0652  15 ms/step
step  4600  loss 8.0766  15 ms/step
step  4700  loss 8.0671  15 ms/step
step  4800  loss 8.0465  15 ms/step
step  4900  loss 8.0311  15 ms/step
step  5000  loss 8.0261  15 ms/step
== eval step 5000: acc 0.001  nll 8.024  noise share of normaliser per layer []
step  5100  loss 7.9805  15 ms/step
step  5200  loss 7.9627  15 ms/step
step  5300  loss 7.9458  15 ms/step
step  5400  loss 7.9968  15 ms/step
step  5500  loss 7.9476  15 ms/step
step  5600  loss 7.9405  15 ms/step
step  5700  loss 7.9350  15 ms/step
step  5800  loss 7.9156  15 ms/step
step  5900  loss 7.8987  15 ms/step
step  6000  loss 7.9076  15 ms/step
== eval step 6000: acc 0.004  nll 7.900  noise share of normaliser per layer []
step  6100  loss 7.8523  15 ms/step
step  6200  loss 7.8836  15 ms/step
step  6300  loss 7.9068  15 ms/step
step  6400  loss 7.8758  15 ms/step
step  6500  loss 7.8864  15 ms/step
step  6600  loss 7.8784  15 ms/step
step  6700  loss 7.8858  15 ms/step
step  6800  loss 7.8752  15 ms/step
step  6900  loss 7.8705  15 ms/step
step  7000  loss 7.8451  15 ms/step
== eval step 7000: acc 0.005  nll 7.884  noise share of normaliser per layer []
step  7100  loss 7.8660  15 ms/step
step  7200  loss 7.8298  15 ms/step
step  7300  loss 7.8605  15 ms/step
step  7400  loss 7.8410  15 ms/step
step  7500  loss 7.8244  15 ms/step
step  7600  loss 7.8576  15 ms/step
step  7700  loss 7.8733  15 ms/step
step  7800  loss 7.8174  15 ms/step
step  7900  loss 7.8437  15 ms/step
step  8000  loss 7.8652  15 ms/step
== eval step 8000: acc 0.003  nll 7.866  noise share of normaliser per layer []
done: {"run": "mamba2_T256_p4_zoo_dm16_s0_lr1e-3", "arm": "mamba2", "d": "", "n_pairs": 4, "n_queries": 64, "n_keys": 2048, "step": 8000, "train_loss": 7.865192413330078, "acc": 0.00341796875, "nll": 7.866485521197319, "noise_share": "", "d_model": 16, "heads": 1, "r": 64, "n_P": 0, "seed": 0, "state_per_head": 1088, "params": 284902, "ms_per_step": 15.005567073822021, "elapsed_s": 136.07520413398743}
==== mamba2 lr3e-3 8k   Tue Sep  8 02:49:42 PM CDT 2026 ====
{"run": "mamba2_T256_p4_zoo_dm16_s0_lr3e-3", "arm": "mamba2", "d": 1, "T": 256, "n_pairs": 4, "n_queries": 64, "n_keys": 2048, "ctx_start": 0, "layers": 2, "d_model": 16, "heads": 1, "r": 64, "chunk": 64, "steps": 8000, "nb": 64, "lr": 0.003, "warmup": 200, "eval_every": 1000, "eval_n": 512, "qk_norm": false, "short_conv": 0, "triton_bwd": false, "no_amp": false, "phi": "elu1", "decay": "off", "dt_min": 0.001, "dt_max": 0.1, "A_min": 1.0, "A_max": 16.0, "scan_kernel": "phi", "gate_wd": 0.1, "gate_lr_mult": 1.0, "wd": 0.1, "tag": "_lr3e-3", "zoology": true, "n_P": 0, "early_stop": 0.99, "mask_bank": false, "vocab": 8192, "oracle_keep": false, "taylor_dim": 16, "pad_noise": false, "out": "results/mqar_dim16.csv", "device": "cuda", "seed": 0}
/sw/user/python/miniforge3-pytorch-2.11.0/lib/python3.12/site-packages/requests/__init__.py:113: RequestsDependencyWarning: urllib3 (2.7.0) or chardet (6.0.0.post1)/charset_normalizer (3.4.1) doesn't match a supported version!
  warnings.warn(
gate params: 2  (wd 0.1, lr x1.0, dt init [0.001, 0.1])
step   100  loss 8.5987  160 ms/step
step   200  loss 8.4470  15 ms/step
step   300  loss 8.3875  15 ms/step
step   400  loss 8.3427  15 ms/step
step   500  loss 8.3561  16 ms/step
step   600  loss 8.3451  16 ms/step
step   700  loss 8.3373  16 ms/step
step   800  loss 8.3502  16 ms/step
step   900  loss 8.3499  16 ms/step
step  1000  loss 8.3154  16 ms/step
== eval step 1000: acc 0.000  nll 8.332  noise share of normaliser per layer []
step  1100  loss 8.3327  16 ms/step
step  1200  loss 8.3403  16 ms/step
step  1300  loss 8.3324  16 ms/step
step  1400  loss 8.3242  16 ms/step
step  1500  loss 8.3450  16 ms/step
step  1600  loss 8.3246  16 ms/step
step  1700  loss 8.3184  16 ms/step
step  1800  loss 8.3231  16 ms/step
step  1900  loss 8.3279  15 ms/step
step  2000  loss 8.3166  16 ms/step
== eval step 2000: acc 0.000  nll 8.324  noise share of normaliser per layer []
step  2100  loss 8.3204  16 ms/step
step  2200  loss 8.2806  16 ms/step
step  2300  loss 8.2616  16 ms/step
step  2400  loss 8.2374  16 ms/step
step  2500  loss 8.1838  15 ms/step
step  2600  loss 8.1422  15 ms/step
step  2700  loss 8.0937  16 ms/step
step  2800  loss 8.0873  15 ms/step
step  2900  loss 8.0496  16 ms/step
step  3000  loss 7.9647  16 ms/step
== eval step 3000: acc 0.002  nll 7.957  noise share of normaliser per layer []
step  3100  loss 7.9992  16 ms/step
step  3200  loss 7.8891  16 ms/step
step  3300  loss 7.9158  16 ms/step
step  3400  loss 7.9699  16 ms/step
step  3500  loss 7.9195  16 ms/step
step  3600  loss 7.9589  16 ms/step
step  3700  loss 7.9539  16 ms/step
step  3800  loss 7.8965  16 ms/step
step  3900  loss 7.8191  16 ms/step
step  4000  loss 7.8333  15 ms/step
== eval step 4000: acc 0.003  nll 7.843  noise share of normaliser per layer []
step  4100  loss 7.8288  16 ms/step
step  4200  loss 7.7768  15 ms/step
step  4300  loss 7.7756  15 ms/step
step  4400  loss 7.7538  15 ms/step
step  4500  loss 7.7480  16 ms/step
step  4600  loss 7.6806  15 ms/step
step  4700  loss 7.6099  15 ms/step
step  4800  loss 7.6598  15 ms/step
step  4900  loss 7.6398  16 ms/step
step  5000  loss 7.6517  15 ms/step
== eval step 5000: acc 0.006  nll 7.609  noise share of normaliser per layer []
step  5100  loss 7.6412  16 ms/step
step  5200  loss 7.5815  15 ms/step
step  5300  loss 7.6071  15 ms/step
step  5400  loss 7.5268  15 ms/step
step  5500  loss 7.5760  15 ms/step
step  5600  loss 7.5277  15 ms/step
step  5700  loss 7.6194  16 ms/step
step  5800  loss 7.5559  15 ms/step
step  5900  loss 7.6127  16 ms/step
step  6000  loss 7.6338  15 ms/step
== eval step 6000: acc 0.007  nll 7.601  noise share of normaliser per layer []
step  6100  loss 7.5155  15 ms/step
step  6200  loss 7.5762  16 ms/step
step  6300  loss 7.5424  15 ms/step
step  6400  loss 7.6340  16 ms/step
step  6500  loss 7.4909  16 ms/step
step  6600  loss 7.5266  16 ms/step
step  6700  loss 7.5022  16 ms/step
step  6800  loss 7.4774  16 ms/step
step  6900  loss 7.5368  16 ms/step
step  7000  loss 7.5073  16 ms/step
== eval step 7000: acc 0.013  nll 7.506  noise share of normaliser per layer []
step  7100  loss 7.5399  16 ms/step
step  7200  loss 7.4733  16 ms/step
step  7300  loss 7.5385  16 ms/step
step  7400  loss 7.4540  16 ms/step
step  7500  loss 7.5388  16 ms/step
step  7600  loss 7.5518  16 ms/step
step  7700  loss 7.5790  16 ms/step
step  7800  loss 7.5728  15 ms/step
step  7900  loss 7.4790  15 ms/step
step  8000  loss 7.4889  15 ms/step
== eval step 8000: acc 0.009  nll 7.501  noise share of normaliser per layer []
done: {"run": "mamba2_T256_p4_zoo_dm16_s0_lr3e-3", "arm": "mamba2", "d": "", "n_pairs": 4, "n_queries": 64, "n_keys": 2048, "step": 8000, "train_loss": 7.4888529777526855, "acc": 0.00927734375, "nll": 7.5013501942157745, "noise_share": "", "d_model": 16, "heads": 1, "r": 64, "n_P": 0, "seed": 0, "state_per_head": 1088, "params": 284902, "ms_per_step": 15.516302585601807, "elapsed_s": 139.73505854606628}
==== smat d1 signed lr1e-3 12k   Tue Sep  8 02:52:14 PM CDT 2026 ====
{"run": "smat_d1_T256_p4_zoo_signed_dm16_s0_decaymamba2_lr1e-3_12k", "arm": "smat", "d": 1, "T": 256, "n_pairs": 4, "n_queries": 64, "n_keys": 2048, "ctx_start": 0, "layers": 2, "d_model": 16, "heads": 1, "r": 128, "chunk": 64, "steps": 12000, "nb": 64, "lr": 0.001, "warmup": 200, "eval_every": 1000, "eval_n": 512, "qk_norm": true, "short_conv": 3, "triton_bwd": false, "no_amp": false, "phi": "elu1", "decay": "mamba2", "dt_min": 0.05, "dt_max": 0.5, "A_min": 1.0, "A_max": 2.0, "scan_kernel": "signed", "gate_wd": 0.0, "gate_lr_mult": 1.0, "wd": 0.1, "tag": "_lr1e-3_12k", "zoology": true, "n_P": 0, "early_stop": 0.99, "mask_bank": false, "vocab": 8192, "oracle_keep": false, "taylor_dim": 16, "pad_noise": false, "out": "results/mqar_dim16.csv", "device": "cuda", "seed": 0}
mask n=128: pairs occupy [0,8), queries in [8,256)
gate params: 36  (wd 0.0, lr x1.0, dt init [0.05, 0.5])
step   100  loss 8.8388  24 ms/step
step   200  loss 8.5112  20 ms/step
step   300  loss 8.3863  20 ms/step
step   400  loss 8.3436  20 ms/step
step   500  loss 8.3527  21 ms/step
step   600  loss 8.3439  21 ms/step
step   700  loss 8.3357  21 ms/step
step   800  loss 8.3108  21 ms/step
step   900  loss 8.2609  21 ms/step
step  1000  loss 8.1889  20 ms/step
== eval step 1000: acc 0.000  nll 8.196  noise share of normaliser per layer [0.584 0.575]
step  1100  loss 8.1543  20 ms/step
step  1200  loss 8.1456  21 ms/step
step  1300  loss 8.0960  27 ms/step
step  1400  loss 8.0222  25 ms/step
step  1500  loss 7.9985  21 ms/step
step  1600  loss 7.9346  21 ms/step
step  1700  loss 7.8701  21 ms/step
step  1800  loss 7.8622  21 ms/step
step  1900  loss 7.7639  21 ms/step
step  2000  loss 7.7377  21 ms/step
== eval step 2000: acc 0.006  nll 7.787  noise share of normaliser per layer [0.492 0.498]
step  2100  loss 7.8056  21 ms/step
step  2200  loss 7.7055  21 ms/step
step  2300  loss 7.7281  21 ms/step
step  2400  loss 7.6312  21 ms/step
step  2500  loss 7.6201  20 ms/step
step  2600  loss 7.6108  20 ms/step
step  2700  loss 7.5870  20 ms/step
step  2800  loss 7.6587  20 ms/step
step  2900  loss 7.5859  20 ms/step
[2026-09-08T14:53:21.164] error: *** JOB 3114176 ON gh077 CANCELLED AT 2026-09-08T14:53:21 DUE to SIGNAL Terminated ***
