PyTorch 2.11.0 for DeltaAI (CUDA 13.0, Python 3.12)
Includes: transformers, accelerate, datasets, peft, lightning,
          timm, bitsandbytes, diffusers, mpi4py, tensorboard,
          wandb, jupyter, scipy, scikit-learn, opencv, nvitop
New in this build (sm_90 source builds):
  flash-attn, transformer_engine, xformers, apex, mamba-ssm,
  triton, torch-geometric, cupy-cuda13x, tensorrt, flashinfer
Known: transformer_engine and cupy currently fail at import due to
  a cu13 libcublasLt / cython ABI mismatch on this stack — use the
  other attention paths (flash-attn, xformers) and stock torch CUDA
  until an upstream fix lands.

For documentation and examples:
  https://docs.ncsa.illinois.edu/systems/deltaai/

Run setup-kernel prior to launching OOD job.

Quick start (on a compute node):
  module load python/miniforge3_pytorch/2.11.0
  conda activate base
  python -c "import torch; print(torch.cuda.is_available())"

CUDA extensions: CUDA_HOME, nvcc, and CMAKE_PREFIX_PATH come from the
auto-loaded cuda/13.1.1 module.

A conda environment has been detected
CONDA_PREFIX=/sw/user/python/miniforge3-pytorch-2.5.0 
Consider running 'conda deactivate' before loading this module.
CUDA Toolkit 13.1.1 loaded
Includes GPUDirect Storage (GDS) libraries
Requires NVIDIA driver 590+
Using gcc-native/14 (default in Cray PE 25.09)
host: gh077.hsn.cm.delta.internal.ncsa.edu   started: Tue Sep  8 02:42:47 PM CDT 2026
name, memory.total [MiB], driver_version
NVIDIA GH200 120GB, 97871 MiB, 595.71.05
torch 2.11.0+cu130 cuda True
triton 3.5.1

==== dm16 lr3e-3 12k   Tue Sep  8 02:42:55 PM CDT 2026 ====
{"run": "smat_d1_T256_p4_zoo_signed_dm16_s0_decaymamba2_lr3e-3_12k", "arm": "smat", "d": 1, "T": 256, "n_pairs": 4, "n_queries": 64, "n_keys": 2048, "ctx_start": 0, "layers": 2, "d_model": 16, "heads": 1, "r": 128, "chunk": 64, "steps": 12000, "nb": 64, "lr": 0.003, "warmup": 200, "eval_every": 1000, "eval_n": 512, "qk_norm": true, "short_conv": 3, "triton_bwd": false, "no_amp": false, "phi": "elu1", "decay": "mamba2", "dt_min": 0.05, "dt_max": 0.5, "A_min": 1.0, "A_max": 2.0, "scan_kernel": "signed", "gate_wd": 0.0, "gate_lr_mult": 1.0, "wd": 0.1, "tag": "_lr3e-3_12k", "zoology": true, "n_P": 0, "early_stop": 0.99, "mask_bank": false, "vocab": 8192, "oracle_keep": false, "taylor_dim": 16, "pad_noise": false, "out": "results/mqar_dim16.csv", "device": "cuda", "seed": 0}
mask n=128: pairs occupy [0,8), queries in [8,256)
gate params: 36  (wd 0.0, lr x1.0, dt init [0.05, 0.5])
step   100  loss 8.5975  30 ms/step
step   200  loss 8.4514  23 ms/step
step   300  loss 8.3857  23 ms/step
step   400  loss 8.3396  23 ms/step
step   500  loss 8.3548  22 ms/step
step   600  loss 8.3442  22 ms/step
step   700  loss 8.3376  22 ms/step
step   800  loss 8.3484  22 ms/step
step   900  loss 8.3495  22 ms/step
step  1000  loss 8.3158  22 ms/step
== eval step 1000: acc 0.000  nll 8.332  noise share of normaliser per layer [0.581 0.585]
step  1100  loss 8.3304  22 ms/step
step  1200  loss 8.3407  22 ms/step
step  1300  loss 8.3340  22 ms/step
step  1400  loss 8.3234  22 ms/step
step  1500  loss 8.3458  22 ms/step
step  1600  loss 8.3253  22 ms/step
step  1700  loss 8.3181  22 ms/step
step  1800  loss 8.3245  22 ms/step
step  1900  loss 8.3268  22 ms/step
step  2000  loss 8.3187  22 ms/step
== eval step 2000: acc 0.000  nll 8.329  noise share of normaliser per layer [0.500 0.501]
step  2100  loss 8.3266  22 ms/step
step  2200  loss 8.3253  22 ms/step
step  2300  loss 8.3315  22 ms/step
step  2400  loss 8.3234  22 ms/step
step  2500  loss 8.3399  22 ms/step
step  2600  loss 8.3201  22 ms/step
step  2700  loss 8.3333  22 ms/step
step  2800  loss 8.3314  22 ms/step
step  2900  loss 8.3289  22 ms/step
step  3000  loss 8.3196  22 ms/step
== eval step 3000: acc 0.001  nll 8.321  noise share of normaliser per layer [0.588 0.587]
step  3100  loss 8.3256  22 ms/step
step  3200  loss 8.3293  22 ms/step
step  3300  loss 8.3051  22 ms/step
step  3400  loss 8.2797  22 ms/step
step  3500  loss 8.1956  22 ms/step
step  3600  loss 8.0919  22 ms/step
step  3700  loss 7.9913  22 ms/step
step  3800  loss 8.0215  22 ms/step
step  3900  loss 7.9744  22 ms/step
step  4000  loss 7.9751  22 ms/step
== eval step 4000: acc 0.000  nll 7.925  noise share of normaliser per layer [0.532 0.528]
step  4100  loss 7.9619  22 ms/step
step  4200  loss 7.8487  22 ms/step
step  4300  loss 7.8954  22 ms/step
step  4400  loss 7.8422  22 ms/step
step  4500  loss 7.8308  22 ms/step
step  4600  loss 7.8094  22 ms/step
step  4700  loss 7.8559  22 ms/step
step  4800  loss 7.7870  22 ms/step
step  4900  loss 7.8283  22 ms/step
step  5000  loss 7.8539  22 ms/step
== eval step 5000: acc 0.003  nll 7.747  noise share of normaliser per layer [0.595 0.592]
step  5100  loss 7.8103  22 ms/step
step  5200  loss 7.7594  22 ms/step
step  5300  loss 7.6987  22 ms/step
step  5400  loss 7.8112  22 ms/step
step  5500  loss 7.6876  22 ms/step
step  5600  loss 7.8115  22 ms/step
step  5700  loss 7.7438  22 ms/step
step  5800  loss 7.7116  22 ms/step
step  5900  loss 7.7470  22 ms/step
[2026-09-08T14:45:14.986] error: *** JOB 3114165 ON gh077 CANCELLED AT 2026-09-08T14:45:14 DUE to SIGNAL Terminated ***
