PyTorch 2.11.0 for DeltaAI (CUDA 13.0, Python 3.12)
Includes: transformers, accelerate, datasets, peft, lightning,
          timm, bitsandbytes, diffusers, mpi4py, tensorboard,
          wandb, jupyter, scipy, scikit-learn, opencv, nvitop
New in this build (sm_90 source builds):
  flash-attn, transformer_engine, xformers, apex, mamba-ssm,
  triton, torch-geometric, cupy-cuda13x, tensorrt, flashinfer
Known: transformer_engine and cupy currently fail at import due to
  a cu13 libcublasLt / cython ABI mismatch on this stack — use the
  other attention paths (flash-attn, xformers) and stock torch CUDA
  until an upstream fix lands.

For documentation and examples:
  https://docs.ncsa.illinois.edu/systems/deltaai/

Run setup-kernel prior to launching OOD job.

Quick start (on a compute node):
  module load python/miniforge3_pytorch/2.11.0
  conda activate base
  python -c "import torch; print(torch.cuda.is_available())"

CUDA extensions: CUDA_HOME, nvcc, and CMAKE_PREFIX_PATH come from the
auto-loaded cuda/13.1.1 module.

host: gh064.hsn.cm.delta.internal.ncsa.edu   started: Tue Sep  8 02:39:50 PM CDT 2026
name, memory.total [MiB], driver_version
NVIDIA GH200 120GB, 97871 MiB, 595.71.05
torch 2.11.0+cu130 cuda True
triton 3.5.1

==== pairs=4 kernel=signed   Tue Sep  8 02:39:53 PM CDT 2026 ====
{"run": "smat_d1_T256_p4_zoo_signed_dm16_s0_decaymamba2", "arm": "smat", "d": 1, "T": 256, "n_pairs": 4, "n_queries": 64, "n_keys": 2048, "ctx_start": 0, "layers": 2, "d_model": 16, "heads": 1, "r": 128, "chunk": 64, "steps": 6000, "nb": 64, "lr": 0.001, "warmup": 200, "eval_every": 500, "eval_n": 512, "qk_norm": true, "short_conv": 3, "triton_bwd": false, "no_amp": false, "phi": "elu1", "decay": "mamba2", "dt_min": 0.05, "dt_max": 0.5, "A_min": 1.0, "A_max": 2.0, "scan_kernel": "signed", "gate_wd": 0.0, "gate_lr_mult": 1.0, "wd": 0.1, "tag": "", "zoology": true, "n_P": 0, "early_stop": 0.99, "mask_bank": false, "vocab": 8192, "oracle_keep": false, "taylor_dim": 16, "pad_noise": false, "out": "results/mqar_dim16.csv", "device": "cuda", "seed": 0}
mask n=128: pairs occupy [0,8), queries in [8,256)
gate params: 36  (wd 0.0, lr x1.0, dt init [0.05, 0.5])
step   100  loss 8.8388  24 ms/step
step   200  loss 8.5112  22 ms/step
step   300  loss 8.3863  22 ms/step
step   400  loss 8.3437  21 ms/step
step   500  loss 8.3530  21 ms/step
== eval step 500: acc 0.000  nll 8.350  noise share of normaliser per layer [0.488 0.493]
step   600  loss 8.3618  22 ms/step
step   700  loss 8.3501  21 ms/step
step   800  loss 8.3207  22 ms/step
step   900  loss 8.2384  25 ms/step
step  1000  loss 8.2091  25 ms/step
== eval step 1000: acc 0.000  nll 8.205  noise share of normaliser per layer [0.579 0.564]
step  1100  loss 8.1724  21 ms/step
step  1200  loss 8.0712  21 ms/step
step  1300  loss 8.0733  21 ms/step
step  1400  loss 8.0213  21 ms/step
step  1500  loss 7.9895  21 ms/step
== eval step 1500: acc 0.003  nll 7.994  noise share of normaliser per layer [0.520 0.486]
step  1600  loss 7.9784  21 ms/step
step  1700  loss 7.9193  21 ms/step
step  1800  loss 7.9223  21 ms/step
step  1900  loss 7.8148  21 ms/step
step  2000  loss 7.8028  21 ms/step
== eval step 2000: acc 0.003  nll 7.815  noise share of normaliser per layer [0.506 0.478]
step  2100  loss 7.8453  21 ms/step
step  2200  loss 7.7663  21 ms/step
step  2300  loss 7.7348  21 ms/step
step  2400  loss 7.7151  21 ms/step
step  2500  loss 7.6986  21 ms/step
== eval step 2500: acc 0.004  nll 7.709  noise share of normaliser per layer [0.548 0.537]
step  2600  loss 7.6605  21 ms/step
step  2700  loss 7.6887  21 ms/step
step  2800  loss 7.6693  21 ms/step
step  2900  loss 7.6241  21 ms/step
step  3000  loss 7.6426  21 ms/step
== eval step 3000: acc 0.009  nll 7.609  noise share of normaliser per layer [0.485 0.492]
step  3100  loss 7.5922  21 ms/step
step  3200  loss 7.6064  21 ms/step
step  3300  loss 7.5577  21 ms/step
step  3400  loss 7.5577  21 ms/step
step  3500  loss 7.5078  21 ms/step
== eval step 3500: acc 0.013  nll 7.544  noise share of normaliser per layer [0.552 0.556]
step  3600  loss 7.5474  21 ms/step
step  3700  loss 7.5366  21 ms/step
step  3800  loss 7.4814  21 ms/step
step  3900  loss 7.4844  21 ms/step
step  4000  loss 7.5293  21 ms/step
== eval step 4000: acc 0.010  nll 7.525  noise share of normaliser per layer [0.467 0.474]
step  4100  loss 7.4695  21 ms/step
step  4200  loss 7.5373  21 ms/step
step  4300  loss 7.5584  21 ms/step
step  4400  loss 7.5232  21 ms/step
step  4500  loss 7.4519  21 ms/step
== eval step 4500: acc 0.012  nll 7.499  noise share of normaliser per layer [0.547 0.557]
step  4600  loss 7.4795  21 ms/step
step  4700  loss 7.3949  21 ms/step
step  4800  loss 7.4662  21 ms/step
step  4900  loss 7.4973  21 ms/step
step  5000  loss 7.5081  21 ms/step
== eval step 5000: acc 0.008  nll 7.491  noise share of normaliser per layer [0.508 0.518]
step  5100  loss 7.4637  21 ms/step
step  5200  loss 7.5035  21 ms/step
step  5300  loss 7.4575  21 ms/step
step  5400  loss 7.3906  21 ms/step
[2026-09-08T14:41:54.742] error: *** JOB 3114156 ON gh064 CANCELLED AT 2026-09-08T14:41:54 DUE to SIGNAL Terminated ***
