PyTorch 2.11.0 for DeltaAI (CUDA 13.0, Python 3.12)
Includes: transformers, accelerate, datasets, peft, lightning,
          timm, bitsandbytes, diffusers, mpi4py, tensorboard,
          wandb, jupyter, scipy, scikit-learn, opencv, nvitop
New in this build (sm_90 source builds):
  flash-attn, transformer_engine, xformers, apex, mamba-ssm,
  triton, torch-geometric, cupy-cuda13x, tensorrt, flashinfer
Known: transformer_engine and cupy currently fail at import due to
  a cu13 libcublasLt / cython ABI mismatch on this stack — use the
  other attention paths (flash-attn, xformers) and stock torch CUDA
  until an upstream fix lands.

For documentation and examples:
  https://docs.ncsa.illinois.edu/systems/deltaai/

Run setup-kernel prior to launching OOD job.

Quick start (on a compute node):
  module load python/miniforge3_pytorch/2.11.0
  conda activate base
  python -c "import torch; print(torch.cuda.is_available())"

CUDA extensions: CUDA_HOME, nvcc, and CMAKE_PREFIX_PATH come from the
auto-loaded cuda/13.1.1 module.

host: gh017.hsn.cm.delta.internal.ncsa.edu   started: Thu Sep  3 07:15:35 PM CDT 2026
name, memory.total [MiB], driver_version
NVIDIA GH200 120GB, 97871 MiB, 595.71.05
torch 2.11.0+cu130 cuda True
triton 3.5.1

==== A   Thu Sep  3 07:15:40 PM CDT 2026 ====
{"run": "smat_d1_p16_decaymamba2_A", "arm": "smat", "d": 1, "T": 512, "n_pairs": 16, "n_queries": 16, "n_keys": 128, "ctx_start": 0, "layers": 4, "d_model": 256, "heads": 4, "r": 64, "chunk": 128, "steps": 5000, "nb": 32, "lr": 0.001, "warmup": 200, "eval_every": 1000, "eval_n": 256, "qk_norm": true, "short_conv": 3, "triton_bwd": false, "no_amp": false, "phi": "elu1", "decay": "mamba2", "dt_min": 0.001, "dt_max": 0.1, "gate_wd": 0.0, "gate_lr_mult": 1.0, "wd": 0.1, "tag": "_A", "oracle_keep": false, "taylor_dim": 16, "pad_noise": false, "out": "results/mqar_T512_gate_sweep.csv", "device": "cuda", "seed": 0}
mask n=256: pairs occupy [0,32), queries in [256,512)
gate params: 4128  (wd 0.0, lr x1.0, dt init [0.001, 0.1])
step   100  loss 4.9141  43 ms/step
step   200  loss 4.9120  35 ms/step
step   300  loss 4.8245  35 ms/step
step   400  loss 4.8794  35 ms/step
step   500  loss 4.7881  35 ms/step
step   600  loss 4.8246  35 ms/step
step   700  loss 4.7774  35 ms/step
step   800  loss 4.7973  35 ms/step
step   900  loss 4.8320  35 ms/step
step  1000  loss 4.7930  35 ms/step
== eval step 1000: acc 0.019  nll 4.786  noise share of normaliser per layer [0.663 0.786 0.861 0.878]
step  1100  loss 4.7883  35 ms/step
step  1200  loss 4.7768  35 ms/step
step  1300  loss 4.7384  34 ms/step
step  1400  loss 4.7138  34 ms/step
step  1500  loss 4.6960  34 ms/step
step  1600  loss 4.7229  34 ms/step
step  1700  loss 4.6568  34 ms/step
step  1800  loss 4.7039  34 ms/step
step  1900  loss 4.7374  34 ms/step
step  2000  loss 4.6904  35 ms/step
== eval step 2000: acc 0.029  nll 4.692  noise share of normaliser per layer [0.599 0.840 0.876 0.870]
step  2100  loss 4.6638  34 ms/step
step  2200  loss 4.7129  34 ms/step
step  2300  loss 4.7189  34 ms/step
step  2400  loss 4.6633  34 ms/step
step  2500  loss 4.6421  34 ms/step
step  2600  loss 4.6655  34 ms/step
step  2700  loss 4.6131  34 ms/step
step  2800  loss 4.5932  34 ms/step
step  2900  loss 4.6060  34 ms/step
step  3000  loss 4.6118  34 ms/step
== eval step 3000: acc 0.048  nll 4.574  noise share of normaliser per layer [0.573 0.871 0.866 0.867]
step  3100  loss 4.6001  34 ms/step
step  3200  loss 4.5962  34 ms/step
step  3300  loss 4.5836  34 ms/step
step  3400  loss 4.5669  35 ms/step
step  3500  loss 4.5586  34 ms/step
step  3600  loss 4.5859  34 ms/step
step  3700  loss 4.6037  34 ms/step
step  3800  loss 4.4844  34 ms/step
step  3900  loss 4.5533  34 ms/step
step  4000  loss 4.5649  34 ms/step
== eval step 4000: acc 0.049  nll 4.569  noise share of normaliser per layer [0.569 0.873 0.871 0.876]
step  4100  loss 4.5776  34 ms/step
step  4200  loss 4.5419  34 ms/step
step  4300  loss 4.5658  34 ms/step
step  4400  loss 4.5355  34 ms/step
step  4500  loss 4.5612  34 ms/step
step  4600  loss 4.5109  34 ms/step
step  4700  loss 4.5291  34 ms/step
step  4800  loss 4.5447  34 ms/step
step  4900  loss 4.5235  34 ms/step
step  5000  loss 4.5336  34 ms/step
== eval step 5000: acc 0.046  nll 4.553  noise share of normaliser per layer [0.585 0.877 0.879 0.866]
done: {"run": "smat_d1_p16_decaymamba2_A", "arm": "smat", "d": 1, "n_pairs": 16, "n_queries": 16, "n_keys": 128, "step": 5000, "train_loss": 4.5336480140686035, "acc": 0.046142578125, "nll": 4.553252041339874, "noise_share": "0.585 0.877 0.879 0.866", "ms_per_step": 34.07249617576599, "elapsed_s": 172.912255525589}
==== B   Thu Sep  3 07:18:39 PM CDT 2026 ====
{"run": "smat_d1_p16_decaymamba2_B", "arm": "smat", "d": 1, "T": 512, "n_pairs": 16, "n_queries": 16, "n_keys": 128, "ctx_start": 0, "layers": 4, "d_model": 256, "heads": 4, "r": 64, "chunk": 128, "steps": 5000, "nb": 32, "lr": 0.001, "warmup": 200, "eval_every": 1000, "eval_n": 256, "qk_norm": true, "short_conv": 3, "triton_bwd": false, "no_amp": false, "phi": "elu1", "decay": "mamba2", "dt_min": 0.1, "dt_max": 1.0, "gate_wd": 0.0, "gate_lr_mult": 1.0, "wd": 0.1, "tag": "_B", "oracle_keep": false, "taylor_dim": 16, "pad_noise": false, "out": "results/mqar_T512_gate_sweep.csv", "device": "cuda", "seed": 0}
mask n=256: pairs occupy [0,32), queries in [256,512)
gate params: 4128  (wd 0.0, lr x1.0, dt init [0.1, 1.0])
step   100  loss 4.9151  36 ms/step
step   200  loss 4.9268  33 ms/step
step   300  loss 4.8634  33 ms/step
step   400  loss 4.8939  33 ms/step
step   500  loss 4.8056  33 ms/step
step   600  loss 4.8054  33 ms/step
step   700  loss 4.7894  33 ms/step
step   800  loss 4.7815  33 ms/step
step   900  loss 4.8093  33 ms/step
step  1000  loss 4.7588  33 ms/step
== eval step 1000: acc 0.018  nll 4.759  noise share of normaliser per layer [0.512 0.868 0.786 0.798]
step  1100  loss 4.8048  33 ms/step
step  1200  loss 4.7703  33 ms/step
step  1300  loss 4.7146  33 ms/step
step  1400  loss 4.6301  33 ms/step
step  1500  loss 4.5874  33 ms/step
step  1600  loss 4.1765  33 ms/step
step  1700  loss 3.7336  33 ms/step
step  1800  loss 2.8881  33 ms/step
step  1900  loss 2.1337  33 ms/step
step  2000  loss 1.4301  33 ms/step
== eval step 2000: acc 0.623  nll 1.603  noise share of normaliser per layer [0.880 0.881 0.866 0.808]
step  2100  loss 1.0481  33 ms/step
step  2200  loss 0.8295  33 ms/step
step  2300  loss 0.7035  33 ms/step
step  2400  loss 0.4252  33 ms/step
step  2500  loss 0.3665  33 ms/step
step  2600  loss 0.1945  33 ms/step
step  2700  loss 0.1471  34 ms/step
step  2800  loss 0.1133  33 ms/step
step  2900  loss 0.0724  33 ms/step
step  3000  loss 0.0582  33 ms/step
== eval step 3000: acc 0.979  nll 0.075  noise share of normaliser per layer [0.879 0.883 0.864 0.811]
step  3100  loss 0.0551  33 ms/step
step  3200  loss 0.0525  33 ms/step
step  3300  loss 0.0288  33 ms/step
step  3400  loss 0.0455  33 ms/step
step  3500  loss 0.0172  33 ms/step
step  3600  loss 0.0483  33 ms/step
step  3700  loss 0.0129  33 ms/step
step  3800  loss 0.0048  33 ms/step
step  3900  loss 0.0148  33 ms/step
step  4000  loss 0.0028  33 ms/step
== eval step 4000: acc 0.996  nll 0.013  noise share of normaliser per layer [0.881 0.884 0.864 0.827]
step  4100  loss 0.0044  33 ms/step
step  4200  loss 0.0040  33 ms/step
step  4300  loss 0.0136  33 ms/step
step  4400  loss 0.0015  33 ms/step
step  4500  loss 0.0021  33 ms/step
step  4600  loss 0.0059  33 ms/step
step  4700  loss 0.0062  33 ms/step
step  4800  loss 0.0017  33 ms/step
step  4900  loss 0.0022  33 ms/step
step  5000  loss 0.0058  33 ms/step
== eval step 5000: acc 1.000  nll 0.002  noise share of normaliser per layer [0.885 0.886 0.868 0.835]
done: {"run": "smat_d1_p16_decaymamba2_B", "arm": "smat", "d": 1, "n_pairs": 16, "n_queries": 16, "n_keys": 128, "step": 5000, "train_loss": 0.005754988174885511, "acc": 0.99951171875, "nll": 0.0024110986742016394, "noise_share": "0.885 0.886 0.868 0.835", "ms_per_step": 33.0460729598999, "elapsed_s": 166.67196393013}
==== C   Thu Sep  3 07:21:30 PM CDT 2026 ====
{"run": "smat_d1_p16_decaymamba2_C", "arm": "smat", "d": 1, "T": 512, "n_pairs": 16, "n_queries": 16, "n_keys": 128, "ctx_start": 0, "layers": 4, "d_model": 256, "heads": 4, "r": 64, "chunk": 128, "steps": 5000, "nb": 32, "lr": 0.001, "warmup": 200, "eval_every": 1000, "eval_n": 256, "qk_norm": true, "short_conv": 3, "triton_bwd": false, "no_amp": false, "phi": "elu1", "decay": "mamba2", "dt_min": 0.1, "dt_max": 1.0, "gate_wd": 0.0, "gate_lr_mult": 5.0, "wd": 0.1, "tag": "_C", "oracle_keep": false, "taylor_dim": 16, "pad_noise": false, "out": "results/mqar_T512_gate_sweep.csv", "device": "cuda", "seed": 0}
mask n=256: pairs occupy [0,32), queries in [256,512)
gate params: 4128  (wd 0.0, lr x5.0, dt init [0.1, 1.0])
step   100  loss 4.9150  36 ms/step
step   200  loss 4.9255  33 ms/step
step   300  loss 4.8634  34 ms/step
step   400  loss 4.9020  33 ms/step
step   500  loss 4.8422  33 ms/step
step   600  loss 4.8275  33 ms/step
step   700  loss 4.8345  34 ms/step
step   800  loss 4.8201  34 ms/step
step   900  loss 4.8307  34 ms/step
step  1000  loss 4.8407  34 ms/step
== eval step 1000: acc 0.015  nll 4.838  noise share of normaliser per layer [0.700 0.663 0.860 0.860]
step  1100  loss 4.8408  34 ms/step
step  1200  loss 4.8217  34 ms/step
step  1300  loss 4.8388  34 ms/step
step  1400  loss 4.8123  34 ms/step
step  1500  loss 4.8544  34 ms/step
step  1600  loss 4.8293  34 ms/step
step  1700  loss 4.7930  34 ms/step
step  1800  loss 4.8041  34 ms/step
step  1900  loss 4.8513  34 ms/step
step  2000  loss 4.7457  34 ms/step
== eval step 2000: acc 0.012  nll 4.768  noise share of normaliser per layer [0.632 0.681 0.668 0.755]
step  2100  loss 4.7517  34 ms/step
step  2200  loss 4.7200  34 ms/step
step  2300  loss 4.7529  34 ms/step
step  2400  loss 4.7013  34 ms/step
step  2500  loss 4.7005  34 ms/step
step  2600  loss 4.6952  34 ms/step
step  2700  loss 4.7064  34 ms/step
step  2800  loss 4.7295  33 ms/step
step  2900  loss 4.6229  34 ms/step
step  3000  loss 4.6606  34 ms/step
== eval step 3000: acc 0.023  nll 4.644  noise share of normaliser per layer [0.707 0.704 0.705 0.757]
step  3100  loss 4.5474  34 ms/step
step  3200  loss 4.5809  34 ms/step
step  3300  loss 4.6246  34 ms/step
step  3400  loss 4.6345  34 ms/step
step  3500  loss 4.4661  34 ms/step
step  3600  loss 4.5538  34 ms/step
step  3700  loss 4.5603  33 ms/step
step  3800  loss 4.5041  33 ms/step
step  3900  loss 4.3086  33 ms/step
step  4000  loss 4.4269  33 ms/step
== eval step 4000: acc 0.037  nll 4.378  noise share of normaliser per layer [0.807 0.701 0.749 0.793]
step  4100  loss 4.3114  33 ms/step
step  4200  loss 4.3476  33 ms/step
step  4300  loss 4.2921  33 ms/step
step  4400  loss 4.3742  34 ms/step
step  4500  loss 4.3114  33 ms/step
step  4600  loss 4.3529  33 ms/step
step  4700  loss 4.3556  34 ms/step
step  4800  loss 4.3362  34 ms/step
step  4900  loss 4.2394  34 ms/step
step  5000  loss 4.3419  33 ms/step
== eval step 5000: acc 0.049  nll 4.276  noise share of normaliser per layer [0.828 0.718 0.775 0.808]
done: {"run": "smat_d1_p16_decaymamba2_C", "arm": "smat", "d": 1, "n_pairs": 16, "n_queries": 16, "n_keys": 128, "step": 5000, "train_loss": 4.341860771179199, "acc": 0.048583984375, "nll": 4.275791555643082, "noise_share": "0.828 0.718 0.775 0.808", "ms_per_step": 33.446666955947876, "elapsed_s": 169.28751873970032}
==== D   Thu Sep  3 07:24:24 PM CDT 2026 ====
{"run": "smat_d1_p16_decaymamba2_D", "arm": "smat", "d": 1, "T": 512, "n_pairs": 16, "n_queries": 16, "n_keys": 128, "ctx_start": 0, "layers": 4, "d_model": 256, "heads": 4, "r": 64, "chunk": 128, "steps": 10000, "nb": 32, "lr": 0.001, "warmup": 200, "eval_every": 1000, "eval_n": 256, "qk_norm": true, "short_conv": 3, "triton_bwd": false, "no_amp": false, "phi": "elu1", "decay": "mamba2", "dt_min": 0.1, "dt_max": 1.0, "gate_wd": 0.0, "gate_lr_mult": 5.0, "wd": 0.1, "tag": "_D", "oracle_keep": false, "taylor_dim": 16, "pad_noise": false, "out": "results/mqar_T512_gate_sweep.csv", "device": "cuda", "seed": 0}
mask n=256: pairs occupy [0,32), queries in [256,512)
gate params: 4128  (wd 0.0, lr x5.0, dt init [0.1, 1.0])
step   100  loss 4.9150  35 ms/step
step   200  loss 13.2981  32 ms/step
step   300  loss 4.8497  33 ms/step
step   400  loss 4.8797  33 ms/step
step   500  loss 4.8437  33 ms/step
step   600  loss 4.8270  33 ms/step
step   700  loss 4.8159  33 ms/step
step   800  loss 4.7890  33 ms/step
step   900  loss 4.8326  33 ms/step
step  1000  loss 4.8247  33 ms/step
== eval step 1000: acc 0.013  nll 4.820  noise share of normaliser per layer [0.597 0.636 0.886 0.936]
step  1100  loss 4.8038  33 ms/step
step  1200  loss 4.7734  33 ms/step
step  1300  loss 4.7909  33 ms/step
step  1400  loss 4.7755  33 ms/step
step  1500  loss 4.7985  33 ms/step
step  1600  loss 4.7612  33 ms/step
step  1700  loss 4.7055  33 ms/step
step  1800  loss 4.7348  33 ms/step
step  1900  loss 4.7128  33 ms/step
step  2000  loss 4.7038  33 ms/step
== eval step 2000: acc 0.018  nll 4.742  noise share of normaliser per layer [0.657 0.730 0.791 0.854]
step  2100  loss 4.6963  33 ms/step
[2026-09-03T19:25:41.400] error: *** JOB 3079705 ON gh017 CANCELLED AT 2026-09-03T19:25:41 DUE to SIGNAL Terminated ***
