PyTorch 2.11.0 for DeltaAI (CUDA 13.0, Python 3.12)
Includes: transformers, accelerate, datasets, peft, lightning,
          timm, bitsandbytes, diffusers, mpi4py, tensorboard,
          wandb, jupyter, scipy, scikit-learn, opencv, nvitop
New in this build (sm_90 source builds):
  flash-attn, transformer_engine, xformers, apex, mamba-ssm,
  triton, torch-geometric, cupy-cuda13x, tensorrt, flashinfer
Known: transformer_engine and cupy currently fail at import due to
  a cu13 libcublasLt / cython ABI mismatch on this stack — use the
  other attention paths (flash-attn, xformers) and stock torch CUDA
  until an upstream fix lands.

For documentation and examples:
  https://docs.ncsa.illinois.edu/systems/deltaai/

Run setup-kernel prior to launching OOD job.

Quick start (on a compute node):
  module load python/miniforge3_pytorch/2.11.0
  conda activate base
  python -c "import torch; print(torch.cuda.is_available())"

CUDA extensions: CUDA_HOME, nvcc, and CMAKE_PREFIX_PATH come from the
auto-loaded cuda/13.1.1 module.

A conda environment has been detected
CONDA_PREFIX=/sw/user/python/miniforge3-pytorch-2.5.0 
Consider running 'conda deactivate' before loading this module.
CUDA Toolkit 13.1.1 loaded
Includes GPUDirect Storage (GDS) libraries
Requires NVIDIA driver 590+
Using gcc-native/14 (default in Cray PE 25.09)
host: gh101.hsn.cm.delta.internal.ncsa.edu   started: Thu Sep  3 03:40:37 PM CDT 2026
name, memory.total [MiB], driver_version
NVIDIA GH200 120GB, 97871 MiB, 595.71.05
torch 2.11.0+cu130 cuda True
triton 3.5.1

==== arm: --arm softmax   Thu Sep  3 03:40:42 PM CDT 2026 ====
{
 "run": "softmax",
 "arm": "softmax",
 "d": 1,
 "T": 4096,
 "layers": 4,
 "d_model": 256,
 "heads": 4,
 "r": 64,
 "learn_phi": false,
 "chunk": 128,
 "steps": 20000,
 "nb": 8,
 "lr": 0.0003,
 "warmup": 500,
 "wd": 0.1,
 "clip": 1.0,
 "eval_every": 2000,
 "val_windows": 256,
 "eval_nb": 8,
 "data": "/u/archerdw/smat_attention/deltaai/data/enwik8",
 "out": "results/lm_T4096_20k.csv",
 "device": "cuda",
 "no_amp": false,
 "seed": 0
}
mask: {'mask_nnz': 8390656, 'mask_density': 0.5001220703125}
params: 4,335,104
step    50  loss 4.4222  bpc 6.380  gn 2.58  21 ms/step
step   100  loss 3.6986  bpc 5.336  gn 1.71  11 ms/step
step   150  loss 3.1484  bpc 4.542  gn 0.88  11 ms/step
step   200  loss 2.8360  bpc 4.091  gn 0.54  11 ms/step
step   250  loss 2.7223  bpc 3.927  gn 0.73  11 ms/step
step   300  loss 2.6385  bpc 3.806  gn 0.62  11 ms/step
step   350  loss 2.5864  bpc 3.731  gn 0.56  11 ms/step
step   400  loss 2.7357  bpc 3.947  gn 0.60  11 ms/step
step   450  loss 2.6666  bpc 3.847  gn 0.75  11 ms/step
step   500  loss 2.6570  bpc 3.833  gn 0.75  11 ms/step
step   550  loss 2.6030  bpc 3.755  gn 0.39  11 ms/step
step   600  loss 2.6605  bpc 3.838  gn 0.52  11 ms/step
step   650  loss 2.6448  bpc 3.816  gn 0.62  11 ms/step
step   700  loss 2.6333  bpc 3.799  gn 0.56  11 ms/step
step   750  loss 2.5815  bpc 3.724  gn 0.47  11 ms/step
step   800  loss 2.5658  bpc 3.702  gn 0.41  11 ms/step
step   850  loss 2.5643  bpc 3.699  gn 0.48  11 ms/step
step   900  loss 2.5161  bpc 3.630  gn 0.49  11 ms/step
step   950  loss 2.5475  bpc 3.675  gn 0.56  11 ms/step
step  1000  loss 2.4534  bpc 3.540  gn 0.59  11 ms/step
step  1050  loss 2.5267  bpc 3.645  gn 0.91  11 ms/step
step  1100  loss 2.5304  bpc 3.651  gn 0.71  11 ms/step
step  1150  loss 2.5139  bpc 3.627  gn 1.95  11 ms/step
step  1200  loss 2.4687  bpc 3.562  gn 1.01  11 ms/step
step  1250  loss 2.5321  bpc 3.653  gn 0.78  11 ms/step
step  1300  loss 2.4319  bpc 3.509  gn 0.73  11 ms/step
step  1350  loss 2.4663  bpc 3.558  gn 0.67  11 ms/step
step  1400  loss 2.4470  bpc 3.530  gn 0.72  11 ms/step
step  1450  loss 2.4307  bpc 3.507  gn 0.58  12 ms/step
step  1500  loss 2.4141  bpc 3.483  gn 0.68  11 ms/step
step  1550  loss 2.4482  bpc 3.532  gn 0.86  11 ms/step
step  1600  loss 2.3333  bpc 3.366  gn 0.77  11 ms/step
step  1650  loss 2.2444  bpc 3.238  gn 1.35  11 ms/step
step  1700  loss 2.2946  bpc 3.310  gn 1.11  11 ms/step
step  1750  loss 2.3532  bpc 3.395  gn 1.32  11 ms/step
step  1800  loss 2.2989  bpc 3.317  gn 1.38  11 ms/step
step  1850  loss 2.1981  bpc 3.171  gn 1.53  11 ms/step
step  1900  loss 2.1463  bpc 3.096  gn 1.89  11 ms/step
step  1950  loss 2.0996  bpc 3.029  gn 2.33  11 ms/step
step  2000  loss 2.1009  bpc 3.031  gn 3.47  11 ms/step
== eval step 2000: val_bpc 3.0857  ppl 8.490  [0:512) 3.100  [512:2048) 3.082  [2048:4096) 3.085  peak 1470 MB
step  2050  loss 2.0333  bpc 2.933  gn 1.76  11 ms/step
step  2100  loss 2.1144  bpc 3.050  gn 1.83  11 ms/step
step  2150  loss 2.0773  bpc 2.997  gn 2.03  11 ms/step
step  2200  loss 2.0980  bpc 3.027  gn 2.16  11 ms/step
step  2250  loss 1.9930  bpc 2.875  gn 2.27  11 ms/step
step  2300  loss 1.8489  bpc 2.667  gn 2.14  11 ms/step
step  2350  loss 1.9180  bpc 2.767  gn 1.85  11 ms/step
step  2400  loss 1.9792  bpc 2.855  gn 2.13  11 ms/step
step  2450  loss 1.9392  bpc 2.798  gn 2.62  11 ms/step
step  2500  loss 1.8930  bpc 2.731  gn 3.17  11 ms/step
step  2550  loss 1.8748  bpc 2.705  gn 2.32  11 ms/step
step  2600  loss 2.0396  bpc 2.942  gn 2.73  11 ms/step
step  2650  loss 1.8226  bpc 2.630  gn 2.72  11 ms/step
step  2700  loss 1.7634  bpc 2.544  gn 2.41  11 ms/step
step  2750  loss 1.9304  bpc 2.785  gn 3.27  11 ms/step
step  2800  loss 1.8918  bpc 2.729  gn 2.67  11 ms/step
step  2850  loss 1.7809  bpc 2.569  gn 3.79  11 ms/step
step  2900  loss 1.7746  bpc 2.560  gn 3.13  11 ms/step
step  2950  loss 1.6932  bpc 2.443  gn 4.58  11 ms/step
step  3000  loss 1.9047  bpc 2.748  gn 5.07  11 ms/step
step  3050  loss 1.7344  bpc 2.502  gn 4.51  11 ms/step
step  3100  loss 1.8110  bpc 2.613  gn 13.95  11 ms/step
step  3150  loss 1.7693  bpc 2.553  gn 10.49  11 ms/step
step  3200  loss 1.8663  bpc 2.692  gn 14.69  11 ms/step
step  3250  loss 1.8873  bpc 2.723  gn 18.07  11 ms/step
step  3300  loss 1.9810  bpc 2.858  gn 28.26  11 ms/step
step  3350  loss 1.9102  bpc 2.756  gn 20.82  11 ms/step
step  3400  loss 2.0141  bpc 2.906  gn 19.38  11 ms/step
step  3450  loss 1.9576  bpc 2.824  gn 21.53  11 ms/step
step  3500  loss 2.0594  bpc 2.971  gn 26.96  11 ms/step
step  3550  loss 2.0617  bpc 2.974  gn 30.70  11 ms/step
step  3600  loss 2.0517  bpc 2.960  gn 34.95  11 ms/step
step  3650  loss 2.1274  bpc 3.069  gn 19.84  11 ms/step
step  3700  loss 2.1035  bpc 3.035  gn 15.92  11 ms/step
step  3750  loss 1.9614  bpc 2.830  gn 22.36  11 ms/step
step  3800  loss 2.0362  bpc 2.938  gn 24.19  11 ms/step
step  3850  loss 2.0659  bpc 2.981  gn 23.00  11 ms/step
step  3900  loss 2.0085  bpc 2.898  gn 14.71  11 ms/step
step  3950  loss 2.0861  bpc 3.010  gn 29.45  11 ms/step
step  4000  loss 2.0594  bpc 2.971  gn 27.92  11 ms/step
== eval step 4000: val_bpc 2.9098  ppl 7.515  [0:512) 2.869  [512:2048) 2.924  [2048:4096) 2.909  peak 1470 MB
step  4050  loss 1.9576  bpc 2.824  gn 15.64  11 ms/step
step  4100  loss 1.9820  bpc 2.859  gn 13.24  11 ms/step
step  4150  loss 1.8925  bpc 2.730  gn 19.87  11 ms/step
step  4200  loss 1.9587  bpc 2.826  gn 21.35  11 ms/step
step  4250  loss 1.9745  bpc 2.849  gn 18.33  11 ms/step
step  4300  loss 1.9322  bpc 2.788  gn 13.26  11 ms/step
step  4350  loss 1.9170  bpc 2.766  gn 26.49  11 ms/step
step  4400  loss 1.9190  bpc 2.769  gn 23.62  11 ms/step
step  4450  loss 1.9003  bpc 2.742  gn 16.63  11 ms/step
step  4500  loss 1.8325  bpc 2.644  gn 47.35  11 ms/step
step  4550  loss 1.8431  bpc 2.659  gn 9.05  11 ms/step
step  4600  loss 1.8462  bpc 2.663  gn 18.84  11 ms/step
step  4650  loss 1.8074  bpc 2.608  gn 37.15  11 ms/step
step  4700  loss 1.8233  bpc 2.631  gn 10.00  11 ms/step
step  4750  loss 1.8204  bpc 2.626  gn 119.81  11 ms/step
step  4800  loss 1.8449  bpc 2.662  gn 14.82  11 ms/step
step  4850  loss 1.9254  bpc 2.778  gn 12.53  11 ms/step
step  4900  loss 1.8674  bpc 2.694  gn 7.86  11 ms/step
step  4950  loss 1.8388  bpc 2.653  gn 22.46  11 ms/step
step  5000  loss 1.8650  bpc 2.691  gn 24.97  11 ms/step
step  5050  loss 1.8211  bpc 2.627  gn 18.30  11 ms/step
step  5100  loss 1.8352  bpc 2.648  gn 20.18  11 ms/step
step  5150  loss 1.7866  bpc 2.577  gn 21.30  11 ms/step
step  5200  loss 1.8036  bpc 2.602  gn 11.87  11 ms/step
step  5250  loss 1.7560  bpc 2.533  gn 6.49  11 ms/step
step  5300  loss 1.7133  bpc 2.472  gn 24.79  11 ms/step
step  5350  loss 1.7156  bpc 2.475  gn 13.01  11 ms/step
step  5400  loss 1.6751  bpc 2.417  gn 14.20  11 ms/step
step  5450  loss 1.8049  bpc 2.604  gn 18.04  11 ms/step
step  5500  loss 1.8426  bpc 2.658  gn 11.14  11 ms/step
step  5550  loss 1.7948  bpc 2.589  gn 12.78  11 ms/step
step  5600  loss 1.7718  bpc 2.556  gn 9.46  11 ms/step
step  5650  loss 1.8426  bpc 2.658  gn 12.71  11 ms/step
step  5700  loss 1.6838  bpc 2.429  gn 6.43  11 ms/step
step  5750  loss 1.8009  bpc 2.598  gn 16.51  11 ms/step
step  5800  loss 1.7181  bpc 2.479  gn 36.47  11 ms/step
step  5850  loss 1.7834  bpc 2.573  gn 12.67  11 ms/step
step  5900  loss 1.6311  bpc 2.353  gn 7.18  11 ms/step
step  5950  loss 1.7087  bpc 2.465  gn 10.55  11 ms/step
step  6000  loss 1.7411  bpc 2.512  gn 6.01  11 ms/step
== eval step 6000: val_bpc 2.4555  ppl 5.485  [0:512) 2.519  [512:2048) 2.425  [2048:4096) 2.462  peak 1470 MB
step  6050  loss 1.6972  bpc 2.448  gn 17.20  11 ms/step
step  6100  loss 1.9159  bpc 2.764  gn 28.17  11 ms/step
step  6150  loss 1.7997  bpc 2.596  gn 10.89  11 ms/step
step  6200  loss 1.7512  bpc 2.526  gn 8.38  11 ms/step
step  6250  loss 1.6129  bpc 2.327  gn 14.29  11 ms/step
step  6300  loss 1.6553  bpc 2.388  gn 8.30  11 ms/step
step  6350  loss 1.6702  bpc 2.410  gn 6.84  11 ms/step
step  6400  loss 1.8111  bpc 2.613  gn 23.77  11 ms/step
step  6450  loss 1.6829  bpc 2.428  gn 13.09  11 ms/step
step  6500  loss 1.7928  bpc 2.586  gn 38.57  11 ms/step
step  6550  loss 2.5414  bpc 3.666  gn 143.42  11 ms/step
step  6600  loss 2.3123  bpc 3.336  gn 50.66  11 ms/step
step  6650  loss 1.8496  bpc 2.668  gn 11.57  11 ms/step
step  6700  loss 1.7873  bpc 2.579  gn 7.24  11 ms/step
step  6750  loss 1.7795  bpc 2.567  gn 17.62  11 ms/step
step  6800  loss 1.5961  bpc 2.303  gn 6.75  11 ms/step
step  6850  loss 1.6576  bpc 2.391  gn 9.85  11 ms/step
step  6900  loss 1.6021  bpc 2.311  gn 17.94  11 ms/step
step  6950  loss 1.6836  bpc 2.429  gn 11.61  11 ms/step
step  7000  loss 1.7547  bpc 2.531  gn 6.16  11 ms/step
step  7050  loss 1.7103  bpc 2.467  gn 17.24  11 ms/step
step  7100  loss 1.6769  bpc 2.419  gn 8.88  11 ms/step
step  7150  loss 1.6849  bpc 2.431  gn 14.72  11 ms/step
step  7200  loss 1.7247  bpc 2.488  gn 31.57  11 ms/step
step  7250  loss 1.7315  bpc 2.498  gn 44.10  11 ms/step
step  7300  loss 1.7459  bpc 2.519  gn 31.95  11 ms/step
step  7350  loss 2.3526  bpc 3.394  gn 55.46  11 ms/step
step  7400  loss 2.7050  bpc 3.902  gn 116.47  11 ms/step
step  7450  loss 2.7939  bpc 4.031  gn 72.14  11 ms/step
step  7500  loss 2.9559  bpc 4.264  gn 22.39  11 ms/step
step  7550  loss 2.6491  bpc 3.822  gn 29.99  11 ms/step
step  7600  loss 2.6681  bpc 3.849  gn 53.27  11 ms/step
step  7650  loss 2.5217  bpc 3.638  gn 50.03  11 ms/step
step  7700  loss 2.4515  bpc 3.537  gn 164.11  11 ms/step
step  7750  loss 2.0264  bpc 2.923  gn 18.80  11 ms/step
step  7800  loss 1.8604  bpc 2.684  gn 11.05  11 ms/step
step  7850  loss 2.0217  bpc 2.917  gn 20.05  11 ms/step
step  7900  loss 1.7608  bpc 2.540  gn 22.49  11 ms/step
step  7950  loss 1.8512  bpc 2.671  gn 53.59  11 ms/step
step  8000  loss 1.7580  bpc 2.536  gn 20.05  11 ms/step
== eval step 8000: val_bpc 2.5388  ppl 5.811  [0:512) 2.549  [512:2048) 2.529  [2048:4096) 2.544  peak 1470 MB
step  8050  loss 1.6689  bpc 2.408  gn 23.59  11 ms/step
step  8100  loss 1.7385  bpc 2.508  gn 11.74  11 ms/step
step  8150  loss 1.7368  bpc 2.506  gn 13.79  11 ms/step
step  8200  loss 1.7466  bpc 2.520  gn 12.40  11 ms/step
step  8250  loss 1.7968  bpc 2.592  gn 10.79  11 ms/step
step  8300  loss 1.6444  bpc 2.372  gn 12.03  11 ms/step
step  8350  loss 1.4306  bpc 2.064  gn 6.19  11 ms/step
step  8400  loss 1.6253  bpc 2.345  gn 9.13  11 ms/step
step  8450  loss 1.6852  bpc 2.431  gn 10.90  11 ms/step
step  8500  loss 1.8508  bpc 2.670  gn 115.21  11 ms/step
step  8550  loss 1.6899  bpc 2.438  gn 25.56  11 ms/step
step  8600  loss 1.8912  bpc 2.728  gn 8.71  11 ms/step
step  8650  loss 1.7261  bpc 2.490  gn 13.67  11 ms/step
step  8700  loss 1.5673  bpc 2.261  gn 24.58  11 ms/step
step  8750  loss 1.6101  bpc 2.323  gn 36.31  11 ms/step
step  8800  loss 1.4794  bpc 2.134  gn 6.94  11 ms/step
step  8850  loss 1.6951  bpc 2.446  gn 12.02  11 ms/step
step  8900  loss 1.7161  bpc 2.476  gn 8.86  11 ms/step
step  8950  loss 1.6050  bpc 2.316  gn 6.23  11 ms/step
step  9000  loss 1.6421  bpc 2.369  gn 21.10  11 ms/step
step  9050  loss 1.7170  bpc 2.477  gn 15.46  11 ms/step
step  9100  loss 1.6722  bpc 2.413  gn 7.27  11 ms/step
step  9150  loss 1.5891  bpc 2.293  gn 9.63  11 ms/step
step  9200  loss 1.5750  bpc 2.272  gn 6.95  11 ms/step
step  9250  loss 1.6327  bpc 2.356  gn 155.10  11 ms/step
step  9300  loss 1.6425  bpc 2.370  gn 15.23  11 ms/step
step  9350  loss 1.6576  bpc 2.391  gn 17.05  11 ms/step
step  9400  loss 1.5697  bpc 2.265  gn 8.19  11 ms/step
step  9450  loss 1.5431  bpc 2.226  gn 44.52  11 ms/step
step  9500  loss 1.6256  bpc 2.345  gn 99.63  11 ms/step
step  9550  loss 1.6183  bpc 2.335  gn 18.08  11 ms/step
step  9600  loss 1.5765  bpc 2.274  gn 22.09  11 ms/step
step  9650  loss 1.5879  bpc 2.291  gn 38.95  11 ms/step
step  9700  loss 1.5488  bpc 2.234  gn 6.78  11 ms/step
step  9750  loss 1.4371  bpc 2.073  gn 8.95  11 ms/step
step  9800  loss 1.6214  bpc 2.339  gn 6.73  11 ms/step
step  9850  loss 1.4866  bpc 2.145  gn 13.16  11 ms/step
step  9900  loss 1.5636  bpc 2.256  gn 11.31  11 ms/step
step  9950  loss 1.5377  bpc 2.218  gn 27.87  11 ms/step
step 10000  loss 1.4263  bpc 2.058  gn 9.12  11 ms/step
== eval step 10000: val_bpc 2.2794  ppl 4.855  [0:512) 2.344  [512:2048) 2.255  [2048:4096) 2.282  peak 1470 MB
step 10050  loss 1.5895  bpc 2.293  gn 23.45  11 ms/step
step 10100  loss 1.6053  bpc 2.316  gn 7.71  11 ms/step
step 10150  loss 1.4671  bpc 2.117  gn 63.91  11 ms/step
step 10200  loss 1.6101  bpc 2.323  gn 33.52  11 ms/step
step 10250  loss 1.4473  bpc 2.088  gn 13.64  11 ms/step
step 10300  loss 1.5674  bpc 2.261  gn 13.20  11 ms/step
step 10350  loss 1.5116  bpc 2.181  gn 108.55  11 ms/step
step 10400  loss 1.5497  bpc 2.236  gn 16.56  11 ms/step
step 10450  loss 1.5324  bpc 2.211  gn 17.61  11 ms/step
step 10500  loss 1.4757  bpc 2.129  gn 27.41  11 ms/step
step 10550  loss 1.5856  bpc 2.287  gn 9.39  11 ms/step
step 10600  loss 1.4119  bpc 2.037  gn 8.81  11 ms/step
step 10650  loss 1.4474  bpc 2.088  gn 8.75  11 ms/step
step 10700  loss 1.5508  bpc 2.237  gn 8.68  11 ms/step
step 10750  loss 1.5192  bpc 2.192  gn 11.07  11 ms/step
step 10800  loss 1.4938  bpc 2.155  gn 21.19  11 ms/step
step 10850  loss 1.5735  bpc 2.270  gn 13.95  11 ms/step
step 10900  loss 1.5655  bpc 2.259  gn 15.24  11 ms/step
step 10950  loss 1.5048  bpc 2.171  gn 17.82  11 ms/step
step 11000  loss 1.4570  bpc 2.102  gn 28.50  11 ms/step
step 11050  loss 1.4308  bpc 2.064  gn 16.63  11 ms/step
step 11100  loss 1.5195  bpc 2.192  gn 20.67  11 ms/step
step 11150  loss 1.5501  bpc 2.236  gn 11.55  11 ms/step
step 11200  loss 1.5776  bpc 2.276  gn 12.08  11 ms/step
step 11250  loss 1.4824  bpc 2.139  gn 9.24  11 ms/step
step 11300  loss 1.4524  bpc 2.095  gn 7.96  11 ms/step
step 11350  loss 1.4293  bpc 2.062  gn 17.57  11 ms/step
step 11400  loss 1.5991  bpc 2.307  gn 43.69  11 ms/step
step 11450  loss 1.5476  bpc 2.233  gn 10.64  11 ms/step
step 11500  loss 2.3629  bpc 3.409  gn 97.69  11 ms/step
step 11550  loss 1.5626  bpc 2.254  gn 44.52  11 ms/step
step 11600  loss 1.6194  bpc 2.336  gn 115.33  11 ms/step
step 11650  loss 1.5391  bpc 2.220  gn 39.29  11 ms/step
step 11700  loss 1.5769  bpc 2.275  gn 11.05  11 ms/step
step 11750  loss 1.5374  bpc 2.218  gn 18.21  11 ms/step
step 11800  loss 1.4830  bpc 2.139  gn 51.36  11 ms/step
step 11850  loss 1.5985  bpc 2.306  gn 32.20  11 ms/step
step 11900  loss 1.5175  bpc 2.189  gn 14.47  11 ms/step
step 11950  loss 1.4645  bpc 2.113  gn 23.44  11 ms/step
step 12000  loss 1.5200  bpc 2.193  gn 36.10  11 ms/step
== eval step 12000: val_bpc 2.1705  ppl 4.502  [0:512) 2.260  [512:2048) 2.139  [2048:4096) 2.172  peak 1470 MB
step 12050  loss 1.4090  bpc 2.033  gn 25.37  11 ms/step
step 12100  loss 1.4678  bpc 2.118  gn 13.87  11 ms/step
step 12150  loss 1.4947  bpc 2.156  gn 7.94  11 ms/step
step 12200  loss 1.4723  bpc 2.124  gn 15.20  11 ms/step
step 12250  loss 1.4514  bpc 2.094  gn 11.27  11 ms/step
step 12300  loss 1.3985  bpc 2.018  gn 8.24  11 ms/step
step 12350  loss 1.4748  bpc 2.128  gn 18.09  11 ms/step
step 12400  loss 1.3342  bpc 1.925  gn 14.52  11 ms/step
step 12450  loss 1.4559  bpc 2.100  gn 55.82  11 ms/step
step 12500  loss 1.4059  bpc 2.028  gn 14.11  11 ms/step
step 12550  loss 1.4580  bpc 2.103  gn 13.52  11 ms/step
step 12600  loss 1.4887  bpc 2.148  gn 62.60  11 ms/step
step 12650  loss 1.4533  bpc 2.097  gn 9.20  11 ms/step
step 12700  loss 1.4494  bpc 2.091  gn 26.62  11 ms/step
step 12750  loss 1.3772  bpc 1.987  gn 6.74  11 ms/step
step 12800  loss 1.3656  bpc 1.970  gn 14.34  11 ms/step
step 12850  loss 1.4015  bpc 2.022  gn 15.08  11 ms/step
step 12900  loss 1.4726  bpc 2.124  gn 11.39  11 ms/step
step 12950  loss 1.4839  bpc 2.141  gn 10.54  11 ms/step
step 13000  loss 1.5200  bpc 2.193  gn 10.56  11 ms/step
step 13050  loss 1.4002  bpc 2.020  gn 10.91  11 ms/step
step 13100  loss 1.4748  bpc 2.128  gn 17.40  11 ms/step
step 13150  loss 1.4105  bpc 2.035  gn 28.33  11 ms/step
step 13200  loss 1.4695  bpc 2.120  gn 10.62  11 ms/step
step 13250  loss 1.4663  bpc 2.115  gn 8.69  11 ms/step
step 13300  loss 1.4673  bpc 2.117  gn 9.86  11 ms/step
step 13350  loss 1.5177  bpc 2.190  gn 28.90  11 ms/step
step 13400  loss 1.3834  bpc 1.996  gn 6.26  11 ms/step
step 13450  loss 1.3468  bpc 1.943  gn 13.66  11 ms/step
step 13500  loss 1.5096  bpc 2.178  gn 14.73  11 ms/step
step 13550  loss 1.2826  bpc 1.850  gn 20.66  11 ms/step
step 13600  loss 1.4011  bpc 2.021  gn 10.84  11 ms/step
step 13650  loss 1.4116  bpc 2.036  gn 11.46  11 ms/step
step 13700  loss 1.4024  bpc 2.023  gn 9.75  11 ms/step
step 13750  loss 1.4379  bpc 2.074  gn 6.01  11 ms/step
step 13800  loss 1.5246  bpc 2.200  gn 13.03  11 ms/step
step 13850  loss 1.3799  bpc 1.991  gn 20.42  11 ms/step
step 13900  loss 1.4850  bpc 2.142  gn 21.62  11 ms/step
step 13950  loss 1.4822  bpc 2.138  gn 12.83  11 ms/step
step 14000  loss 1.3452  bpc 1.941  gn 11.42  11 ms/step
== eval step 14000: val_bpc 2.0693  ppl 4.197  [0:512) 2.141  [512:2048) 2.038  [2048:4096) 2.075  peak 1470 MB
step 14050  loss 1.4619  bpc 2.109  gn 13.04  11 ms/step
step 14100  loss 1.4514  bpc 2.094  gn 30.13  11 ms/step
step 14150  loss 1.4367  bpc 2.073  gn 12.42  11 ms/step
step 14200  loss 1.5923  bpc 2.297  gn 42.65  11 ms/step
step 14250  loss 1.8406  bpc 2.655  gn 68.95  11 ms/step
step 14300  loss 1.5300  bpc 2.207  gn 26.02  11 ms/step
step 14350  loss 1.4778  bpc 2.132  gn 37.24  11 ms/step
step 14400  loss 1.4471  bpc 2.088  gn 24.96  11 ms/step
step 14450  loss 1.4572  bpc 2.102  gn 18.29  11 ms/step
step 14500  loss 1.4219  bpc 2.051  gn 23.33  11 ms/step
step 14550  loss 1.4033  bpc 2.025  gn 12.78  11 ms/step
step 14600  loss 1.4690  bpc 2.119  gn 18.39  11 ms/step
step 14650  loss 1.3918  bpc 2.008  gn 50.16  11 ms/step
step 14700  loss 1.4653  bpc 2.114  gn 27.18  11 ms/step
step 14750  loss 1.4761  bpc 2.130  gn 14.21  11 ms/step
step 14800  loss 1.4860  bpc 2.144  gn 24.38  11 ms/step
step 14850  loss 1.3918  bpc 2.008  gn 15.58  11 ms/step
step 14900  loss 1.4061  bpc 2.029  gn 13.93  11 ms/step
step 14950  loss 1.4422  bpc 2.081  gn 25.78  11 ms/step
step 15000  loss 1.4420  bpc 2.080  gn 32.96  11 ms/step
step 15050  loss 1.4797  bpc 2.135  gn 10.87  11 ms/step
step 15100  loss 1.4330  bpc 2.067  gn 22.35  11 ms/step
step 15150  loss 1.5124  bpc 2.182  gn 11.22  11 ms/step
step 15200  loss 1.4060  bpc 2.028  gn 28.99  11 ms/step
step 15250  loss 1.4296  bpc 2.063  gn 30.87  11 ms/step
step 15300  loss 1.3677  bpc 1.973  gn 8.97  11 ms/step
step 15350  loss 1.3841  bpc 1.997  gn 97.34  11 ms/step
step 15400  loss 1.4634  bpc 2.111  gn 53.69  11 ms/step
step 15450  loss 1.3986  bpc 2.018  gn 25.88  11 ms/step
step 15500  loss 1.4532  bpc 2.096  gn 35.91  11 ms/step
step 15550  loss 1.3938  bpc 2.011  gn 26.01  11 ms/step
step 15600  loss 1.4197  bpc 2.048  gn 32.55  11 ms/step
step 15650  loss 1.3594  bpc 1.961  gn 19.21  11 ms/step
step 15700  loss 1.3313  bpc 1.921  gn 8.49  11 ms/step
step 15750  loss 1.3859  bpc 1.999  gn 10.77  11 ms/step
step 15800  loss 1.4014  bpc 2.022  gn 29.43  11 ms/step
step 15850  loss 1.4714  bpc 2.123  gn 26.87  11 ms/step
step 15900  loss 1.3198  bpc 1.904  gn 6.50  11 ms/step
step 15950  loss 1.3940  bpc 2.011  gn 14.37  11 ms/step
step 16000  loss 1.4080  bpc 2.031  gn 15.35  11 ms/step
== eval step 16000: val_bpc 2.0389  ppl 4.109  [0:512) 2.093  [512:2048) 1.999  [2048:4096) 2.055  peak 1470 MB
step 16050  loss 1.4275  bpc 2.060  gn 22.45  11 ms/step
step 16100  loss 1.3911  bpc 2.007  gn 18.67  11 ms/step
step 16150  loss 1.3748  bpc 1.983  gn 17.69  11 ms/step
step 16200  loss 1.3694  bpc 1.976  gn 27.37  11 ms/step
step 16250  loss 1.3514  bpc 1.950  gn 32.36  11 ms/step
step 16300  loss 1.3667  bpc 1.972  gn 10.42  11 ms/step
step 16350  loss 1.3483  bpc 1.945  gn 42.58  11 ms/step
step 16400  loss 1.3975  bpc 2.016  gn 26.71  11 ms/step
step 16450  loss 1.3759  bpc 1.985  gn 30.67  11 ms/step
step 16500  loss 1.4116  bpc 2.037  gn 11.00  11 ms/step
step 16550  loss 1.2196  bpc 1.760  gn 42.53  11 ms/step
step 16600  loss 1.3235  bpc 1.909  gn 16.36  11 ms/step
step 16650  loss 1.3585  bpc 1.960  gn 9.99  11 ms/step
step 16700  loss 1.3826  bpc 1.995  gn 16.95  11 ms/step
step 16750  loss 1.4387  bpc 2.076  gn 22.32  11 ms/step
step 16800  loss 1.3930  bpc 2.010  gn 17.10  11 ms/step
step 16850  loss 1.4141  bpc 2.040  gn 35.19  11 ms/step
step 16900  loss 1.3181  bpc 1.902  gn 20.74  11 ms/step
step 16950  loss 1.4443  bpc 2.084  gn 11.36  11 ms/step
step 17000  loss 1.3227  bpc 1.908  gn 10.67  11 ms/step
step 17050  loss 1.3859  bpc 1.999  gn 5.95  11 ms/step
step 17100  loss 1.4658  bpc 2.115  gn 30.14  11 ms/step
step 17150  loss 1.4555  bpc 2.100  gn 17.98  11 ms/step
step 17200  loss 1.3449  bpc 1.940  gn 49.08  11 ms/step
step 17250  loss 1.2762  bpc 1.841  gn 37.58  11 ms/step
step 17300  loss 1.3928  bpc 2.009  gn 10.17  11 ms/step
step 17350  loss 1.4093  bpc 2.033  gn 16.12  11 ms/step
step 17400  loss 1.4146  bpc 2.041  gn 18.82  11 ms/step
step 17450  loss 1.3555  bpc 1.956  gn 27.14  11 ms/step
step 17500  loss 1.3413  bpc 1.935  gn 9.78  11 ms/step
step 17550  loss 1.4610  bpc 2.108  gn 18.45  11 ms/step
step 17600  loss 1.3675  bpc 1.973  gn 21.59  11 ms/step
step 17650  loss 1.3464  bpc 1.942  gn 14.30  11 ms/step
step 17700  loss 1.4002  bpc 2.020  gn 61.92  11 ms/step
step 17750  loss 1.3454  bpc 1.941  gn 14.03  11 ms/step
step 17800  loss 1.4613  bpc 2.108  gn 15.28  11 ms/step
step 17850  loss 1.4022  bpc 2.023  gn 16.63  11 ms/step
step 17900  loss 1.3955  bpc 2.013  gn 16.63  11 ms/step
step 17950  loss 1.3275  bpc 1.915  gn 17.33  11 ms/step
step 18000  loss 1.4037  bpc 2.025  gn 24.55  11 ms/step
== eval step 18000: val_bpc 2.0066  ppl 4.018  [0:512) 2.075  [512:2048) 1.976  [2048:4096) 2.013  peak 1470 MB
step 18050  loss 1.3401  bpc 1.933  gn 22.52  11 ms/step
step 18100  loss 1.2970  bpc 1.871  gn 13.62  11 ms/step
step 18150  loss 1.3224  bpc 1.908  gn 15.00  11 ms/step
step 18200  loss 1.4557  bpc 2.100  gn 14.11  11 ms/step
step 18250  loss 1.4300  bpc 2.063  gn 23.56  11 ms/step
step 18300  loss 1.3636  bpc 1.967  gn 51.15  11 ms/step
step 18350  loss 1.4151  bpc 2.042  gn 32.64  11 ms/step
step 18400  loss 1.3665  bpc 1.971  gn 11.11  11 ms/step
step 18450  loss 1.2781  bpc 1.844  gn 30.48  11 ms/step
step 18500  loss 1.4189  bpc 2.047  gn 23.98  11 ms/step
step 18550  loss 1.2815  bpc 1.849  gn 26.33  11 ms/step
step 18600  loss 1.3803  bpc 1.991  gn 9.25  11 ms/step
step 18650  loss 1.3740  bpc 1.982  gn 14.05  11 ms/step
step 18700  loss 1.4094  bpc 2.033  gn 13.14  11 ms/step
step 18750  loss 1.3987  bpc 2.018  gn 28.74  11 ms/step
step 18800  loss 1.3501  bpc 1.948  gn 59.56  11 ms/step
step 18850  loss 1.4517  bpc 2.094  gn 51.73  11 ms/step
step 18900  loss 1.0906  bpc 1.573  gn 8.31  11 ms/step
step 18950  loss 1.2830  bpc 1.851  gn 46.90  11 ms/step
step 19000  loss 1.3463  bpc 1.942  gn 28.37  11 ms/step
step 19050  loss 1.4330  bpc 2.067  gn 8.53  11 ms/step
step 19100  loss 1.3314  bpc 1.921  gn 38.62  11 ms/step
step 19150  loss 1.4049  bpc 2.027  gn 7.58  11 ms/step
step 19200  loss 1.2629  bpc 1.822  gn 85.14  11 ms/step
step 19250  loss 1.3782  bpc 1.988  gn 60.24  11 ms/step
step 19300  loss 1.3758  bpc 1.985  gn 24.83  11 ms/step
step 19350  loss 1.4474  bpc 2.088  gn 36.48  11 ms/step
step 19400  loss 1.3954  bpc 2.013  gn 14.41  11 ms/step
step 19450  loss 1.3212  bpc 1.906  gn 19.27  11 ms/step
step 19500  loss 1.2937  bpc 1.866  gn 19.05  11 ms/step
step 19550  loss 1.3843  bpc 1.997  gn 12.19  11 ms/step
step 19600  loss 1.3668  bpc 1.972  gn 28.37  11 ms/step
step 19650  loss 1.3257  bpc 1.913  gn 28.48  11 ms/step
step 19700  loss 1.2884  bpc 1.859  gn 7.58  11 ms/step
step 19750  loss 1.3342  bpc 1.925  gn 21.00  11 ms/step
step 19800  loss 1.3206  bpc 1.905  gn 50.53  11 ms/step
step 19850  loss 1.2915  bpc 1.863  gn 7.91  11 ms/step
step 19900  loss 1.3585  bpc 1.960  gn 18.50  11 ms/step
step 19950  loss 1.3695  bpc 1.976  gn 8.35  11 ms/step
step 20000  loss 1.3216  bpc 1.907  gn 15.81  11 ms/step
== eval step 20000: val_bpc 2.0017  ppl 4.005  [0:512) 2.072  [512:2048) 1.970  [2048:4096) 2.008  peak 1470 MB
done: {"run": "softmax", "arm": "softmax", "d": "", "step": 20000, "train_loss": 1.321598768234253, "train_loss_med200": 1.3590960502624512, "val_bpc": 2.0017109269651905, "val_ppl": 4.004746510752954, "val_bpc_0_512": 2.0722518524257203, "val_bpc_512_2048": 1.969594286704153, "val_bpc_2048_4096": 2.0081631757958363, "grad_norm": 15.807381629943848, "nonfinite_steps": 0, "ms_per_step": 10.590240001678467, "peak_MB": 1469.90087890625, "params": 4335104, "elapsed_s": 214.26323628425598, "mask_nnz": 8390656, "mask_density": 0.5001220703125}
==== arm: --arm smat --d 1   Thu Sep  3 03:44:21 PM CDT 2026 ====
{
 "run": "smat_d1",
 "arm": "smat",
 "d": 1,
 "T": 4096,
 "layers": 4,
 "d_model": 256,
 "heads": 4,
 "r": 64,
 "learn_phi": false,
 "qk_norm": false,
 "chunk": 128,
 "steps": 20000,
 "nb": 8,
 "lr": 0.0003,
 "warmup": 500,
 "wd": 0.1,
 "clip": 1.0,
 "eval_every": 2000,
 "val_windows": 256,
 "eval_nb": 8,
 "data": "/u/archerdw/smat_attention/deltaai/data/enwik8",
 "out": "results/lm_T4096_20k.csv",
 "device": "cuda",
 "no_amp": false,
 "seed": 0
}
mask: {'mask_nnz': 8390656, 'mask_density': 0.5001220703125, 'mask_n': 2048, 'mask_q': 0, 'mask_B': 1}
params: 4,335,104
step    50  loss 4.4237  bpc 6.382  gn 2.58  31 ms/step
step   100  loss 3.7025  bpc 5.342  gn 1.72  22 ms/step
step   150  loss 3.1536  bpc 4.550  gn 0.99  22 ms/step
step   200  loss 2.8403  bpc 4.098  gn 0.67  22 ms/step
step   250  loss 2.7257  bpc 3.932  gn 1.05  22 ms/step
step   300  loss 2.6429  bpc 3.813  gn 0.77  22 ms/step
step   350  loss 2.5904  bpc 3.737  gn 0.54  22 ms/step
step   400  loss 2.7356  bpc 3.947  gn 0.70  22 ms/step
step   450  loss 2.6795  bpc 3.866  gn 0.79  22 ms/step
step   500  loss 2.6496  bpc 3.823  gn 0.80  22 ms/step
step   550  loss 2.6072  bpc 3.761  gn 0.46  22 ms/step
step   600  loss 2.6641  bpc 3.844  gn 0.53  22 ms/step
step   650  loss 2.6724  bpc 3.856  gn 0.77  22 ms/step
step   700  loss 2.6411  bpc 3.810  gn 0.60  22 ms/step
step   750  loss 2.5896  bpc 3.736  gn 0.57  22 ms/step
step   800  loss 2.5771  bpc 3.718  gn 0.49  22 ms/step
step   850  loss 2.5632  bpc 3.698  gn 0.56  22 ms/step
step   900  loss 2.5219  bpc 3.638  gn 0.67  22 ms/step
step   950  loss 2.5531  bpc 3.683  gn 0.85  22 ms/step
step  1000  loss 2.4692  bpc 3.562  gn 0.71  22 ms/step
step  1050  loss 2.5580  bpc 3.690  gn 1.36  22 ms/step
step  1100  loss 2.5384  bpc 3.662  gn 0.66  22 ms/step
step  1150  loss 2.5405  bpc 3.665  gn 1.02  22 ms/step
step  1200  loss 2.4865  bpc 3.587  gn 0.99  22 ms/step
step  1250  loss 2.5609  bpc 3.695  gn 0.63  22 ms/step
step  1300  loss 2.4693  bpc 3.563  gn 0.58  22 ms/step
step  1350  loss 2.5026  bpc 3.610  gn 0.82  22 ms/step
step  1400  loss 2.4862  bpc 3.587  gn 0.61  22 ms/step
step  1450  loss 2.4919  bpc 3.595  gn 0.81  22 ms/step
step  1500  loss 2.4734  bpc 3.568  gn 0.93  22 ms/step
step  1550  loss 2.5255  bpc 3.643  gn 0.83  22 ms/step
step  1600  loss 2.4394  bpc 3.519  gn 0.82  22 ms/step
step  1650  loss 2.3975  bpc 3.459  gn 0.71  22 ms/step
step  1700  loss 2.4655  bpc 3.557  gn 0.69  22 ms/step
step  1750  loss 2.5409  bpc 3.666  gn 0.62  22 ms/step
step  1800  loss 2.5293  bpc 3.649  gn 0.68  22 ms/step
step  1850  loss 2.4613  bpc 3.551  gn 0.66  22 ms/step
step  1900  loss 2.4211  bpc 3.493  gn 0.56  22 ms/step
step  1950  loss 2.4061  bpc 3.471  gn 0.58  22 ms/step
step  2000  loss 2.4184  bpc 3.489  gn 0.59  22 ms/step
== eval step 2000: val_bpc 3.5211  ppl 11.480  [0:512) 3.503  [512:2048) 3.518  [2048:4096) 3.528  peak 2371 MB
step  2050  loss 2.3578  bpc 3.402  gn 0.65  22 ms/step
step  2100  loss 2.4548  bpc 3.541  gn 0.51  22 ms/step
step  2150  loss 2.4559  bpc 3.543  gn 0.67  22 ms/step
step  2200  loss 2.4593  bpc 3.548  gn 0.60  22 ms/step
step  2250  loss 2.3953  bpc 3.456  gn 0.64  22 ms/step
step  2300  loss 2.2736  bpc 3.280  gn 0.87  22 ms/step
step  2350  loss 2.3640  bpc 3.411  gn 0.61  22 ms/step
step  2400  loss 2.4127  bpc 3.481  gn 0.68  22 ms/step
step  2450  loss 2.4034  bpc 3.467  gn 0.60  22 ms/step
step  2500  loss 2.3734  bpc 3.424  gn 0.48  22 ms/step
step  2550  loss 2.3549  bpc 3.397  gn 0.58  22 ms/step
step  2600  loss 2.4986  bpc 3.605  gn 0.59  22 ms/step
step  2650  loss 2.3181  bpc 3.344  gn 0.65  22 ms/step
step  2700  loss 2.2898  bpc 3.303  gn 0.74  22 ms/step
step  2750  loss 2.4016  bpc 3.465  gn 0.67  22 ms/step
step  2800  loss 2.3513  bpc 3.392  gn 0.69  22 ms/step
step  2850  loss 2.3367  bpc 3.371  gn 0.61  22 ms/step
step  2900  loss 2.3421  bpc 3.379  gn 0.84  22 ms/step
step  2950  loss 2.3049  bpc 3.325  gn 0.87  22 ms/step
step  3000  loss 2.4586  bpc 3.547  gn 0.58  22 ms/step
step  3050  loss 2.3672  bpc 3.415  gn 0.79  22 ms/step
step  3100  loss 2.3320  bpc 3.364  gn 0.69  22 ms/step
step  3150  loss 2.2743  bpc 3.281  gn 0.74  22 ms/step
step  3200  loss 2.3451  bpc 3.383  gn 0.63  22 ms/step
step  3250  loss 2.2921  bpc 3.307  gn 0.83  22 ms/step
step  3300  loss 2.2505  bpc 3.247  gn 1.12  22 ms/step
step  3350  loss 2.2702  bpc 3.275  gn 1.34  22 ms/step
step  3400  loss 2.3251  bpc 3.354  gn 0.63  22 ms/step
step  3450  loss 2.1643  bpc 3.122  gn 0.89  22 ms/step
step  3500  loss 2.2500  bpc 3.246  gn 0.92  22 ms/step
step  3550  loss 2.2581  bpc 3.258  gn 0.82  22 ms/step
step  3600  loss 2.2800  bpc 3.289  gn 0.83  22 ms/step
step  3650  loss 2.2695  bpc 3.274  gn 0.83  22 ms/step
step  3700  loss 2.3047  bpc 3.325  gn 0.72  22 ms/step
step  3750  loss 2.1207  bpc 3.060  gn 1.00  22 ms/step
step  3800  loss 2.2502  bpc 3.246  gn 0.86  22 ms/step
step  3850  loss 2.1739  bpc 3.136  gn 0.96  22 ms/step
step  3900  loss 2.2074  bpc 3.185  gn 0.96  22 ms/step
step  3950  loss 2.3126  bpc 3.336  gn 0.89  22 ms/step
step  4000  loss 2.2217  bpc 3.205  gn 0.99  22 ms/step
== eval step 4000: val_bpc 3.2307  ppl 9.387  [0:512) 3.189  [512:2048) 3.224  [2048:4096) 3.246  peak 2371 MB
step  4050  loss 2.2219  bpc 3.205  gn 1.57  22 ms/step
step  4100  loss 2.1808  bpc 3.146  gn 0.89  22 ms/step
step  4150  loss 2.1180  bpc 3.056  gn 1.03  22 ms/step
step  4200  loss 2.1698  bpc 3.130  gn 1.03  22 ms/step
step  4250  loss 2.2628  bpc 3.265  gn 0.86  22 ms/step
step  4300  loss 2.2098  bpc 3.188  gn 1.03  22 ms/step
step  4350  loss 2.1254  bpc 3.066  gn 1.38  22 ms/step
step  4400  loss 2.1948  bpc 3.166  gn 0.87  22 ms/step
step  4450  loss 2.1849  bpc 3.152  gn 0.99  22 ms/step
step  4500  loss 2.0809  bpc 3.002  gn 1.00  22 ms/step
step  4550  loss 2.1741  bpc 3.137  gn 0.82  22 ms/step
step  4600  loss 2.0942  bpc 3.021  gn 1.03  22 ms/step
step  4650  loss 2.0133  bpc 2.905  gn 1.05  22 ms/step
step  4700  loss 2.1324  bpc 3.076  gn 0.82  22 ms/step
step  4750  loss 2.1538  bpc 3.107  gn 1.18  22 ms/step
step  4800  loss 2.1318  bpc 3.076  gn 1.14  22 ms/step
step  4850  loss 2.1903  bpc 3.160  gn 0.95  22 ms/step
step  4900  loss 2.1525  bpc 3.105  gn 0.99  22 ms/step
step  4950  loss 2.1005  bpc 3.030  gn 1.13  22 ms/step
step  5000  loss 2.1018  bpc 3.032  gn 1.14  22 ms/step
step  5050  loss 2.0191  bpc 2.913  gn 1.04  22 ms/step
step  5100  loss 2.1582  bpc 3.114  gn 0.92  22 ms/step
step  5150  loss 2.0568  bpc 2.967  gn 1.30  22 ms/step
step  5200  loss 2.1129  bpc 3.048  gn 1.05  22 ms/step
step  5250  loss 2.0403  bpc 2.943  gn 1.08  22 ms/step
step  5300  loss 2.0490  bpc 2.956  gn 2.51  22 ms/step
step  5350  loss 2.0181  bpc 2.912  gn 1.52  22 ms/step
step  5400  loss 2.0528  bpc 2.962  gn 1.18  22 ms/step
step  5450  loss 2.1312  bpc 3.075  gn 1.34  22 ms/step
step  5500  loss 2.1438  bpc 3.093  gn 0.99  22 ms/step
step  5550  loss 2.1089  bpc 3.043  gn 1.25  22 ms/step
step  5600  loss 2.1055  bpc 3.038  gn 1.44  22 ms/step
step  5650  loss 2.1281  bpc 3.070  gn 1.28  22 ms/step
step  5700  loss 2.0009  bpc 2.887  gn 1.35  22 ms/step
step  5750  loss 2.0853  bpc 3.009  gn 1.08  22 ms/step
step  5800  loss 2.0711  bpc 2.988  gn 1.18  22 ms/step
step  5850  loss 2.0890  bpc 3.014  gn 1.33  22 ms/step
step  5900  loss 2.0105  bpc 2.900  gn 2.29  22 ms/step
step  5950  loss 2.0617  bpc 2.974  gn 1.61  22 ms/step
step  6000  loss 2.0892  bpc 3.014  gn 1.12  22 ms/step
== eval step 6000: val_bpc 2.9698  ppl 7.834  [0:512) 2.862  [512:2048) 2.973  [2048:4096) 2.995  peak 2371 MB
step  6050  loss 1.9970  bpc 2.881  gn 1.65  22 ms/step
step  6100  loss 2.1628  bpc 3.120  gn 1.33  22 ms/step
step  6150  loss 2.1725  bpc 3.134  gn 1.20  22 ms/step
step  6200  loss 2.1111  bpc 3.046  gn 3.95  22 ms/step
step  6250  loss 1.9708  bpc 2.843  gn 1.75  22 ms/step
step  6300  loss 1.9947  bpc 2.878  gn 1.34  22 ms/step
step  6350  loss 2.0038  bpc 2.891  gn 1.19  22 ms/step
step  6400  loss 2.0299  bpc 2.928  gn 1.37  22 ms/step
step  6450  loss 2.0302  bpc 2.929  gn 1.72  22 ms/step
step  6500  loss 1.9388  bpc 2.797  gn 1.46  22 ms/step
step  6550  loss 2.0979  bpc 3.027  gn 1.32  22 ms/step
step  6600  loss 2.0709  bpc 2.988  gn 1.83  22 ms/step
step  6650  loss 1.9901  bpc 2.871  gn 1.45  22 ms/step
step  6700  loss 1.9967  bpc 2.881  gn 1.44  22 ms/step
step  6750  loss 2.0152  bpc 2.907  gn 1.88  22 ms/step
step  6800  loss 1.8941  bpc 2.733  gn 1.42  22 ms/step
step  6850  loss 1.9495  bpc 2.813  gn 2.76  22 ms/step
step  6900  loss 1.8943  bpc 2.733  gn 1.85  22 ms/step
step  6950  loss 1.9893  bpc 2.870  gn 1.46  22 ms/step
step  7000  loss 2.0847  bpc 3.008  gn 2.46  22 ms/step
step  7050  loss 1.9972  bpc 2.881  gn 1.35  22 ms/step
step  7100  loss 1.9928  bpc 2.875  gn 1.41  22 ms/step
step  7150  loss 1.9892  bpc 2.870  gn 1.56  22 ms/step
step  7200  loss 2.0509  bpc 2.959  gn 1.29  22 ms/step
step  7250  loss 1.9767  bpc 2.852  gn 2.33  22 ms/step
step  7300  loss 2.0040  bpc 2.891  gn 2.20  22 ms/step
step  7350  loss 1.9123  bpc 2.759  gn 2.07  22 ms/step
step  7400  loss 1.9762  bpc 2.851  gn 1.36  22 ms/step
step  7450  loss 1.9056  bpc 2.749  gn 2.44  22 ms/step
step  7500  loss 1.9082  bpc 2.753  gn 1.16  22 ms/step
step  7550  loss 1.9706  bpc 2.843  gn 1.39  22 ms/step
step  7600  loss 1.9749  bpc 2.849  gn 1.61  22 ms/step
step  7650  loss 1.9864  bpc 2.866  gn 1.50  22 ms/step
step  7700  loss 1.8730  bpc 2.702  gn 1.76  22 ms/step
step  7750  loss 1.6778  bpc 2.420  gn 1.60  22 ms/step
step  7800  loss 1.8085  bpc 2.609  gn 1.47  22 ms/step
step  7850  loss 2.0199  bpc 2.914  gn 2.09  22 ms/step
step  7900  loss 1.8176  bpc 2.622  gn 1.77  22 ms/step
step  7950  loss 1.9801  bpc 2.857  gn 1.52  22 ms/step
step  8000  loss 1.8887  bpc 2.725  gn 1.49  22 ms/step
== eval step 8000: val_bpc 2.7622  ppl 6.784  [0:512) 2.630  [512:2048) 2.733  [2048:4096) 2.817  peak 2371 MB
step  8050  loss 1.8037  bpc 2.602  gn 1.55  22 ms/step
step  8100  loss 1.9374  bpc 2.795  gn 1.91  22 ms/step
step  8150  loss 1.9655  bpc 2.836  gn 1.65  22 ms/step
step  8200  loss 1.9338  bpc 2.790  gn 1.44  22 ms/step
step  8250  loss 2.0331  bpc 2.933  gn 1.54  22 ms/step
step  8300  loss 1.8660  bpc 2.692  gn 2.14  22 ms/step
step  8350  loss 1.8886  bpc 2.725  gn 3.12  22 ms/step
step  8400  loss 2.4912  bpc 3.594  gn 2.68  22 ms/step
step  8450  loss 2.1400  bpc 3.087  gn 2.11  22 ms/step
step  8500  loss 2.1534  bpc 3.107  gn 2.31  22 ms/step
step  8550  loss 1.8953  bpc 2.734  gn 1.63  22 ms/step
step  8600  loss 1.9022  bpc 2.744  gn 1.87  22 ms/step
step  8650  loss 1.8921  bpc 2.730  gn 1.89  22 ms/step
step  8700  loss 1.8158  bpc 2.620  gn 1.82  22 ms/step
step  8750  loss 1.8017  bpc 2.599  gn 1.71  22 ms/step
step  8800  loss 1.9055  bpc 2.749  gn 3.88  22 ms/step
step  8850  loss 2.1982  bpc 3.171  gn 2.89  22 ms/step
step  8900  loss 2.3942  bpc 3.454  gn 5.75  22 ms/step
step  8950  loss 1.9477  bpc 2.810  gn 1.64  22 ms/step
step  9000  loss 1.9755  bpc 2.850  gn 7.20  22 ms/step
step  9050  loss 2.0783  bpc 2.998  gn 2.25  22 ms/step
step  9100  loss 2.0068  bpc 2.895  gn 1.86  22 ms/step
step  9150  loss 1.9509  bpc 2.815  gn 3.85  22 ms/step
step  9200  loss 1.9092  bpc 2.754  gn 5.32  22 ms/step
step  9250  loss 2.0047  bpc 2.892  gn 1.74  22 ms/step
step  9300  loss 1.9472  bpc 2.809  gn 1.83  22 ms/step
step  9350  loss 1.9701  bpc 2.842  gn 1.93  22 ms/step
step  9400  loss 1.8922  bpc 2.730  gn 2.91  22 ms/step
step  9450  loss 1.8655  bpc 2.691  gn 2.67  22 ms/step
step  9500  loss 1.8935  bpc 2.732  gn 2.67  22 ms/step
step  9550  loss 1.9186  bpc 2.768  gn 4.20  22 ms/step
step  9600  loss 1.8693  bpc 2.697  gn 2.69  22 ms/step
step  9650  loss 1.8686  bpc 2.696  gn 1.76  22 ms/step
step  9700  loss 1.9129  bpc 2.760  gn 2.84  22 ms/step
step  9750  loss 1.8550  bpc 2.676  gn 2.43  22 ms/step
step  9800  loss 1.9397  bpc 2.798  gn 2.33  22 ms/step
step  9850  loss 1.9241  bpc 2.776  gn 7.07  22 ms/step
step  9900  loss 1.8711  bpc 2.699  gn 3.20  22 ms/step
step  9950  loss 1.8905  bpc 2.727  gn 4.68  22 ms/step
step 10000  loss 1.7929  bpc 2.587  gn 2.16  22 ms/step
== eval step 10000: val_bpc 2.8035  ppl 6.981  [0:512) 2.837  [512:2048) 2.806  [2048:4096) 2.793  peak 2371 MB
step 10050  loss 2.1740  bpc 3.136  gn 6.13  22 ms/step
step 10100  loss 1.9732  bpc 2.847  gn 3.09  22 ms/step
step 10150  loss 2.0714  bpc 2.988  gn 8.98  22 ms/step
step 10200  loss 1.9361  bpc 2.793  gn 2.27  22 ms/step
step 10250  loss 1.8362  bpc 2.649  gn 2.74  22 ms/step
step 10300  loss 1.8927  bpc 2.731  gn 2.32  22 ms/step
step 10350  loss 1.8200  bpc 2.626  gn 23.77  22 ms/step
step 10400  loss 1.9584  bpc 2.825  gn 2.39  22 ms/step
step 10450  loss 1.9385  bpc 2.797  gn 3.07  22 ms/step
step 10500  loss 1.8757  bpc 2.706  gn 5.73  22 ms/step
step 10550  loss 1.9713  bpc 2.844  gn 6.49  22 ms/step
step 10600  loss 1.8031  bpc 2.601  gn 3.79  22 ms/step
step 10650  loss 1.8534  bpc 2.674  gn 3.82  22 ms/step
step 10700  loss 1.9563  bpc 2.822  gn 5.24  22 ms/step
step 10750  loss 1.8619  bpc 2.686  gn 3.34  22 ms/step
step 10800  loss 1.9124  bpc 2.759  gn 19.49  22 ms/step
step 10850  loss 1.9659  bpc 2.836  gn 5.23  22 ms/step
step 10900  loss 1.9781  bpc 2.854  gn 3.01  22 ms/step
step 10950  loss 1.8754  bpc 2.706  gn 2.30  22 ms/step
step 11000  loss 1.8028  bpc 2.601  gn 3.78  22 ms/step
step 11050  loss 1.8105  bpc 2.612  gn 4.42  22 ms/step
step 11100  loss 1.9001  bpc 2.741  gn 7.09  22 ms/step
step 11150  loss 1.9549  bpc 2.820  gn 6.50  22 ms/step
step 11200  loss 1.9715  bpc 2.844  gn 3.42  22 ms/step
step 11250  loss 1.8648  bpc 2.690  gn 1.83  22 ms/step
step 11300  loss 1.7867  bpc 2.578  gn 3.53  22 ms/step
step 11350  loss 1.8302  bpc 2.640  gn 5.44  22 ms/step
step 11400  loss 1.9671  bpc 2.838  gn 3.31  22 ms/step
step 11450  loss 1.9013  bpc 2.743  gn 2.90  22 ms/step
step 11500  loss 1.8283  bpc 2.638  gn 5.13  22 ms/step
step 11550  loss 1.8519  bpc 2.672  gn 5.32  22 ms/step
step 11600  loss 1.9147  bpc 2.762  gn 3.17  22 ms/step
step 11650  loss 1.8225  bpc 2.629  gn 3.02  22 ms/step
step 11700  loss 1.9390  bpc 2.797  gn 3.50  22 ms/step
step 11750  loss 1.9480  bpc 2.810  gn 4.10  22 ms/step
step 11800  loss 1.8747  bpc 2.705  gn 5.45  22 ms/step
step 11850  loss 1.9649  bpc 2.835  gn 7.14  22 ms/step
step 11900  loss 1.8874  bpc 2.723  gn 15.92  22 ms/step
step 11950  loss 1.8560  bpc 2.678  gn 3.36  22 ms/step
step 12000  loss 1.8759  bpc 2.706  gn 5.05  22 ms/step
== eval step 12000: val_bpc 2.7009  ppl 6.502  [0:512) 2.785  [512:2048) 2.670  [2048:4096) 2.703  peak 2371 MB
step 12050  loss 1.8589  bpc 2.682  gn 4.30  22 ms/step
step 12100  loss 1.8196  bpc 2.625  gn 9.08  22 ms/step
step 12150  loss 1.9191  bpc 2.769  gn 11.36  22 ms/step
step 12200  loss 1.8605  bpc 2.684  gn 3.77  22 ms/step
step 12250  loss 1.7698  bpc 2.553  gn 2.93  22 ms/step
step 12300  loss 1.7397  bpc 2.510  gn 6.43  22 ms/step
step 12350  loss 1.9046  bpc 2.748  gn 6.87  22 ms/step
step 12400  loss 1.8151  bpc 2.619  gn 10.57  22 ms/step
step 12450  loss 1.8254  bpc 2.634  gn 4.14  22 ms/step
step 12500  loss 1.7938  bpc 2.588  gn 8.35  22 ms/step
step 12550  loss 1.8373  bpc 2.651  gn 2.58  22 ms/step
step 12600  loss 2.0748  bpc 2.993  gn 4.73  22 ms/step
step 12650  loss 1.8803  bpc 2.713  gn 3.46  22 ms/step
step 12700  loss 1.9972  bpc 2.881  gn 4.27  22 ms/step
step 12750  loss 1.7678  bpc 2.550  gn 2.89  22 ms/step
step 12800  loss 1.7148  bpc 2.474  gn 1.75  22 ms/step
step 12850  loss 1.8873  bpc 2.723  gn 4.51  22 ms/step
step 12900  loss 1.8768  bpc 2.708  gn 2.29  22 ms/step
step 12950  loss 1.8714  bpc 2.700  gn 5.87  22 ms/step
step 13000  loss 1.9559  bpc 2.822  gn 6.65  22 ms/step
step 13050  loss 1.8035  bpc 2.602  gn 5.09  22 ms/step
step 13100  loss 1.8764  bpc 2.707  gn 5.60  22 ms/step
step 13150  loss 1.8206  bpc 2.627  gn 2.24  22 ms/step
step 13200  loss 1.8747  bpc 2.705  gn 2.28  22 ms/step
step 13250  loss 1.8160  bpc 2.620  gn 3.66  22 ms/step
step 13300  loss 1.8632  bpc 2.688  gn 4.45  22 ms/step
step 13350  loss 1.8905  bpc 2.727  gn 7.98  22 ms/step
step 13400  loss 1.7673  bpc 2.550  gn 2.42  22 ms/step
step 13450  loss 1.7955  bpc 2.590  gn 2.40  22 ms/step
step 13500  loss 1.8534  bpc 2.674  gn 1.90  22 ms/step
step 13550  loss 1.5944  bpc 2.300  gn 2.55  22 ms/step
step 13600  loss 1.7728  bpc 2.558  gn 4.69  22 ms/step
step 13650  loss 1.7127  bpc 2.471  gn 1.90  22 ms/step
step 13700  loss 1.7113  bpc 2.469  gn 4.41  22 ms/step
step 13750  loss 1.7865  bpc 2.577  gn 2.13  22 ms/step
step 13800  loss 1.8715  bpc 2.700  gn 2.92  22 ms/step
step 13850  loss 1.6628  bpc 2.399  gn 2.09  22 ms/step
step 13900  loss 1.7759  bpc 2.562  gn 5.73  22 ms/step
step 13950  loss 1.8570  bpc 2.679  gn 2.02  22 ms/step
step 14000  loss 1.6740  bpc 2.415  gn 2.30  22 ms/step
== eval step 14000: val_bpc 2.5475  ppl 5.846  [0:512) 2.570  [512:2048) 2.540  [2048:4096) 2.548  peak 2371 MB
step 14050  loss 1.7463  bpc 2.519  gn 2.53  22 ms/step
step 14100  loss 1.7628  bpc 2.543  gn 4.24  22 ms/step
step 14150  loss 1.7116  bpc 2.469  gn 2.46  22 ms/step
step 14200  loss 1.7507  bpc 2.526  gn 2.82  22 ms/step
step 14250  loss 1.7637  bpc 2.545  gn 2.79  22 ms/step
step 14300  loss 1.6577  bpc 2.392  gn 3.46  22 ms/step
step 14350  loss 1.7272  bpc 2.492  gn 3.03  22 ms/step
step 14400  loss 1.8184  bpc 2.623  gn 8.12  22 ms/step
step 14450  loss 1.7511  bpc 2.526  gn 4.05  22 ms/step
step 14500  loss 1.7233  bpc 2.486  gn 6.86  22 ms/step
step 14550  loss 1.7540  bpc 2.530  gn 3.68  22 ms/step
step 14600  loss 1.8085  bpc 2.609  gn 4.05  22 ms/step
step 14650  loss 1.7494  bpc 2.524  gn 2.73  22 ms/step
step 14700  loss 1.8830  bpc 2.717  gn 2.87  22 ms/step
step 14750  loss 1.8167  bpc 2.621  gn 6.13  22 ms/step
step 14800  loss 1.8286  bpc 2.638  gn 20.00  22 ms/step
step 14850  loss 1.7506  bpc 2.526  gn 2.54  22 ms/step
step 14900  loss 1.7661  bpc 2.548  gn 4.13  22 ms/step
step 14950  loss 1.8154  bpc 2.619  gn 3.35  22 ms/step
step 15000  loss 1.7496  bpc 2.524  gn 3.94  22 ms/step
step 15050  loss 1.7768  bpc 2.563  gn 5.60  22 ms/step
step 15100  loss 1.7562  bpc 2.534  gn 2.58  22 ms/step
step 15150  loss 1.9225  bpc 2.774  gn 5.05  22 ms/step
step 15200  loss 1.7364  bpc 2.505  gn 2.76  22 ms/step
step 15250  loss 1.8047  bpc 2.604  gn 9.11  22 ms/step
step 15300  loss 1.6678  bpc 2.406  gn 3.21  22 ms/step
step 15350  loss 1.6698  bpc 2.409  gn 2.68  22 ms/step
step 15400  loss 1.7891  bpc 2.581  gn 3.64  22 ms/step
step 15450  loss 1.6779  bpc 2.421  gn 6.18  22 ms/step
step 15500  loss 1.7735  bpc 2.559  gn 2.62  22 ms/step
step 15550  loss 1.7054  bpc 2.460  gn 2.91  22 ms/step
step 15600  loss 1.7006  bpc 2.453  gn 2.32  22 ms/step
step 15650  loss 1.6747  bpc 2.416  gn 2.17  22 ms/step
step 15700  loss 1.5675  bpc 2.261  gn 4.11  22 ms/step
step 15750  loss 1.7231  bpc 2.486  gn 2.29  22 ms/step
step 15800  loss 1.7003  bpc 2.453  gn 9.24  22 ms/step
step 15850  loss 1.7494  bpc 2.524  gn 5.60  22 ms/step
step 15900  loss 1.6843  bpc 2.430  gn 2.45  22 ms/step
step 15950  loss 1.9109  bpc 2.757  gn 36.48  22 ms/step
step 16000  loss 1.7148  bpc 2.474  gn 2.43  22 ms/step
== eval step 16000: val_bpc 2.4933  ppl 5.630  [0:512) 2.527  [512:2048) 2.473  [2048:4096) 2.500  peak 2371 MB
step 16050  loss 1.7414  bpc 2.512  gn 2.84  22 ms/step
step 16100  loss 1.6560  bpc 2.389  gn 2.95  22 ms/step
step 16150  loss 1.6811  bpc 2.425  gn 2.18  22 ms/step
step 16200  loss 1.6432  bpc 2.371  gn 3.12  22 ms/step
step 16250  loss 1.6840  bpc 2.430  gn 3.84  22 ms/step
step 16300  loss 1.6423  bpc 2.369  gn 4.95  22 ms/step
step 16350  loss 1.6827  bpc 2.428  gn 3.09  22 ms/step
step 16400  loss 1.7150  bpc 2.474  gn 2.81  22 ms/step
step 16450  loss 1.6849  bpc 2.431  gn 10.64  22 ms/step
step 16500  loss 1.7362  bpc 2.505  gn 2.27  22 ms/step
step 16550  loss 1.4636  bpc 2.112  gn 1.86  22 ms/step
step 16600  loss 1.6700  bpc 2.409  gn 3.19  22 ms/step
step 16650  loss 1.6954  bpc 2.446  gn 2.42  22 ms/step
step 16700  loss 1.7014  bpc 2.455  gn 4.37  22 ms/step
step 16750  loss 1.7612  bpc 2.541  gn 2.88  22 ms/step
step 16800  loss 1.6980  bpc 2.450  gn 3.32  22 ms/step
step 16850  loss 1.7642  bpc 2.545  gn 3.36  22 ms/step
step 16900  loss 1.6234  bpc 2.342  gn 4.51  22 ms/step
step 16950  loss 1.7910  bpc 2.584  gn 2.42  22 ms/step
step 17000  loss 1.6096  bpc 2.322  gn 2.11  22 ms/step
step 17050  loss 1.7248  bpc 2.488  gn 2.40  22 ms/step
step 17100  loss 1.7647  bpc 2.546  gn 1.82  22 ms/step
step 17150  loss 1.7710  bpc 2.555  gn 4.43  22 ms/step
step 17200  loss 1.7015  bpc 2.455  gn 2.65  22 ms/step
step 17250  loss 1.5952  bpc 2.301  gn 2.68  22 ms/step
step 17300  loss 1.6735  bpc 2.414  gn 3.55  22 ms/step
step 17350  loss 1.7392  bpc 2.509  gn 6.70  22 ms/step
step 17400  loss 1.7157  bpc 2.475  gn 6.48  22 ms/step
step 17450  loss 1.6418  bpc 2.369  gn 12.04  22 ms/step
step 17500  loss 1.6610  bpc 2.396  gn 1.94  22 ms/step
step 17550  loss 1.7938  bpc 2.588  gn 3.00  22 ms/step
step 17600  loss 1.6572  bpc 2.391  gn 2.08  22 ms/step
step 17650  loss 1.6922  bpc 2.441  gn 2.23  22 ms/step
step 17700  loss 1.7104  bpc 2.468  gn 8.49  22 ms/step
step 17750  loss 1.6423  bpc 2.369  gn 6.26  22 ms/step
step 17800  loss 1.7253  bpc 2.489  gn 6.64  22 ms/step
step 17850  loss 1.7136  bpc 2.472  gn 2.90  22 ms/step
step 17900  loss 1.7257  bpc 2.490  gn 3.56  22 ms/step
step 17950  loss 1.6115  bpc 2.325  gn 2.79  22 ms/step
step 18000  loss 1.7788  bpc 2.566  gn 2.51  22 ms/step
== eval step 18000: val_bpc 2.4588  ppl 5.498  [0:512) 2.487  [512:2048) 2.443  [2048:4096) 2.464  peak 2371 MB
step 18050  loss 1.6550  bpc 2.388  gn 2.66  22 ms/step
step 18100  loss 1.5614  bpc 2.253  gn 2.32  22 ms/step
step 18150  loss 1.5988  bpc 2.307  gn 3.63  22 ms/step
step 18200  loss 1.7657  bpc 2.547  gn 3.54  22 ms/step
step 18250  loss 1.7719  bpc 2.556  gn 3.10  22 ms/step
step 18300  loss 1.7435  bpc 2.515  gn 2.40  22 ms/step
step 18350  loss 1.6931  bpc 2.443  gn 2.80  22 ms/step
step 18400  loss 1.6520  bpc 2.383  gn 3.65  22 ms/step
step 18450  loss 1.5849  bpc 2.287  gn 3.59  22 ms/step
step 18500  loss 1.7467  bpc 2.520  gn 8.30  22 ms/step
step 18550  loss 1.6321  bpc 2.355  gn 11.83  22 ms/step
step 18600  loss 1.6792  bpc 2.423  gn 6.57  22 ms/step
step 18650  loss 1.7111  bpc 2.469  gn 39.44  22 ms/step
step 18700  loss 1.7273  bpc 2.492  gn 13.11  22 ms/step
step 18750  loss 1.6919  bpc 2.441  gn 3.44  22 ms/step
step 18800  loss 1.6962  bpc 2.447  gn 12.72  22 ms/step
step 18850  loss 1.7829  bpc 2.572  gn 3.50  22 ms/step
step 18900  loss 1.3755  bpc 1.984  gn 10.11  22 ms/step
step 18950  loss 1.6060  bpc 2.317  gn 28.89  22 ms/step
step 19000  loss 1.6562  bpc 2.389  gn 14.96  22 ms/step
step 19050  loss 1.7557  bpc 2.533  gn 4.16  22 ms/step
step 19100  loss 1.6720  bpc 2.412  gn 11.38  22 ms/step
step 19150  loss 1.7119  bpc 2.470  gn 11.85  22 ms/step
step 19200  loss 1.6144  bpc 2.329  gn 23.16  22 ms/step
step 19250  loss 1.7181  bpc 2.479  gn 9.01  22 ms/step
step 19300  loss 1.6730  bpc 2.414  gn 3.67  22 ms/step
step 19350  loss 1.7563  bpc 2.534  gn 5.25  22 ms/step
step 19400  loss 1.7401  bpc 2.510  gn 8.15  22 ms/step
step 19450  loss 1.6528  bpc 2.384  gn 5.52  22 ms/step
step 19500  loss 1.6206  bpc 2.338  gn 5.62  22 ms/step
step 19550  loss 1.6787  bpc 2.422  gn 10.98  22 ms/step
step 19600  loss 1.7090  bpc 2.466  gn 10.21  22 ms/step
step 19650  loss 1.6508  bpc 2.382  gn 4.53  22 ms/step
step 19700  loss 1.6069  bpc 2.318  gn 8.08  22 ms/step
step 19750  loss 1.6234  bpc 2.342  gn 19.91  22 ms/step
step 19800  loss 1.6108  bpc 2.324  gn 22.92  22 ms/step
step 19850  loss 1.6073  bpc 2.319  gn 29.62  22 ms/step
step 19900  loss 1.6592  bpc 2.394  gn 12.17  22 ms/step
step 19950  loss 1.6529  bpc 2.385  gn 2.96  22 ms/step
step 20000  loss 1.6629  bpc 2.399  gn 11.58  22 ms/step
== eval step 20000: val_bpc 2.4568  ppl 5.490  [0:512) 2.478  [512:2048) 2.446  [2048:4096) 2.459  peak 2371 MB
done: {"run": "smat_d1", "arm": "smat", "d": 1, "step": 20000, "train_loss": 1.6628683805465698, "train_loss_med200": 1.6769266724586487, "val_bpc": 2.4568188445700567, "val_ppl": 5.490048310778782, "val_bpc_0_512": 2.478434900208906, "val_bpc_512_2048": 2.4464743677598833, "val_bpc_2048_4096": 2.4591731882679744, "grad_norm": 11.578110694885254, "nonfinite_steps": 0, "ms_per_step": 21.898483276367188, "peak_MB": 2371.24169921875, "params": 4335104, "elapsed_s": 443.5702154636383, "mask_nnz": 8390656, "mask_density": 0.5001220703125, "mask_n": 2048, "mask_q": 0, "mask_B": 1}
==== arm: --arm smat --d 2   Thu Sep  3 03:51:49 PM CDT 2026 ====
{
 "run": "smat_d2",
 "arm": "smat",
 "d": 2,
 "T": 4096,
 "layers": 4,
 "d_model": 256,
 "heads": 4,
 "r": 64,
 "learn_phi": false,
 "qk_norm": false,
 "chunk": 128,
 "steps": 20000,
 "nb": 8,
 "lr": 0.0003,
 "warmup": 500,
 "wd": 0.1,
 "clip": 1.0,
 "eval_every": 2000,
 "val_windows": 256,
 "eval_nb": 8,
 "data": "/u/archerdw/smat_attention/deltaai/data/enwik8",
 "out": "results/lm_T4096_20k.csv",
 "device": "cuda",
 "no_amp": false,
 "seed": 0
}
mask: {'mask_nnz': 4285604, 'mask_density': 0.25544190406799316, 'mask_n': 2048, 'mask_q': 47, 'mask_B': 47}
params: 4,335,104
step    50  loss 4.4237  bpc 6.382  gn 2.58  30 ms/step
step   100  loss 3.7002  bpc 5.338  gn 1.72  25 ms/step
step   150  loss 3.1480  bpc 4.542  gn 0.98  25 ms/step
step   200  loss 2.8325  bpc 4.086  gn 0.62  25 ms/step
step   250  loss 2.7137  bpc 3.915  gn 0.91  25 ms/step
step   300  loss 2.6268  bpc 3.790  gn 0.85  25 ms/step
step   350  loss 2.5754  bpc 3.716  gn 0.58  25 ms/step
step   400  loss 2.7072  bpc 3.906  gn 0.62  25 ms/step
step   450  loss 2.6401  bpc 3.809  gn 0.70  25 ms/step
step   500  loss 2.6136  bpc 3.771  gn 0.58  25 ms/step
step   550  loss 2.6001  bpc 3.751  gn 0.43  27 ms/step
step   600  loss 2.6327  bpc 3.798  gn 0.52  25 ms/step
step   650  loss 2.6191  bpc 3.779  gn 0.64  25 ms/step
step   700  loss 2.6091  bpc 3.764  gn 0.60  25 ms/step
step   750  loss 2.5685  bpc 3.706  gn 0.50  25 ms/step
step   800  loss 2.5497  bpc 3.678  gn 0.43  25 ms/step
step   850  loss 2.5442  bpc 3.670  gn 0.44  25 ms/step
step   900  loss 2.5085  bpc 3.619  gn 0.58  25 ms/step
step   950  loss 2.5410  bpc 3.666  gn 0.51  25 ms/step
step  1000  loss 2.4628  bpc 3.553  gn 0.47  25 ms/step
step  1050  loss 2.5392  bpc 3.663  gn 0.94  25 ms/step
step  1100  loss 2.5498  bpc 3.679  gn 0.45  25 ms/step
step  1150  loss 2.5473  bpc 3.675  gn 0.83  25 ms/step
step  1200  loss 2.5026  bpc 3.610  gn 0.63  25 ms/step
step  1250  loss 2.5630  bpc 3.698  gn 0.50  25 ms/step
step  1300  loss 2.4814  bpc 3.580  gn 0.60  25 ms/step
step  1350  loss 2.5220  bpc 3.638  gn 0.62  25 ms/step
step  1400  loss 2.4967  bpc 3.602  gn 0.52  25 ms/step
step  1450  loss 2.4961  bpc 3.601  gn 0.48  25 ms/step
step  1500  loss 2.4783  bpc 3.575  gn 0.80  25 ms/step
step  1550  loss 2.5155  bpc 3.629  gn 0.50  25 ms/step
step  1600  loss 2.4410  bpc 3.522  gn 0.45  25 ms/step
step  1650  loss 2.3884  bpc 3.446  gn 0.54  25 ms/step
step  1700  loss 2.4563  bpc 3.544  gn 0.37  25 ms/step
step  1750  loss 2.5401  bpc 3.665  gn 0.67  25 ms/step
step  1800  loss 2.5102  bpc 3.621  gn 0.60  25 ms/step
step  1850  loss 2.4508  bpc 3.536  gn 0.53  25 ms/step
step  1900  loss 2.4178  bpc 3.488  gn 0.84  25 ms/step
step  1950  loss 2.3948  bpc 3.455  gn 1.22  25 ms/step
step  2000  loss 2.4089  bpc 3.475  gn 1.43  25 ms/step
== eval step 2000: val_bpc 3.5129  ppl 11.415  [0:512) 3.465  [512:2048) 3.510  [2048:4096) 3.527  peak 2713 MB
step  2050  loss 2.3610  bpc 3.406  gn 1.31  25 ms/step
step  2100  loss 2.4542  bpc 3.541  gn 0.94  25 ms/step
step  2150  loss 2.4411  bpc 3.522  gn 0.65  25 ms/step
step  2200  loss 2.4432  bpc 3.525  gn 0.80  25 ms/step
step  2250  loss 2.3681  bpc 3.416  gn 0.60  25 ms/step
step  2300  loss 2.2453  bpc 3.239  gn 0.98  25 ms/step
step  2350  loss 2.3395  bpc 3.375  gn 0.52  25 ms/step
step  2400  loss 2.3952  bpc 3.456  gn 0.97  25 ms/step
step  2450  loss 2.3865  bpc 3.443  gn 0.67  25 ms/step
step  2500  loss 2.3604  bpc 3.405  gn 0.56  25 ms/step
step  2550  loss 2.3385  bpc 3.374  gn 0.91  25 ms/step
step  2600  loss 2.4802  bpc 3.578  gn 0.54  25 ms/step
step  2650  loss 2.2966  bpc 3.313  gn 0.63  25 ms/step
step  2700  loss 2.2563  bpc 3.255  gn 0.57  25 ms/step
step  2750  loss 2.3891  bpc 3.447  gn 0.65  25 ms/step
step  2800  loss 2.3363  bpc 3.371  gn 0.69  25 ms/step
step  2850  loss 2.3183  bpc 3.345  gn 0.54  25 ms/step
step  2900  loss 2.3213  bpc 3.349  gn 0.72  25 ms/step
step  2950  loss 2.2812  bpc 3.291  gn 1.00  25 ms/step
step  3000  loss 2.4432  bpc 3.525  gn 0.74  25 ms/step
step  3050  loss 2.3412  bpc 3.378  gn 0.92  25 ms/step
step  3100  loss 2.2968  bpc 3.314  gn 0.78  25 ms/step
step  3150  loss 2.2467  bpc 3.241  gn 0.65  25 ms/step
step  3200  loss 2.3211  bpc 3.349  gn 0.68  25 ms/step
step  3250  loss 2.2646  bpc 3.267  gn 0.68  25 ms/step
step  3300  loss 2.2050  bpc 3.181  gn 0.84  25 ms/step
step  3350  loss 2.2256  bpc 3.211  gn 1.15  25 ms/step
step  3400  loss 2.3009  bpc 3.320  gn 0.66  25 ms/step
step  3450  loss 2.1482  bpc 3.099  gn 1.21  25 ms/step
step  3500  loss 2.2161  bpc 3.197  gn 0.79  25 ms/step
step  3550  loss 2.2196  bpc 3.202  gn 0.78  25 ms/step
step  3600  loss 2.2596  bpc 3.260  gn 0.82  25 ms/step
step  3650  loss 2.2307  bpc 3.218  gn 0.85  25 ms/step
step  3700  loss 2.2908  bpc 3.305  gn 0.84  25 ms/step
step  3750  loss 2.0812  bpc 3.003  gn 0.79  25 ms/step
step  3800  loss 2.2171  bpc 3.199  gn 0.86  25 ms/step
step  3850  loss 2.1339  bpc 3.079  gn 0.98  25 ms/step
step  3900  loss 2.1726  bpc 3.134  gn 0.79  25 ms/step
step  3950  loss 2.2839  bpc 3.295  gn 1.13  26 ms/step
step  4000  loss 2.2140  bpc 3.194  gn 0.77  25 ms/step
== eval step 4000: val_bpc 3.2113  ppl 9.262  [0:512) 3.151  [512:2048) 3.291  [2048:4096) 3.166  peak 2713 MB
step  4050  loss 2.2087  bpc 3.187  gn 0.85  25 ms/step
step  4100  loss 2.1819  bpc 3.148  gn 1.05  26 ms/step
step  4150  loss 2.1311  bpc 3.075  gn 0.89  25 ms/step
step  4200  loss 2.1703  bpc 3.131  gn 0.95  26 ms/step
step  4250  loss 2.2555  bpc 3.254  gn 0.77  26 ms/step
step  4300  loss 2.2068  bpc 3.184  gn 1.15  26 ms/step
step  4350  loss 2.1218  bpc 3.061  gn 1.03  25 ms/step
step  4400  loss 2.2557  bpc 3.254  gn 2.27  25 ms/step
step  4450  loss 2.2000  bpc 3.174  gn 1.14  26 ms/step
step  4500  loss 2.1014  bpc 3.032  gn 0.86  26 ms/step
step  4550  loss 2.1792  bpc 3.144  gn 0.99  26 ms/step
step  4600  loss 2.1016  bpc 3.032  gn 0.88  25 ms/step
step  4650  loss 2.0088  bpc 2.898  gn 1.15  25 ms/step
step  4700  loss 2.1239  bpc 3.064  gn 1.04  25 ms/step
step  4750  loss 2.1348  bpc 3.080  gn 1.08  25 ms/step
step  4800  loss 2.1392  bpc 3.086  gn 1.32  25 ms/step
step  4850  loss 2.1992  bpc 3.173  gn 3.29  25 ms/step
step  4900  loss 2.1731  bpc 3.135  gn 0.91  26 ms/step
step  4950  loss 2.1031  bpc 3.034  gn 1.18  25 ms/step
step  5000  loss 2.1247  bpc 3.065  gn 1.70  25 ms/step
step  5050  loss 2.0507  bpc 2.959  gn 3.61  25 ms/step
step  5100  loss 2.1500  bpc 3.102  gn 1.71  25 ms/step
step  5150  loss 2.0417  bpc 2.946  gn 0.90  26 ms/step
step  5200  loss 2.1166  bpc 3.054  gn 1.19  25 ms/step
step  5250  loss 2.0494  bpc 2.957  gn 1.26  25 ms/step
step  5300  loss 2.0045  bpc 2.892  gn 1.04  26 ms/step
step  5350  loss 2.0101  bpc 2.900  gn 1.08  25 ms/step
step  5400  loss 2.0326  bpc 2.932  gn 1.05  25 ms/step
step  5450  loss 2.1162  bpc 3.053  gn 1.14  25 ms/step
step  5500  loss 2.1459  bpc 3.096  gn 29.47  25 ms/step
step  5550  loss 2.2421  bpc 3.235  gn 2.36  25 ms/step
step  5600  loss 2.1982  bpc 3.171  gn 21.89  25 ms/step
step  5650  loss 2.3446  bpc 3.383  gn 6.31  25 ms/step
step  5700  loss 2.0385  bpc 2.941  gn 0.89  25 ms/step
step  5750  loss 2.1899  bpc 3.159  gn 30.56  25 ms/step
step  5800  loss 2.0861  bpc 3.010  gn 1.03  25 ms/step
step  5850  loss 2.0787  bpc 2.999  gn 2.11  25 ms/step
step  5900  loss 2.0285  bpc 2.927  gn 2.26  25 ms/step
step  5950  loss 2.0714  bpc 2.988  gn 1.19  25 ms/step
step  6000  loss 2.0787  bpc 2.999  gn 1.03  25 ms/step
== eval step 6000: val_bpc 2.9611  ppl 7.787  [0:512) 3.043  [512:2048) 3.101  [2048:4096) 2.836  peak 2713 MB
step  6050  loss 1.9698  bpc 2.842  gn 1.04  25 ms/step
step  6100  loss 2.1577  bpc 3.113  gn 1.04  25 ms/step
step  6150  loss 2.1186  bpc 3.056  gn 1.15  26 ms/step
step  6200  loss 2.0570  bpc 2.968  gn 1.07  25 ms/step
step  6250  loss 1.9158  bpc 2.764  gn 0.99  25 ms/step
step  6300  loss 1.9529  bpc 2.817  gn 0.93  25 ms/step
step  6350  loss 1.9788  bpc 2.855  gn 1.18  25 ms/step
step  6400  loss 2.0140  bpc 2.906  gn 1.66  26 ms/step
step  6450  loss 1.9731  bpc 2.847  gn 1.67  25 ms/step
step  6500  loss 1.8960  bpc 2.735  gn 1.23  25 ms/step
step  6550  loss 2.0865  bpc 3.010  gn 1.53  25 ms/step
step  6600  loss 2.0314  bpc 2.931  gn 1.28  25 ms/step
step  6650  loss 1.9617  bpc 2.830  gn 1.27  25 ms/step
step  6700  loss 1.9614  bpc 2.830  gn 1.21  25 ms/step
step  6750  loss 1.9756  bpc 2.850  gn 1.67  25 ms/step
step  6800  loss 1.8471  bpc 2.665  gn 1.10  26 ms/step
step  6850  loss 1.8958  bpc 2.735  gn 1.68  26 ms/step
step  6900  loss 1.8209  bpc 2.627  gn 1.46  25 ms/step
step  6950  loss 1.9275  bpc 2.781  gn 2.42  25 ms/step
step  7000  loss 2.0164  bpc 2.909  gn 1.35  25 ms/step
step  7050  loss 1.9456  bpc 2.807  gn 1.27  25 ms/step
step  7100  loss 1.9317  bpc 2.787  gn 1.28  26 ms/step
step  7150  loss 1.9182  bpc 2.767  gn 1.11  25 ms/step
step  7200  loss 1.9869  bpc 2.866  gn 1.44  26 ms/step
step  7250  loss 1.9355  bpc 2.792  gn 1.52  26 ms/step
step  7300  loss 1.9190  bpc 2.768  gn 1.43  26 ms/step
step  7350  loss 1.8554  bpc 2.677  gn 1.34  25 ms/step
step  7400  loss 1.8839  bpc 2.718  gn 1.33  26 ms/step
step  7450  loss 1.8384  bpc 2.652  gn 1.81  26 ms/step
step  7500  loss 1.8141  bpc 2.617  gn 1.34  25 ms/step
step  7550  loss 1.8879  bpc 2.724  gn 1.87  25 ms/step
step  7600  loss 1.8977  bpc 2.738  gn 1.54  25 ms/step
step  7650  loss 1.9017  bpc 2.744  gn 1.61  25 ms/step
step  7700  loss 1.8184  bpc 2.623  gn 2.08  26 ms/step
step  7750  loss 1.6078  bpc 2.320  gn 1.30  25 ms/step
step  7800  loss 1.7138  bpc 2.472  gn 1.62  25 ms/step
step  7850  loss 1.9027  bpc 2.745  gn 1.43  25 ms/step
step  7900  loss 1.7553  bpc 2.532  gn 1.36  25 ms/step
step  7950  loss 1.8849  bpc 2.719  gn 1.50  25 ms/step
step  8000  loss 1.8231  bpc 2.630  gn 1.45  25 ms/step
== eval step 8000: val_bpc 2.6592  ppl 6.317  [0:512) 2.706  [512:2048) 2.796  [2048:4096) 2.545  peak 2713 MB
step  8050  loss 1.7399  bpc 2.510  gn 1.77  25 ms/step
step  8100  loss 1.8525  bpc 2.673  gn 41.62  25 ms/step
step  8150  loss 1.9174  bpc 2.766  gn 2.15  25 ms/step
step  8200  loss 1.8950  bpc 2.734  gn 5.96  25 ms/step
step  8250  loss 2.0038  bpc 2.891  gn 1.73  25 ms/step
step  8300  loss 1.8084  bpc 2.609  gn 1.59  25 ms/step
step  8350  loss 1.6413  bpc 2.368  gn 2.01  25 ms/step
step  8400  loss 1.7934  bpc 2.587  gn 3.61  25 ms/step
step  8450  loss 1.8271  bpc 2.636  gn 1.95  26 ms/step
step  8500  loss 1.7928  bpc 2.587  gn 7.34  25 ms/step
step  8550  loss 1.7753  bpc 2.561  gn 1.50  25 ms/step
step  8600  loss 1.8251  bpc 2.633  gn 1.73  25 ms/step
step  8650  loss 1.7740  bpc 2.559  gn 2.44  25 ms/step
step  8700  loss 1.7178  bpc 2.478  gn 8.39  25 ms/step
step  8750  loss 1.7299  bpc 2.496  gn 1.74  25 ms/step
step  8800  loss 1.6399  bpc 2.366  gn 3.09  25 ms/step
step  8850  loss 1.8708  bpc 2.699  gn 2.29  25 ms/step
step  8900  loss 1.9167  bpc 2.765  gn 1.75  25 ms/step
step  8950  loss nan  bpc nan  gn nan  25 ms/step
step  9000  loss 1.8098  bpc 2.611  gn 5.83  25 ms/step
step  9050  loss 1.8024  bpc 2.600  gn 11.29  25 ms/step
step  9100  loss 1.8439  bpc 2.660  gn 2.04  25 ms/step
step  9150  loss 1.8072  bpc 2.607  gn 2.29  25 ms/step
step  9200  loss 1.7206  bpc 2.482  gn 4.62  25 ms/step
step  9250  loss nan  bpc nan  gn nan  24 ms/step
step  9300  loss nan  bpc nan  gn nan  24 ms/step
step  9350  loss nan  bpc nan  gn nan  24 ms/step
step  9400  loss nan  bpc nan  gn nan  24 ms/step
step  9450  loss nan  bpc nan  gn nan  24 ms/step
step  9500  loss nan  bpc nan  gn nan  24 ms/step
step  9550  loss nan  bpc nan  gn nan  24 ms/step
step  9600  loss nan  bpc nan  gn nan  24 ms/step
step  9650  loss nan  bpc nan  gn nan  24 ms/step
step  9700  loss nan  bpc nan  gn nan  24 ms/step
step  9750  loss nan  bpc nan  gn nan  24 ms/step
step  9800  loss nan  bpc nan  gn nan  24 ms/step
step  9850  loss nan  bpc nan  gn nan  24 ms/step
step  9900  loss nan  bpc nan  gn nan  24 ms/step
step  9950  loss nan  bpc nan  gn nan  24 ms/step
step 10000  loss nan  bpc nan  gn nan  24 ms/step
== eval step 10000: val_bpc nan  ppl nan  [0:512) nan  [512:2048) nan  [2048:4096) nan  peak 2713 MB
step 10050  loss nan  bpc nan  gn nan  24 ms/step
step 10100  loss nan  bpc nan  gn nan  24 ms/step
step 10150  loss nan  bpc nan  gn nan  24 ms/step
step 10200  loss nan  bpc nan  gn nan  24 ms/step
step 10250  loss nan  bpc nan  gn nan  24 ms/step
step 10300  loss nan  bpc nan  gn nan  24 ms/step
step 10350  loss nan  bpc nan  gn nan  24 ms/step
step 10400  loss nan  bpc nan  gn nan  24 ms/step
step 10450  loss nan  bpc nan  gn nan  24 ms/step
step 10500  loss nan  bpc nan  gn nan  24 ms/step
step 10550  loss nan  bpc nan  gn nan  24 ms/step
step 10600  loss nan  bpc nan  gn nan  24 ms/step
step 10650  loss nan  bpc nan  gn nan  24 ms/step
step 10700  loss nan  bpc nan  gn nan  24 ms/step
step 10750  loss nan  bpc nan  gn nan  24 ms/step
step 10800  loss nan  bpc nan  gn nan  24 ms/step
step 10850  loss nan  bpc nan  gn nan  24 ms/step
step 10900  loss nan  bpc nan  gn nan  24 ms/step
step 10950  loss nan  bpc nan  gn nan  24 ms/step
step 11000  loss nan  bpc nan  gn nan  24 ms/step
step 11050  loss nan  bpc nan  gn nan  24 ms/step
step 11100  loss nan  bpc nan  gn nan  24 ms/step
step 11150  loss nan  bpc nan  gn nan  24 ms/step
step 11200  loss nan  bpc nan  gn nan  24 ms/step
step 11250  loss nan  bpc nan  gn nan  24 ms/step
step 11300  loss nan  bpc nan  gn nan  24 ms/step
step 11350  loss nan  bpc nan  gn nan  24 ms/step
step 11400  loss nan  bpc nan  gn nan  24 ms/step
step 11450  loss nan  bpc nan  gn nan  24 ms/step
step 11500  loss nan  bpc nan  gn nan  24 ms/step
step 11550  loss nan  bpc nan  gn nan  24 ms/step
step 11600  loss nan  bpc nan  gn nan  24 ms/step
step 11650  loss nan  bpc nan  gn nan  24 ms/step
step 11700  loss nan  bpc nan  gn nan  24 ms/step
step 11750  loss nan  bpc nan  gn nan  24 ms/step
step 11800  loss nan  bpc nan  gn nan  24 ms/step
step 11850  loss nan  bpc nan  gn nan  24 ms/step
step 11900  loss nan  bpc nan  gn nan  24 ms/step
step 11950  loss nan  bpc nan  gn nan  24 ms/step
step 12000  loss nan  bpc nan  gn nan  24 ms/step
== eval step 12000: val_bpc nan  ppl nan  [0:512) nan  [512:2048) nan  [2048:4096) nan  peak 2713 MB
step 12050  loss nan  bpc nan  gn nan  24 ms/step
step 12100  loss nan  bpc nan  gn nan  24 ms/step
step 12150  loss nan  bpc nan  gn nan  24 ms/step
step 12200  loss nan  bpc nan  gn nan  24 ms/step
step 12250  loss nan  bpc nan  gn nan  24 ms/step
step 12300  loss nan  bpc nan  gn nan  24 ms/step
step 12350  loss nan  bpc nan  gn nan  24 ms/step
step 12400  loss nan  bpc nan  gn nan  24 ms/step
step 12450  loss nan  bpc nan  gn nan  24 ms/step
step 12500  loss nan  bpc nan  gn nan  24 ms/step
step 12550  loss nan  bpc nan  gn nan  24 ms/step
step 12600  loss nan  bpc nan  gn nan  24 ms/step
step 12650  loss nan  bpc nan  gn nan  24 ms/step
step 12700  loss nan  bpc nan  gn nan  24 ms/step
step 12750  loss nan  bpc nan  gn nan  24 ms/step
step 12800  loss nan  bpc nan  gn nan  24 ms/step
step 12850  loss nan  bpc nan  gn nan  24 ms/step
step 12900  loss nan  bpc nan  gn nan  24 ms/step
step 12950  loss nan  bpc nan  gn nan  24 ms/step
step 13000  loss nan  bpc nan  gn nan  24 ms/step
step 13050  loss nan  bpc nan  gn nan  24 ms/step
step 13100  loss nan  bpc nan  gn nan  24 ms/step
step 13150  loss nan  bpc nan  gn nan  24 ms/step
step 13200  loss nan  bpc nan  gn nan  24 ms/step
step 13250  loss nan  bpc nan  gn nan  24 ms/step
step 13300  loss nan  bpc nan  gn nan  24 ms/step
step 13350  loss nan  bpc nan  gn nan  24 ms/step
step 13400  loss nan  bpc nan  gn nan  24 ms/step
step 13450  loss nan  bpc nan  gn nan  24 ms/step
step 13500  loss nan  bpc nan  gn nan  24 ms/step
step 13550  loss nan  bpc nan  gn nan  24 ms/step
step 13600  loss nan  bpc nan  gn nan  24 ms/step
step 13650  loss nan  bpc nan  gn nan  24 ms/step
step 13700  loss nan  bpc nan  gn nan  24 ms/step
step 13750  loss nan  bpc nan  gn nan  24 ms/step
step 13800  loss nan  bpc nan  gn nan  24 ms/step
step 13850  loss nan  bpc nan  gn nan  24 ms/step
step 13900  loss nan  bpc nan  gn nan  24 ms/step
step 13950  loss nan  bpc nan  gn nan  24 ms/step
step 14000  loss nan  bpc nan  gn nan  24 ms/step
== eval step 14000: val_bpc nan  ppl nan  [0:512) nan  [512:2048) nan  [2048:4096) nan  peak 2713 MB
step 14050  loss nan  bpc nan  gn nan  24 ms/step
step 14100  loss nan  bpc nan  gn nan  24 ms/step
step 14150  loss nan  bpc nan  gn nan  24 ms/step
step 14200  loss nan  bpc nan  gn nan  24 ms/step
step 14250  loss nan  bpc nan  gn nan  24 ms/step
step 14300  loss nan  bpc nan  gn nan  24 ms/step
step 14350  loss nan  bpc nan  gn nan  24 ms/step
step 14400  loss nan  bpc nan  gn nan  24 ms/step
step 14450  loss nan  bpc nan  gn nan  24 ms/step
step 14500  loss nan  bpc nan  gn nan  24 ms/step
step 14550  loss nan  bpc nan  gn nan  24 ms/step
step 14600  loss nan  bpc nan  gn nan  24 ms/step
step 14650  loss nan  bpc nan  gn nan  24 ms/step
step 14700  loss nan  bpc nan  gn nan  24 ms/step
step 14750  loss nan  bpc nan  gn nan  24 ms/step
step 14800  loss nan  bpc nan  gn nan  24 ms/step
step 14850  loss nan  bpc nan  gn nan  24 ms/step
step 14900  loss nan  bpc nan  gn nan  25 ms/step
step 14950  loss nan  bpc nan  gn nan  24 ms/step
step 15000  loss nan  bpc nan  gn nan  24 ms/step
step 15050  loss nan  bpc nan  gn nan  24 ms/step
step 15100  loss nan  bpc nan  gn nan  24 ms/step
step 15150  loss nan  bpc nan  gn nan  24 ms/step
step 15200  loss nan  bpc nan  gn nan  24 ms/step
step 15250  loss nan  bpc nan  gn nan  24 ms/step
step 15300  loss nan  bpc nan  gn nan  24 ms/step
step 15350  loss nan  bpc nan  gn nan  24 ms/step
step 15400  loss nan  bpc nan  gn nan  24 ms/step
step 15450  loss nan  bpc nan  gn nan  24 ms/step
step 15500  loss nan  bpc nan  gn nan  24 ms/step
step 15550  loss nan  bpc nan  gn nan  24 ms/step
step 15600  loss nan  bpc nan  gn nan  24 ms/step
step 15650  loss nan  bpc nan  gn nan  24 ms/step
step 15700  loss nan  bpc nan  gn nan  24 ms/step
step 15750  loss nan  bpc nan  gn nan  24 ms/step
step 15800  loss nan  bpc nan  gn nan  24 ms/step
step 15850  loss nan  bpc nan  gn nan  24 ms/step
step 15900  loss nan  bpc nan  gn nan  24 ms/step
step 15950  loss nan  bpc nan  gn nan  24 ms/step
step 16000  loss nan  bpc nan  gn nan  24 ms/step
== eval step 16000: val_bpc nan  ppl nan  [0:512) nan  [512:2048) nan  [2048:4096) nan  peak 2713 MB
step 16050  loss nan  bpc nan  gn nan  24 ms/step
step 16100  loss nan  bpc nan  gn nan  24 ms/step
step 16150  loss nan  bpc nan  gn nan  25 ms/step
step 16200  loss nan  bpc nan  gn nan  25 ms/step
step 16250  loss nan  bpc nan  gn nan  25 ms/step
step 16300  loss nan  bpc nan  gn nan  25 ms/step
step 16350  loss nan  bpc nan  gn nan  24 ms/step
step 16400  loss nan  bpc nan  gn nan  25 ms/step
step 16450  loss nan  bpc nan  gn nan  25 ms/step
step 16500  loss nan  bpc nan  gn nan  25 ms/step
step 16550  loss nan  bpc nan  gn nan  25 ms/step
step 16600  loss nan  bpc nan  gn nan  25 ms/step
step 16650  loss nan  bpc nan  gn nan  25 ms/step
step 16700  loss nan  bpc nan  gn nan  25 ms/step
step 16750  loss nan  bpc nan  gn nan  25 ms/step
step 16800  loss nan  bpc nan  gn nan  25 ms/step
step 16850  loss nan  bpc nan  gn nan  25 ms/step
step 16900  loss nan  bpc nan  gn nan  24 ms/step
step 16950  loss nan  bpc nan  gn nan  25 ms/step
step 17000  loss nan  bpc nan  gn nan  25 ms/step
step 17050  loss nan  bpc nan  gn nan  25 ms/step
step 17100  loss nan  bpc nan  gn nan  25 ms/step
step 17150  loss nan  bpc nan  gn nan  25 ms/step
step 17200  loss nan  bpc nan  gn nan  25 ms/step
step 17250  loss nan  bpc nan  gn nan  25 ms/step
step 17300  loss nan  bpc nan  gn nan  25 ms/step
step 17350  loss nan  bpc nan  gn nan  25 ms/step
step 17400  loss nan  bpc nan  gn nan  25 ms/step
step 17450  loss nan  bpc nan  gn nan  24 ms/step
step 17500  loss nan  bpc nan  gn nan  25 ms/step
step 17550  loss nan  bpc nan  gn nan  25 ms/step
step 17600  loss nan  bpc nan  gn nan  25 ms/step
step 17650  loss nan  bpc nan  gn nan  25 ms/step
step 17700  loss nan  bpc nan  gn nan  25 ms/step
step 17750  loss nan  bpc nan  gn nan  25 ms/step
step 17800  loss nan  bpc nan  gn nan  25 ms/step
step 17850  loss nan  bpc nan  gn nan  25 ms/step
step 17900  loss nan  bpc nan  gn nan  25 ms/step
step 17950  loss nan  bpc nan  gn nan  25 ms/step
step 18000  loss nan  bpc nan  gn nan  25 ms/step
== eval step 18000: val_bpc nan  ppl nan  [0:512) nan  [512:2048) nan  [2048:4096) nan  peak 2713 MB
step 18050  loss nan  bpc nan  gn nan  25 ms/step
step 18100  loss nan  bpc nan  gn nan  25 ms/step
step 18150  loss nan  bpc nan  gn nan  25 ms/step
step 18200  loss nan  bpc nan  gn nan  25 ms/step
step 18250  loss nan  bpc nan  gn nan  25 ms/step
step 18300  loss nan  bpc nan  gn nan  24 ms/step
step 18350  loss nan  bpc nan  gn nan  25 ms/step
step 18400  loss nan  bpc nan  gn nan  25 ms/step
step 18450  loss nan  bpc nan  gn nan  25 ms/step
step 18500  loss nan  bpc nan  gn nan  25 ms/step
step 18550  loss nan  bpc nan  gn nan  24 ms/step
step 18600  loss nan  bpc nan  gn nan  24 ms/step
step 18650  loss nan  bpc nan  gn nan  24 ms/step
step 18700  loss nan  bpc nan  gn nan  24 ms/step
step 18750  loss nan  bpc nan  gn nan  24 ms/step
step 18800  loss nan  bpc nan  gn nan  24 ms/step
step 18850  loss nan  bpc nan  gn nan  25 ms/step
step 18900  loss nan  bpc nan  gn nan  24 ms/step
step 18950  loss nan  bpc nan  gn nan  24 ms/step
step 19000  loss nan  bpc nan  gn nan  24 ms/step
step 19050  loss nan  bpc nan  gn nan  24 ms/step
step 19100  loss nan  bpc nan  gn nan  24 ms/step
step 19150  loss nan  bpc nan  gn nan  24 ms/step
step 19200  loss nan  bpc nan  gn nan  24 ms/step
step 19250  loss nan  bpc nan  gn nan  24 ms/step
step 19300  loss nan  bpc nan  gn nan  24 ms/step
step 19350  loss nan  bpc nan  gn nan  24 ms/step
step 19400  loss nan  bpc nan  gn nan  24 ms/step
step 19450  loss nan  bpc nan  gn nan  24 ms/step
step 19500  loss nan  bpc nan  gn nan  24 ms/step
step 19550  loss nan  bpc nan  gn nan  24 ms/step
step 19600  loss nan  bpc nan  gn nan  24 ms/step
step 19650  loss nan  bpc nan  gn nan  24 ms/step
step 19700  loss nan  bpc nan  gn nan  24 ms/step
step 19750  loss nan  bpc nan  gn nan  24 ms/step
step 19800  loss nan  bpc nan  gn nan  24 ms/step
step 19850  loss nan  bpc nan  gn nan  24 ms/step
step 19900  loss nan  bpc nan  gn nan  24 ms/step
step 19950  loss nan  bpc nan  gn nan  24 ms/step
step 20000  loss nan  bpc nan  gn nan  24 ms/step
== eval step 20000: val_bpc nan  ppl nan  [0:512) nan  [512:2048) nan  [2048:4096) nan  peak 2713 MB
done: {"run": "smat_d2", "arm": "smat", "d": 2, "step": 20000, "train_loss": NaN, "train_loss_med200": NaN, "val_bpc": NaN, "val_ppl": NaN, "val_bpc_0_512": NaN, "val_bpc_512_2048": NaN, "val_bpc_2048_4096": NaN, "grad_norm": NaN, "nonfinite_steps": 10805, "ms_per_step": 24.437816619873047, "peak_MB": 2712.53271484375, "params": 4335104, "elapsed_s": 500.0984671115875, "mask_nnz": 4285604, "mask_density": 0.25544190406799316, "mask_n": 2048, "mask_q": 47, "mask_B": 47}
==== arm: --arm smat --d 3   Thu Sep  3 04:00:14 PM CDT 2026 ====
{
 "run": "smat_d3",
 "arm": "smat",
 "d": 3,
 "T": 4096,
 "layers": 4,
 "d_model": 256,
 "heads": 4,
 "r": 64,
 "learn_phi": false,
 "qk_norm": false,
 "chunk": 128,
 "steps": 20000,
 "nb": 8,
 "lr": 0.0003,
 "warmup": 500,
 "wd": 0.1,
 "clip": 1.0,
 "eval_every": 2000,
 "val_windows": 256,
 "eval_nb": 8,
 "data": "/u/archerdw/smat_attention/deltaai/data/enwik8",
 "out": "results/lm_T4096_20k.csv",
 "device": "cuda",
 "no_amp": false,
 "seed": 0
}
mask: {'mask_nnz': 4518991, 'mask_density': 0.26935285329818726, 'mask_n': 2048, 'mask_q': 13, 'mask_B': 182}
params: 4,335,104
step    50  loss 4.4234  bpc 6.382  gn 2.58  43 ms/step
step   100  loss 3.7001  bpc 5.338  gn 1.73  38 ms/step
step   150  loss 3.1484  bpc 4.542  gn 0.94  38 ms/step
step   200  loss 2.8335  bpc 4.088  gn 0.63  38 ms/step
step   250  loss 2.7131  bpc 3.914  gn 0.77  38 ms/step
step   300  loss 2.6266  bpc 3.789  gn 0.83  38 ms/step
step   350  loss 2.5751  bpc 3.715  gn 0.57  38 ms/step
step   400  loss 2.7106  bpc 3.911  gn 0.60  38 ms/step
step   450  loss 2.6476  bpc 3.820  gn 0.70  38 ms/step
step   500  loss 2.6190  bpc 3.778  gn 0.58  38 ms/step
step   550  loss 2.6004  bpc 3.752  gn 0.42  38 ms/step
step   600  loss 2.6355  bpc 3.802  gn 0.51  38 ms/step
step   650  loss 2.6235  bpc 3.785  gn 0.64  38 ms/step
step   700  loss 2.6137  bpc 3.771  gn 0.57  38 ms/step
step   750  loss 2.5749  bpc 3.715  gn 0.52  38 ms/step
step   800  loss 2.5567  bpc 3.689  gn 0.40  38 ms/step
step   850  loss 2.5565  bpc 3.688  gn 0.41  38 ms/step
step   900  loss 2.5255  bpc 3.643  gn 0.47  38 ms/step
step   950  loss 2.5627  bpc 3.697  gn 0.54  38 ms/step
step  1000  loss 2.4829  bpc 3.582  gn 0.35  38 ms/step
step  1050  loss 2.5613  bpc 3.695  gn 0.58  38 ms/step
step  1100  loss 2.5691  bpc 3.706  gn 0.39  40 ms/step
step  1150  loss 2.5676  bpc 3.704  gn 0.64  38 ms/step
step  1200  loss 2.5174  bpc 3.632  gn 0.81  38 ms/step
step  1250  loss 2.5807  bpc 3.723  gn 0.54  38 ms/step
step  1300  loss 2.4957  bpc 3.601  gn 0.54  38 ms/step
step  1350  loss 2.5326  bpc 3.654  gn 0.55  38 ms/step
step  1400  loss 2.5115  bpc 3.623  gn 0.64  38 ms/step
step  1450  loss 2.5132  bpc 3.626  gn 0.45  38 ms/step
step  1500  loss 2.4875  bpc 3.589  gn 0.58  38 ms/step
step  1550  loss 2.5313  bpc 3.652  gn 0.52  38 ms/step
step  1600  loss 2.4623  bpc 3.552  gn 0.43  38 ms/step
step  1650  loss 2.4172  bpc 3.487  gn 0.50  38 ms/step
step  1700  loss 2.4720  bpc 3.566  gn 0.38  38 ms/step
step  1750  loss 2.5563  bpc 3.688  gn 0.65  38 ms/step
step  1800  loss 2.5262  bpc 3.645  gn 0.79  38 ms/step
step  1850  loss 2.4725  bpc 3.567  gn 0.59  38 ms/step
step  1900  loss 2.4361  bpc 3.515  gn 0.67  38 ms/step
step  1950  loss 2.4063  bpc 3.471  gn 0.85  38 ms/step
step  2000  loss 2.4226  bpc 3.495  gn 0.67  38 ms/step
== eval step 2000: val_bpc 3.5327  ppl 11.573  [0:512) 3.492  [512:2048) 3.521  [2048:4096) 3.552  peak 3796 MB
step  2050  loss 2.3756  bpc 3.427  gn 0.81  38 ms/step
step  2100  loss 2.4658  bpc 3.557  gn 0.57  38 ms/step
step  2150  loss 2.4619  bpc 3.552  gn 0.69  38 ms/step
step  2200  loss 2.4595  bpc 3.548  gn 0.58  38 ms/step
step  2250  loss 2.3988  bpc 3.461  gn 0.61  38 ms/step
step  2300  loss 2.2773  bpc 3.285  gn 1.13  38 ms/step
step  2350  loss 2.3597  bpc 3.404  gn 0.48  38 ms/step
step  2400  loss 2.4192  bpc 3.490  gn 0.79  38 ms/step
step  2450  loss 2.4147  bpc 3.484  gn 0.59  38 ms/step
step  2500  loss 2.3858  bpc 3.442  gn 0.53  38 ms/step
step  2550  loss 2.3655  bpc 3.413  gn 0.92  38 ms/step
step  2600  loss 2.5102  bpc 3.622  gn 0.69  38 ms/step
step  2650  loss 2.3346  bpc 3.368  gn 0.66  38 ms/step
step  2700  loss 2.2992  bpc 3.317  gn 0.82  38 ms/step
step  2750  loss 2.4292  bpc 3.505  gn 0.76  38 ms/step
step  2800  loss 2.3680  bpc 3.416  gn 0.68  38 ms/step
step  2850  loss 2.3610  bpc 3.406  gn 0.71  38 ms/step
step  2900  loss 2.3581  bpc 3.402  gn 0.71  38 ms/step
step  2950  loss 2.3217  bpc 3.350  gn 0.62  38 ms/step
step  3000  loss 2.4745  bpc 3.570  gn 0.75  38 ms/step
step  3050  loss 2.3781  bpc 3.431  gn 0.68  38 ms/step
step  3100  loss 2.3500  bpc 3.390  gn 0.75  38 ms/step
step  3150  loss 2.2930  bpc 3.308  gn 0.56  38 ms/step
step  3200  loss 2.3658  bpc 3.413  gn 0.62  38 ms/step
step  3250  loss 2.3158  bpc 3.341  gn 0.84  38 ms/step
step  3300  loss 2.2629  bpc 3.265  gn 0.84  38 ms/step
step  3350  loss 2.2711  bpc 3.277  gn 0.89  38 ms/step
step  3400  loss 2.3424  bpc 3.379  gn 0.60  38 ms/step
step  3450  loss 2.1945  bpc 3.166  gn 0.78  38 ms/step
step  3500  loss 2.2710  bpc 3.276  gn 0.80  38 ms/step
step  3550  loss 2.2827  bpc 3.293  gn 0.72  38 ms/step
step  3600  loss 2.3007  bpc 3.319  gn 0.76  38 ms/step
step  3650  loss 2.2860  bpc 3.298  gn 0.71  38 ms/step
step  3700  loss 2.3282  bpc 3.359  gn 0.60  38 ms/step
step  3750  loss 2.1371  bpc 3.083  gn 0.73  38 ms/step
step  3800  loss 2.2768  bpc 3.285  gn 1.05  38 ms/step
step  3850  loss 2.1896  bpc 3.159  gn 0.78  38 ms/step
step  3900  loss 2.2317  bpc 3.220  gn 0.85  38 ms/step
step  3950  loss 2.3377  bpc 3.373  gn 0.90  38 ms/step
step  4000  loss 2.2789  bpc 3.288  gn 0.84  38 ms/step
== eval step 4000: val_bpc 3.2995  ppl 9.846  [0:512) 3.260  [512:2048) 3.327  [2048:4096) 3.289  peak 3796 MB
step  4050  loss 2.2471  bpc 3.242  gn 1.49  38 ms/step
step  4100  loss 2.2112  bpc 3.190  gn 0.73  38 ms/step
step  4150  loss 2.1646  bpc 3.123  gn 0.90  38 ms/step
step  4200  loss 2.2061  bpc 3.183  gn 1.07  38 ms/step
step  4250  loss 2.2908  bpc 3.305  gn 0.79  38 ms/step
step  4300  loss 2.2418  bpc 3.234  gn 0.95  38 ms/step
step  4350  loss 2.1564  bpc 3.111  gn 0.90  38 ms/step
step  4400  loss 2.2560  bpc 3.255  gn 0.80  38 ms/step
step  4450  loss 2.2344  bpc 3.224  gn 0.93  38 ms/step
step  4500  loss 2.1223  bpc 3.062  gn 0.75  38 ms/step
step  4550  loss 2.2428  bpc 3.236  gn 0.76  38 ms/step
step  4600  loss 2.1475  bpc 3.098  gn 0.79  38 ms/step
step  4650  loss 2.0568  bpc 2.967  gn 0.97  38 ms/step
step  4700  loss 2.1926  bpc 3.163  gn 0.89  38 ms/step
step  4750  loss 2.1944  bpc 3.166  gn 0.87  38 ms/step
step  4800  loss 2.1928  bpc 3.164  gn 1.06  38 ms/step
step  4850  loss 2.2471  bpc 3.242  gn 0.85  38 ms/step
step  4900  loss 2.2229  bpc 3.207  gn 0.87  38 ms/step
step  4950  loss 2.1444  bpc 3.094  gn 0.98  38 ms/step
step  5000  loss 2.1427  bpc 3.091  gn 0.99  38 ms/step
step  5050  loss 2.0530  bpc 2.962  gn 0.86  38 ms/step
step  5100  loss 2.1733  bpc 3.135  gn 0.83  38 ms/step
step  5150  loss 2.0630  bpc 2.976  gn 0.77  38 ms/step
step  5200  loss 2.1499  bpc 3.102  gn 1.37  38 ms/step
step  5250  loss 2.0650  bpc 2.979  gn 0.87  38 ms/step
step  5300  loss 2.0307  bpc 2.930  gn 0.96  38 ms/step
step  5350  loss 2.0630  bpc 2.976  gn 1.15  38 ms/step
step  5400  loss 2.0794  bpc 3.000  gn 1.17  38 ms/step
step  5450  loss 2.1602  bpc 3.117  gn 1.27  38 ms/step
step  5500  loss 2.1794  bpc 3.144  gn 1.05  38 ms/step
step  5550  loss 2.1343  bpc 3.079  gn 1.12  38 ms/step
step  5600  loss 2.1081  bpc 3.041  gn 0.95  38 ms/step
step  5650  loss 2.1801  bpc 3.145  gn 1.07  38 ms/step
step  5700  loss 2.0229  bpc 2.918  gn 1.06  38 ms/step
step  5750  loss 2.1051  bpc 3.037  gn 1.23  38 ms/step
step  5800  loss 2.0812  bpc 3.003  gn 1.01  38 ms/step
step  5850  loss 2.0589  bpc 2.970  gn 0.97  38 ms/step
step  5900  loss 2.0250  bpc 2.921  gn 1.21  38 ms/step
step  5950  loss 2.0647  bpc 2.979  gn 1.29  38 ms/step
step  6000  loss 2.0831  bpc 3.005  gn 0.99  38 ms/step
== eval step 6000: val_bpc 2.9706  ppl 7.838  [0:512) 2.936  [512:2048) 3.025  [2048:4096) 2.938  peak 3796 MB
step  6050  loss 1.9760  bpc 2.851  gn 1.02  38 ms/step
step  6100  loss 2.1860  bpc 3.154  gn 1.37  38 ms/step
step  6150  loss 2.1200  bpc 3.058  gn 1.12  38 ms/step
step  6200  loss 2.1899  bpc 3.159  gn 1.56  38 ms/step
step  6250  loss 1.9433  bpc 2.804  gn 1.10  38 ms/step
step  6300  loss 1.9844  bpc 2.863  gn 0.92  38 ms/step
step  6350  loss 1.9993  bpc 2.884  gn 1.33  38 ms/step
step  6400  loss 2.0274  bpc 2.925  gn 1.14  38 ms/step
step  6450  loss 2.0387  bpc 2.941  gn 1.57  38 ms/step
step  6500  loss 1.9341  bpc 2.790  gn 1.24  38 ms/step
step  6550  loss 2.0704  bpc 2.987  gn 1.14  38 ms/step
step  6600  loss 2.0417  bpc 2.946  gn 1.36  38 ms/step
step  6650  loss 1.9755  bpc 2.850  gn 1.63  38 ms/step
step  6700  loss 1.9915  bpc 2.873  gn 0.98  38 ms/step
step  6750  loss 2.0051  bpc 2.893  gn 1.31  38 ms/step
step  6800  loss 1.8842  bpc 2.718  gn 1.27  38 ms/step
step  6850  loss 1.9150  bpc 2.763  gn 1.03  38 ms/step
step  6900  loss 1.8517  bpc 2.671  gn 1.27  38 ms/step
step  6950  loss 1.9389  bpc 2.797  gn 1.32  38 ms/step
step  7000  loss 2.0477  bpc 2.954  gn 1.29  38 ms/step
step  7050  loss 2.0949  bpc 3.022  gn 1.62  38 ms/step
step  7100  loss 2.0884  bpc 3.013  gn 1.72  38 ms/step
step  7150  loss 1.9677  bpc 2.839  gn 1.14  38 ms/step
step  7200  loss 2.0278  bpc 2.925  gn 1.35  38 ms/step
step  7250  loss 2.1166  bpc 3.054  gn 2.08  38 ms/step
step  7300  loss 2.0828  bpc 3.005  gn 1.71  38 ms/step
step  7350  loss 1.9037  bpc 2.747  gn 1.19  38 ms/step
step  7400  loss 1.9331  bpc 2.789  gn 1.01  38 ms/step
step  7450  loss 1.8813  bpc 2.714  gn 1.46  38 ms/step
step  7500  loss 1.8712  bpc 2.700  gn 1.21  38 ms/step
step  7550  loss 1.9471  bpc 2.809  gn 7.72  38 ms/step
step  7600  loss 1.9556  bpc 2.821  gn 1.71  38 ms/step
step  7650  loss 1.9893  bpc 2.870  gn 7.78  38 ms/step
step  7700  loss 1.9009  bpc 2.742  gn 1.74  38 ms/step
step  7750  loss 1.7083  bpc 2.465  gn 4.16  38 ms/step
step  7800  loss 1.7908  bpc 2.584  gn 3.62  38 ms/step
step  7850  loss 1.9704  bpc 2.843  gn 2.76  38 ms/step
step  7900  loss 1.8247  bpc 2.632  gn 1.64  38 ms/step
step  7950  loss 1.9726  bpc 2.846  gn 1.84  38 ms/step
step  8000  loss 1.8894  bpc 2.726  gn 3.01  38 ms/step
== eval step 8000: val_bpc 2.7723  ppl 6.832  [0:512) 2.805  [512:2048) 2.855  [2048:4096) 2.702  peak 3796 MB
step  8050  loss 1.8320  bpc 2.643  gn 2.46  38 ms/step
step  8100  loss 1.9444  bpc 2.805  gn 8.79  38 ms/step
step  8150  loss 1.9733  bpc 2.847  gn 2.06  38 ms/step
step  8200  loss 1.9558  bpc 2.822  gn 7.01  38 ms/step
step  8250  loss 2.0670  bpc 2.982  gn 4.86  38 ms/step
step  8300  loss 1.8925  bpc 2.730  gn 3.54  38 ms/step
step  8350  loss 1.7121  bpc 2.470  gn 5.95  38 ms/step
step  8400  loss 1.8744  bpc 2.704  gn 2.79  38 ms/step
step  8450  loss 1.9385  bpc 2.797  gn 4.30  38 ms/step
step  8500  loss 1.8202  bpc 2.626  gn 1.80  38 ms/step
step  8550  loss 1.8139  bpc 2.617  gn 7.66  38 ms/step
step  8600  loss 1.8898  bpc 2.726  gn 1.50  38 ms/step
step  8650  loss 1.8598  bpc 2.683  gn 5.33  38 ms/step
step  8700  loss 1.8523  bpc 2.672  gn 4.77  38 ms/step
step  8750  loss 2.0662  bpc 2.981  gn 14.37  38 ms/step
step  8800  loss 1.7704  bpc 2.554  gn 1.67  38 ms/step
step  8850  loss 2.0272  bpc 2.925  gn 7.76  38 ms/step
step  8900  loss 2.0327  bpc 2.933  gn 4.58  38 ms/step
step  8950  loss 1.8732  bpc 2.702  gn 3.22  38 ms/step
step  9000  loss 1.9387  bpc 2.797  gn 8.77  38 ms/step
step  9050  loss 1.9032  bpc 2.746  gn 7.41  38 ms/step
step  9100  loss 1.9394  bpc 2.798  gn 2.89  38 ms/step
step  9150  loss 1.8824  bpc 2.716  gn 1.40  38 ms/step
step  9200  loss 1.8272  bpc 2.636  gn 1.78  38 ms/step
step  9250  loss 1.9418  bpc 2.801  gn 3.24  38 ms/step
step  9300  loss 1.9147  bpc 2.762  gn 7.30  38 ms/step
step  9350  loss 1.9429  bpc 2.803  gn 2.60  38 ms/step
step  9400  loss 1.8926  bpc 2.730  gn 23.05  38 ms/step
step  9450  loss 1.8455  bpc 2.663  gn 4.68  38 ms/step
step  9500  loss 1.9176  bpc 2.767  gn 2.45  38 ms/step
step  9550  loss 1.9251  bpc 2.777  gn 4.21  38 ms/step
step  9600  loss 1.9336  bpc 2.790  gn 10.78  38 ms/step
step  9650  loss 1.8955  bpc 2.735  gn 11.82  38 ms/step
step  9700  loss 1.8692  bpc 2.697  gn 4.76  38 ms/step
step  9750  loss 1.7760  bpc 2.562  gn 7.84  38 ms/step
step  9800  loss 1.9507  bpc 2.814  gn 2.85  38 ms/step
step  9850  loss 1.8525  bpc 2.673  gn 1.86  38 ms/step
step  9900  loss 1.8680  bpc 2.695  gn 1825.42  38 ms/step
step  9950  loss 1.9586  bpc 2.826  gn 7.30  38 ms/step
step 10000  loss 1.7763  bpc 2.563  gn 4.68  38 ms/step
== eval step 10000: val_bpc 2.7759  ppl 6.849  [0:512) 2.874  [512:2048) 2.916  [2048:4096) 2.646  peak 3796 MB
step 10050  loss 1.9244  bpc 2.776  gn 11.08  38 ms/step
step 10100  loss 1.9827  bpc 2.860  gn 13.54  38 ms/step
step 10150  loss 1.8986  bpc 2.739  gn 7.11  38 ms/step
step 10200  loss 1.9921  bpc 2.874  gn 108.21  38 ms/step
step 10250  loss 1.8003  bpc 2.597  gn 1.78  38 ms/step
step 10300  loss 1.8369  bpc 2.650  gn 3.59  38 ms/step
step 10350  loss 2.0765  bpc 2.996  gn 7.79  38 ms/step
step 10400  loss 1.9559  bpc 2.822  gn 1.53  38 ms/step
step 10450  loss 1.8564  bpc 2.678  gn 1.21  38 ms/step
step 10500  loss 1.8567  bpc 2.679  gn 3.29  38 ms/step
step 10550  loss 2.3218  bpc 3.350  gn 51.54  38 ms/step
step 10600  loss 1.7979  bpc 2.594  gn 13.27  38 ms/step
step 10650  loss 1.8018  bpc 2.599  gn 14.37  38 ms/step
step 10700  loss 1.8813  bpc 2.714  gn 1.92  38 ms/step
step 10750  loss 1.8019  bpc 2.600  gn 23.83  38 ms/step
step 10800  loss 1.7828  bpc 2.572  gn 2.19  38 ms/step
step 10850  loss 1.8732  bpc 2.703  gn 2.90  38 ms/step
step 10900  loss 2.0115  bpc 2.902  gn 2.71  38 ms/step
step 10950  loss 1.7551  bpc 2.532  gn 47.93  38 ms/step
step 11000  loss 1.7780  bpc 2.565  gn 3.20  38 ms/step
step 11050  loss 1.7765  bpc 2.563  gn 5.44  38 ms/step
step 11100  loss 1.8801  bpc 2.712  gn 2.29  38 ms/step
step 11150  loss 1.9294  bpc 2.783  gn 17.48  38 ms/step
step 11200  loss 1.8753  bpc 2.705  gn 1.29  38 ms/step
step 11250  loss 1.7538  bpc 2.530  gn 4.78  38 ms/step
step 11300  loss 1.6999  bpc 2.452  gn 3.07  38 ms/step
step 11350  loss 1.7155  bpc 2.475  gn 1.20  38 ms/step
step 11400  loss 2.0804  bpc 3.001  gn 7350.83  38 ms/step
step 11450  loss 1.9192  bpc 2.769  gn 768.33  38 ms/step
step 11500  loss 1.8850  bpc 2.719  gn 2.93  38 ms/step
step 11550  loss 1.7439  bpc 2.516  gn 3.71  38 ms/step
step 11600  loss 1.7472  bpc 2.521  gn 1.39  38 ms/step
step 11650  loss 1.7433  bpc 2.515  gn 22.82  38 ms/step
step 11700  loss 1.8752  bpc 2.705  gn 7.11  38 ms/step
step 11750  loss 1.8503  bpc 2.669  gn 1.45  38 ms/step
step 11800  loss 1.7454  bpc 2.518  gn 1.68  38 ms/step
step 11850  loss 1.8686  bpc 2.696  gn 1.84  38 ms/step
step 11900  loss 1.7591  bpc 2.538  gn 1.43  38 ms/step
step 11950  loss 1.7672  bpc 2.550  gn 8.43  38 ms/step
step 12000  loss 1.8052  bpc 2.604  gn 19.34  38 ms/step
== eval step 12000: val_bpc 2.6131  ppl 6.118  [0:512) 2.865  [512:2048) 2.645  [2048:4096) 2.526  peak 3796 MB
step 12050  loss 1.7649  bpc 2.546  gn 2.27  38 ms/step
step 12100  loss 1.7233  bpc 2.486  gn 1.47  38 ms/step
step 12150  loss 1.8118  bpc 2.614  gn 1.89  38 ms/step
step 12200  loss 1.7884  bpc 2.580  gn 31.47  38 ms/step
step 12250  loss 1.7652  bpc 2.547  gn 5.26  38 ms/step
step 12300  loss 1.6601  bpc 2.395  gn 1.50  38 ms/step
step 12350  loss 1.8056  bpc 2.605  gn 4.70  38 ms/step
step 12400  loss 1.6174  bpc 2.333  gn 3.31  38 ms/step
step 12450  loss 1.7088  bpc 2.465  gn 2.34  38 ms/step
step 12500  loss 1.7411  bpc 2.512  gn 1.39  38 ms/step
step 12550  loss 1.7647  bpc 2.546  gn 2.36  38 ms/step
step 12600  loss 1.7250  bpc 2.489  gn 1.38  38 ms/step
step 12650  loss 1.7415  bpc 2.512  gn 2.99  38 ms/step
step 12700  loss 1.7261  bpc 2.490  gn 1.20  38 ms/step
step 12750  loss 1.6374  bpc 2.362  gn 30.52  38 ms/step
step 12800  loss 1.6181  bpc 2.334  gn 3.68  38 ms/step
step 12850  loss 1.6632  bpc 2.399  gn 1.30  38 ms/step
step 12900  loss 1.7450  bpc 2.517  gn 1.49  38 ms/step
step 12950  loss 1.7752  bpc 2.561  gn 1.74  38 ms/step
step 13000  loss 1.8145  bpc 2.618  gn 1.51  38 ms/step
step 13050  loss 1.6585  bpc 2.393  gn 1.90  38 ms/step
step 13100  loss 1.7236  bpc 2.487  gn 2.02  38 ms/step
step 13150  loss 1.7084  bpc 2.465  gn 2.90  38 ms/step
step 13200  loss 1.7447  bpc 2.517  gn 1.56  38 ms/step
step 13250  loss 1.6817  bpc 2.426  gn 1.41  38 ms/step
step 13300  loss 1.7384  bpc 2.508  gn 1.52  38 ms/step
step 13350  loss 1.7657  bpc 2.547  gn 1.50  38 ms/step
step 13400  loss 1.6802  bpc 2.424  gn 1.97  38 ms/step
step 13450  loss 1.6252  bpc 2.345  gn 2.06  38 ms/step
step 13500  loss 1.7638  bpc 2.545  gn 1.74  38 ms/step
step 13550  loss 1.4798  bpc 2.135  gn 1.45  38 ms/step
step 13600  loss 1.6751  bpc 2.417  gn 1.65  38 ms/step
step 13650  loss 1.6212  bpc 2.339  gn 1.34  38 ms/step
step 13700  loss 1.6169  bpc 2.333  gn 1.34  38 ms/step
step 13750  loss 1.6779  bpc 2.421  gn 1.68  38 ms/step
step 13800  loss 1.7674  bpc 2.550  gn 1.88  38 ms/step
step 13850  loss 1.5861  bpc 2.288  gn 1.29  38 ms/step
step 13900  loss 1.7056  bpc 2.461  gn 1.73  38 ms/step
step 13950  loss 1.7284  bpc 2.494  gn 1.69  38 ms/step
step 14000  loss 1.5765  bpc 2.274  gn 1.51  38 ms/step
== eval step 14000: val_bpc 2.4019  ppl 5.285  [0:512) 2.436  [512:2048) 2.461  [2048:4096) 2.349  peak 3796 MB
step 14050  loss 1.6569  bpc 2.390  gn 1.63  38 ms/step
step 14100  loss 1.6520  bpc 2.383  gn 1.43  38 ms/step
step 14150  loss 1.6069  bpc 2.318  gn 2.11  38 ms/step
step 14200  loss 1.6478  bpc 2.377  gn 1.66  38 ms/step
step 14250  loss 1.6419  bpc 2.369  gn 1.56  38 ms/step
step 14300  loss 1.5625  bpc 2.254  gn 1.44  38 ms/step
step 14350  loss 1.6220  bpc 2.340  gn 3.50  38 ms/step
step 14400  loss 1.6974  bpc 2.449  gn 2.57  38 ms/step
step 14450  loss 1.6254  bpc 2.345  gn 2.17  38 ms/step
step 14500  loss 1.6195  bpc 2.336  gn 1.80  38 ms/step
step 14550  loss 1.6058  bpc 2.317  gn 2.32  38 ms/step
step 14600  loss 1.6726  bpc 2.413  gn 2.25  38 ms/step
step 14650  loss 1.6212  bpc 2.339  gn 2.18  38 ms/step
step 14700  loss 1.7020  bpc 2.455  gn 1.85  38 ms/step
step 14750  loss 1.6912  bpc 2.440  gn 2.10  38 ms/step
step 14800  loss 1.6673  bpc 2.405  gn 1.90  38 ms/step
step 14850  loss 1.5824  bpc 2.283  gn 1.53  38 ms/step
step 14900  loss 1.6445  bpc 2.372  gn 1.66  38 ms/step
step 14950  loss 1.6997  bpc 2.452  gn 2.32  38 ms/step
step 15000  loss 1.6138  bpc 2.328  gn 1.96  38 ms/step
step 15050  loss 1.6459  bpc 2.374  gn 1.75  38 ms/step
step 15100  loss 1.6397  bpc 2.366  gn 2.05  38 ms/step
step 15150  loss 1.7326  bpc 2.500  gn 1.96  38 ms/step
step 15200  loss 1.6009  bpc 2.310  gn 1.85  38 ms/step
step 15250  loss 1.6376  bpc 2.363  gn 1.67  38 ms/step
step 15300  loss 1.5610  bpc 2.252  gn 1.80  38 ms/step
step 15350  loss 1.5819  bpc 2.282  gn 2.64  38 ms/step
step 15400  loss 1.6800  bpc 2.424  gn 1.55  38 ms/step
step 15450  loss 1.5691  bpc 2.264  gn 1.52  38 ms/step
step 15500  loss 1.6737  bpc 2.415  gn 2.24  38 ms/step
step 15550  loss 1.6076  bpc 2.319  gn 2.01  38 ms/step
step 15600  loss 1.6051  bpc 2.316  gn 1.87  38 ms/step
step 15650  loss 1.5919  bpc 2.297  gn 26.79  38 ms/step
step 15700  loss 1.4807  bpc 2.136  gn 5.28  38 ms/step
step 15750  loss 1.6012  bpc 2.310  gn 2.21  38 ms/step
step 15800  loss 1.6096  bpc 2.322  gn 2.16  38 ms/step
step 15850  loss 1.6343  bpc 2.358  gn 2.27  38 ms/step
step 15900  loss 1.6387  bpc 2.364  gn 3.04  38 ms/step
step 15950  loss 1.5822  bpc 2.283  gn 3.33  38 ms/step
step 16000  loss 1.6111  bpc 2.324  gn 1.99  38 ms/step
== eval step 16000: val_bpc 2.3524  ppl 5.107  [0:512) 2.401  [512:2048) 2.405  [2048:4096) 2.301  peak 3796 MB
step 16050  loss 1.6480  bpc 2.378  gn 3.90  38 ms/step
step 16100  loss 1.5576  bpc 2.247  gn 5.10  38 ms/step
step 16150  loss 1.5830  bpc 2.284  gn 3.24  38 ms/step
step 16200  loss 1.5366  bpc 2.217  gn 1.62  38 ms/step
step 16250  loss 1.5879  bpc 2.291  gn 2.53  38 ms/step
step 16300  loss 1.5389  bpc 2.220  gn 2.06  38 ms/step
step 16350  loss 1.5858  bpc 2.288  gn 3.42  38 ms/step
step 16400  loss 1.6280  bpc 2.349  gn 3.18  38 ms/step
step 16450  loss 1.6696  bpc 2.409  gn 4.59  38 ms/step
step 16500  loss 1.6558  bpc 2.389  gn 1.70  38 ms/step
step 16550  loss 1.3816  bpc 1.993  gn 2.01  38 ms/step
step 16600  loss 1.5729  bpc 2.269  gn 3.32  38 ms/step
step 16650  loss 1.5978  bpc 2.305  gn 2.40  38 ms/step
step 16700  loss 1.5870  bpc 2.290  gn 3.40  38 ms/step
step 16750  loss 1.6519  bpc 2.383  gn 2.33  38 ms/step
step 16800  loss 1.5824  bpc 2.283  gn 7.76  38 ms/step
step 16850  loss 1.6677  bpc 2.406  gn 2.37  38 ms/step
step 16900  loss 1.5229  bpc 2.197  gn 3.32  38 ms/step
step 16950  loss 1.6772  bpc 2.420  gn 1.81  38 ms/step
step 17000  loss nan  bpc nan  gn nan  38 ms/step
step 17050  loss nan  bpc nan  gn nan  37 ms/step
step 17100  loss nan  bpc nan  gn nan  37 ms/step
step 17150  loss nan  bpc nan  gn nan  37 ms/step
step 17200  loss 1.5987  bpc 2.306  gn 2.54  38 ms/step
step 17250  loss nan  bpc nan  gn nan  38 ms/step
step 17300  loss nan  bpc nan  gn nan  38 ms/step
step 17350  loss 1.6431  bpc 2.371  gn 2.78  38 ms/step
step 17400  loss 1.6110  bpc 2.324  gn 3.37  38 ms/step
step 17450  loss 1.5410  bpc 2.223  gn 3.31  38 ms/step
step 17500  loss 1.5696  bpc 2.264  gn 1.77  38 ms/step
step 17550  loss 1.6869  bpc 2.434  gn 3.03  38 ms/step
step 17600  loss 1.5508  bpc 2.237  gn 2.35  38 ms/step
step 17650  loss 1.5874  bpc 2.290  gn 3.03  38 ms/step
step 17700  loss 1.5998  bpc 2.308  gn 7.86  38 ms/step
step 17750  loss 1.5645  bpc 2.257  gn 1.97  38 ms/step
step 17800  loss nan  bpc nan  gn nan  38 ms/step
step 17850  loss 1.6308  bpc 2.353  gn 4.12  38 ms/step
step 17900  loss 1.6423  bpc 2.369  gn 2.93  38 ms/step
step 17950  loss 1.5247  bpc 2.200  gn 2.83  38 ms/step
step 18000  loss 1.6823  bpc 2.427  gn 5.53  38 ms/step
== eval step 18000: val_bpc 2.3239  ppl 5.007  [0:512) 2.389  [512:2048) 2.369  [2048:4096) 2.274  peak 3796 MB
step 18050  loss 1.5730  bpc 2.269  gn 1.96  38 ms/step
step 18100  loss 1.4907  bpc 2.151  gn 2.26  38 ms/step
step 18150  loss 1.5065  bpc 2.173  gn 3.90  38 ms/step
step 18200  loss 1.6635  bpc 2.400  gn 3.64  38 ms/step
step 18250  loss 1.6629  bpc 2.399  gn 2.04  38 ms/step
step 18300  loss 1.6416  bpc 2.368  gn 2.33  38 ms/step
step 18350  loss 1.5956  bpc 2.302  gn 3.46  38 ms/step
step 18400  loss 1.5672  bpc 2.261  gn 9.70  38 ms/step
step 18450  loss 1.4836  bpc 2.140  gn 1.86  38 ms/step
step 18500  loss 1.6425  bpc 2.370  gn 2.56  38 ms/step
step 18550  loss 1.5357  bpc 2.216  gn 7.92  38 ms/step
step 18600  loss 1.5775  bpc 2.276  gn 3.90  38 ms/step
step 18650  loss 1.5703  bpc 2.266  gn 3.59  38 ms/step
step 18700  loss 1.6310  bpc 2.353  gn 2.48  38 ms/step
step 18750  loss 1.6027  bpc 2.312  gn 2.70  38 ms/step
step 18800  loss 1.5810  bpc 2.281  gn 19.84  38 ms/step
step 18850  loss 1.6842  bpc 2.430  gn 2.03  38 ms/step
step 18900  loss 1.2912  bpc 1.863  gn 2.17  38 ms/step
step 18950  loss 1.4887  bpc 2.148  gn 5.52  38 ms/step
step 19000  loss 1.5376  bpc 2.218  gn 2.20  38 ms/step
step 19050  loss 1.6583  bpc 2.392  gn 4.05  38 ms/step
step 19100  loss 1.5660  bpc 2.259  gn 2.93  38 ms/step
step 19150  loss 1.6059  bpc 2.317  gn 2.73  38 ms/step
step 19200  loss 1.5199  bpc 2.193  gn 9.06  38 ms/step
step 19250  loss 1.6241  bpc 2.343  gn 1.91  38 ms/step
step 19300  loss 1.5885  bpc 2.292  gn 2.37  38 ms/step
step 19350  loss 1.6604  bpc 2.395  gn 2.33  38 ms/step
step 19400  loss 1.6393  bpc 2.365  gn 3.50  38 ms/step
step 19450  loss 1.5470  bpc 2.232  gn 3.41  38 ms/step
step 19500  loss 1.5346  bpc 2.214  gn 2.66  38 ms/step
step 19550  loss 1.5858  bpc 2.288  gn 2.19  38 ms/step
step 19600  loss 1.6162  bpc 2.332  gn 3.69  38 ms/step
step 19650  loss 1.5577  bpc 2.247  gn 2.08  38 ms/step
step 19700  loss 1.5144  bpc 2.185  gn 3.74  38 ms/step
step 19750  loss 1.5348  bpc 2.214  gn 2.74  38 ms/step
step 19800  loss 1.5218  bpc 2.196  gn 4.33  38 ms/step
step 19850  loss 1.5058  bpc 2.172  gn 2.04  38 ms/step
step 19900  loss 1.5563  bpc 2.245  gn 5.41  38 ms/step
step 19950  loss 1.5534  bpc 2.241  gn 3.51  38 ms/step
step 20000  loss 1.5540  bpc 2.242  gn 3.23  38 ms/step
== eval step 20000: val_bpc 2.3163  ppl 4.981  [0:512) 2.368  [512:2048) 2.363  [2048:4096) 2.268  peak 3796 MB
done: {"run": "smat_d3", "arm": "smat", "d": 3, "step": 20000, "train_loss": 1.5540187358856201, "train_loss_med200": 1.5836437940597534, "val_bpc": 2.3162915311284435, "val_ppl": 4.980503269965662, "val_bpc_0_512": 2.367822987733357, "val_bpc_512_2048": 2.3630920434170566, "val_bpc_2048_4096": 2.268308282760756, "grad_norm": 3.2266626358032227, "nonfinite_steps": 289, "ms_per_step": 38.087761640548706, "peak_MB": 3795.8466796875, "params": 4335104, "elapsed_s": 767.8703684806824, "mask_nnz": 4518991, "mask_density": 0.26935285329818726, "mask_n": 2048, "mask_q": 13, "mask_B": 182}
done: Thu Sep  3 04:13:07 PM CDT 2026
