PyTorch 2.11.0 for DeltaAI (CUDA 13.0, Python 3.12)
Includes: transformers, accelerate, datasets, peft, lightning,
          timm, bitsandbytes, diffusers, mpi4py, tensorboard,
          wandb, jupyter, scipy, scikit-learn, opencv, nvitop
New in this build (sm_90 source builds):
  flash-attn, transformer_engine, xformers, apex, mamba-ssm,
  triton, torch-geometric, cupy-cuda13x, tensorrt, flashinfer
Known: transformer_engine and cupy currently fail at import due to
  a cu13 libcublasLt / cython ABI mismatch on this stack — use the
  other attention paths (flash-attn, xformers) and stock torch CUDA
  until an upstream fix lands.

For documentation and examples:
  https://docs.ncsa.illinois.edu/systems/deltaai/

Run setup-kernel prior to launching OOD job.

Quick start (on a compute node):
  module load python/miniforge3_pytorch/2.11.0
  conda activate base
  python -c "import torch; print(torch.cuda.is_available())"

CUDA extensions: CUDA_HOME, nvcc, and CMAKE_PREFIX_PATH come from the
auto-loaded cuda/13.1.1 module.

A conda environment has been detected
CONDA_PREFIX=/sw/user/python/miniforge3-pytorch-2.5.0 
Consider running 'conda deactivate' before loading this module.
CUDA Toolkit 13.1.1 loaded
Includes GPUDirect Storage (GDS) libraries
Requires NVIDIA driver 590+
Using gcc-native/14 (default in Cray PE 25.09)
host: gh101.hsn.cm.delta.internal.ncsa.edu   started: Thu Sep  3 04:13:24 PM CDT 2026
name, memory.total [MiB], driver_version
NVIDIA GH200 120GB, 97871 MiB, 595.71.05
torch 2.11.0+cu130 cuda True
triton 3.5.1

==== arm: --arm softmax   Thu Sep  3 04:13:27 PM CDT 2026 ====
{
 "run": "softmax_qkn",
 "arm": "softmax",
 "d": 1,
 "T": 4096,
 "layers": 4,
 "d_model": 256,
 "heads": 4,
 "r": 64,
 "learn_phi": true,
 "qk_norm": true,
 "chunk": 128,
 "steps": 20000,
 "nb": 8,
 "lr": 0.0003,
 "warmup": 500,
 "wd": 0.1,
 "clip": 1.0,
 "eval_every": 2000,
 "val_windows": 256,
 "eval_nb": 8,
 "data": "/u/archerdw/smat_attention/deltaai/data/enwik8",
 "out": "results/lm_T4096_20k_qkn_lphi.csv",
 "device": "cuda",
 "no_amp": false,
 "seed": 0
}
mask: {'mask_nnz': 8390656, 'mask_density': 0.5001220703125}
params: 4,336,128
step    50  loss 4.4038  bpc 6.353  gn 2.59  19 ms/step
step   100  loss 3.6632  bpc 5.285  gn 1.69  14 ms/step
step   150  loss 3.1264  bpc 4.510  gn 0.90  14 ms/step
step   200  loss 2.8264  bpc 4.078  gn 0.60  14 ms/step
step   250  loss 2.7256  bpc 3.932  gn 1.22  14 ms/step
step   300  loss 2.6360  bpc 3.803  gn 0.91  14 ms/step
step   350  loss 2.5883  bpc 3.734  gn 0.67  14 ms/step
step   400  loss 2.7130  bpc 3.914  gn 0.55  14 ms/step
step   450  loss 2.6507  bpc 3.824  gn 0.66  14 ms/step
step   500  loss 2.6515  bpc 3.825  gn 0.88  14 ms/step
step   550  loss 2.5977  bpc 3.748  gn 0.52  14 ms/step
step   600  loss 2.6309  bpc 3.796  gn 0.58  14 ms/step
step   650  loss 2.6206  bpc 3.781  gn 0.72  14 ms/step
step   700  loss 2.6271  bpc 3.790  gn 0.81  14 ms/step
step   750  loss 2.5614  bpc 3.695  gn 0.56  14 ms/step
step   800  loss 2.5464  bpc 3.674  gn 0.49  14 ms/step
step   850  loss 2.5427  bpc 3.668  gn 0.57  14 ms/step
step   900  loss 2.4858  bpc 3.586  gn 0.80  14 ms/step
step   950  loss 2.4970  bpc 3.602  gn 0.69  14 ms/step
step  1000  loss 2.4248  bpc 3.498  gn 0.76  14 ms/step
step  1050  loss 2.4843  bpc 3.584  gn 1.10  14 ms/step
step  1100  loss 2.5053  bpc 3.614  gn 0.70  14 ms/step
step  1150  loss 2.4610  bpc 3.550  gn 1.01  14 ms/step
step  1200  loss 2.4399  bpc 3.520  gn 0.63  14 ms/step
step  1250  loss 2.5032  bpc 3.611  gn 0.61  14 ms/step
step  1300  loss 2.4123  bpc 3.480  gn 0.93  14 ms/step
step  1350  loss 2.4531  bpc 3.539  gn 0.66  14 ms/step
step  1400  loss 2.4336  bpc 3.511  gn 0.57  14 ms/step
step  1450  loss 2.4137  bpc 3.482  gn 0.47  14 ms/step
step  1500  loss 2.4054  bpc 3.470  gn 0.59  14 ms/step
step  1550  loss 2.4422  bpc 3.523  gn 0.61  14 ms/step
step  1600  loss 2.3637  bpc 3.410  gn 0.60  14 ms/step
step  1650  loss 2.2759  bpc 3.283  gn 2.45  14 ms/step
step  1700  loss 2.3463  bpc 3.385  gn 0.70  14 ms/step
step  1750  loss 2.4159  bpc 3.485  gn 0.79  14 ms/step
step  1800  loss 2.3710  bpc 3.421  gn 0.92  14 ms/step
step  1850  loss 2.2863  bpc 3.298  gn 0.71  14 ms/step
step  1900  loss 2.2464  bpc 3.241  gn 2.09  16 ms/step
step  1950  loss 2.1779  bpc 3.142  gn 0.99  14 ms/step
step  2000  loss 2.1644  bpc 3.123  gn 1.27  14 ms/step
== eval step 2000: val_bpc 3.1742  ppl 9.027  [0:512) 3.172  [512:2048) 3.180  [2048:4096) 3.171  peak 1862 MB
step  2050  loss 2.1008  bpc 3.031  gn 1.28  14 ms/step
step  2100  loss 2.1669  bpc 3.126  gn 1.29  14 ms/step
step  2150  loss 2.1204  bpc 3.059  gn 1.44  14 ms/step
step  2200  loss 2.0964  bpc 3.024  gn 1.18  14 ms/step
step  2250  loss 1.9927  bpc 2.875  gn 2.07  14 ms/step
step  2300  loss 1.8344  bpc 2.646  gn 1.57  14 ms/step
step  2350  loss 1.8947  bpc 2.733  gn 1.27  14 ms/step
step  2400  loss 1.9309  bpc 2.786  gn 1.35  14 ms/step
step  2450  loss 1.9098  bpc 2.755  gn 1.49  14 ms/step
step  2500  loss 1.8294  bpc 2.639  gn 1.25  14 ms/step
step  2550  loss 1.8237  bpc 2.631  gn 1.38  14 ms/step
step  2600  loss 1.9793  bpc 2.855  gn 1.16  14 ms/step
step  2650  loss 1.7446  bpc 2.517  gn 1.21  14 ms/step
step  2700  loss 1.6838  bpc 2.429  gn 1.13  14 ms/step
step  2750  loss 1.8741  bpc 2.704  gn 1.29  14 ms/step
step  2800  loss 1.8575  bpc 2.680  gn 1.42  14 ms/step
step  2850  loss 1.7170  bpc 2.477  gn 1.26  14 ms/step
step  2900  loss 1.7308  bpc 2.497  gn 1.50  14 ms/step
step  2950  loss 1.6334  bpc 2.356  gn 1.31  14 ms/step
step  3000  loss 1.8168  bpc 2.621  gn 1.29  14 ms/step
step  3050  loss 1.6187  bpc 2.335  gn 1.55  14 ms/step
step  3100  loss 1.5876  bpc 2.290  gn 1.54  14 ms/step
step  3150  loss 1.5378  bpc 2.219  gn 1.85  14 ms/step
step  3200  loss 1.5535  bpc 2.241  gn 1.50  14 ms/step
step  3250  loss 1.4540  bpc 2.098  gn 1.37  14 ms/step
step  3300  loss 1.4106  bpc 2.035  gn 1.36  14 ms/step
step  3350  loss 1.3170  bpc 1.900  gn 1.63  14 ms/step
step  3400  loss 1.4695  bpc 2.120  gn 1.11  14 ms/step
step  3450  loss 1.3713  bpc 1.978  gn 1.21  14 ms/step
step  3500  loss 1.3588  bpc 1.960  gn 1.40  14 ms/step
step  3550  loss 1.3758  bpc 1.985  gn 1.27  14 ms/step
step  3600  loss 1.3742  bpc 1.983  gn 1.26  14 ms/step
step  3650  loss 1.4248  bpc 2.056  gn 1.15  14 ms/step
step  3700  loss 1.4235  bpc 2.054  gn 1.11  14 ms/step
step  3750  loss 1.2461  bpc 1.798  gn 1.04  14 ms/step
step  3800  loss 1.3588  bpc 1.960  gn 1.22  14 ms/step
step  3850  loss 1.2833  bpc 1.851  gn 0.98  14 ms/step
step  3900  loss 1.3566  bpc 1.957  gn 1.11  14 ms/step
step  3950  loss 1.4062  bpc 2.029  gn 1.10  14 ms/step
step  4000  loss 1.3069  bpc 1.885  gn 0.93  14 ms/step
== eval step 4000: val_bpc 1.9289  ppl 3.808  [0:512) 2.064  [512:2048) 1.917  [2048:4096) 1.904  peak 1862 MB
step  4050  loss 1.3370  bpc 1.929  gn 1.12  14 ms/step
step  4100  loss 1.3040  bpc 1.881  gn 1.07  14 ms/step
step  4150  loss 1.2314  bpc 1.777  gn 0.99  14 ms/step
step  4200  loss 1.3572  bpc 1.958  gn 0.92  14 ms/step
step  4250  loss 1.3596  bpc 1.961  gn 1.00  14 ms/step
step  4300  loss 1.2679  bpc 1.829  gn 0.93  14 ms/step
step  4350  loss 1.2604  bpc 1.818  gn 0.94  14 ms/step
step  4400  loss 1.3042  bpc 1.882  gn 0.97  14 ms/step
step  4450  loss 1.3440  bpc 1.939  gn 1.00  14 ms/step
step  4500  loss 1.2201  bpc 1.760  gn 0.85  14 ms/step
step  4550  loss 1.2556  bpc 1.811  gn 0.87  14 ms/step
step  4600  loss 1.1909  bpc 1.718  gn 0.82  14 ms/step
step  4650  loss 1.1632  bpc 1.678  gn 0.92  14 ms/step
step  4700  loss 1.2512  bpc 1.805  gn 0.85  14 ms/step
step  4750  loss 1.1259  bpc 1.624  gn 0.97  14 ms/step
step  4800  loss 1.2170  bpc 1.756  gn 0.94  14 ms/step
step  4850  loss 1.3252  bpc 1.912  gn 0.85  14 ms/step
step  4900  loss 1.3126  bpc 1.894  gn 0.87  14 ms/step
step  4950  loss 1.2196  bpc 1.760  gn 0.82  14 ms/step
step  5000  loss 1.1831  bpc 1.707  gn 0.91  14 ms/step
step  5050  loss 1.1584  bpc 1.671  gn 0.80  14 ms/step
step  5100  loss 1.2360  bpc 1.783  gn 0.83  14 ms/step
step  5150  loss 1.1990  bpc 1.730  gn 0.91  14 ms/step
step  5200  loss 1.2222  bpc 1.763  gn 0.83  14 ms/step
step  5250  loss 1.1509  bpc 1.660  gn 0.90  14 ms/step
step  5300  loss 1.1153  bpc 1.609  gn 0.84  14 ms/step
step  5350  loss 1.1612  bpc 1.675  gn 0.82  14 ms/step
step  5400  loss 1.1318  bpc 1.633  gn 0.77  14 ms/step
step  5450  loss 1.2259  bpc 1.769  gn 0.85  14 ms/step
step  5500  loss 1.2783  bpc 1.844  gn 0.81  14 ms/step
step  5550  loss 1.2458  bpc 1.797  gn 0.76  14 ms/step
step  5600  loss 1.1908  bpc 1.718  gn 0.88  14 ms/step
step  5650  loss 1.2573  bpc 1.814  gn 0.80  14 ms/step
step  5700  loss 1.1329  bpc 1.634  gn 0.96  14 ms/step
step  5750  loss 1.2494  bpc 1.802  gn 0.82  14 ms/step
step  5800  loss 1.2188  bpc 1.758  gn 0.83  14 ms/step
step  5850  loss 1.1925  bpc 1.720  gn 0.85  14 ms/step
step  5900  loss 1.1317  bpc 1.633  gn 0.74  14 ms/step
step  5950  loss 1.2250  bpc 1.767  gn 0.79  14 ms/step
step  6000  loss 1.2405  bpc 1.790  gn 0.77  14 ms/step
== eval step 6000: val_bpc 1.7412  ppl 3.343  [0:512) 1.874  [512:2048) 1.729  [2048:4096) 1.717  peak 1862 MB
step  6050  loss 1.1668  bpc 1.683  gn 0.77  14 ms/step
step  6100  loss 1.2395  bpc 1.788  gn 0.91  14 ms/step
step  6150  loss 1.2876  bpc 1.858  gn 0.81  14 ms/step
step  6200  loss 1.2635  bpc 1.823  gn 0.78  14 ms/step
step  6250  loss 1.0875  bpc 1.569  gn 0.85  14 ms/step
step  6300  loss 1.1260  bpc 1.625  gn 0.76  14 ms/step
step  6350  loss 1.1707  bpc 1.689  gn 0.73  14 ms/step
step  6400  loss 1.2310  bpc 1.776  gn 0.75  14 ms/step
step  6450  loss 1.1686  bpc 1.686  gn 0.82  14 ms/step
step  6500  loss 1.1047  bpc 1.594  gn 0.70  14 ms/step
step  6550  loss 1.1860  bpc 1.711  gn 0.81  14 ms/step
step  6600  loss 1.2102  bpc 1.746  gn 0.72  14 ms/step
step  6650  loss 1.2090  bpc 1.744  gn 0.87  14 ms/step
step  6700  loss 1.2217  bpc 1.762  gn 0.75  14 ms/step
step  6750  loss 1.1838  bpc 1.708  gn 0.86  14 ms/step
step  6800  loss 1.0875  bpc 1.569  gn 0.67  14 ms/step
step  6850  loss 1.1745  bpc 1.694  gn 0.77  14 ms/step
step  6900  loss 1.0931  bpc 1.577  gn 0.77  14 ms/step
step  6950  loss 1.1432  bpc 1.649  gn 0.84  14 ms/step
step  7000  loss 1.2139  bpc 1.751  gn 0.78  14 ms/step
step  7050  loss 1.1920  bpc 1.720  gn 0.78  14 ms/step
step  7100  loss 1.1905  bpc 1.718  gn 0.76  14 ms/step
step  7150  loss 1.1960  bpc 1.725  gn 0.71  14 ms/step
step  7200  loss 1.1708  bpc 1.689  gn 0.84  14 ms/step
step  7250  loss 1.0568  bpc 1.525  gn 0.87  14 ms/step
step  7300  loss 1.1405  bpc 1.645  gn 0.76  14 ms/step
step  7350  loss 1.1742  bpc 1.694  gn 0.74  14 ms/step
step  7400  loss 1.1954  bpc 1.725  gn 0.76  14 ms/step
step  7450  loss 1.1416  bpc 1.647  gn 0.80  14 ms/step
step  7500  loss 1.1250  bpc 1.623  gn 0.66  14 ms/step
step  7550  loss 1.1857  bpc 1.711  gn 0.75  14 ms/step
step  7600  loss 1.1313  bpc 1.632  gn 0.85  14 ms/step
step  7650  loss 1.1481  bpc 1.656  gn 0.75  14 ms/step
step  7700  loss 1.1312  bpc 1.632  gn 0.72  14 ms/step
step  7750  loss 0.9814  bpc 1.416  gn 0.67  14 ms/step
step  7800  loss 1.0878  bpc 1.569  gn 0.68  14 ms/step
step  7850  loss 1.2323  bpc 1.778  gn 0.90  14 ms/step
step  7900  loss 1.0660  bpc 1.538  gn 0.69  14 ms/step
step  7950  loss 1.1489  bpc 1.658  gn 0.73  14 ms/step
step  8000  loss 1.1426  bpc 1.648  gn 0.74  14 ms/step
== eval step 8000: val_bpc 1.6637  ppl 3.168  [0:512) 1.792  [512:2048) 1.650  [2048:4096) 1.642  peak 1862 MB
step  8050  loss 1.0427  bpc 1.504  gn 0.79  14 ms/step
step  8100  loss 1.1742  bpc 1.694  gn 0.70  14 ms/step
step  8150  loss 1.1428  bpc 1.649  gn 0.96  14 ms/step
step  8200  loss 1.1235  bpc 1.621  gn 0.76  14 ms/step
step  8250  loss 1.2439  bpc 1.795  gn 0.74  14 ms/step
step  8300  loss 1.0871  bpc 1.568  gn 0.73  14 ms/step
step  8350  loss 0.9192  bpc 1.326  gn 0.72  14 ms/step
step  8400  loss 1.1056  bpc 1.595  gn 0.78  14 ms/step
step  8450  loss 1.1589  bpc 1.672  gn 0.73  14 ms/step
step  8500  loss 1.0395  bpc 1.500  gn 0.73  14 ms/step
step  8550  loss 1.1215  bpc 1.618  gn 0.79  14 ms/step
step  8600  loss 1.1412  bpc 1.646  gn 0.75  14 ms/step
step  8650  loss 1.1453  bpc 1.652  gn 0.69  14 ms/step
step  8700  loss 1.0924  bpc 1.576  gn 0.68  14 ms/step
step  8750  loss 1.0755  bpc 1.552  gn 0.71  14 ms/step
step  8800  loss 0.9848  bpc 1.421  gn 0.76  14 ms/step
step  8850  loss 1.1772  bpc 1.698  gn 0.74  14 ms/step
step  8900  loss 1.1815  bpc 1.705  gn 0.72  14 ms/step
step  8950  loss 1.1102  bpc 1.602  gn 0.71  14 ms/step
step  9000  loss 1.0950  bpc 1.580  gn 0.76  14 ms/step
step  9050  loss 1.2188  bpc 1.758  gn 0.88  14 ms/step
step  9100  loss 1.1830  bpc 1.707  gn 0.72  14 ms/step
step  9150  loss 1.0753  bpc 1.551  gn 0.73  14 ms/step
step  9200  loss 1.1079  bpc 1.598  gn 0.71  14 ms/step
step  9250  loss 1.1209  bpc 1.617  gn 0.67  14 ms/step
step  9300  loss 1.1473  bpc 1.655  gn 0.84  14 ms/step
step  9350  loss 1.1269  bpc 1.626  gn 0.73  14 ms/step
step  9400  loss 1.1163  bpc 1.610  gn 0.70  14 ms/step
step  9450  loss 1.0793  bpc 1.557  gn 0.72  14 ms/step
step  9500  loss 1.1392  bpc 1.644  gn 0.78  14 ms/step
step  9550  loss 1.1341  bpc 1.636  gn 0.76  14 ms/step
step  9600  loss 1.1287  bpc 1.628  gn 0.71  14 ms/step
step  9650  loss 1.0659  bpc 1.538  gn 0.75  14 ms/step
step  9700  loss 1.0740  bpc 1.549  gn 0.74  14 ms/step
step  9750  loss 1.0085  bpc 1.455  gn 0.73  14 ms/step
step  9800  loss 1.1494  bpc 1.658  gn 0.81  14 ms/step
step  9850  loss 1.0326  bpc 1.490  gn 0.72  14 ms/step
step  9900  loss 1.0963  bpc 1.582  gn 0.66  14 ms/step
step  9950  loss 1.0487  bpc 1.513  gn 0.78  14 ms/step
step 10000  loss 0.9819  bpc 1.417  gn 0.65  14 ms/step
== eval step 10000: val_bpc 1.6168  ppl 3.067  [0:512) 1.743  [512:2048) 1.603  [2048:4096) 1.596  peak 1862 MB
step 10050  loss 1.1289  bpc 1.629  gn 0.70  14 ms/step
step 10100  loss 1.1795  bpc 1.702  gn 0.69  14 ms/step
step 10150  loss 1.0189  bpc 1.470  gn 0.74  14 ms/step
step 10200  loss 1.1773  bpc 1.698  gn 0.74  14 ms/step
step 10250  loss 0.9470  bpc 1.366  gn 0.74  14 ms/step
step 10300  loss 1.1157  bpc 1.610  gn 0.70  14 ms/step
step 10350  loss 1.0615  bpc 1.531  gn 0.66  14 ms/step
step 10400  loss 1.0921  bpc 1.576  gn 0.70  14 ms/step
step 10450  loss 1.1315  bpc 1.632  gn 0.76  14 ms/step
step 10500  loss 1.0283  bpc 1.484  gn 0.73  14 ms/step
step 10550  loss 1.1376  bpc 1.641  gn 0.73  14 ms/step
step 10600  loss 0.9539  bpc 1.376  gn 0.73  14 ms/step
step 10650  loss 1.0312  bpc 1.488  gn 0.68  14 ms/step
step 10700  loss 1.1043  bpc 1.593  gn 0.75  14 ms/step
step 10750  loss 1.0727  bpc 1.548  gn 0.69  14 ms/step
step 10800  loss 1.0711  bpc 1.545  gn 0.76  14 ms/step
step 10850  loss 1.1415  bpc 1.647  gn 0.72  14 ms/step
step 10900  loss 1.1150  bpc 1.609  gn 0.77  14 ms/step
step 10950  loss 1.0901  bpc 1.573  gn 0.76  14 ms/step
step 11000  loss 1.0408  bpc 1.502  gn 0.71  14 ms/step
step 11050  loss 1.0386  bpc 1.498  gn 0.70  14 ms/step
step 11100  loss 1.0393  bpc 1.499  gn 0.76  14 ms/step
step 11150  loss 1.0996  bpc 1.586  gn 0.77  14 ms/step
step 11200  loss 1.1411  bpc 1.646  gn 0.74  14 ms/step
step 11250  loss 1.0835  bpc 1.563  gn 0.75  14 ms/step
step 11300  loss 1.0662  bpc 1.538  gn 0.71  14 ms/step
step 11350  loss 0.9854  bpc 1.422  gn 0.67  14 ms/step
step 11400  loss 1.1814  bpc 1.704  gn 0.75  14 ms/step
step 11450  loss 1.1027  bpc 1.591  gn 0.67  14 ms/step
step 11500  loss 1.0222  bpc 1.475  gn 0.69  14 ms/step
step 11550  loss 1.0665  bpc 1.539  gn 0.68  14 ms/step
step 11600  loss 1.0127  bpc 1.461  gn 0.67  14 ms/step
step 11650  loss 1.0127  bpc 1.461  gn 0.78  14 ms/step
step 11700  loss 1.1573  bpc 1.670  gn 0.69  14 ms/step
step 11750  loss 1.1263  bpc 1.625  gn 0.68  14 ms/step
step 11800  loss 1.0738  bpc 1.549  gn 0.70  14 ms/step
step 11850  loss 1.1004  bpc 1.588  gn 0.83  14 ms/step
step 11900  loss 1.0978  bpc 1.584  gn 0.74  14 ms/step
step 11950  loss 1.0504  bpc 1.515  gn 0.69  14 ms/step
step 12000  loss 1.1254  bpc 1.624  gn 0.73  14 ms/step
== eval step 12000: val_bpc 1.5830  ppl 2.996  [0:512) 1.709  [512:2048) 1.570  [2048:4096) 1.561  peak 1862 MB
step 12050  loss 0.9893  bpc 1.427  gn 0.69  14 ms/step
step 12100  loss 1.0564  bpc 1.524  gn 0.67  14 ms/step
step 12150  loss 1.0923  bpc 1.576  gn 0.76  14 ms/step
step 12200  loss 1.0683  bpc 1.541  gn 0.73  14 ms/step
step 12250  loss 1.0384  bpc 1.498  gn 0.73  14 ms/step
step 12300  loss 0.9908  bpc 1.429  gn 0.71  14 ms/step
step 12350  loss 1.0388  bpc 1.499  gn 0.76  14 ms/step
step 12400  loss 0.9435  bpc 1.361  gn 0.73  14 ms/step
step 12450  loss 1.0772  bpc 1.554  gn 0.69  14 ms/step
step 12500  loss 1.0149  bpc 1.464  gn 0.70  14 ms/step
step 12550  loss 1.0798  bpc 1.558  gn 0.73  14 ms/step
step 12600  loss 1.0797  bpc 1.558  gn 0.77  14 ms/step
step 12650  loss 1.0440  bpc 1.506  gn 0.72  14 ms/step
step 12700  loss 1.0765  bpc 1.553  gn 0.73  14 ms/step
step 12750  loss 0.9856  bpc 1.422  gn 0.67  14 ms/step
step 12800  loss 0.9921  bpc 1.431  gn 0.65  14 ms/step
step 12850  loss 1.0377  bpc 1.497  gn 0.79  14 ms/step
step 12900  loss 1.0931  bpc 1.577  gn 0.70  14 ms/step
step 12950  loss 1.0809  bpc 1.559  gn 0.78  14 ms/step
step 13000  loss 1.1573  bpc 1.670  gn 0.76  14 ms/step
step 13050  loss 1.0651  bpc 1.537  gn 0.71  14 ms/step
step 13100  loss 1.0958  bpc 1.581  gn 0.67  14 ms/step
step 13150  loss 1.0063  bpc 1.452  gn 0.70  14 ms/step
step 13200  loss 1.0637  bpc 1.535  gn 0.74  14 ms/step
step 13250  loss 1.0725  bpc 1.547  gn 0.74  14 ms/step
step 13300  loss 1.0529  bpc 1.519  gn 0.75  14 ms/step
step 13350  loss 1.1110  bpc 1.603  gn 0.77  14 ms/step
step 13400  loss 0.9626  bpc 1.389  gn 0.93  14 ms/step
step 13450  loss 0.9948  bpc 1.435  gn 0.68  14 ms/step
step 13500  loss 1.1268  bpc 1.626  gn 0.80  14 ms/step
step 13550  loss 0.9194  bpc 1.326  gn 0.65  14 ms/step
step 13600  loss 1.0281  bpc 1.483  gn 0.72  14 ms/step
step 13650  loss 1.0429  bpc 1.505  gn 0.68  14 ms/step
step 13700  loss 1.0382  bpc 1.498  gn 0.70  14 ms/step
step 13750  loss 1.0796  bpc 1.558  gn 0.77  14 ms/step
step 13800  loss 1.1259  bpc 1.624  gn 0.77  14 ms/step
step 13850  loss 0.9892  bpc 1.427  gn 0.69  14 ms/step
step 13900  loss 1.0940  bpc 1.578  gn 0.73  14 ms/step
step 13950  loss 1.0816  bpc 1.560  gn 0.84  14 ms/step
step 14000  loss 1.0067  bpc 1.452  gn 0.74  14 ms/step
== eval step 14000: val_bpc 1.5597  ppl 2.948  [0:512) 1.685  [512:2048) 1.546  [2048:4096) 1.539  peak 1862 MB
step 14050  loss 1.0747  bpc 1.550  gn 0.71  14 ms/step
step 14100  loss 1.0842  bpc 1.564  gn 0.68  14 ms/step
step 14150  loss 1.0125  bpc 1.461  gn 0.68  14 ms/step
step 14200  loss 1.0561  bpc 1.524  gn 0.77  14 ms/step
step 14250  loss 1.0606  bpc 1.530  gn 0.81  14 ms/step
step 14300  loss 1.0002  bpc 1.443  gn 0.70  14 ms/step
step 14350  loss 1.0180  bpc 1.469  gn 0.79  14 ms/step
step 14400  loss 0.9797  bpc 1.413  gn 0.74  14 ms/step
step 14450  loss 1.0423  bpc 1.504  gn 0.73  14 ms/step
step 14500  loss 1.0110  bpc 1.459  gn 0.74  14 ms/step
step 14550  loss 1.0000  bpc 1.443  gn 0.74  14 ms/step
step 14600  loss 1.0706  bpc 1.544  gn 0.76  14 ms/step
step 14650  loss 1.0082  bpc 1.454  gn 0.72  14 ms/step
step 14700  loss 1.0826  bpc 1.562  gn 0.70  14 ms/step
step 14750  loss 1.0773  bpc 1.554  gn 0.71  14 ms/step
step 14800  loss 1.0942  bpc 1.579  gn 0.71  14 ms/step
step 14850  loss 1.0268  bpc 1.481  gn 0.72  14 ms/step
step 14900  loss 1.0143  bpc 1.463  gn 0.77  14 ms/step
step 14950  loss 1.0622  bpc 1.532  gn 0.76  14 ms/step
step 15000  loss 1.0801  bpc 1.558  gn 0.71  14 ms/step
step 15050  loss 1.0810  bpc 1.560  gn 0.71  14 ms/step
step 15100  loss 1.0447  bpc 1.507  gn 0.74  14 ms/step
step 15150  loss 1.1434  bpc 1.650  gn 0.73  14 ms/step
step 15200  loss 1.0125  bpc 1.461  gn 0.69  14 ms/step
step 15250  loss 1.0655  bpc 1.537  gn 0.72  14 ms/step
step 15300  loss 1.0052  bpc 1.450  gn 0.71  14 ms/step
step 15350  loss 1.0107  bpc 1.458  gn 0.69  14 ms/step
step 15400  loss 1.0863  bpc 1.567  gn 0.69  14 ms/step
step 15450  loss 1.0520  bpc 1.518  gn 0.69  14 ms/step
step 15500  loss 1.0663  bpc 1.538  gn 0.75  14 ms/step
step 15550  loss 1.0339  bpc 1.492  gn 0.72  14 ms/step
step 15600  loss 1.0373  bpc 1.497  gn 0.74  14 ms/step
step 15650  loss 0.9832  bpc 1.418  gn 0.72  14 ms/step
step 15700  loss 0.9817  bpc 1.416  gn 0.71  14 ms/step
step 15750  loss 1.0217  bpc 1.474  gn 0.67  14 ms/step
step 15800  loss 1.0454  bpc 1.508  gn 0.70  14 ms/step
step 15850  loss 1.0893  bpc 1.571  gn 0.75  14 ms/step
step 15900  loss 0.9633  bpc 1.390  gn 0.70  14 ms/step
step 15950  loss 1.0474  bpc 1.511  gn 0.70  14 ms/step
step 16000  loss 1.0568  bpc 1.525  gn 0.75  14 ms/step
== eval step 16000: val_bpc 1.5420  ppl 2.912  [0:512) 1.666  [512:2048) 1.528  [2048:4096) 1.521  peak 1862 MB
step 16050  loss 1.0790  bpc 1.557  gn 0.72  14 ms/step
step 16100  loss 1.0244  bpc 1.478  gn 0.79  14 ms/step
step 16150  loss 0.9991  bpc 1.441  gn 0.76  14 ms/step
step 16200  loss 1.0219  bpc 1.474  gn 0.70  14 ms/step
step 16250  loss 0.9936  bpc 1.433  gn 0.70  14 ms/step
step 16300  loss 0.9954  bpc 1.436  gn 0.82  14 ms/step
step 16350  loss 0.9592  bpc 1.384  gn 0.74  14 ms/step
step 16400  loss 1.0369  bpc 1.496  gn 0.71  14 ms/step
step 16450  loss 1.0440  bpc 1.506  gn 0.69  14 ms/step
step 16500  loss 0.9850  bpc 1.421  gn 0.78  14 ms/step
step 16550  loss 0.8942  bpc 1.290  gn 0.66  14 ms/step
step 16600  loss 0.9647  bpc 1.392  gn 0.71  14 ms/step
step 16650  loss 0.9923  bpc 1.432  gn 0.71  14 ms/step
step 16700  loss 1.0464  bpc 1.510  gn 0.71  14 ms/step
step 16750  loss 1.0850  bpc 1.565  gn 0.70  14 ms/step
step 16800  loss 1.0662  bpc 1.538  gn 0.72  14 ms/step
step 16850  loss 1.0776  bpc 1.555  gn 0.70  14 ms/step
step 16900  loss 1.0088  bpc 1.455  gn 0.65  14 ms/step
step 16950  loss 1.1030  bpc 1.591  gn 0.73  14 ms/step
step 17000  loss 0.9940  bpc 1.434  gn 0.69  14 ms/step
step 17050  loss 1.0527  bpc 1.519  gn 0.75  14 ms/step
step 17100  loss 1.0929  bpc 1.577  gn 0.75  14 ms/step
step 17150  loss 1.0691  bpc 1.542  gn 0.72  14 ms/step
step 17200  loss 1.0041  bpc 1.449  gn 0.75  14 ms/step
step 17250  loss 0.9459  bpc 1.365  gn 0.76  14 ms/step
step 17300  loss 1.0572  bpc 1.525  gn 0.76  14 ms/step
step 17350  loss 1.0664  bpc 1.539  gn 0.75  14 ms/step
step 17400  loss 1.0822  bpc 1.561  gn 0.71  14 ms/step
step 17450  loss 0.9955  bpc 1.436  gn 0.71  14 ms/step
step 17500  loss 0.9894  bpc 1.427  gn 0.72  14 ms/step
step 17550  loss 1.1280  bpc 1.627  gn 0.70  14 ms/step
step 17600  loss 1.0112  bpc 1.459  gn 0.71  14 ms/step
step 17650  loss 1.0133  bpc 1.462  gn 0.67  14 ms/step
step 17700  loss 1.0704  bpc 1.544  gn 0.68  14 ms/step
step 17750  loss 0.9994  bpc 1.442  gn 0.71  14 ms/step
step 17800  loss 1.0950  bpc 1.580  gn 0.74  14 ms/step
step 17850  loss 1.0717  bpc 1.546  gn 0.78  14 ms/step
step 17900  loss 1.0630  bpc 1.534  gn 0.72  14 ms/step
step 17950  loss 0.9802  bpc 1.414  gn 0.66  14 ms/step
step 18000  loss 1.0638  bpc 1.535  gn 0.71  14 ms/step
== eval step 18000: val_bpc 1.5311  ppl 2.890  [0:512) 1.653  [512:2048) 1.517  [2048:4096) 1.511  peak 1862 MB
step 18050  loss 0.9776  bpc 1.410  gn 0.73  14 ms/step
step 18100  loss 0.9366  bpc 1.351  gn 0.74  14 ms/step
step 18150  loss 0.9817  bpc 1.416  gn 0.68  14 ms/step
step 18200  loss 1.1238  bpc 1.621  gn 0.76  14 ms/step
step 18250  loss 1.0932  bpc 1.577  gn 0.74  14 ms/step
step 18300  loss 0.9960  bpc 1.437  gn 0.76  14 ms/step
step 18350  loss 1.0805  bpc 1.559  gn 0.69  14 ms/step
step 18400  loss 1.0256  bpc 1.480  gn 0.68  14 ms/step
step 18450  loss 0.9612  bpc 1.387  gn 0.69  14 ms/step
step 18500  loss 1.0829  bpc 1.562  gn 0.73  14 ms/step
step 18550  loss 0.9450  bpc 1.363  gn 0.69  14 ms/step
step 18600  loss 1.0482  bpc 1.512  gn 0.70  14 ms/step
step 18650  loss 1.0351  bpc 1.493  gn 0.69  14 ms/step
step 18700  loss 1.0606  bpc 1.530  gn 0.76  14 ms/step
step 18750  loss 1.0759  bpc 1.552  gn 0.74  14 ms/step
step 18800  loss 1.0269  bpc 1.481  gn 0.68  14 ms/step
step 18850  loss 1.1035  bpc 1.592  gn 0.71  14 ms/step
step 18900  loss 0.8156  bpc 1.177  gn 0.66  14 ms/step
step 18950  loss 0.9903  bpc 1.429  gn 0.67  14 ms/step
step 19000  loss 1.0297  bpc 1.486  gn 0.66  14 ms/step
step 19050  loss 1.0774  bpc 1.554  gn 0.72  14 ms/step
step 19100  loss 0.9849  bpc 1.421  gn 0.67  14 ms/step
step 19150  loss 1.0654  bpc 1.537  gn 0.71  14 ms/step
step 19200  loss 0.9388  bpc 1.354  gn 0.66  14 ms/step
step 19250  loss 1.0475  bpc 1.511  gn 0.68  14 ms/step
step 19300  loss 1.0620  bpc 1.532  gn 0.70  14 ms/step
step 19350  loss 1.1155  bpc 1.609  gn 0.74  14 ms/step
step 19400  loss 1.0499  bpc 1.515  gn 0.72  14 ms/step
step 19450  loss 1.0074  bpc 1.453  gn 0.68  14 ms/step
step 19500  loss 0.9796  bpc 1.413  gn 0.66  14 ms/step
step 19550  loss 1.0530  bpc 1.519  gn 0.69  14 ms/step
step 19600  loss 1.0021  bpc 1.446  gn 0.77  14 ms/step
step 19650  loss 1.0057  bpc 1.451  gn 0.66  14 ms/step
step 19700  loss 0.9343  bpc 1.348  gn 0.68  14 ms/step
step 19750  loss 0.9957  bpc 1.437  gn 0.69  14 ms/step
step 19800  loss 0.9964  bpc 1.437  gn 0.72  14 ms/step
step 19850  loss 0.9762  bpc 1.408  gn 0.66  14 ms/step
step 19900  loss 1.0096  bpc 1.457  gn 0.68  14 ms/step
step 19950  loss 1.0527  bpc 1.519  gn 0.67  14 ms/step
step 20000  loss 1.0040  bpc 1.448  gn 0.68  14 ms/step
== eval step 20000: val_bpc 1.5288  ppl 2.885  [0:512) 1.651  [512:2048) 1.515  [2048:4096) 1.509  peak 1862 MB
done: {"run": "softmax_qkn", "arm": "softmax", "d": "", "step": 20000, "train_loss": 1.003968596458435, "train_loss_med200": 1.019755244255066, "val_bpc": 1.5287820551700655, "val_ppl": 2.88542144639873, "val_bpc_0_512": 1.651138450002319, "val_bpc_512_2048": 1.5150193455715295, "val_bpc_2048_4096": 1.5085149886609042, "grad_norm": 0.6799514889717102, "nonfinite_steps": 0, "ms_per_step": 14.038125991821289, "peak_MB": 1861.92431640625, "params": 4336128, "elapsed_s": 283.4356029033661, "mask_nnz": 8390656, "mask_density": 0.5001220703125}
==== arm: --arm smat --d 1   Thu Sep  3 04:18:15 PM CDT 2026 ====
{
 "run": "smat_d1_qkn",
 "arm": "smat",
 "d": 1,
 "T": 4096,
 "layers": 4,
 "d_model": 256,
 "heads": 4,
 "r": 64,
 "learn_phi": true,
 "qk_norm": true,
 "chunk": 128,
 "steps": 20000,
 "nb": 8,
 "lr": 0.0003,
 "warmup": 500,
 "wd": 0.1,
 "clip": 1.0,
 "eval_every": 2000,
 "val_windows": 256,
 "eval_nb": 8,
 "data": "/u/archerdw/smat_attention/deltaai/data/enwik8",
 "out": "results/lm_T4096_20k_qkn_lphi.csv",
 "device": "cuda",
 "no_amp": false,
 "seed": 0
}
mask: {'mask_nnz': 8390656, 'mask_density': 0.5001220703125, 'mask_n': 2048, 'mask_q': 0, 'mask_B': 1}
params: 4,352,512
step    50  loss 4.4262  bpc 6.386  gn 2.58  28 ms/step
step   100  loss 3.7017  bpc 5.340  gn 1.71  24 ms/step
step   150  loss 3.1412  bpc 4.532  gn 0.99  24 ms/step
step   200  loss 2.8385  bpc 4.095  gn 0.88  24 ms/step
step   250  loss 2.7290  bpc 3.937  gn 1.26  24 ms/step
step   300  loss 2.6463  bpc 3.818  gn 0.60  24 ms/step
step   350  loss 2.5899  bpc 3.736  gn 0.56  24 ms/step
step   400  loss 2.7356  bpc 3.947  gn 0.71  24 ms/step
step   450  loss 2.6624  bpc 3.841  gn 0.58  24 ms/step
step   500  loss 2.6362  bpc 3.803  gn 0.62  24 ms/step
step   550  loss 2.6084  bpc 3.763  gn 0.45  24 ms/step
step   600  loss 2.6651  bpc 3.845  gn 0.59  24 ms/step
step   650  loss 2.6682  bpc 3.849  gn 0.87  24 ms/step
step   700  loss 2.6337  bpc 3.800  gn 0.64  24 ms/step
step   750  loss 2.5752  bpc 3.715  gn 0.59  24 ms/step
step   800  loss 2.5516  bpc 3.681  gn 0.56  24 ms/step
step   850  loss 2.5389  bpc 3.663  gn 0.60  24 ms/step
step   900  loss 2.5041  bpc 3.613  gn 1.07  24 ms/step
step   950  loss 2.5233  bpc 3.640  gn 1.03  24 ms/step
step  1000  loss 2.4478  bpc 3.531  gn 0.55  24 ms/step
step  1050  loss 2.5338  bpc 3.656  gn 1.03  24 ms/step
step  1100  loss 2.5173  bpc 3.632  gn 0.39  24 ms/step
step  1150  loss 2.5104  bpc 3.622  gn 1.13  24 ms/step
step  1200  loss 2.4678  bpc 3.560  gn 0.62  24 ms/step
step  1250  loss 2.5444  bpc 3.671  gn 0.54  24 ms/step
step  1300  loss 2.4566  bpc 3.544  gn 0.73  24 ms/step
step  1350  loss 2.4948  bpc 3.599  gn 0.62  24 ms/step
step  1400  loss 2.4848  bpc 3.585  gn 2.19  24 ms/step
step  1450  loss 2.4800  bpc 3.578  gn 0.72  24 ms/step
step  1500  loss 2.4564  bpc 3.544  gn 0.43  24 ms/step
step  1550  loss 2.5067  bpc 3.616  gn 0.59  24 ms/step
step  1600  loss 2.4256  bpc 3.499  gn 0.41  24 ms/step
step  1650  loss 2.3818  bpc 3.436  gn 0.47  24 ms/step
step  1700  loss 2.4458  bpc 3.529  gn 0.51  24 ms/step
step  1750  loss 2.5212  bpc 3.637  gn 0.56  24 ms/step
step  1800  loss 2.5043  bpc 3.613  gn 0.49  24 ms/step
step  1850  loss 2.4457  bpc 3.528  gn 0.52  24 ms/step
step  1900  loss 2.4020  bpc 3.465  gn 0.51  24 ms/step
step  1950  loss 2.3983  bpc 3.460  gn 0.58  24 ms/step
step  2000  loss 2.4007  bpc 3.464  gn 0.55  24 ms/step
== eval step 2000: val_bpc 3.4975  ppl 11.294  [0:512) 3.499  [512:2048) 3.495  [2048:4096) 3.499  peak 2892 MB
step  2050  loss 2.3433  bpc 3.381  gn 0.75  24 ms/step
step  2100  loss 2.4492  bpc 3.533  gn 0.75  24 ms/step
step  2150  loss 2.4273  bpc 3.502  gn 0.62  24 ms/step
step  2200  loss 2.4391  bpc 3.519  gn 0.51  24 ms/step
step  2250  loss 2.3658  bpc 3.413  gn 0.66  24 ms/step
step  2300  loss 2.2373  bpc 3.228  gn 0.81  24 ms/step
step  2350  loss 2.3398  bpc 3.376  gn 0.50  24 ms/step
step  2400  loss 2.3949  bpc 3.455  gn 0.66  24 ms/step
step  2450  loss 2.3813  bpc 3.436  gn 0.57  24 ms/step
step  2500  loss 2.3640  bpc 3.410  gn 0.39  24 ms/step
step  2550  loss 2.3382  bpc 3.373  gn 0.56  24 ms/step
step  2600  loss 2.4779  bpc 3.575  gn 0.68  24 ms/step
step  2650  loss 2.2924  bpc 3.307  gn 0.47  24 ms/step
step  2700  loss 2.2590  bpc 3.259  gn 0.58  24 ms/step
step  2750  loss 2.3840  bpc 3.439  gn 0.57  24 ms/step
step  2800  loss 2.3327  bpc 3.365  gn 0.70  24 ms/step
step  2850  loss 2.3162  bpc 3.342  gn 0.69  24 ms/step
step  2900  loss 2.3173  bpc 3.343  gn 0.69  24 ms/step
step  2950  loss 2.2891  bpc 3.302  gn 0.77  24 ms/step
step  3000  loss 2.4440  bpc 3.526  gn 0.66  24 ms/step
step  3050  loss 2.3322  bpc 3.365  gn 0.72  24 ms/step
step  3100  loss 2.3015  bpc 3.320  gn 0.61  24 ms/step
step  3150  loss 2.2495  bpc 3.245  gn 0.47  24 ms/step
step  3200  loss 2.3380  bpc 3.373  gn 0.59  24 ms/step
step  3250  loss 2.2961  bpc 3.313  gn 0.82  24 ms/step
step  3300  loss 2.2262  bpc 3.212  gn 0.93  24 ms/step
step  3350  loss 2.2437  bpc 3.237  gn 0.79  24 ms/step
step  3400  loss 2.3223  bpc 3.350  gn 0.74  24 ms/step
step  3450  loss 2.1493  bpc 3.101  gn 0.62  24 ms/step
step  3500  loss 2.2361  bpc 3.226  gn 0.78  24 ms/step
step  3550  loss 2.2448  bpc 3.239  gn 0.61  24 ms/step
step  3600  loss 2.2725  bpc 3.279  gn 0.77  24 ms/step
step  3650  loss 2.2547  bpc 3.253  gn 0.64  24 ms/step
step  3700  loss 2.2989  bpc 3.317  gn 0.64  24 ms/step
step  3750  loss nan  bpc nan  gn nan  23 ms/step
step  3800  loss 2.2478  bpc 3.243  gn 0.65  23 ms/step
step  3850  loss 2.1754  bpc 3.138  gn 1.00  24 ms/step
step  3900  loss 2.1988  bpc 3.172  gn 0.75  24 ms/step
step  3950  loss nan  bpc nan  gn nan  23 ms/step
step  4000  loss nan  bpc nan  gn nan  23 ms/step
== eval step 4000: val_bpc nan  ppl nan  [0:512) nan  [512:2048) nan  [2048:4096) nan  peak 2892 MB
step  4050  loss nan  bpc nan  gn nan  23 ms/step
step  4100  loss nan  bpc nan  gn nan  23 ms/step
step  4150  loss nan  bpc nan  gn nan  23 ms/step
step  4200  loss nan  bpc nan  gn nan  23 ms/step
step  4250  loss nan  bpc nan  gn nan  23 ms/step
step  4300  loss nan  bpc nan  gn nan  23 ms/step
step  4350  loss nan  bpc nan  gn nan  23 ms/step
step  4400  loss nan  bpc nan  gn nan  23 ms/step
step  4450  loss nan  bpc nan  gn nan  23 ms/step
step  4500  loss nan  bpc nan  gn nan  23 ms/step
step  4550  loss nan  bpc nan  gn nan  23 ms/step
step  4600  loss nan  bpc nan  gn nan  23 ms/step
step  4650  loss nan  bpc nan  gn nan  23 ms/step
step  4700  loss nan  bpc nan  gn nan  23 ms/step
step  4750  loss nan  bpc nan  gn nan  23 ms/step
step  4800  loss nan  bpc nan  gn nan  23 ms/step
step  4850  loss nan  bpc nan  gn nan  23 ms/step
step  4900  loss nan  bpc nan  gn nan  23 ms/step
step  4950  loss nan  bpc nan  gn nan  23 ms/step
step  5000  loss nan  bpc nan  gn nan  23 ms/step
step  5050  loss nan  bpc nan  gn nan  23 ms/step
step  5100  loss nan  bpc nan  gn nan  23 ms/step
step  5150  loss nan  bpc nan  gn nan  23 ms/step
step  5200  loss nan  bpc nan  gn nan  23 ms/step
step  5250  loss nan  bpc nan  gn nan  23 ms/step
step  5300  loss nan  bpc nan  gn nan  23 ms/step
step  5350  loss nan  bpc nan  gn nan  23 ms/step
step  5400  loss nan  bpc nan  gn nan  23 ms/step
step  5450  loss nan  bpc nan  gn nan  23 ms/step
step  5500  loss nan  bpc nan  gn nan  23 ms/step
step  5550  loss nan  bpc nan  gn nan  23 ms/step
step  5600  loss nan  bpc nan  gn nan  23 ms/step
step  5650  loss nan  bpc nan  gn nan  23 ms/step
step  5700  loss nan  bpc nan  gn nan  23 ms/step
step  5750  loss nan  bpc nan  gn nan  23 ms/step
step  5800  loss nan  bpc nan  gn nan  23 ms/step
step  5850  loss nan  bpc nan  gn nan  23 ms/step
step  5900  loss nan  bpc nan  gn nan  23 ms/step
step  5950  loss nan  bpc nan  gn nan  23 ms/step
step  6000  loss nan  bpc nan  gn nan  23 ms/step
== eval step 6000: val_bpc nan  ppl nan  [0:512) nan  [512:2048) nan  [2048:4096) nan  peak 2892 MB
step  6050  loss nan  bpc nan  gn nan  23 ms/step
step  6100  loss nan  bpc nan  gn nan  23 ms/step
step  6150  loss nan  bpc nan  gn nan  23 ms/step
step  6200  loss nan  bpc nan  gn nan  23 ms/step
step  6250  loss nan  bpc nan  gn nan  23 ms/step
step  6300  loss nan  bpc nan  gn nan  23 ms/step
step  6350  loss nan  bpc nan  gn nan  23 ms/step
step  6400  loss nan  bpc nan  gn nan  23 ms/step
step  6450  loss nan  bpc nan  gn nan  23 ms/step
step  6500  loss nan  bpc nan  gn nan  23 ms/step
step  6550  loss nan  bpc nan  gn nan  23 ms/step
step  6600  loss nan  bpc nan  gn nan  23 ms/step
step  6650  loss nan  bpc nan  gn nan  23 ms/step
step  6700  loss nan  bpc nan  gn nan  23 ms/step
step  6750  loss nan  bpc nan  gn nan  23 ms/step
step  6800  loss nan  bpc nan  gn nan  23 ms/step
step  6850  loss nan  bpc nan  gn nan  23 ms/step
step  6900  loss nan  bpc nan  gn nan  23 ms/step
step  6950  loss nan  bpc nan  gn nan  23 ms/step
step  7000  loss nan  bpc nan  gn nan  23 ms/step
step  7050  loss nan  bpc nan  gn nan  23 ms/step
step  7100  loss nan  bpc nan  gn nan  23 ms/step
step  7150  loss nan  bpc nan  gn nan  23 ms/step
step  7200  loss nan  bpc nan  gn nan  23 ms/step
step  7250  loss nan  bpc nan  gn nan  23 ms/step
step  7300  loss nan  bpc nan  gn nan  23 ms/step
step  7350  loss nan  bpc nan  gn nan  23 ms/step
step  7400  loss nan  bpc nan  gn nan  23 ms/step
step  7450  loss nan  bpc nan  gn nan  23 ms/step
step  7500  loss nan  bpc nan  gn nan  23 ms/step
step  7550  loss nan  bpc nan  gn nan  23 ms/step
step  7600  loss nan  bpc nan  gn nan  23 ms/step
step  7650  loss nan  bpc nan  gn nan  23 ms/step
step  7700  loss nan  bpc nan  gn nan  23 ms/step
step  7750  loss nan  bpc nan  gn nan  23 ms/step
step  7800  loss nan  bpc nan  gn nan  23 ms/step
step  7850  loss nan  bpc nan  gn nan  23 ms/step
step  7900  loss nan  bpc nan  gn nan  23 ms/step
step  7950  loss nan  bpc nan  gn nan  23 ms/step
step  8000  loss nan  bpc nan  gn nan  23 ms/step
== eval step 8000: val_bpc nan  ppl nan  [0:512) nan  [512:2048) nan  [2048:4096) nan  peak 2892 MB
step  8050  loss nan  bpc nan  gn nan  23 ms/step
step  8100  loss nan  bpc nan  gn nan  23 ms/step
step  8150  loss nan  bpc nan  gn nan  23 ms/step
step  8200  loss nan  bpc nan  gn nan  23 ms/step
step  8250  loss nan  bpc nan  gn nan  23 ms/step
step  8300  loss nan  bpc nan  gn nan  23 ms/step
step  8350  loss nan  bpc nan  gn nan  23 ms/step
step  8400  loss nan  bpc nan  gn nan  23 ms/step
step  8450  loss nan  bpc nan  gn nan  23 ms/step
step  8500  loss nan  bpc nan  gn nan  23 ms/step
step  8550  loss nan  bpc nan  gn nan  23 ms/step
step  8600  loss nan  bpc nan  gn nan  23 ms/step
step  8650  loss nan  bpc nan  gn nan  23 ms/step
step  8700  loss nan  bpc nan  gn nan  23 ms/step
step  8750  loss nan  bpc nan  gn nan  23 ms/step
step  8800  loss nan  bpc nan  gn nan  23 ms/step
step  8850  loss nan  bpc nan  gn nan  23 ms/step
step  8900  loss nan  bpc nan  gn nan  23 ms/step
step  8950  loss nan  bpc nan  gn nan  23 ms/step
step  9000  loss nan  bpc nan  gn nan  23 ms/step
step  9050  loss nan  bpc nan  gn nan  23 ms/step
step  9100  loss nan  bpc nan  gn nan  23 ms/step
step  9150  loss nan  bpc nan  gn nan  23 ms/step
step  9200  loss nan  bpc nan  gn nan  23 ms/step
step  9250  loss nan  bpc nan  gn nan  23 ms/step
step  9300  loss nan  bpc nan  gn nan  23 ms/step
step  9350  loss nan  bpc nan  gn nan  23 ms/step
step  9400  loss nan  bpc nan  gn nan  23 ms/step
step  9450  loss nan  bpc nan  gn nan  23 ms/step
step  9500  loss nan  bpc nan  gn nan  32 ms/step
step  9550  loss nan  bpc nan  gn nan  45 ms/step
step  9600  loss nan  bpc nan  gn nan  45 ms/step
step  9650  loss nan  bpc nan  gn nan  45 ms/step
step  9700  loss nan  bpc nan  gn nan  37 ms/step
step  9750  loss nan  bpc nan  gn nan  23 ms/step
step  9800  loss nan  bpc nan  gn nan  23 ms/step
step  9850  loss nan  bpc nan  gn nan  23 ms/step
step  9900  loss nan  bpc nan  gn nan  24 ms/step
step  9950  loss nan  bpc nan  gn nan  45 ms/step
step 10000  loss nan  bpc nan  gn nan  45 ms/step
== eval step 10000: val_bpc nan  ppl nan  [0:512) nan  [512:2048) nan  [2048:4096) nan  peak 2892 MB
step 10050  loss nan  bpc nan  gn nan  33 ms/step
step 10100  loss nan  bpc nan  gn nan  23 ms/step
step 10150  loss nan  bpc nan  gn nan  23 ms/step
step 10200  loss nan  bpc nan  gn nan  23 ms/step
step 10250  loss nan  bpc nan  gn nan  23 ms/step
step 10300  loss nan  bpc nan  gn nan  23 ms/step
step 10350  loss nan  bpc nan  gn nan  23 ms/step
step 10400  loss nan  bpc nan  gn nan  23 ms/step
step 10450  loss nan  bpc nan  gn nan  23 ms/step
step 10500  loss nan  bpc nan  gn nan  23 ms/step
step 10550  loss nan  bpc nan  gn nan  23 ms/step
step 10600  loss nan  bpc nan  gn nan  23 ms/step
step 10650  loss nan  bpc nan  gn nan  23 ms/step
step 10700  loss nan  bpc nan  gn nan  23 ms/step
step 10750  loss nan  bpc nan  gn nan  23 ms/step
step 10800  loss nan  bpc nan  gn nan  23 ms/step
step 10850  loss nan  bpc nan  gn nan  23 ms/step
step 10900  loss nan  bpc nan  gn nan  23 ms/step
step 10950  loss nan  bpc nan  gn nan  23 ms/step
step 11000  loss nan  bpc nan  gn nan  23 ms/step
step 11050  loss nan  bpc nan  gn nan  23 ms/step
step 11100  loss nan  bpc nan  gn nan  23 ms/step
step 11150  loss nan  bpc nan  gn nan  23 ms/step
step 11200  loss nan  bpc nan  gn nan  23 ms/step
step 11250  loss nan  bpc nan  gn nan  23 ms/step
step 11300  loss nan  bpc nan  gn nan  23 ms/step
step 11350  loss nan  bpc nan  gn nan  23 ms/step
step 11400  loss nan  bpc nan  gn nan  23 ms/step
step 11450  loss nan  bpc nan  gn nan  23 ms/step
step 11500  loss nan  bpc nan  gn nan  23 ms/step
step 11550  loss nan  bpc nan  gn nan  23 ms/step
step 11600  loss nan  bpc nan  gn nan  23 ms/step
step 11650  loss nan  bpc nan  gn nan  23 ms/step
step 11700  loss nan  bpc nan  gn nan  23 ms/step
step 11750  loss nan  bpc nan  gn nan  23 ms/step
step 11800  loss nan  bpc nan  gn nan  23 ms/step
step 11850  loss nan  bpc nan  gn nan  23 ms/step
step 11900  loss nan  bpc nan  gn nan  23 ms/step
step 11950  loss nan  bpc nan  gn nan  23 ms/step
step 12000  loss nan  bpc nan  gn nan  23 ms/step
== eval step 12000: val_bpc nan  ppl nan  [0:512) nan  [512:2048) nan  [2048:4096) nan  peak 2892 MB
step 12050  loss nan  bpc nan  gn nan  23 ms/step
step 12100  loss nan  bpc nan  gn nan  23 ms/step
step 12150  loss nan  bpc nan  gn nan  23 ms/step
step 12200  loss nan  bpc nan  gn nan  23 ms/step
step 12250  loss nan  bpc nan  gn nan  23 ms/step
step 12300  loss nan  bpc nan  gn nan  23 ms/step
step 12350  loss nan  bpc nan  gn nan  23 ms/step
step 12400  loss nan  bpc nan  gn nan  23 ms/step
step 12450  loss nan  bpc nan  gn nan  23 ms/step
step 12500  loss nan  bpc nan  gn nan  23 ms/step
step 12550  loss nan  bpc nan  gn nan  23 ms/step
step 12600  loss nan  bpc nan  gn nan  23 ms/step
step 12650  loss nan  bpc nan  gn nan  23 ms/step
step 12700  loss nan  bpc nan  gn nan  23 ms/step
step 12750  loss nan  bpc nan  gn nan  23 ms/step
step 12800  loss nan  bpc nan  gn nan  23 ms/step
step 12850  loss nan  bpc nan  gn nan  23 ms/step
step 12900  loss nan  bpc nan  gn nan  23 ms/step
step 12950  loss nan  bpc nan  gn nan  23 ms/step
step 13000  loss nan  bpc nan  gn nan  23 ms/step
step 13050  loss nan  bpc nan  gn nan  23 ms/step
step 13100  loss nan  bpc nan  gn nan  23 ms/step
step 13150  loss nan  bpc nan  gn nan  23 ms/step
step 13200  loss nan  bpc nan  gn nan  23 ms/step
step 13250  loss nan  bpc nan  gn nan  23 ms/step
step 13300  loss nan  bpc nan  gn nan  23 ms/step
step 13350  loss nan  bpc nan  gn nan  23 ms/step
step 13400  loss nan  bpc nan  gn nan  23 ms/step
step 13450  loss nan  bpc nan  gn nan  23 ms/step
step 13500  loss nan  bpc nan  gn nan  23 ms/step
step 13550  loss nan  bpc nan  gn nan  23 ms/step
[2026-09-03T16:23:41.966] error: *** JOB 3078693 ON gh101 CANCELLED AT 2026-09-03T16:23:41 DUE to SIGNAL Terminated ***
