PyTorch 2.11.0 for DeltaAI (CUDA 13.0, Python 3.12)
Includes: transformers, accelerate, datasets, peft, lightning,
          timm, bitsandbytes, diffusers, mpi4py, tensorboard,
          wandb, jupyter, scipy, scikit-learn, opencv, nvitop
New in this build (sm_90 source builds):
  flash-attn, transformer_engine, xformers, apex, mamba-ssm,
  triton, torch-geometric, cupy-cuda13x, tensorrt, flashinfer
Known: transformer_engine and cupy currently fail at import due to
  a cu13 libcublasLt / cython ABI mismatch on this stack — use the
  other attention paths (flash-attn, xformers) and stock torch CUDA
  until an upstream fix lands.

For documentation and examples:
  https://docs.ncsa.illinois.edu/systems/deltaai/

Run setup-kernel prior to launching OOD job.

Quick start (on a compute node):
  module load python/miniforge3_pytorch/2.11.0
  conda activate base
  python -c "import torch; print(torch.cuda.is_available())"

CUDA extensions: CUDA_HOME, nvcc, and CMAKE_PREFIX_PATH come from the
auto-loaded cuda/13.1.1 module.

A conda environment has been detected
CONDA_PREFIX=/sw/user/python/miniforge3-pytorch-2.5.0 
Consider running 'conda deactivate' before loading this module.
CUDA Toolkit 13.1.1 loaded
Includes GPUDirect Storage (GDS) libraries
Requires NVIDIA driver 590+
Using gcc-native/14 (default in Cray PE 25.09)
host: gh135.hsn.cm.delta.internal.ncsa.edu   started: Thu Sep  3 03:33:07 PM CDT 2026
name, memory.total [MiB], driver_version
NVIDIA GH200 120GB, 97871 MiB, 595.71.05
torch 2.11.0+cu130 cuda True
triton 3.5.1

==== arm: --arm softmax   Thu Sep  3 03:33:16 PM CDT 2026 ====
{
 "run": "softmax",
 "arm": "softmax",
 "d": 1,
 "T": 4096,
 "layers": 4,
 "d_model": 256,
 "heads": 4,
 "r": 64,
 "learn_phi": false,
 "chunk": 128,
 "steps": 3000,
 "nb": 8,
 "lr": 0.001,
 "warmup": 200,
 "wd": 0.1,
 "clip": 1.0,
 "eval_every": 500,
 "val_windows": 128,
 "eval_nb": 8,
 "data": "/u/archerdw/smat_attention/deltaai/data/enwik8",
 "out": "results/lm_T4096_seq.csv",
 "device": "cuda",
 "no_amp": false,
 "seed": 0
}
mask: {'mask_nnz': 8390656, 'mask_density': 0.5001220703125}
params: 4,335,104
step    50  loss 3.3072  bpc 4.771  gn 1.17  41 ms/step
step   100  loss 2.7930  bpc 4.030  gn 0.70  11 ms/step
step   150  loss 2.7270  bpc 3.934  gn 0.49  11 ms/step
step   200  loss 2.6471  bpc 3.819  gn 0.58  11 ms/step
step   250  loss 2.6300  bpc 3.794  gn 0.47  11 ms/step
step   300  loss 2.5555  bpc 3.687  gn 0.44  11 ms/step
step   350  loss 2.5467  bpc 3.674  gn 0.39  11 ms/step
step   400  loss 2.6687  bpc 3.850  gn 0.40  11 ms/step
step   450  loss 2.5910  bpc 3.738  gn 0.47  11 ms/step
step   500  loss 2.5640  bpc 3.699  gn 0.34  11 ms/step
== eval step 500: val_bpc 3.7212  ppl 13.189  [0:512) 3.723  [512:2048) 3.719  [2048:4096) 3.722  peak 1470 MB
step   550  loss 2.5714  bpc 3.710  gn 0.37  11 ms/step
step   600  loss 2.5689  bpc 3.706  gn 0.33  11 ms/step
step   650  loss 2.5752  bpc 3.715  gn 0.49  11 ms/step
step   700  loss 2.5281  bpc 3.647  gn 0.60  11 ms/step
step   750  loss 2.4596  bpc 3.549  gn 0.52  11 ms/step
step   800  loss 2.4446  bpc 3.527  gn 0.39  11 ms/step
step   850  loss 2.4423  bpc 3.524  gn 0.38  11 ms/step
step   900  loss 2.3974  bpc 3.459  gn 0.52  11 ms/step
step   950  loss 2.4097  bpc 3.477  gn 0.42  11 ms/step
step  1000  loss 2.3363  bpc 3.371  gn 0.31  11 ms/step
== eval step 1000: val_bpc 3.4822  ppl 11.175  [0:512) 3.499  [512:2048) 3.461  [2048:4096) 3.493  peak 1470 MB
step  1050  loss 2.3450  bpc 3.383  gn 0.85  11 ms/step
step  1100  loss 2.4195  bpc 3.491  gn 0.41  11 ms/step
step  1150  loss 2.3242  bpc 3.353  gn 0.67  11 ms/step
step  1200  loss 2.2883  bpc 3.301  gn 0.90  11 ms/step
step  1250  loss 2.3171  bpc 3.343  gn 1.36  11 ms/step
step  1300  loss 2.1226  bpc 3.062  gn 0.91  11 ms/step
step  1350  loss 2.1599  bpc 3.116  gn 1.38  11 ms/step
step  1400  loss 2.1359  bpc 3.081  gn 1.10  11 ms/step
step  1450  loss 2.0560  bpc 2.966  gn 0.90  11 ms/step
step  1500  loss 2.0127  bpc 2.904  gn 1.51  11 ms/step
== eval step 1500: val_bpc 2.9214  ppl 7.576  [0:512) 2.972  [512:2048) 2.905  [2048:4096) 2.921  peak 1470 MB
step  1550  loss 2.0580  bpc 2.969  gn 1.17  11 ms/step
step  1600  loss 1.9346  bpc 2.791  gn 1.66  11 ms/step
step  1650  loss 1.8473  bpc 2.665  gn 1.25  11 ms/step
step  1700  loss 1.9130  bpc 2.760  gn 1.78  11 ms/step
step  1750  loss 1.9867  bpc 2.866  gn 2.32  11 ms/step
step  1800  loss 1.9670  bpc 2.838  gn 1.16  11 ms/step
step  1850  loss 1.8655  bpc 2.691  gn 2.09  11 ms/step
step  1900  loss 1.7877  bpc 2.579  gn 1.72  11 ms/step
step  1950  loss 1.7607  bpc 2.540  gn 1.51  11 ms/step
step  2000  loss 1.7807  bpc 2.569  gn 1.51  11 ms/step
== eval step 2000: val_bpc 2.6410  ppl 6.238  [0:512) 2.701  [512:2048) 2.621  [2048:4096) 2.641  peak 1470 MB
step  2050  loss 1.7632  bpc 2.544  gn 1.75  11 ms/step
step  2100  loss 1.8254  bpc 2.634  gn 1.14  11 ms/step
step  2150  loss 1.8108  bpc 2.612  gn 1.73  11 ms/step
step  2200  loss 1.8690  bpc 2.696  gn 1.70  11 ms/step
step  2250  loss 1.7493  bpc 2.524  gn 1.72  11 ms/step
step  2300  loss 1.6019  bpc 2.311  gn 1.28  11 ms/step
step  2350  loss 1.6967  bpc 2.448  gn 1.81  11 ms/step
step  2400  loss 1.7737  bpc 2.559  gn 1.57  11 ms/step
step  2450  loss 1.7421  bpc 2.513  gn 1.69  11 ms/step
step  2500  loss 1.6891  bpc 2.437  gn 1.60  11 ms/step
== eval step 2500: val_bpc 2.5303  ppl 5.777  [0:512) 2.591  [512:2048) 2.512  [2048:4096) 2.529  peak 1470 MB
step  2550  loss 1.6993  bpc 2.452  gn 1.71  11 ms/step
step  2600  loss 1.8943  bpc 2.733  gn 1.43  11 ms/step
step  2650  loss 1.6791  bpc 2.422  gn 1.48  11 ms/step
step  2700  loss 1.6487  bpc 2.379  gn 1.67  11 ms/step
step  2750  loss 1.8349  bpc 2.647  gn 1.49  11 ms/step
step  2800  loss 1.8276  bpc 2.637  gn 1.43  11 ms/step
step  2850  loss 1.7214  bpc 2.483  gn 1.47  11 ms/step
step  2900  loss 1.7367  bpc 2.506  gn 1.51  11 ms/step
step  2950  loss 1.6786  bpc 2.422  gn 1.36  11 ms/step
step  3000  loss 1.9133  bpc 2.760  gn 1.41  11 ms/step
== eval step 3000: val_bpc 2.5087  ppl 5.691  [0:512) 2.567  [512:2048) 2.490  [2048:4096) 2.508  peak 1470 MB
done: {"run": "softmax", "arm": "softmax", "d": "", "step": 3000, "train_loss": 1.9132884740829468, "train_loss_med200": 1.7358782887458801, "val_bpc": 2.5087197842927207, "val_ppl": 5.691148341698077, "val_bpc_0_512": 2.5665330645007924, "val_bpc_512_2048": 2.4903298970612786, "val_bpc_2048_4096": 2.508058879664285, "grad_norm": 1.4099847078323364, "nonfinite_steps": 0, "ms_per_step": 10.743680477142334, "peak_MB": 1469.90087890625, "params": 4335104, "elapsed_s": 34.210089445114136, "mask_nnz": 8390656, "mask_density": 0.5001220703125}
==== arm: --arm smat --d 1   Thu Sep  3 03:33:56 PM CDT 2026 ====
{
 "run": "smat_d1",
 "arm": "smat",
 "d": 1,
 "T": 4096,
 "layers": 4,
 "d_model": 256,
 "heads": 4,
 "r": 64,
 "learn_phi": false,
 "chunk": 128,
 "steps": 3000,
 "nb": 8,
 "lr": 0.001,
 "warmup": 200,
 "wd": 0.1,
 "clip": 1.0,
 "eval_every": 500,
 "val_windows": 128,
 "eval_nb": 8,
 "data": "/u/archerdw/smat_attention/deltaai/data/enwik8",
 "out": "results/lm_T4096_seq.csv",
 "device": "cuda",
 "no_amp": false,
 "seed": 0
}
mask: {'mask_nnz': 8390656, 'mask_density': 0.5001220703125, 'mask_n': 2048, 'mask_q': 0, 'mask_B': 1}
params: 4,335,104
step    50  loss 3.3087  bpc 4.773  gn 1.19  31 ms/step
step   100  loss 2.7978  bpc 4.036  gn 0.80  23 ms/step
step   150  loss 2.7258  bpc 3.932  gn 0.64  23 ms/step
step   200  loss 2.6565  bpc 3.832  gn 0.60  23 ms/step
step   250  loss 2.6344  bpc 3.801  gn 0.52  22 ms/step
step   300  loss 2.5623  bpc 3.697  gn 0.45  23 ms/step
step   350  loss 2.5496  bpc 3.678  gn 0.41  22 ms/step
step   400  loss 2.6874  bpc 3.877  gn 0.47  22 ms/step
step   450  loss 2.6318  bpc 3.797  gn 0.51  23 ms/step
step   500  loss 2.6057  bpc 3.759  gn 0.46  23 ms/step
== eval step 500: val_bpc 3.7260  ppl 13.232  [0:512) 3.724  [512:2048) 3.718  [2048:4096) 3.732  peak 2371 MB
step   550  loss 2.5841  bpc 3.728  gn 0.37  23 ms/step
step   600  loss 2.6027  bpc 3.755  gn 0.45  23 ms/step
step   650  loss 2.5760  bpc 3.716  gn 0.52  23 ms/step
step   700  loss 2.5703  bpc 3.708  gn 0.61  23 ms/step
step   750  loss 2.5157  bpc 3.629  gn 0.78  22 ms/step
step   800  loss 2.4872  bpc 3.588  gn 0.79  23 ms/step
step   850  loss 2.5084  bpc 3.619  gn 0.41  22 ms/step
step   900  loss 2.4516  bpc 3.537  gn 0.58  23 ms/step
step   950  loss 2.4846  bpc 3.585  gn 0.54  23 ms/step
step  1000  loss 2.4152  bpc 3.484  gn 0.33  22 ms/step
== eval step 1000: val_bpc 3.5691  ppl 11.869  [0:512) 3.585  [512:2048) 3.549  [2048:4096) 3.580  peak 2371 MB
step  1050  loss 2.4810  bpc 3.579  gn 0.51  23 ms/step
step  1100  loss 2.4985  bpc 3.605  gn 0.30  23 ms/step
step  1150  loss 2.4597  bpc 3.549  gn 0.49  23 ms/step
step  1200  loss 2.4476  bpc 3.531  gn 0.63  23 ms/step
step  1250  loss 2.5147  bpc 3.628  gn 0.33  23 ms/step
step  1300  loss 2.4032  bpc 3.467  gn 0.33  23 ms/step
step  1350  loss 2.4577  bpc 3.546  gn 0.33  23 ms/step
step  1400  loss 2.4308  bpc 3.507  gn 0.38  23 ms/step
step  1450  loss 2.4257  bpc 3.500  gn 0.28  23 ms/step
step  1500  loss 2.4085  bpc 3.475  gn 0.29  22 ms/step
== eval step 1500: val_bpc 3.4899  ppl 11.234  [0:512) 3.506  [512:2048) 3.477  [2048:4096) 3.496  peak 2371 MB
step  1550  loss 2.4626  bpc 3.553  gn 0.39  23 ms/step
step  1600  loss 2.3801  bpc 3.434  gn 0.29  23 ms/step
step  1650  loss 2.3072  bpc 3.329  gn 0.33  23 ms/step
step  1700  loss 2.3831  bpc 3.438  gn 0.32  23 ms/step
step  1750  loss 2.4620  bpc 3.552  gn 0.44  23 ms/step
step  1800  loss 2.4287  bpc 3.504  gn 0.36  23 ms/step
step  1850  loss 2.3695  bpc 3.418  gn 0.35  23 ms/step
step  1900  loss 2.3314  bpc 3.363  gn 0.33  22 ms/step
step  1950  loss 2.3119  bpc 3.335  gn 0.43  22 ms/step
step  2000  loss 2.3235  bpc 3.352  gn 0.51  22 ms/step
== eval step 2000: val_bpc 3.3932  ppl 10.507  [0:512) 3.402  [512:2048) 3.379  [2048:4096) 3.402  peak 2371 MB
step  2050  loss 2.2528  bpc 3.250  gn 0.43  23 ms/step
step  2100  loss 2.3791  bpc 3.432  gn 0.33  22 ms/step
step  2150  loss 2.3375  bpc 3.372  gn 0.49  23 ms/step
step  2200  loss 2.3450  bpc 3.383  gn 0.50  22 ms/step
step  2250  loss 2.2552  bpc 3.254  gn 0.57  23 ms/step
step  2300  loss 2.1165  bpc 3.054  gn 0.59  22 ms/step
step  2350  loss 2.2467  bpc 3.241  gn 0.48  23 ms/step
step  2400  loss 2.3044  bpc 3.325  gn 0.48  23 ms/step
step  2450  loss 2.2940  bpc 3.310  gn 0.53  22 ms/step
step  2500  loss 2.2820  bpc 3.292  gn 0.38  22 ms/step
== eval step 2500: val_bpc 3.3246  ppl 10.018  [0:512) 3.346  [512:2048) 3.309  [2048:4096) 3.331  peak 2371 MB
step  2550  loss 2.2555  bpc 3.254  gn 0.45  23 ms/step
step  2600  loss 2.3945  bpc 3.455  gn 0.41  22 ms/step
step  2650  loss 2.2227  bpc 3.207  gn 0.37  22 ms/step
step  2700  loss 2.1819  bpc 3.148  gn 0.46  22 ms/step
step  2750  loss 2.3253  bpc 3.355  gn 0.53  23 ms/step
step  2800  loss 2.2693  bpc 3.274  gn 0.44  22 ms/step
step  2850  loss 2.2688  bpc 3.273  gn 0.50  23 ms/step
step  2900  loss 2.2688  bpc 3.273  gn 0.54  22 ms/step
step  2950  loss 2.2428  bpc 3.236  gn 0.48  23 ms/step
step  3000  loss 2.4051  bpc 3.470  gn 0.46  23 ms/step
== eval step 3000: val_bpc 3.3081  ppl 9.905  [0:512) 3.327  [512:2048) 3.291  [2048:4096) 3.316  peak 2371 MB
done: {"run": "smat_d1", "arm": "smat", "d": 1, "step": 3000, "train_loss": 2.405069351196289, "train_loss_med200": 2.27401065826416, "val_bpc": 3.308144050956417, "val_ppl": 9.904911268000937, "val_bpc_0_512": 3.327361137403198, "val_bpc_512_2048": 3.2913597829944647, "val_bpc_2048_4096": 3.3159279803161867, "grad_norm": 0.4646584689617157, "nonfinite_steps": 0, "ms_per_step": 22.531752109527588, "peak_MB": 2371.24169921875, "params": 4335104, "elapsed_s": 68.85864090919495, "mask_nnz": 8390656, "mask_density": 0.5001220703125, "mask_n": 2048, "mask_q": 0, "mask_B": 1}
==== arm: --arm smat --d 2   Thu Sep  3 03:35:09 PM CDT 2026 ====
{
 "run": "smat_d2",
 "arm": "smat",
 "d": 2,
 "T": 4096,
 "layers": 4,
 "d_model": 256,
 "heads": 4,
 "r": 64,
 "learn_phi": false,
 "chunk": 128,
 "steps": 3000,
 "nb": 8,
 "lr": 0.001,
 "warmup": 200,
 "wd": 0.1,
 "clip": 1.0,
 "eval_every": 500,
 "val_windows": 128,
 "eval_nb": 8,
 "data": "/u/archerdw/smat_attention/deltaai/data/enwik8",
 "out": "results/lm_T4096_seq.csv",
 "device": "cuda",
 "no_amp": false,
 "seed": 0
}
mask: {'mask_nnz': 4285604, 'mask_density': 0.25544190406799316, 'mask_n': 2048, 'mask_q': 47, 'mask_B': 47}
params: 4,335,104
step    50  loss 3.3075  bpc 4.772  gn 1.26  30 ms/step
step   100  loss 2.7902  bpc 4.025  gn 0.72  25 ms/step
step   150  loss 2.7125  bpc 3.913  gn 0.70  25 ms/step
step   200  loss 2.6343  bpc 3.801  gn 0.50  25 ms/step
step   250  loss 2.6193  bpc 3.779  gn 0.56  25 ms/step
step   300  loss 2.5439  bpc 3.670  gn 0.41  25 ms/step
step   350  loss 2.5307  bpc 3.651  gn 0.38  25 ms/step
step   400  loss 2.6456  bpc 3.817  gn 0.35  25 ms/step
step   450  loss 2.5830  bpc 3.726  gn 0.43  25 ms/step
step   500  loss 2.5603  bpc 3.694  gn 0.36  25 ms/step
== eval step 500: val_bpc 3.6899  ppl 12.905  [0:512) 3.671  [512:2048) 3.689  [2048:4096) 3.696  peak 2713 MB
step   550  loss 2.5653  bpc 3.701  gn 0.32  25 ms/step
step   600  loss 2.5633  bpc 3.698  gn 0.68  25 ms/step
step   650  loss 2.5562  bpc 3.688  gn 0.47  25 ms/step
step   700  loss 2.5375  bpc 3.661  gn 0.36  25 ms/step
step   750  loss 2.5099  bpc 3.621  gn 0.56  25 ms/step
step   800  loss 2.4922  bpc 3.595  gn 0.33  25 ms/step
step   850  loss 2.4959  bpc 3.601  gn 0.34  25 ms/step
step   900  loss 2.4446  bpc 3.527  gn 0.42  25 ms/step
step   950  loss 2.4859  bpc 3.586  gn 0.33  25 ms/step
step  1000  loss 2.4059  bpc 3.471  gn 0.40  25 ms/step
== eval step 1000: val_bpc 3.5698  ppl 11.874  [0:512) 3.547  [512:2048) 3.532  [2048:4096) 3.604  peak 2713 MB
step  1050  loss 2.4709  bpc 3.565  gn 0.44  25 ms/step
step  1100  loss 2.5098  bpc 3.621  gn 0.30  25 ms/step
step  1150  loss 2.4651  bpc 3.556  gn 0.57  25 ms/step
step  1200  loss 2.4542  bpc 3.541  gn 0.34  25 ms/step
step  1250  loss 2.5131  bpc 3.626  gn 0.33  25 ms/step
step  1300  loss 2.3987  bpc 3.461  gn 0.44  25 ms/step
step  1350  loss 2.4544  bpc 3.541  gn 0.50  25 ms/step
step  1400  loss 2.4234  bpc 3.496  gn 0.46  25 ms/step
step  1450  loss 2.4154  bpc 3.485  gn 0.27  25 ms/step
step  1500  loss 2.3933  bpc 3.453  gn 0.54  25 ms/step
== eval step 1500: val_bpc 3.4651  ppl 11.043  [0:512) 3.468  [512:2048) 3.446  [2048:4096) 3.478  peak 2713 MB
step  1550  loss 2.4396  bpc 3.520  gn 0.37  25 ms/step
step  1600  loss 2.3702  bpc 3.419  gn 0.31  25 ms/step
step  1650  loss 2.2846  bpc 3.296  gn 0.47  25 ms/step
step  1700  loss 2.3649  bpc 3.412  gn 0.29  25 ms/step
step  1750  loss 2.4475  bpc 3.531  gn 0.42  25 ms/step
step  1800  loss 2.4043  bpc 3.469  gn 0.36  25 ms/step
step  1850  loss 2.3484  bpc 3.388  gn 0.32  25 ms/step
step  1900  loss 2.3134  bpc 3.338  gn 0.35  25 ms/step
step  1950  loss 2.2937  bpc 3.309  gn 0.44  25 ms/step
step  2000  loss 2.3106  bpc 3.334  gn 0.47  25 ms/step
== eval step 2000: val_bpc 3.3746  ppl 10.372  [0:512) 3.380  [512:2048) 3.358  [2048:4096) 3.386  peak 2713 MB
step  2050  loss 2.2402  bpc 3.232  gn 0.44  25 ms/step
step  2100  loss 2.3676  bpc 3.416  gn 0.34  25 ms/step
step  2150  loss 2.3254  bpc 3.355  gn 0.43  25 ms/step
step  2200  loss 2.3231  bpc 3.352  gn 0.45  25 ms/step
step  2250  loss 2.2411  bpc 3.233  gn 0.46  25 ms/step
step  2300  loss 2.0887  bpc 3.013  gn 0.34  25 ms/step
step  2350  loss 2.2304  bpc 3.218  gn 0.43  26 ms/step
step  2400  loss 2.2852  bpc 3.297  gn 0.47  25 ms/step
step  2450  loss 2.2814  bpc 3.291  gn 0.49  25 ms/step
step  2500  loss 2.2671  bpc 3.271  gn 0.37  25 ms/step
== eval step 2500: val_bpc 3.3058  ppl 9.889  [0:512) 3.309  [512:2048) 3.286  [2048:4096) 3.320  peak 2713 MB
step  2550  loss 2.2398  bpc 3.231  gn 0.44  25 ms/step
step  2600  loss 2.3776  bpc 3.430  gn 0.49  25 ms/step
step  2650  loss 2.2065  bpc 3.183  gn 0.32  25 ms/step
step  2700  loss 2.1610  bpc 3.118  gn 0.41  25 ms/step
step  2750  loss 2.3094  bpc 3.332  gn 0.49  25 ms/step
step  2800  loss 2.2580  bpc 3.258  gn 0.46  25 ms/step
step  2850  loss 2.2590  bpc 3.259  gn 0.37  25 ms/step
step  2900  loss 2.2553  bpc 3.254  gn 0.41  25 ms/step
step  2950  loss 2.2269  bpc 3.213  gn 0.39  25 ms/step
step  3000  loss 2.3982  bpc 3.460  gn 0.44  25 ms/step
== eval step 3000: val_bpc 3.2865  ppl 9.757  [0:512) 3.286  [512:2048) 3.266  [2048:4096) 3.302  peak 2713 MB
done: {"run": "smat_d2", "arm": "smat", "d": 2, "step": 3000, "train_loss": 2.3981504440307617, "train_loss_med200": 2.2554640769958496, "val_bpc": 3.2864769705358166, "val_ppl": 9.757266076786488, "val_bpc_0_512": 3.285890628726922, "val_bpc_512_2048": 3.265691352672566, "val_bpc_2048_4096": 3.3022127693854766, "grad_norm": 0.43500810861587524, "nonfinite_steps": 0, "ms_per_step": 25.141199588775635, "peak_MB": 2712.53271484375, "params": 4335104, "elapsed_s": 76.36259436607361, "mask_nnz": 4285604, "mask_density": 0.25544190406799316, "mask_n": 2048, "mask_q": 47, "mask_B": 47}
==== arm: --arm smat --d 3   Thu Sep  3 03:36:31 PM CDT 2026 ====
{
 "run": "smat_d3",
 "arm": "smat",
 "d": 3,
 "T": 4096,
 "layers": 4,
 "d_model": 256,
 "heads": 4,
 "r": 64,
 "learn_phi": false,
 "chunk": 128,
 "steps": 3000,
 "nb": 8,
 "lr": 0.001,
 "warmup": 200,
 "wd": 0.1,
 "clip": 1.0,
 "eval_every": 500,
 "val_windows": 128,
 "eval_nb": 8,
 "data": "/u/archerdw/smat_attention/deltaai/data/enwik8",
 "out": "results/lm_T4096_seq.csv",
 "device": "cuda",
 "no_amp": false,
 "seed": 0
}
mask: {'mask_nnz': 4518991, 'mask_density': 0.26935285329818726, 'mask_n': 2048, 'mask_q': 13, 'mask_B': 182}
params: 4,335,104
step    50  loss 3.3090  bpc 4.774  gn 1.29  43 ms/step
step   100  loss 2.7904  bpc 4.026  gn 0.73  38 ms/step
step   150  loss 2.7123  bpc 3.913  gn 0.71  38 ms/step
step   200  loss 2.6336  bpc 3.799  gn 0.49  38 ms/step
step   250  loss 2.6191  bpc 3.779  gn 0.48  38 ms/step
step   300  loss 2.5441  bpc 3.670  gn 0.38  38 ms/step
step   350  loss 2.5362  bpc 3.659  gn 0.41  38 ms/step
step   400  loss 2.6519  bpc 3.826  gn 0.35  38 ms/step
step   450  loss 2.5966  bpc 3.746  gn 0.44  38 ms/step
step   500  loss 2.5808  bpc 3.723  gn 0.43  38 ms/step
== eval step 500: val_bpc 3.7039  ppl 13.031  [0:512) 3.694  [512:2048) 3.706  [2048:4096) 3.705  peak 3796 MB
step   550  loss 2.5797  bpc 3.722  gn 0.30  40 ms/step
step   600  loss 2.5883  bpc 3.734  gn 0.37  38 ms/step
step   650  loss 2.5684  bpc 3.705  gn 0.37  38 ms/step
step   700  loss 2.5543  bpc 3.685  gn 0.40  38 ms/step
step   750  loss 2.5162  bpc 3.630  gn 0.35  38 ms/step
step   800  loss 2.5072  bpc 3.617  gn 0.33  38 ms/step
step   850  loss 2.5113  bpc 3.623  gn 0.31  38 ms/step
step   900  loss 2.4658  bpc 3.557  gn 0.39  38 ms/step
step   950  loss 2.4991  bpc 3.605  gn 0.49  38 ms/step
step  1000  loss 2.4235  bpc 3.496  gn 0.41  38 ms/step
== eval step 1000: val_bpc 3.5859  ppl 12.008  [0:512) 3.563  [512:2048) 3.540  [2048:4096) 3.626  peak 3796 MB
step  1050  loss 2.4785  bpc 3.576  gn 0.36  38 ms/step
step  1100  loss 2.5277  bpc 3.647  gn 0.35  38 ms/step
step  1150  loss 2.4843  bpc 3.584  gn 0.50  38 ms/step
step  1200  loss 2.4617  bpc 3.552  gn 0.33  38 ms/step
step  1250  loss 2.5217  bpc 3.638  gn 0.31  38 ms/step
step  1300  loss 2.4157  bpc 3.485  gn 0.40  38 ms/step
step  1350  loss 2.4696  bpc 3.563  gn 0.33  38 ms/step
step  1400  loss 2.4397  bpc 3.520  gn 0.42  38 ms/step
step  1450  loss 2.4323  bpc 3.509  gn 0.39  38 ms/step
step  1500  loss 2.4230  bpc 3.496  gn 0.44  38 ms/step
== eval step 1500: val_bpc 3.4926  ppl 11.256  [0:512) 3.493  [512:2048) 3.467  [2048:4096) 3.512  peak 3796 MB
step  1550  loss 2.4576  bpc 3.546  gn 0.40  38 ms/step
step  1600  loss 2.3826  bpc 3.437  gn 0.27  38 ms/step
step  1650  loss 2.3097  bpc 3.332  gn 0.37  38 ms/step
step  1700  loss 2.3946  bpc 3.455  gn 0.39  38 ms/step
step  1750  loss 2.4693  bpc 3.562  gn 0.53  38 ms/step
step  1800  loss 2.4327  bpc 3.510  gn 0.37  38 ms/step
step  1850  loss 2.3770  bpc 3.429  gn 0.43  38 ms/step
step  1900  loss 2.3427  bpc 3.380  gn 0.34  38 ms/step
step  1950  loss 2.3255  bpc 3.355  gn 0.45  38 ms/step
step  2000  loss 2.3295  bpc 3.361  gn 0.34  38 ms/step
== eval step 2000: val_bpc 3.4095  ppl 10.626  [0:512) 3.415  [512:2048) 3.393  [2048:4096) 3.420  peak 3796 MB
step  2050  loss 2.2663  bpc 3.270  gn 0.38  38 ms/step
step  2100  loss 2.3931  bpc 3.453  gn 0.33  38 ms/step
step  2150  loss 2.3602  bpc 3.405  gn 0.42  38 ms/step
step  2200  loss 2.3546  bpc 3.397  gn 0.40  38 ms/step
step  2250  loss 2.2747  bpc 3.282  gn 0.45  38 ms/step
step  2300  loss 2.1335  bpc 3.078  gn 0.38  38 ms/step
step  2350  loss 2.2596  bpc 3.260  gn 0.32  38 ms/step
step  2400  loss 2.3233  bpc 3.352  gn 0.48  38 ms/step
step  2450  loss 2.3120  bpc 3.335  gn 0.45  38 ms/step
step  2500  loss 2.3024  bpc 3.322  gn 0.38  38 ms/step
== eval step 2500: val_bpc 3.3491  ppl 10.190  [0:512) 3.351  [512:2048) 3.330  [2048:4096) 3.363  peak 3796 MB
step  2550  loss 2.2726  bpc 3.279  gn 0.41  38 ms/step
step  2600  loss 2.4123  bpc 3.480  gn 0.46  38 ms/step
step  2650  loss 2.2423  bpc 3.235  gn 0.37  38 ms/step
step  2700  loss 2.1974  bpc 3.170  gn 0.40  38 ms/step
step  2750  loss 2.3443  bpc 3.382  gn 0.43  38 ms/step
step  2800  loss 2.2878  bpc 3.301  gn 0.44  38 ms/step
step  2850  loss 2.2877  bpc 3.300  gn 0.32  38 ms/step
step  2900  loss 2.2939  bpc 3.309  gn 0.41  38 ms/step
step  2950  loss 2.2585  bpc 3.258  gn 0.37  38 ms/step
step  3000  loss 2.4250  bpc 3.499  gn 0.48  38 ms/step
== eval step 3000: val_bpc 3.3321  ppl 10.071  [0:512) 3.329  [512:2048) 3.314  [2048:4096) 3.346  peak 3796 MB
done: {"run": "smat_d3", "arm": "smat", "d": 3, "step": 3000, "train_loss": 2.4249770641326904, "train_loss_med200": 2.292065143585205, "val_bpc": 3.332115432282617, "val_ppl": 10.07086314128663, "val_bpc_0_512": 3.328963004220554, "val_bpc_512_2048": 3.3142452805964275, "val_bpc_2048_4096": 3.3463061530627756, "grad_norm": 0.4814049005508423, "nonfinite_steps": 0, "ms_per_step": 38.15792751312256, "peak_MB": 3795.8466796875, "params": 4335104, "elapsed_s": 116.3919506072998, "mask_nnz": 4518991, "mask_density": 0.26935285329818726, "mask_n": 2048, "mask_q": 13, "mask_B": 182}
done: Thu Sep  3 03:38:32 PM CDT 2026
