PyTorch 2.11.0 for DeltaAI (CUDA 13.0, Python 3.12)
Includes: transformers, accelerate, datasets, peft, lightning,
          timm, bitsandbytes, diffusers, mpi4py, tensorboard,
          wandb, jupyter, scipy, scikit-learn, opencv, nvitop
New in this build (sm_90 source builds):
  flash-attn, transformer_engine, xformers, apex, mamba-ssm,
  triton, torch-geometric, cupy-cuda13x, tensorrt, flashinfer
Known: transformer_engine and cupy currently fail at import due to
  a cu13 libcublasLt / cython ABI mismatch on this stack — use the
  other attention paths (flash-attn, xformers) and stock torch CUDA
  until an upstream fix lands.

For documentation and examples:
  https://docs.ncsa.illinois.edu/systems/deltaai/

Run setup-kernel prior to launching OOD job.

Quick start (on a compute node):
  module load python/miniforge3_pytorch/2.11.0
  conda activate base
  python -c "import torch; print(torch.cuda.is_available())"

CUDA extensions: CUDA_HOME, nvcc, and CMAKE_PREFIX_PATH come from the
auto-loaded cuda/13.1.1 module.

A conda environment has been detected
CONDA_PREFIX=/sw/user/python/miniforge3-pytorch-2.5.0 
Consider running 'conda deactivate' before loading this module.
CUDA Toolkit 13.1.1 loaded
Includes GPUDirect Storage (GDS) libraries
Requires NVIDIA driver 590+
Using gcc-native/14 (default in Cray PE 25.09)
host: gh011.hsn.cm.delta.internal.ncsa.edu   started: Thu Sep  3 07:04:37 PM CDT 2026
name, memory.total [MiB], driver_version
NVIDIA GH200 120GB, 97871 MiB, 595.71.05
torch 2.11.0+cu130 cuda True
triton 3.5.1

==== arm: --arm smat --d 1 --decay   Thu Sep  3 07:04:44 PM CDT 2026 ====
{"run": "smat_d1_p16_decay", "arm": "smat", "d": 1, "T": 512, "n_pairs": 16, "n_queries": 16, "n_keys": 128, "ctx_start": 0, "layers": 4, "d_model": 256, "heads": 4, "r": 64, "chunk": 128, "steps": 2500, "nb": 32, "lr": 0.001, "warmup": 200, "eval_every": 500, "eval_n": 256, "qk_norm": true, "short_conv": 3, "triton_bwd": false, "no_amp": false, "phi": "elu1", "decay": true, "oracle_keep": false, "taylor_dim": 16, "pad_noise": false, "out": "results/mqar_T512_decay.csv", "device": "cuda", "seed": 0}
mask n=256: pairs occupy [0,32), queries in [256,512)
step   100  loss 4.9157  40 ms/step
step   200  loss 4.9334  32 ms/step
step   300  loss 4.8681  32 ms/step
step   400  loss 4.9071  32 ms/step
step   500  loss 4.8656  32 ms/step
== eval step 500: acc 0.009  nll 4.873  noise share of normaliser per layer [0.878 0.889 0.890 0.890]
step   600  loss 4.8605  32 ms/step
step   700  loss 4.8705  32 ms/step
step   800  loss 4.8089  32 ms/step
step   900  loss 4.8227  32 ms/step
step  1000  loss 4.8183  32 ms/step
== eval step 1000: acc 0.011  nll 4.828  noise share of normaliser per layer [0.785 0.855 0.889 0.894]
step  1100  loss 4.8071  32 ms/step
step  1200  loss 4.8184  32 ms/step
step  1300  loss 4.7923  32 ms/step
step  1400  loss 4.8129  32 ms/step
step  1500  loss 4.8067  32 ms/step
== eval step 1500: acc 0.013  nll 4.801  noise share of normaliser per layer [0.762 0.876 0.878 0.902]
step  1600  loss 4.8312  32 ms/step
step  1700  loss 4.7975  32 ms/step
step  1800  loss 4.7817  32 ms/step
step  1900  loss 4.7957  32 ms/step
step  2000  loss 4.7886  32 ms/step
== eval step 2000: acc 0.017  nll 4.807  noise share of normaliser per layer [0.757 0.884 0.885 0.901]
step  2100  loss 4.7962  32 ms/step
step  2200  loss 4.7944  32 ms/step
step  2300  loss 4.7806  32 ms/step
step  2400  loss 4.8045  32 ms/step
step  2500  loss 4.7908  32 ms/step
== eval step 2500: acc 0.012  nll 4.794  noise share of normaliser per layer [0.753 0.884 0.883 0.906]
done: {"run": "smat_d1_p16_decay", "arm": "smat", "d": 1, "n_pairs": 16, "n_queries": 16, "n_keys": 128, "step": 2500, "train_loss": 4.790825843811035, "acc": 0.01171875, "nll": 4.794350057840347, "noise_share": "0.753 0.884 0.883 0.906", "ms_per_step": 32.23404836654663, "elapsed_s": 81.98508381843567}
==== arm: --arm smat --d 2 --decay   Thu Sep  3 07:06:12 PM CDT 2026 ====
usage: mqar_lm.py [-h] --arm {softmax,smat} [--d D] [--T T]
                  [--n-pairs N_PAIRS] [--n-queries N_QUERIES]
                  [--n-keys N_KEYS] [--ctx-start CTX_START] [--layers LAYERS]
                  [--d-model D_MODEL] [--heads HEADS] [--r R] [--chunk CHUNK]
                  [--steps STEPS] [--nb NB] [--lr LR] [--warmup WARMUP]
                  [--eval-every EVAL_EVERY] [--eval-n EVAL_N] [--qk-norm]
                  [--short-conv SHORT_CONV] [--triton-bwd] [--no-amp]
                  [--phi {elu1,taylor}] [--decay {off,on,coupled}]
                  [--oracle-keep] [--taylor-dim TAYLOR_DIM] [--pad-noise]
                  [--out OUT] [--device DEVICE] [--seed SEED]
mqar_lm.py: error: argument --decay: expected one argument
done: Thu Sep  3 07:06:14 PM CDT 2026
