PyTorch 2.11.0 for DeltaAI (CUDA 13.0, Python 3.12)
Includes: transformers, accelerate, datasets, peft, lightning,
          timm, bitsandbytes, diffusers, mpi4py, tensorboard,
          wandb, jupyter, scipy, scikit-learn, opencv, nvitop
New in this build (sm_90 source builds):
  flash-attn, transformer_engine, xformers, apex, mamba-ssm,
  triton, torch-geometric, cupy-cuda13x, tensorrt, flashinfer
Known: transformer_engine and cupy currently fail at import due to
  a cu13 libcublasLt / cython ABI mismatch on this stack — use the
  other attention paths (flash-attn, xformers) and stock torch CUDA
  until an upstream fix lands.

For documentation and examples:
  https://docs.ncsa.illinois.edu/systems/deltaai/

Run setup-kernel prior to launching OOD job.

Quick start (on a compute node):
  module load python/miniforge3_pytorch/2.11.0
  conda activate base
  python -c "import torch; print(torch.cuda.is_available())"

CUDA extensions: CUDA_HOME, nvcc, and CMAKE_PREFIX_PATH come from the
auto-loaded cuda/13.1.1 module.

A conda environment has been detected
CONDA_PREFIX=/sw/user/python/miniforge3-pytorch-2.5.0 
Consider running 'conda deactivate' before loading this module.
CUDA Toolkit 13.1.1 loaded
Includes GPUDirect Storage (GDS) libraries
Requires NVIDIA driver 590+
Using gcc-native/14 (default in Cray PE 25.09)
host: gh064.hsn.cm.delta.internal.ncsa.edu   started: Thu Sep  3 06:08:55 PM CDT 2026
name, memory.total [MiB], driver_version
NVIDIA GH200 120GB, 97871 MiB, 595.71.05
torch 2.11.0+cu130 cuda True
triton 3.5.1

==== arm: --arm softmax   Thu Sep  3 06:08:58 PM CDT 2026 ====
{"run": "softmax_p16", "arm": "softmax", "d": 1, "T": 512, "n_pairs": 16, "n_queries": 16, "n_keys": 128, "ctx_start": 0, "layers": 4, "d_model": 256, "heads": 4, "r": 64, "chunk": 128, "steps": 2500, "nb": 32, "lr": 0.001, "warmup": 200, "eval_every": 500, "eval_n": 256, "qk_norm": true, "short_conv": 3, "triton_bwd": true, "no_amp": false, "pad_noise": false, "out": "results/mqar_T512.csv", "device": "cuda", "seed": 0}
step   100  loss 4.9107  16 ms/step
step   200  loss 4.9284  13 ms/step
step   300  loss 4.8646  13 ms/step
step   400  loss 4.8971  13 ms/step
step   500  loss 4.8604  13 ms/step
== eval step 500: acc 0.009  nll 4.871
step   600  loss 4.8504  13 ms/step
step   700  loss 4.8656  13 ms/step
step   800  loss 4.8026  13 ms/step
step   900  loss 3.5928  13 ms/step
step  1000  loss 1.4815  13 ms/step
== eval step 1000: acc 0.737  nll 1.468
step  1100  loss 0.2908  13 ms/step
step  1200  loss 0.0181  13 ms/step
step  1300  loss 0.0137  13 ms/step
step  1400  loss 0.0013  13 ms/step
step  1500  loss 0.0011  13 ms/step
== eval step 1500: acc 1.000  nll 0.001
step  1600  loss 0.0005  13 ms/step
step  1700  loss 0.0002  13 ms/step
step  1800  loss 0.0000  13 ms/step
step  1900  loss 0.0003  13 ms/step
step  2000  loss 0.0000  13 ms/step
== eval step 2000: acc 1.000  nll 0.000
step  2100  loss 0.0000  13 ms/step
step  2200  loss 0.0000  13 ms/step
step  2300  loss 0.0000  13 ms/step
step  2400  loss 0.0000  13 ms/step
step  2500  loss 0.0000  13 ms/step
== eval step 2500: acc 1.000  nll 0.000
done: {"run": "softmax_p16", "arm": "softmax", "d": "", "n_pairs": 16, "n_queries": 16, "n_keys": 128, "step": 2500, "train_loss": 1.25449048482551e-06, "acc": 1.0, "nll": 1.2446534967125444e-06, "ms_per_step": 12.807526111602783, "elapsed_s": 32.67222285270691}
==== arm: --arm smat --d 1   Thu Sep  3 06:09:35 PM CDT 2026 ====
{"run": "smat_d1_p16", "arm": "smat", "d": 1, "T": 512, "n_pairs": 16, "n_queries": 16, "n_keys": 128, "ctx_start": 0, "layers": 4, "d_model": 256, "heads": 4, "r": 64, "chunk": 128, "steps": 2500, "nb": 32, "lr": 0.001, "warmup": 200, "eval_every": 500, "eval_n": 256, "qk_norm": true, "short_conv": 3, "triton_bwd": true, "no_amp": false, "pad_noise": false, "out": "results/mqar_T512.csv", "device": "cuda", "seed": 0}
mask n=256: pairs occupy [0,32), queries in [256,512)
step   100  loss 4.9083  28 ms/step
step   200  loss 4.9183  21 ms/step
step   300  loss 4.8538  21 ms/step
step   400  loss 4.8944  21 ms/step
step   500  loss 4.8403  21 ms/step
== eval step 500: acc 0.012  nll 4.846
step   600  loss 4.8163  22 ms/step
step   700  loss 4.8569  22 ms/step
step   800  loss 4.8050  22 ms/step
step   900  loss 4.7832  22 ms/step
step  1000  loss 4.8064  22 ms/step
== eval step 1000: acc 0.012  nll 4.811
step  1100  loss 4.8063  22 ms/step
step  1200  loss 4.7996  22 ms/step
step  1300  loss 4.7768  21 ms/step
step  1400  loss 4.8035  22 ms/step
step  1500  loss 4.8096  22 ms/step
== eval step 1500: acc 0.014  nll 4.801
step  1600  loss 4.8334  22 ms/step
step  1700  loss 4.7850  22 ms/step
step  1800  loss 4.7824  22 ms/step
step  1900  loss 4.8157  22 ms/step
step  2000  loss 4.7994  21 ms/step
== eval step 2000: acc 0.015  nll 4.809
step  2100  loss 4.7839  21 ms/step
step  2200  loss 4.8220  22 ms/step
step  2300  loss 4.7952  21 ms/step
step  2400  loss 4.8426  21 ms/step
step  2500  loss 4.7932  21 ms/step
== eval step 2500: acc 0.013  nll 4.794
done: {"run": "smat_d1_p16", "arm": "smat", "d": 1, "n_pairs": 16, "n_queries": 16, "n_keys": 128, "step": 2500, "train_loss": 4.793245315551758, "acc": 0.012939453125, "nll": 4.7942885756492615, "ms_per_step": 21.46926498413086, "elapsed_s": 55.09240102767944}
==== arm: --arm smat --d 2   Thu Sep  3 06:10:34 PM CDT 2026 ====
{"run": "smat_d2_p16", "arm": "smat", "d": 2, "T": 512, "n_pairs": 16, "n_queries": 16, "n_keys": 128, "ctx_start": 0, "layers": 4, "d_model": 256, "heads": 4, "r": 64, "chunk": 128, "steps": 2500, "nb": 32, "lr": 0.001, "warmup": 200, "eval_every": 500, "eval_n": 256, "qk_norm": true, "short_conv": 3, "triton_bwd": true, "no_amp": false, "pad_noise": false, "out": "results/mqar_T512.csv", "device": "cuda", "seed": 0}
mask n=256: pairs occupy [0,32), queries in [256,512)
step   100  loss 4.9074  32 ms/step
step   200  loss 4.9258  24 ms/step
step   300  loss 4.8641  24 ms/step
step   400  loss 4.9000  24 ms/step
step   500  loss 4.8583  24 ms/step
== eval step 500: acc 0.009  nll 4.872
step   600  loss 4.8610  24 ms/step
step   700  loss 4.8723  24 ms/step
step   800  loss 4.8457  24 ms/step
step   900  loss 4.8555  24 ms/step
step  1000  loss 4.8636  24 ms/step
== eval step 1000: acc 0.007  nll 4.857
step  1100  loss 4.8533  25 ms/step
step  1200  loss 4.8614  24 ms/step
step  1300  loss 4.8534  24 ms/step
step  1400  loss 4.8522  24 ms/step
step  1500  loss 4.8484  24 ms/step
== eval step 1500: acc 0.006  nll 4.856
step  1600  loss 4.8704  25 ms/step
step  1700  loss 4.8499  24 ms/step
step  1800  loss 4.8496  24 ms/step
step  1900  loss 4.8544  24 ms/step
step  2000  loss 4.8520  24 ms/step
== eval step 2000: acc 0.010  nll 4.851
step  2100  loss 4.8505  24 ms/step
step  2200  loss 4.8572  24 ms/step
step  2300  loss 4.8510  24 ms/step
step  2400  loss 4.8534  24 ms/step
step  2500  loss 4.8495  24 ms/step
== eval step 2500: acc 0.011  nll 4.852
done: {"run": "smat_d2_p16", "arm": "smat", "d": 2, "n_pairs": 16, "n_queries": 16, "n_keys": 128, "step": 2500, "train_loss": 4.8495025634765625, "acc": 0.010986328125, "nll": 4.852202743291855, "ms_per_step": 24.39382028579712, "elapsed_s": 62.39120888710022}
==== arm: --arm smat --d 3   Thu Sep  3 06:11:41 PM CDT 2026 ====
{"run": "smat_d3_p16", "arm": "smat", "d": 3, "T": 512, "n_pairs": 16, "n_queries": 16, "n_keys": 128, "ctx_start": 0, "layers": 4, "d_model": 256, "heads": 4, "r": 64, "chunk": 128, "steps": 2500, "nb": 32, "lr": 0.001, "warmup": 200, "eval_every": 500, "eval_n": 256, "qk_norm": true, "short_conv": 3, "triton_bwd": true, "no_amp": false, "pad_noise": false, "out": "results/mqar_T512.csv", "device": "cuda", "seed": 0}
mask n=256: pairs occupy [0,32), queries in [256,512)
step   100  loss 4.9068  40 ms/step
step   200  loss 4.9284  29 ms/step
step   300  loss 4.8336  29 ms/step
step   400  loss 4.8832  29 ms/step
step   500  loss 4.8060  29 ms/step
== eval step 500: acc 0.008  nll 4.852
step   600  loss 4.8279  29 ms/step
step   700  loss 4.8261  29 ms/step
step   800  loss 4.8168  29 ms/step
step   900  loss 4.8114  29 ms/step
step  1000  loss 4.8091  29 ms/step
== eval step 1000: acc 0.012  nll 4.805
step  1100  loss 4.8365  29 ms/step
step  1200  loss 4.7949  29 ms/step
step  1300  loss 4.8244  29 ms/step
step  1400  loss 4.7975  29 ms/step
step  1500  loss 4.7629  29 ms/step
== eval step 1500: acc 0.012  nll 4.816
step  1600  loss 4.8374  29 ms/step
step  1700  loss 4.8010  29 ms/step
step  1800  loss 4.7826  29 ms/step
step  1900  loss 4.8124  29 ms/step
step  2000  loss 4.7986  29 ms/step
== eval step 2000: acc 0.015  nll 4.790
step  2100  loss 4.8041  29 ms/step
step  2200  loss 4.7784  29 ms/step
step  2300  loss 4.8159  29 ms/step
step  2400  loss 4.7604  29 ms/step
step  2500  loss 4.8245  29 ms/step
== eval step 2500: acc 0.015  nll 4.794
done: {"run": "smat_d3_p16", "arm": "smat", "d": 3, "n_pairs": 16, "n_queries": 16, "n_keys": 128, "step": 2500, "train_loss": 4.824511528015137, "acc": 0.014892578125, "nll": 4.79387104511261, "ms_per_step": 29.275031566619873, "elapsed_s": 74.81751346588135}
done: Thu Sep  3 06:13:01 PM CDT 2026
