PyTorch 2.11.0 for DeltaAI (CUDA 13.0, Python 3.12)
Includes: transformers, accelerate, datasets, peft, lightning,
          timm, bitsandbytes, diffusers, mpi4py, tensorboard,
          wandb, jupyter, scipy, scikit-learn, opencv, nvitop
New in this build (sm_90 source builds):
  flash-attn, transformer_engine, xformers, apex, mamba-ssm,
  triton, torch-geometric, cupy-cuda13x, tensorrt, flashinfer
Known: transformer_engine and cupy currently fail at import due to
  a cu13 libcublasLt / cython ABI mismatch on this stack — use the
  other attention paths (flash-attn, xformers) and stock torch CUDA
  until an upstream fix lands.

For documentation and examples:
  https://docs.ncsa.illinois.edu/systems/deltaai/

Run setup-kernel prior to launching OOD job.

Quick start (on a compute node):
  module load python/miniforge3_pytorch/2.11.0
  conda activate base
  python -c "import torch; print(torch.cuda.is_available())"

CUDA extensions: CUDA_HOME, nvcc, and CMAKE_PREFIX_PATH come from the
auto-loaded cuda/13.1.1 module.

A conda environment has been detected
CONDA_PREFIX=/sw/user/python/miniforge3-pytorch-2.5.0 
Consider running 'conda deactivate' before loading this module.
CUDA Toolkit 13.1.1 loaded
Includes GPUDirect Storage (GDS) libraries
Requires NVIDIA driver 590+
Using gcc-native/14 (default in Cray PE 25.09)
host: gh064.hsn.cm.delta.internal.ncsa.edu   started: Thu Sep  3 05:49:15 PM CDT 2026
name, memory.total [MiB], driver_version
NVIDIA GH200 120GB, 97871 MiB, 595.71.05
torch 2.11.0+cu130 cuda True
triton 3.5.1

==== arm: --arm softmax   Thu Sep  3 05:49:23 PM CDT 2026 ====
{"run": "softmax_p64", "arm": "softmax", "d": 1, "T": 4096, "n_pairs": 64, "n_queries": 32, "n_keys": 512, "ctx_start": 0, "layers": 4, "d_model": 256, "heads": 4, "r": 64, "chunk": 128, "steps": 4000, "nb": 32, "lr": 0.001, "warmup": 200, "eval_every": 500, "eval_n": 256, "qk_norm": true, "triton_bwd": true, "out": "results/mqar_T4096.csv", "device": "cuda", "seed": 0}
step   100  loss 6.2860  56 ms/step
step   200  loss 6.2626  46 ms/step
step   300  loss 6.2837  46 ms/step
step   400  loss 6.2687  46 ms/step
step   500  loss 6.2526  46 ms/step
== eval step 500: acc 0.002  nll 6.250
step   600  loss 6.2561  46 ms/step
step   700  loss 6.2485  46 ms/step
step   800  loss 6.2417  46 ms/step
step   900  loss 6.2467  46 ms/step
step  1000  loss 6.2407  46 ms/step
== eval step 1000: acc 0.002  nll 6.244
step  1100  loss 6.2385  46 ms/step
step  1200  loss 6.2423  46 ms/step
step  1300  loss 6.2397  46 ms/step
step  1400  loss 6.2407  46 ms/step
step  1500  loss 6.2365  46 ms/step
== eval step 1500: acc 0.001  nll 6.240
step  1600  loss 6.2415  46 ms/step
step  1700  loss 6.2392  46 ms/step
step  1800  loss 6.2413  46 ms/step
step  1900  loss 6.2396  46 ms/step
step  2000  loss 6.2364  46 ms/step
== eval step 2000: acc 0.003  nll 6.241
step  2100  loss 6.2372  46 ms/step
step  2200  loss 6.2357  46 ms/step
step  2300  loss 6.2433  46 ms/step
step  2400  loss 6.2425  46 ms/step
step  2500  loss 6.2376  46 ms/step
== eval step 2500: acc 0.004  nll 6.239
step  2600  loss 6.2399  46 ms/step
step  2700  loss 6.2394  46 ms/step
step  2800  loss 6.2396  46 ms/step
step  2900  loss 6.2372  46 ms/step
step  3000  loss 6.2399  46 ms/step
== eval step 3000: acc 0.001  nll 6.239
step  3100  loss 6.2397  46 ms/step
step  3200  loss 6.2393  46 ms/step
step  3300  loss 6.2367  46 ms/step
step  3400  loss 6.2382  46 ms/step
step  3500  loss 6.2381  46 ms/step
== eval step 3500: acc 0.002  nll 6.239
step  3600  loss 6.2391  46 ms/step
step  3700  loss 6.2392  46 ms/step
step  3800  loss 6.2392  46 ms/step
step  3900  loss 6.2394  46 ms/step
step  4000  loss 6.2386  46 ms/step
== eval step 4000: acc 0.002  nll 6.239
done: {"run": "softmax_p64", "arm": "softmax", "d": "", "n_pairs": 64, "n_queries": 32, "n_keys": 512, "step": 4000, "train_loss": 6.238649368286133, "acc": 0.0020751953125, "nll": 6.238900035619736, "ms_per_step": 45.905659675598145, "elapsed_s": 185.97891068458557}
==== arm: --arm smat --d 1   Thu Sep  3 05:52:36 PM CDT 2026 ====
{"run": "smat_d1_p64", "arm": "smat", "d": 1, "T": 4096, "n_pairs": 64, "n_queries": 32, "n_keys": 512, "ctx_start": 0, "layers": 4, "d_model": 256, "heads": 4, "r": 64, "chunk": 128, "steps": 4000, "nb": 32, "lr": 0.001, "warmup": 200, "eval_every": 500, "eval_n": 256, "qk_norm": true, "triton_bwd": true, "out": "results/mqar_T4096.csv", "device": "cuda", "seed": 0}
mask n=2048: pairs occupy [0,128), queries in [2048,4096)
step   100  loss 6.2864  84 ms/step
step   200  loss 6.2652  71 ms/step
step   300  loss 6.2932  71 ms/step
step   400  loss 6.2690  71 ms/step
step   500  loss 6.2533  71 ms/step
== eval step 500: acc 0.002  nll 6.251
step   600  loss 6.2508  71 ms/step
step   700  loss 6.2487  71 ms/step
step   800  loss 6.2438  71 ms/step
step   900  loss 6.2471  71 ms/step
step  1000  loss 6.2405  71 ms/step
== eval step 1000: acc 0.002  nll 6.244
step  1100  loss 6.2379  71 ms/step
step  1200  loss 6.2441  71 ms/step
step  1300  loss 6.2399  71 ms/step
step  1400  loss 6.2405  71 ms/step
[2026-09-03T17:54:26.299] error: *** JOB 3079280 ON gh064 CANCELLED AT 2026-09-03T17:54:26 DUE to SIGNAL Terminated ***
