PyTorch 2.11.0 for DeltaAI (CUDA 13.0, Python 3.12)
Includes: transformers, accelerate, datasets, peft, lightning,
          timm, bitsandbytes, diffusers, mpi4py, tensorboard,
          wandb, jupyter, scipy, scikit-learn, opencv, nvitop
New in this build (sm_90 source builds):
  flash-attn, transformer_engine, xformers, apex, mamba-ssm,
  triton, torch-geometric, cupy-cuda13x, tensorrt, flashinfer
Known: transformer_engine and cupy currently fail at import due to
  a cu13 libcublasLt / cython ABI mismatch on this stack — use the
  other attention paths (flash-attn, xformers) and stock torch CUDA
  until an upstream fix lands.

For documentation and examples:
  https://docs.ncsa.illinois.edu/systems/deltaai/

Run setup-kernel prior to launching OOD job.

Quick start (on a compute node):
  module load python/miniforge3_pytorch/2.11.0
  conda activate base
  python -c "import torch; print(torch.cuda.is_available())"

CUDA extensions: CUDA_HOME, nvcc, and CMAKE_PREFIX_PATH come from the
auto-loaded cuda/13.1.1 module.

A conda environment has been detected
CONDA_PREFIX=/sw/user/python/miniforge3-pytorch-2.5.0 
Consider running 'conda deactivate' before loading this module.
CUDA Toolkit 13.1.1 loaded
Includes GPUDirect Storage (GDS) libraries
Requires NVIDIA driver 590+
Using gcc-native/14 (default in Cray PE 25.09)
host: gh064.hsn.cm.delta.internal.ncsa.edu   started: Thu Sep  3 05:54:35 PM CDT 2026
name, memory.total [MiB], driver_version
NVIDIA GH200 120GB, 97871 MiB, 595.71.05
torch 2.11.0+cu130 cuda True
triton 3.5.1

==== arm: --arm softmax   Thu Sep  3 05:54:38 PM CDT 2026 ====
{"run": "softmax_p64", "arm": "softmax", "d": 1, "T": 4096, "n_pairs": 64, "n_queries": 32, "n_keys": 512, "ctx_start": 0, "layers": 4, "d_model": 256, "heads": 4, "r": 64, "chunk": 128, "steps": 4000, "nb": 32, "lr": 0.001, "warmup": 200, "eval_every": 500, "eval_n": 256, "qk_norm": true, "short_conv": 3, "triton_bwd": true, "out": "results/mqar_T4096.csv", "device": "cuda", "seed": 0}
step   100  loss 6.2850  60 ms/step
step   200  loss 6.2645  57 ms/step
step   300  loss 6.2786  57 ms/step
step   400  loss 6.2602  57 ms/step
step   500  loss 6.2486  57 ms/step
== eval step 500: acc 0.001  nll 6.249
step   600  loss 6.2517  57 ms/step
step   700  loss 6.2472  57 ms/step
step   800  loss 6.2431  57 ms/step
step   900  loss 6.2496  57 ms/step
step  1000  loss 6.2405  57 ms/step
== eval step 1000: acc 0.001  nll 6.245
step  1100  loss 6.2400  57 ms/step
step  1200  loss 6.2465  57 ms/step
step  1300  loss 6.2404  57 ms/step
step  1400  loss 6.2391  57 ms/step
step  1500  loss 6.2365  57 ms/step
== eval step 1500: acc 0.001  nll 6.240
step  1600  loss 6.2427  57 ms/step
step  1700  loss 6.2386  87 ms/step
step  1800  loss 6.2417  122 ms/step
step  1900  loss 6.2400  122 ms/step
step  2000  loss 6.2364  122 ms/step
== eval step 2000: acc 0.003  nll 6.240
step  2100  loss 6.2374  120 ms/step
step  2200  loss 6.2355  120 ms/step
step  2300  loss 6.2433  120 ms/step
step  2400  loss 6.2429  120 ms/step
step  2500  loss 6.2373  91 ms/step
== eval step 2500: acc 0.003  nll 6.239
step  2600  loss 6.2394  95 ms/step
step  2700  loss 6.2395  121 ms/step
step  2800  loss 6.2398  121 ms/step
step  2900  loss 6.2367  120 ms/step
step  3000  loss 6.2399  121 ms/step
== eval step 3000: acc 0.001  nll 6.239
step  3100  loss 6.2400  121 ms/step
step  3200  loss 6.2394  84 ms/step
step  3300  loss 6.2366  57 ms/step
step  3400  loss 6.2384  57 ms/step
step  3500  loss 6.2378  57 ms/step
== eval step 3500: acc 0.002  nll 6.239
step  3600  loss 6.2389  108 ms/step
step  3700  loss 6.2391  73 ms/step
step  3800  loss 6.2392  119 ms/step
step  3900  loss 6.2391  121 ms/step
step  4000  loss 6.2388  120 ms/step
== eval step 4000: acc 0.002  nll 6.239
done: {"run": "softmax_p64", "arm": "softmax", "d": "", "n_pairs": 64, "n_queries": 32, "n_keys": 512, "step": 4000, "train_loss": 6.238792419433594, "acc": 0.0020751953125, "nll": 6.238819122314453, "ms_per_step": 108.1194257736206, "elapsed_s": 345.2544209957123}
==== arm: --arm smat --d 1   Thu Sep  3 06:00:27 PM CDT 2026 ====
{"run": "smat_d1_p64", "arm": "smat", "d": 1, "T": 4096, "n_pairs": 64, "n_queries": 32, "n_keys": 512, "ctx_start": 0, "layers": 4, "d_model": 256, "heads": 4, "r": 64, "chunk": 128, "steps": 4000, "nb": 32, "lr": 0.001, "warmup": 200, "eval_every": 500, "eval_n": 256, "qk_norm": true, "short_conv": 3, "triton_bwd": true, "out": "results/mqar_T4096.csv", "device": "cuda", "seed": 0}
mask n=2048: pairs occupy [0,128), queries in [2048,4096)
step   100  loss 6.2854  182 ms/step
step   200  loss 6.2661  124 ms/step
step   300  loss 6.2797  165 ms/step
step   400  loss 6.2580  86 ms/step
step   500  loss 6.2494  81 ms/step
== eval step 500: acc 0.002  nll 6.248
step   600  loss 6.2522  92 ms/step
step   700  loss 6.2468  100 ms/step
step   800  loss 6.2430  104 ms/step
step   900  loss 6.2476  129 ms/step
step  1000  loss 6.2409  102 ms/step
== eval step 1000: acc 0.001  nll 6.245
step  1100  loss 6.2401  81 ms/step
step  1200  loss 6.2436  82 ms/step
step  1300  loss 6.2406  81 ms/step
step  1400  loss 6.2402  134 ms/step
step  1500  loss 6.2362  174 ms/step
== eval step 1500: acc 0.001  nll 6.240
step  1600  loss 6.2426  173 ms/step
step  1700  loss 6.2395  174 ms/step
step  1800  loss 6.2422  173 ms/step
step  1900  loss 6.2329  174 ms/step
step  2000  loss 6.2302  121 ms/step
== eval step 2000: acc 0.002  nll 6.236
step  2100  loss 6.2397  175 ms/step
step  2200  loss 6.2273  175 ms/step
step  2300  loss 6.2359  174 ms/step
step  2400  loss 6.2377  175 ms/step
step  2500  loss 6.2447  174 ms/step
== eval step 2500: acc 0.003  nll 6.231
step  2600  loss 6.2315  175 ms/step
step  2700  loss 6.2355  109 ms/step
step  2800  loss 6.2352  81 ms/step
step  2900  loss 6.2279  81 ms/step
step  3000  loss 6.2363  99 ms/step
== eval step 3000: acc 0.003  nll 6.231
step  3100  loss 6.2326  155 ms/step
step  3200  loss 6.2235  126 ms/step
step  3300  loss 6.2305  148 ms/step
step  3400  loss 6.2262  152 ms/step
step  3500  loss 6.2297  81 ms/step
== eval step 3500: acc 0.003  nll 6.225
step  3600  loss 6.2344  81 ms/step
[2026-09-03T18:08:25.608] error: *** JOB 3079295 ON gh064 CANCELLED AT 2026-09-03T18:08:25 DUE to SIGNAL Terminated ***
