PyTorch 2.11.0 for DeltaAI (CUDA 13.0, Python 3.12)
Includes: transformers, accelerate, datasets, peft, lightning,
          timm, bitsandbytes, diffusers, mpi4py, tensorboard,
          wandb, jupyter, scipy, scikit-learn, opencv, nvitop
New in this build (sm_90 source builds):
  flash-attn, transformer_engine, xformers, apex, mamba-ssm,
  triton, torch-geometric, cupy-cuda13x, tensorrt, flashinfer
Known: transformer_engine and cupy currently fail at import due to
  a cu13 libcublasLt / cython ABI mismatch on this stack — use the
  other attention paths (flash-attn, xformers) and stock torch CUDA
  until an upstream fix lands.

For documentation and examples:
  https://docs.ncsa.illinois.edu/systems/deltaai/

Run setup-kernel prior to launching OOD job.

Quick start (on a compute node):
  module load python/miniforge3_pytorch/2.11.0
  conda activate base
  python -c "import torch; print(torch.cuda.is_available())"

CUDA extensions: CUDA_HOME, nvcc, and CMAKE_PREFIX_PATH come from the
auto-loaded cuda/13.1.1 module.

host: gh150.hsn.cm.delta.internal.ncsa.edu   started: Thu Sep  3 06:50:54 PM CDT 2026
name, memory.total [MiB], driver_version
NVIDIA GH200 120GB, 97871 MiB, 595.71.05
torch 2.11.0+cu130 cuda True
triton 3.5.1

==== arm: --arm smat --d 1 --phi taylor   Thu Sep  3 06:51:04 PM CDT 2026 ====
{"run": "smat_d1_p16_taylor16", "arm": "smat", "d": 1, "T": 512, "n_pairs": 16, "n_queries": 16, "n_keys": 128, "ctx_start": 0, "layers": 4, "d_model": 256, "heads": 4, "r": 64, "chunk": 128, "steps": 2500, "nb": 32, "lr": 0.001, "warmup": 200, "eval_every": 500, "eval_n": 256, "qk_norm": true, "short_conv": 3, "triton_bwd": false, "no_amp": false, "phi": "taylor", "taylor_dim": 16, "pad_noise": false, "out": "results/mqar_T512.csv", "device": "cuda", "seed": 0}
mask n=256: pairs occupy [0,32), queries in [256,512)
step   100  loss 4.9142  39 ms/step
step   200  loss 4.9023  31 ms/step
step   300  loss 4.8343  30 ms/step
step   400  loss 4.8507  31 ms/step
step   500  loss 4.7965  31 ms/step
== eval step 500: acc 0.015  nll 4.800
step   600  loss 4.7912  31 ms/step
step   700  loss 4.7599  31 ms/step
step   800  loss 4.7594  32 ms/step
step   900  loss 4.7867  31 ms/step
step  1000  loss 4.7831  32 ms/step
== eval step 1000: acc 0.018  nll 4.763
step  1100  loss 4.7480  31 ms/step
step  1200  loss 4.7032  31 ms/step
step  1300  loss 4.7386  32 ms/step
step  1400  loss 4.7609  31 ms/step
step  1500  loss 4.7462  31 ms/step
== eval step 1500: acc 0.019  nll 4.754
step  1600  loss 4.7778  31 ms/step
step  1700  loss 4.7116  31 ms/step
step  1800  loss 4.7622  32 ms/step
step  1900  loss 4.7408  31 ms/step
step  2000  loss 4.7546  31 ms/step
== eval step 2000: acc 0.020  nll 4.726
step  2100  loss 4.7840  32 ms/step
step  2200  loss 4.7712  31 ms/step
step  2300  loss 4.7079  31 ms/step
step  2400  loss 4.7267  30 ms/step
step  2500  loss 4.7122  30 ms/step
== eval step 2500: acc 0.017  nll 4.740
done: {"run": "smat_d1_p16_taylor16", "arm": "smat", "d": 1, "n_pairs": 16, "n_queries": 16, "n_keys": 128, "step": 2500, "train_loss": 4.712203502655029, "acc": 0.016845703125, "nll": 4.739573687314987, "ms_per_step": 30.9765567779541, "elapsed_s": 79.29034185409546}
done: Thu Sep  3 06:52:30 PM CDT 2026
