PyTorch 2.11.0 for DeltaAI (CUDA 13.0, Python 3.12)
Includes: transformers, accelerate, datasets, peft, lightning,
          timm, bitsandbytes, diffusers, mpi4py, tensorboard,
          wandb, jupyter, scipy, scikit-learn, opencv, nvitop
New in this build (sm_90 source builds):
  flash-attn, transformer_engine, xformers, apex, mamba-ssm,
  triton, torch-geometric, cupy-cuda13x, tensorrt, flashinfer
Known: transformer_engine and cupy currently fail at import due to
  a cu13 libcublasLt / cython ABI mismatch on this stack — use the
  other attention paths (flash-attn, xformers) and stock torch CUDA
  until an upstream fix lands.

For documentation and examples:
  https://docs.ncsa.illinois.edu/systems/deltaai/

Run setup-kernel prior to launching OOD job.

Quick start (on a compute node):
  module load python/miniforge3_pytorch/2.11.0
  conda activate base
  python -c "import torch; print(torch.cuda.is_available())"

CUDA extensions: CUDA_HOME, nvcc, and CMAKE_PREFIX_PATH come from the
auto-loaded cuda/13.1.1 module.

host: gh017.hsn.cm.delta.internal.ncsa.edu   started: Thu Sep  3 07:25:57 PM CDT 2026
name, memory.total [MiB], driver_version
NVIDIA GH200 120GB, 97871 MiB, 595.71.05
torch 2.11.0+cu130 cuda True
triton 3.5.1

==== T=64 pairs=4   arm: --arm softmax   Thu Sep  3 07:26:01 PM CDT 2026 ====
{"run": "softmax_T64_p4_zoo_decaymamba2", "arm": "softmax", "d": 1, "T": 64, "n_pairs": 4, "n_queries": 64, "n_keys": 2048, "ctx_start": 0, "layers": 2, "d_model": 256, "heads": 4, "r": 64, "chunk": 16, "steps": 8000, "nb": 64, "lr": 0.001, "warmup": 200, "eval_every": 2000, "eval_n": 512, "qk_norm": true, "short_conv": 3, "triton_bwd": false, "no_amp": false, "phi": "elu1", "decay": "mamba2", "dt_min": 0.1, "dt_max": 1.0, "gate_wd": 0.0, "gate_lr_mult": 1.0, "wd": 0.1, "tag": "", "zoology": true, "vocab": 8192, "oracle_keep": false, "taylor_dim": 16, "pad_noise": false, "out": "results/mqar_zoology.csv", "device": "cuda", "seed": 0}
gate params: 2064  (wd 0.0, lr x1.0, dt init [0.1, 1.0])
step   100  loss 8.4762  20 ms/step
step   200  loss 8.0626  9 ms/step
step   300  loss 6.5225  9 ms/step
step   400  loss 1.8655  9 ms/step
step   500  loss 0.2286  9 ms/step
step   600  loss 0.0137  9 ms/step
step   700  loss 0.0169  9 ms/step
step   800  loss 0.0042  9 ms/step
step   900  loss 0.0571  9 ms/step
step  1000  loss 0.0071  9 ms/step
[2026-09-03T19:26:15.736] error: *** JOB 3079729 ON gh017 CANCELLED AT 2026-09-03T19:26:15 DUE to SIGNAL Terminated ***
