PyTorch 2.11.0 for DeltaAI (CUDA 13.0, Python 3.12)
Includes: transformers, accelerate, datasets, peft, lightning,
          timm, bitsandbytes, diffusers, mpi4py, tensorboard,
          wandb, jupyter, scipy, scikit-learn, opencv, nvitop
New in this build (sm_90 source builds):
  flash-attn, transformer_engine, xformers, apex, mamba-ssm,
  triton, torch-geometric, cupy-cuda13x, tensorrt, flashinfer
Known: transformer_engine and cupy currently fail at import due to
  a cu13 libcublasLt / cython ABI mismatch on this stack — use the
  other attention paths (flash-attn, xformers) and stock torch CUDA
  until an upstream fix lands.

For documentation and examples:
  https://docs.ncsa.illinois.edu/systems/deltaai/

Run setup-kernel prior to launching OOD job.

Quick start (on a compute node):
  module load python/miniforge3_pytorch/2.11.0
  conda activate base
  python -c "import torch; print(torch.cuda.is_available())"

CUDA extensions: CUDA_HOME, nvcc, and CMAKE_PREFIX_PATH come from the
auto-loaded cuda/13.1.1 module.

host: gh068.hsn.cm.delta.internal.ncsa.edu   started: Tue Sep  8 02:10:49 PM CDT 2026
name, memory.total [MiB], driver_version
NVIDIA GH200 120GB, 97871 MiB, 595.71.05
torch 2.11.0+cu130 cuda True
triton 3.5.1

==== seed=0 dm=16 pairs=4   arm: --arm smat --d 1   Tue Sep  8 02:10:54 PM CDT 2026 ====
{"run": "smat_d1_T256_p4_zoo_dm16_s0_decaymamba2", "arm": "smat", "d": 1, "T": 256, "n_pairs": 4, "n_queries": 64, "n_keys": 2048, "ctx_start": 0, "layers": 2, "d_model": 16, "heads": 1, "r": 64, "chunk": 64, "steps": 8000, "nb": 64, "lr": 0.001, "warmup": 200, "eval_every": 500, "eval_n": 512, "qk_norm": true, "short_conv": 3, "triton_bwd": false, "no_amp": false, "phi": "elu1", "decay": "mamba2", "dt_min": 0.05, "dt_max": 0.5, "A_min": 1.0, "A_max": 2.0, "gate_wd": 0.0, "gate_lr_mult": 1.0, "wd": 0.1, "tag": "", "zoology": true, "n_P": 0, "early_stop": 0.99, "mask_bank": false, "vocab": 8192, "oracle_keep": false, "taylor_dim": 16, "pad_noise": false, "out": "results/mqar_table_T256.csv", "device": "cuda", "seed": 0}
mask n=128: pairs occupy [0,8), queries in [8,256)
gate params: 36  (wd 0.0, lr x1.0, dt init [0.05, 0.5])
step   100  loss 8.8331  29 ms/step
step   200  loss 8.5108  20 ms/step
step   300  loss 8.3858  20 ms/step
step   400  loss 8.3435  21 ms/step
step   500  loss 8.3599  20 ms/step
== eval step 500: acc 0.000  nll 8.352  noise share of normaliser per layer [0.484 0.491]
step   600  loss 8.3655  20 ms/step
step   700  loss 8.3525  20 ms/step
step   800  loss 8.3260  20 ms/step
step   900  loss 8.2746  20 ms/step
step  1000  loss 8.2729  20 ms/step
== eval step 1000: acc 0.001  nll 8.236  noise share of normaliser per layer [0.429 0.544]
step  1100  loss 8.1949  20 ms/step
step  1200  loss 8.1219  20 ms/step
step  1300  loss 8.1343  20 ms/step
step  1400  loss 8.1222  20 ms/step
step  1500  loss 8.0388  20 ms/step
== eval step 1500: acc 0.000  nll 8.086  noise share of normaliser per layer [0.322 0.483]
step  1600  loss 8.0390  20 ms/step
step  1700  loss 8.0427  20 ms/step
step  1800  loss 8.0107  20 ms/step
step  1900  loss 7.9591  20 ms/step
step  2000  loss 7.9810  20 ms/step
== eval step 2000: acc 0.002  nll 7.956  noise share of normaliser per layer [0.278 0.499]
step  2100  loss 7.9532  20 ms/step
step  2200  loss 7.9644  20 ms/step
step  2300  loss 7.9349  21 ms/step
step  2400  loss 7.8841  20 ms/step
step  2500  loss 7.9361  20 ms/step
== eval step 2500: acc 0.001  nll 7.937  noise share of normaliser per layer [0.326 0.555]
step  2600  loss 7.9345  20 ms/step
step  2700  loss 7.9482  20 ms/step
step  2800  loss 7.9738  20 ms/step
step  2900  loss 7.9624  20 ms/step
step  3000  loss 7.8982  20 ms/step
== eval step 3000: acc 0.002  nll 7.888  noise share of normaliser per layer [0.394 0.518]
step  3100  loss 7.7757  20 ms/step
step  3200  loss 7.7150  20 ms/step
step  3300  loss 7.6910  20 ms/step
step  3400  loss 7.6170  20 ms/step
step  3500  loss 7.5659  20 ms/step
== eval step 3500: acc 0.004  nll 7.594  noise share of normaliser per layer [0.517 0.577]
step  3600  loss 7.5465  21 ms/step
step  3700  loss 7.4815  21 ms/step
step  3800  loss 7.3965  21 ms/step
step  3900  loss 7.4050  20 ms/step
step  4000  loss 7.3034  22 ms/step
== eval step 4000: acc 0.011  nll 7.337  noise share of normaliser per layer [0.445 0.485]
step  4100  loss 7.3508  20 ms/step
step  4200  loss 7.3500  20 ms/step
step  4300  loss 7.2652  20 ms/step
step  4400  loss 7.2441  21 ms/step
step  4500  loss 7.2403  20 ms/step
== eval step 4500: acc 0.012  nll 7.214  noise share of normaliser per layer [0.513 0.571]
step  4600  loss 7.1227  21 ms/step
step  4700  loss 7.1277  20 ms/step
step  4800  loss 7.0451  20 ms/step
step  4900  loss 7.1123  20 ms/step
step  5000  loss 7.0920  20 ms/step
== eval step 5000: acc 0.012  nll 7.119  noise share of normaliser per layer [0.495 0.527]
step  5100  loss 7.0415  20 ms/step
step  5200  loss 7.0981  20 ms/step
step  5300  loss 7.0161  20 ms/step
step  5400  loss 7.0272  20 ms/step
step  5500  loss 7.0100  20 ms/step
== eval step 5500: acc 0.017  nll 6.989  noise share of normaliser per layer [0.552 0.626]
step  5600  loss 6.9668  20 ms/step
step  5700  loss 6.9673  20 ms/step
step  5800  loss 6.8837  20 ms/step
step  5900  loss 7.0109  20 ms/step
step  6000  loss 7.0267  20 ms/step
== eval step 6000: acc 0.024  nll 6.929  noise share of normaliser per layer [0.552 0.587]
step  6100  loss 6.8433  20 ms/step
step  6200  loss 6.9246  20 ms/step
step  6300  loss 6.9634  20 ms/step
step  6400  loss 7.0045  21 ms/step
step  6500  loss 6.8571  20 ms/step
== eval step 6500: acc 0.034  nll 6.886  noise share of normaliser per layer [0.511 0.533]
step  6600  loss 6.8637  20 ms/step
step  6700  loss 6.9420  20 ms/step
step  6800  loss 6.8934  20 ms/step
step  6900  loss 6.8923  20 ms/step
step  7000  loss 6.8852  20 ms/step
== eval step 7000: acc 0.033  nll 6.898  noise share of normaliser per layer [0.475 0.536]
step  7100  loss 6.8230  20 ms/step
step  7200  loss 6.8029  20 ms/step
step  7300  loss 6.9517  21 ms/step
step  7400  loss 6.8608  20 ms/step
step  7500  loss 6.8984  20 ms/step
== eval step 7500: acc 0.033  nll 6.902  noise share of normaliser per layer [0.494 0.557]
step  7600  loss 6.8899  21 ms/step
step  7700  loss 6.8352  21 ms/step
step  7800  loss 6.8841  21 ms/step
step  7900  loss 6.8869  21 ms/step
step  8000  loss 6.8825  20 ms/step
== eval step 8000: acc 0.039  nll 6.895  noise share of normaliser per layer [0.513 0.595]
done: {"run": "smat_d1_T256_p4_zoo_dm16_s0_decaymamba2", "arm": "smat", "d": 1, "n_pairs": 4, "n_queries": 64, "n_keys": 2048, "step": 8000, "train_loss": 6.882462501525879, "acc": 0.03857421875, "nll": 6.894915461540222, "noise_share": "0.513 0.595", "d_model": 16, "heads": 1, "r": 64, "n_P": 0, "seed": 0, "state_per_head": 1088, "params": 273060, "ms_per_step": 20.640369415283203, "elapsed_s": 166.9349193572998}
==== seed=0 dm=16 pairs=4   arm: --arm smat --d 2 --n-P -1 --mask-bank   Tue Sep  8 02:13:48 PM CDT 2026 ====
{"run": "smat_d2_T256_p4_zoo_P8_bank_dm16_s0_decaymamba2", "arm": "smat", "d": 2, "T": 256, "n_pairs": 4, "n_queries": 64, "n_keys": 2048, "ctx_start": 0, "layers": 2, "d_model": 16, "heads": 1, "r": 64, "chunk": 64, "steps": 8000, "nb": 64, "lr": 0.001, "warmup": 200, "eval_every": 500, "eval_n": 512, "qk_norm": true, "short_conv": 3, "triton_bwd": false, "no_amp": false, "phi": "elu1", "decay": "mamba2", "dt_min": 0.05, "dt_max": 0.5, "A_min": 1.0, "A_max": 2.0, "gate_wd": 0.0, "gate_lr_mult": 1.0, "wd": 0.1, "tag": "", "zoology": true, "n_P": -1, "early_stop": 0.99, "mask_bank": true, "vocab": 8192, "oracle_keep": false, "taylor_dim": 16, "pad_noise": false, "out": "results/mqar_table_T256.csv", "device": "cuda", "seed": 0}
mask n=128: pairs occupy [0,8), queries in [8,256)
gate params: 36  (wd 0.0, lr x1.0, dt init [0.05, 0.5])
step   100  loss 8.8346  26 ms/step
step   200  loss 8.5129  23 ms/step
step   300  loss 8.3852  24 ms/step
step   400  loss 8.3432  23 ms/step
step   500  loss 8.3593  23 ms/step
== eval step 500: acc 0.000  nll 8.352  noise share of normaliser per layer [0.447 0.489]
step   600  loss 8.3626  23 ms/step
step   700  loss 8.3292  23 ms/step
step   800  loss 8.2825  23 ms/step
step   900  loss 8.2081  23 ms/step
step  1000  loss 8.2074  23 ms/step
== eval step 1000: acc 0.000  nll 8.173  noise share of normaliser per layer [0.403 0.564]
step  1100  loss 8.1495  23 ms/step
step  1200  loss 8.0964  23 ms/step
step  1300  loss 8.1067  23 ms/step
step  1400  loss 8.1027  23 ms/step
step  1500  loss 8.0312  23 ms/step
== eval step 1500: acc 0.000  nll 8.055  noise share of normaliser per layer [0.285 0.530]
step  1600  loss 8.0615  23 ms/step
step  1700  loss 8.0279  23 ms/step
step  1800  loss 7.9794  23 ms/step
step  1900  loss 7.9273  23 ms/step
step  2000  loss 7.9341  23 ms/step
== eval step 2000: acc 0.002  nll 7.960  noise share of normaliser per layer [0.256 0.543]
step  2100  loss 7.9028  23 ms/step
step  2200  loss 7.8470  23 ms/step
step  2300  loss 7.7523  23 ms/step
step  2400  loss 7.5659  23 ms/step
step  2500  loss 7.5159  23 ms/step
== eval step 2500: acc 0.008  nll 7.520  noise share of normaliser per layer [0.493 0.559]
step  2600  loss 7.3811  23 ms/step
step  2700  loss 7.3267  23 ms/step
step  2800  loss 7.3442  23 ms/step
step  2900  loss 7.2725  23 ms/step
step  3000  loss 7.1549  23 ms/step
== eval step 3000: acc 0.010  nll 7.149  noise share of normaliser per layer [0.441 0.500]
step  3100  loss 7.0134  23 ms/step
step  3200  loss 7.0394  23 ms/step
step  3300  loss 6.9162  23 ms/step
step  3400  loss 6.8726  23 ms/step
step  3500  loss 6.7483  23 ms/step
== eval step 3500: acc 0.013  nll 6.849  noise share of normaliser per layer [0.508 0.563]
step  3600  loss 6.8354  23 ms/step
step  3700  loss 6.7496  23 ms/step
step  3800  loss 6.6902  23 ms/step
step  3900  loss 6.6270  23 ms/step
step  4000  loss 6.6478  23 ms/step
== eval step 4000: acc 0.025  nll 6.586  noise share of normaliser per layer [0.439 0.482]
step  4100  loss 6.5343  23 ms/step
step  4200  loss 6.4476  23 ms/step
step  4300  loss 6.5168  23 ms/step
step  4400  loss 6.4596  22 ms/step
step  4500  loss 6.3642  22 ms/step
== eval step 4500: acc 0.032  nll 6.429  noise share of normaliser per layer [0.524 0.581]
step  4600  loss 6.2852  23 ms/step
step  4700  loss 6.3092  23 ms/step
step  4800  loss 6.2546  23 ms/step
step  4900  loss 6.3194  23 ms/step
step  5000  loss 6.2442  23 ms/step
== eval step 5000: acc 0.037  nll 6.270  noise share of normaliser per layer [0.488 0.544]
step  5100  loss 6.1575  23 ms/step
step  5200  loss 6.2115  23 ms/step
step  5300  loss 6.1270  23 ms/step
step  5400  loss 6.2581  23 ms/step
step  5500  loss 6.1949  23 ms/step
== eval step 5500: acc 0.045  nll 6.142  noise share of normaliser per layer [0.571 0.637]
step  5600  loss 6.0736  24 ms/step
step  5700  loss 6.1607  24 ms/step
step  5800  loss 6.0671  24 ms/step
step  5900  loss 6.1224  23 ms/step
step  6000  loss 6.0872  23 ms/step
== eval step 6000: acc 0.051  nll 6.095  noise share of normaliser per layer [0.540 0.597]
step  6100  loss 6.0709  23 ms/step
step  6200  loss 6.0361  23 ms/step
step  6300  loss 6.0438  23 ms/step
step  6400  loss 6.0119  23 ms/step
step  6500  loss 5.9572  23 ms/step
== eval step 6500: acc 0.051  nll 5.997  noise share of normaliser per layer [0.486 0.537]
step  6600  loss 5.8707  23 ms/step
step  6700  loss 5.9615  23 ms/step
step  6800  loss 6.0123  23 ms/step
step  6900  loss 5.9377  23 ms/step
step  7000  loss 5.9982  23 ms/step
== eval step 7000: acc 0.073  nll 5.940  noise share of normaliser per layer [0.496 0.547]
step  7100  loss 5.9692  23 ms/step
step  7200  loss 5.9392  23 ms/step
step  7300  loss 5.8791  23 ms/step
step  7400  loss 5.9306  23 ms/step
step  7500  loss 5.9402  23 ms/step
== eval step 7500: acc 0.067  nll 5.951  noise share of normaliser per layer [0.504 0.563]
step  7600  loss 5.9529  23 ms/step
step  7700  loss 5.9464  23 ms/step
step  7800  loss 5.9324  23 ms/step
step  7900  loss 5.9730  23 ms/step
step  8000  loss 5.9917  23 ms/step
== eval step 8000: acc 0.068  nll 5.955  noise share of normaliser per layer [0.536 0.612]
done: {"run": "smat_d2_T256_p4_zoo_P8_bank_dm16_s0_decaymamba2", "arm": "smat", "d": 2, "n_pairs": 4, "n_queries": 64, "n_keys": 2048, "step": 8000, "train_loss": 5.991708755493164, "acc": 0.068359375, "nll": 5.954895809292793, "noise_share": "0.536 0.612", "d_model": 16, "heads": 1, "r": 64, "n_P": 8, "seed": 0, "state_per_head": 1088, "params": 273060, "ms_per_step": 23.12842035293579, "elapsed_s": 188.32646894454956}
==== seed=0 dm=16 pairs=4   arm: --arm smat --d 3 --n-P -1 --mask-bank   Tue Sep  8 02:17:01 PM CDT 2026 ====
{"run": "smat_d3_T256_p4_zoo_P8_bank_dm16_s0_decaymamba2", "arm": "smat", "d": 3, "T": 256, "n_pairs": 4, "n_queries": 64, "n_keys": 2048, "ctx_start": 0, "layers": 2, "d_model": 16, "heads": 1, "r": 64, "chunk": 64, "steps": 8000, "nb": 64, "lr": 0.001, "warmup": 200, "eval_every": 500, "eval_n": 512, "qk_norm": true, "short_conv": 3, "triton_bwd": false, "no_amp": false, "phi": "elu1", "decay": "mamba2", "dt_min": 0.05, "dt_max": 0.5, "A_min": 1.0, "A_max": 2.0, "gate_wd": 0.0, "gate_lr_mult": 1.0, "wd": 0.1, "tag": "", "zoology": true, "n_P": -1, "early_stop": 0.99, "mask_bank": true, "vocab": 8192, "oracle_keep": false, "taylor_dim": 16, "pad_noise": false, "out": "results/mqar_table_T256.csv", "device": "cuda", "seed": 0}
mask n=128: pairs occupy [0,8), queries in [8,256)
gate params: 36  (wd 0.0, lr x1.0, dt init [0.05, 0.5])
step   100  loss 8.8344  27 ms/step
step   200  loss 8.5114  24 ms/step
step   300  loss 8.3858  24 ms/step
step   400  loss 8.3434  25 ms/step
step   500  loss 8.3599  25 ms/step
== eval step 500: acc 0.000  nll 8.352  noise share of normaliser per layer [0.464 0.492]
step   600  loss 8.3624  25 ms/step
step   700  loss 8.3483  25 ms/step
step   800  loss 8.2989  24 ms/step
step   900  loss 8.2291  24 ms/step
step  1000  loss 8.2563  25 ms/step
== eval step 1000: acc 0.000  nll 8.200  noise share of normaliser per layer [0.413 0.563]
step  1100  loss 8.1465  25 ms/step
step  1200  loss 8.1250  25 ms/step
step  1300  loss 8.0731  25 ms/step
step  1400  loss 8.0885  25 ms/step
step  1500  loss 8.0013  25 ms/step
== eval step 1500: acc 0.000  nll 8.048  noise share of normaliser per layer [0.290 0.529]
step  1600  loss 8.0607  24 ms/step
step  1700  loss 8.0023  25 ms/step
step  1800  loss 7.9305  25 ms/step
step  1900  loss 7.9634  25 ms/step
step  2000  loss 7.9589  25 ms/step
== eval step 2000: acc 0.005  nll 7.949  noise share of normaliser per layer [0.249 0.539]
step  2100  loss 7.9013  25 ms/step
step  2200  loss 7.8022  25 ms/step
step  2300  loss 7.7026  25 ms/step
step  2400  loss 7.5596  25 ms/step
step  2500  loss 7.6261  25 ms/step
== eval step 2500: acc 0.006  nll 7.596  noise share of normaliser per layer [0.478 0.553]
step  2600  loss 7.5665  25 ms/step
step  2700  loss 7.5002  25 ms/step
step  2800  loss 7.4446  25 ms/step
step  2900  loss 7.4160  25 ms/step
step  3000  loss 7.2903  25 ms/step
== eval step 3000: acc 0.009  nll 7.312  noise share of normaliser per layer [0.433 0.516]
step  3100  loss 7.1819  25 ms/step
step  3200  loss 7.2683  25 ms/step
step  3300  loss 7.1632  25 ms/step
step  3400  loss 7.0353  25 ms/step
step  3500  loss 6.9816  25 ms/step
== eval step 3500: acc 0.026  nll 6.989  noise share of normaliser per layer [0.507 0.589]
step  3600  loss 6.8940  25 ms/step
step  3700  loss 6.9106  25 ms/step
step  3800  loss 6.7419  25 ms/step
step  3900  loss 6.7020  25 ms/step
step  4000  loss 6.5906  25 ms/step
== eval step 4000: acc 0.039  nll 6.694  noise share of normaliser per layer [0.440 0.503]
step  4100  loss 6.6757  25 ms/step
step  4200  loss 6.6062  25 ms/step
step  4300  loss 6.4960  25 ms/step
step  4400  loss 6.4074  25 ms/step
step  4500  loss 6.4390  25 ms/step
== eval step 4500: acc 0.049  nll 6.429  noise share of normaliser per layer [0.521 0.587]
step  4600  loss 6.4452  24 ms/step
step  4700  loss 6.3348  25 ms/step
step  4800  loss 6.2443  25 ms/step
step  4900  loss 6.3038  25 ms/step
step  5000  loss 6.2461  25 ms/step
== eval step 5000: acc 0.052  nll 6.252  noise share of normaliser per layer [0.494 0.549]
step  5100  loss 6.1214  25 ms/step
step  5200  loss 6.1092  25 ms/step
step  5300  loss 6.1531  25 ms/step
step  5400  loss 6.0771  25 ms/step
step  5500  loss 5.9649  25 ms/step
== eval step 5500: acc 0.081  nll 6.106  noise share of normaliser per layer [0.562 0.641]
step  5600  loss 6.1362  25 ms/step
step  5700  loss 5.9886  25 ms/step
step  5800  loss 6.0789  25 ms/step
step  5900  loss 6.0449  25 ms/step
step  6000  loss 6.0810  25 ms/step
== eval step 6000: acc 0.103  nll 6.026  noise share of normaliser per layer [0.538 0.603]
step  6100  loss 5.9752  25 ms/step
step  6200  loss 5.9075  25 ms/step
step  6300  loss 6.0855  25 ms/step
step  6400  loss 6.0006  25 ms/step
step  6500  loss 5.8811  25 ms/step
== eval step 6500: acc 0.093  nll 5.979  noise share of normaliser per layer [0.483 0.546]
step  6600  loss 5.8389  25 ms/step
step  6700  loss 5.9411  25 ms/step
step  6800  loss 5.9022  25 ms/step
step  6900  loss 5.8801  25 ms/step
step  7000  loss 5.9419  25 ms/step
== eval step 7000: acc 0.118  nll 5.924  noise share of normaliser per layer [0.496 0.553]
step  7100  loss 5.8924  25 ms/step
step  7200  loss 5.9646  25 ms/step
step  7300  loss 5.8553  25 ms/step
step  7400  loss 5.8780  25 ms/step
step  7500  loss 5.9008  25 ms/step
== eval step 7500: acc 0.122  nll 5.935  noise share of normaliser per layer [0.504 0.569]
step  7600  loss 5.9521  25 ms/step
step  7700  loss 6.0464  25 ms/step
step  7800  loss 5.8667  25 ms/step
step  7900  loss 5.8700  24 ms/step
step  8000  loss 5.8788  24 ms/step
== eval step 8000: acc 0.125  nll 5.909  noise share of normaliser per layer [0.547 0.615]
done: {"run": "smat_d3_T256_p4_zoo_P8_bank_dm16_s0_decaymamba2", "arm": "smat", "d": 3, "n_pairs": 4, "n_queries": 64, "n_keys": 2048, "step": 8000, "train_loss": 5.878773212432861, "acc": 0.125, "nll": 5.90859554708004, "noise_share": "0.547 0.615", "d_model": 16, "heads": 1, "r": 64, "n_P": 8, "seed": 0, "state_per_head": 1088, "params": 273060, "ms_per_step": 24.733492851257324, "elapsed_s": 203.51594185829163}
==== seed=0 dm=16 pairs=8   arm: --arm smat --d 1   Tue Sep  8 02:20:29 PM CDT 2026 ====
{"run": "smat_d1_T256_p8_zoo_dm16_s0_decaymamba2", "arm": "smat", "d": 1, "T": 256, "n_pairs": 8, "n_queries": 64, "n_keys": 2048, "ctx_start": 0, "layers": 2, "d_model": 16, "heads": 1, "r": 64, "chunk": 64, "steps": 8000, "nb": 64, "lr": 0.001, "warmup": 200, "eval_every": 500, "eval_n": 512, "qk_norm": true, "short_conv": 3, "triton_bwd": false, "no_amp": false, "phi": "elu1", "decay": "mamba2", "dt_min": 0.05, "dt_max": 0.5, "A_min": 1.0, "A_max": 2.0, "gate_wd": 0.0, "gate_lr_mult": 1.0, "wd": 0.1, "tag": "", "zoology": true, "n_P": 0, "early_stop": 0.99, "mask_bank": false, "vocab": 8192, "oracle_keep": false, "taylor_dim": 16, "pad_noise": false, "out": "results/mqar_table_T256.csv", "device": "cuda", "seed": 0}
mask n=128: pairs occupy [0,16), queries in [16,256)
gate params: 36  (wd 0.0, lr x1.0, dt init [0.05, 0.5])
step   100  loss 8.8188  25 ms/step
step   200  loss 8.4765  22 ms/step
step   300  loss 8.3728  22 ms/step
step   400  loss 8.3452  22 ms/step
step   500  loss 8.3495  22 ms/step
== eval step 500: acc 0.000  nll 8.336  noise share of normaliser per layer [0.460 0.462]
step   600  loss 8.3240  22 ms/step
step   700  loss 8.3288  22 ms/step
step   800  loss 8.3228  22 ms/step
step   900  loss 8.3240  22 ms/step
step  1000  loss 8.3268  22 ms/step
== eval step 1000: acc 0.000  nll 8.326  noise share of normaliser per layer [0.466 0.468]
step  1100  loss 8.3220  22 ms/step
step  1200  loss 8.3294  22 ms/step
step  1300  loss 8.3322  22 ms/step
step  1400  loss 8.3296  25 ms/step
step  1500  loss 8.3270  31 ms/step
== eval step 1500: acc 0.000  nll 8.322  noise share of normaliser per layer [0.493 0.495]
step  1600  loss 8.3202  22 ms/step
step  1700  loss 8.3288  22 ms/step
step  1800  loss 8.3099  22 ms/step
step  1900  loss 8.3036  22 ms/step
step  2000  loss 8.2780  22 ms/step
== eval step 2000: acc 0.000  nll 8.286  noise share of normaliser per layer [0.369 0.494]
step  2100  loss 8.2807  22 ms/step
step  2200  loss 8.2669  22 ms/step
step  2300  loss 8.2725  22 ms/step
step  2400  loss 8.2764  21 ms/step
step  2500  loss 8.2691  26 ms/step
== eval step 2500: acc 0.000  nll 8.266  noise share of normaliser per layer [0.351 0.484]
step  2600  loss 8.2713  22 ms/step
step  2700  loss 8.2589  22 ms/step
step  2800  loss 8.2588  22 ms/step
step  2900  loss 8.2457  22 ms/step
step  3000  loss 8.2700  22 ms/step
== eval step 3000: acc 0.001  nll 8.265  noise share of normaliser per layer [0.351 0.478]
step  3100  loss 8.2466  22 ms/step
step  3200  loss 8.2741  22 ms/step
step  3300  loss 8.2761  22 ms/step
step  3400  loss 8.2277  22 ms/step
step  3500  loss 8.2488  22 ms/step
== eval step 3500: acc 0.000  nll 8.233  noise share of normaliser per layer [0.334 0.508]
step  3600  loss 8.2308  22 ms/step
step  3700  loss 8.1999  21 ms/step
step  3800  loss 8.2170  21 ms/step
step  3900  loss 8.2218  21 ms/step
step  4000  loss 8.2100  21 ms/step
== eval step 4000: acc 0.001  nll 8.209  noise share of normaliser per layer [0.295 0.481]
step  4100  loss 8.2178  21 ms/step
step  4200  loss 8.2167  21 ms/step
step  4300  loss 8.1931  21 ms/step
step  4400  loss 8.1527  21 ms/step
step  4500  loss 8.2168  21 ms/step
== eval step 4500: acc 0.001  nll 8.205  noise share of normaliser per layer [0.265 0.480]
step  4600  loss 8.2247  21 ms/step
step  4700  loss 8.2025  21 ms/step
step  4800  loss 8.1698  21 ms/step
step  4900  loss 8.2071  21 ms/step
step  5000  loss 8.2147  21 ms/step
== eval step 5000: acc 0.001  nll 8.196  noise share of normaliser per layer [0.251 0.510]
step  5100  loss 8.1976  21 ms/step
step  5200  loss 8.1922  21 ms/step
step  5300  loss 8.2264  21 ms/step
step  5400  loss 8.1948  21 ms/step
step  5500  loss 8.2182  21 ms/step
== eval step 5500: acc 0.000  nll 8.200  noise share of normaliser per layer [0.285 0.512]
step  5600  loss 8.1948  21 ms/step
step  5700  loss 8.2003  21 ms/step
step  5800  loss 8.1988  22 ms/step
step  5900  loss 8.1978  22 ms/step
step  6000  loss 8.2042  22 ms/step
== eval step 6000: acc 0.001  nll 8.196  noise share of normaliser per layer [0.194 0.432]
step  6100  loss 8.2201  22 ms/step
step  6200  loss 8.2123  22 ms/step
step  6300  loss 8.1952  22 ms/step
step  6400  loss 8.1630  22 ms/step
step  6500  loss 8.1578  21 ms/step
== eval step 6500: acc 0.001  nll 8.195  noise share of normaliser per layer [0.246 0.480]
step  6600  loss 8.1656  22 ms/step
step  6700  loss 8.1964  22 ms/step
step  6800  loss 8.1750  22 ms/step
step  6900  loss 8.1835  22 ms/step
step  7000  loss 8.1829  22 ms/step
== eval step 7000: acc 0.001  nll 8.188  noise share of normaliser per layer [0.274 0.518]
step  7100  loss 8.1873  22 ms/step
step  7200  loss 8.1731  24 ms/step
step  7300  loss 8.1667  21 ms/step
step  7400  loss 8.1654  22 ms/step
step  7500  loss 8.1577  22 ms/step
== eval step 7500: acc 0.001  nll 8.188  noise share of normaliser per layer [0.281 0.521]
step  7600  loss 8.1834  21 ms/step
step  7700  loss 8.1976  22 ms/step
step  7800  loss 8.1800  22 ms/step
step  7900  loss 8.1925  22 ms/step
step  8000  loss 8.1900  22 ms/step
== eval step 8000: acc 0.001  nll 8.178  noise share of normaliser per layer [0.296 0.503]
done: {"run": "smat_d1_T256_p8_zoo_dm16_s0_decaymamba2", "arm": "smat", "d": 1, "n_pairs": 8, "n_queries": 64, "n_keys": 2048, "step": 8000, "train_loss": 8.189958572387695, "acc": 0.001220703125, "nll": 8.178143471479416, "noise_share": "0.296 0.503", "d_model": 16, "heads": 1, "r": 64, "n_P": 0, "seed": 0, "state_per_head": 1088, "params": 273060, "ms_per_step": 21.792709827423096, "elapsed_s": 179.52016019821167}
==== seed=0 dm=16 pairs=8   arm: --arm smat --d 2 --n-P -1 --mask-bank   Tue Sep  8 02:23:33 PM CDT 2026 ====
{"run": "smat_d2_T256_p8_zoo_P16_bank_dm16_s0_decaymamba2", "arm": "smat", "d": 2, "T": 256, "n_pairs": 8, "n_queries": 64, "n_keys": 2048, "ctx_start": 0, "layers": 2, "d_model": 16, "heads": 1, "r": 64, "chunk": 64, "steps": 8000, "nb": 64, "lr": 0.001, "warmup": 200, "eval_every": 500, "eval_n": 512, "qk_norm": true, "short_conv": 3, "triton_bwd": false, "no_amp": false, "phi": "elu1", "decay": "mamba2", "dt_min": 0.05, "dt_max": 0.5, "A_min": 1.0, "A_max": 2.0, "gate_wd": 0.0, "gate_lr_mult": 1.0, "wd": 0.1, "tag": "", "zoology": true, "n_P": -1, "early_stop": 0.99, "mask_bank": true, "vocab": 8192, "oracle_keep": false, "taylor_dim": 16, "pad_noise": false, "out": "results/mqar_table_T256.csv", "device": "cuda", "seed": 0}
mask n=128: pairs occupy [0,16), queries in [16,256)
gate params: 36  (wd 0.0, lr x1.0, dt init [0.05, 0.5])
step   100  loss 8.8185  26 ms/step
step   200  loss 8.4764  24 ms/step
step   300  loss 8.3727  25 ms/step
step   400  loss 8.3452  25 ms/step
step   500  loss 8.3496  24 ms/step
== eval step 500: acc 0.000  nll 8.336  noise share of normaliser per layer [0.457 0.466]
step   600  loss 8.3239  24 ms/step
step   700  loss 8.3288  24 ms/step
step   800  loss 8.3228  24 ms/step
step   900  loss 8.3240  24 ms/step
step  1000  loss 8.3265  24 ms/step
== eval step 1000: acc 0.000  nll 8.330  noise share of normaliser per layer [0.445 0.473]
step  1100  loss 8.3189  24 ms/step
step  1200  loss 8.2969  24 ms/step
step  1300  loss 8.2831  24 ms/step
step  1400  loss 8.2553  24 ms/step
step  1500  loss 8.2430  24 ms/step
== eval step 1500: acc 0.000  nll 8.232  noise share of normaliser per layer [0.333 0.530]
step  1600  loss 8.2160  24 ms/step
step  1700  loss 8.2173  23 ms/step
step  1800  loss 8.2311  24 ms/step
step  1900  loss 8.2149  24 ms/step
step  2000  loss 8.1834  24 ms/step
== eval step 2000: acc 0.001  nll 8.190  noise share of normaliser per layer [0.336 0.602]
step  2100  loss 8.1850  24 ms/step
step  2200  loss 8.1579  24 ms/step
step  2300  loss 8.1423  24 ms/step
step  2400  loss 8.1539  24 ms/step
step  2500  loss 8.1566  24 ms/step
== eval step 2500: acc 0.001  nll 8.142  noise share of normaliser per layer [0.279 0.620]
step  2600  loss 8.1203  24 ms/step
step  2700  loss 8.1128  24 ms/step
step  2800  loss 8.1394  24 ms/step
step  2900  loss 8.0994  24 ms/step
step  3000  loss 8.1577  27 ms/step
== eval step 3000: acc 0.001  nll 8.107  noise share of normaliser per layer [0.261 0.615]
step  3100  loss 8.0969  25 ms/step
step  3200  loss 8.1505  24 ms/step
step  3300  loss 8.0962  24 ms/step
step  3400  loss 8.0742  25 ms/step
step  3500  loss 8.0796  24 ms/step
== eval step 3500: acc 0.001  nll 8.097  noise share of normaliser per layer [0.240 0.658]
step  3600  loss 8.1201  24 ms/step
step  3700  loss 8.0552  24 ms/step
step  3800  loss 8.1230  24 ms/step
step  3900  loss 8.0809  24 ms/step
step  4000  loss 8.0687  25 ms/step
== eval step 4000: acc 0.001  nll 8.066  noise share of normaliser per layer [0.220 0.646]
step  4100  loss 8.0713  24 ms/step
step  4200  loss 8.0478  23 ms/step
step  4300  loss 8.0704  23 ms/step
step  4400  loss 8.0177  24 ms/step
step  4500  loss 8.0404  24 ms/step
== eval step 4500: acc 0.001  nll 8.036  noise share of normaliser per layer [0.204 0.605]
step  4600  loss 8.0366  24 ms/step
step  4700  loss 8.0304  24 ms/step
step  4800  loss 8.0245  23 ms/step
step  4900  loss 8.0312  23 ms/step
step  5000  loss 8.0529  23 ms/step
== eval step 5000: acc 0.001  nll 8.040  noise share of normaliser per layer [0.196 0.669]
step  5100  loss 8.0382  24 ms/step
step  5200  loss 8.0122  24 ms/step
step  5300  loss 8.0481  23 ms/step
step  5400  loss 8.0489  23 ms/step
step  5500  loss 8.0598  23 ms/step
== eval step 5500: acc 0.002  nll 8.033  noise share of normaliser per layer [0.224 0.660]
step  5600  loss 8.0157  23 ms/step
step  5700  loss 8.0424  24 ms/step
step  5800  loss 8.0112  23 ms/step
step  5900  loss 8.0251  23 ms/step
step  6000  loss 8.0123  24 ms/step
== eval step 6000: acc 0.000  nll 8.024  noise share of normaliser per layer [0.150 0.585]
step  6100  loss 8.0025  24 ms/step
step  6200  loss 8.0311  24 ms/step
step  6300  loss 7.9786  24 ms/step
step  6400  loss 8.0143  24 ms/step
step  6500  loss 8.0149  24 ms/step
== eval step 6500: acc 0.002  nll 8.016  noise share of normaliser per layer [0.194 0.649]
step  6600  loss 8.0264  24 ms/step
step  6700  loss 8.0362  24 ms/step
step  6800  loss 7.9921  24 ms/step
step  6900  loss 8.0589  24 ms/step
step  7000  loss 8.0500  24 ms/step
== eval step 7000: acc 0.002  nll 8.016  noise share of normaliser per layer [0.216 0.673]
step  7100  loss 8.0110  24 ms/step
step  7200  loss 8.0463  24 ms/step
step  7300  loss 8.0082  24 ms/step
step  7400  loss 8.0157  24 ms/step
step  7500  loss 8.0130  25 ms/step
== eval step 7500: acc 0.001  nll 8.026  noise share of normaliser per layer [0.224 0.685]
step  7600  loss 8.0260  24 ms/step
step  7700  loss 8.0148  24 ms/step
step  7800  loss 7.9977  24 ms/step
step  7900  loss 8.0405  24 ms/step
step  8000  loss 8.0315  24 ms/step
== eval step 8000: acc 0.003  nll 8.006  noise share of normaliser per layer [0.237 0.657]
done: {"run": "smat_d2_T256_p8_zoo_P16_bank_dm16_s0_decaymamba2", "arm": "smat", "d": 2, "n_pairs": 8, "n_queries": 64, "n_keys": 2048, "step": 8000, "train_loss": 8.031482696533203, "acc": 0.002685546875, "nll": 8.006287693977356, "noise_share": "0.237 0.657", "d_model": 16, "heads": 1, "r": 64, "n_P": 16, "seed": 0, "state_per_head": 1088, "params": 273060, "ms_per_step": 23.900232315063477, "elapsed_s": 196.49454355239868}
==== seed=0 dm=16 pairs=8   arm: --arm smat --d 3 --n-P -1 --mask-bank   Tue Sep  8 02:26:53 PM CDT 2026 ====
{"run": "smat_d3_T256_p8_zoo_P16_bank_dm16_s0_decaymamba2", "arm": "smat", "d": 3, "T": 256, "n_pairs": 8, "n_queries": 64, "n_keys": 2048, "ctx_start": 0, "layers": 2, "d_model": 16, "heads": 1, "r": 64, "chunk": 64, "steps": 8000, "nb": 64, "lr": 0.001, "warmup": 200, "eval_every": 500, "eval_n": 512, "qk_norm": true, "short_conv": 3, "triton_bwd": false, "no_amp": false, "phi": "elu1", "decay": "mamba2", "dt_min": 0.05, "dt_max": 0.5, "A_min": 1.0, "A_max": 2.0, "gate_wd": 0.0, "gate_lr_mult": 1.0, "wd": 0.1, "tag": "", "zoology": true, "n_P": -1, "early_stop": 0.99, "mask_bank": true, "vocab": 8192, "oracle_keep": false, "taylor_dim": 16, "pad_noise": false, "out": "results/mqar_table_T256.csv", "device": "cuda", "seed": 0}
mask n=128: pairs occupy [0,16), queries in [16,256)
gate params: 36  (wd 0.0, lr x1.0, dt init [0.05, 0.5])
step   100  loss 8.8185  28 ms/step
step   200  loss 8.4764  25 ms/step
step   300  loss 8.3727  25 ms/step
step   400  loss 8.3452  25 ms/step
step   500  loss 8.3496  25 ms/step
== eval step 500: acc 0.000  nll 8.336  noise share of normaliser per layer [0.455 0.466]
step   600  loss 8.3240  25 ms/step
[2026-09-08T14:27:16.439] error: *** JOB 3113908 ON gh068 CANCELLED AT 2026-09-08T14:27:16 DUE to SIGNAL Terminated ***
