    early_stopping_metric='valid/accuracy',
    early_stopping_threshold=0.99,
    run_id='smat_d2_mr3_hd16_ds16_sig_delta_cread_m2blk_s1-dm64-lr1.0e-02'
valid/loss=1.29, valid/accuracy=0.764, valid/num_kv_pairs/accuracy-4=0.951, valid/num_kv_pairs/accuracy-8=0.941, valid/num_kv_pairs/accuracy-16=0.867, valid/num_kv_pairs/accuracy-32=0.698, valid/num_kv_pairs/accuracy-64=0.362
valid/loss=0.778, valid/accuracy=0.851, valid/num_kv_pairs/accuracy-4=0.987, valid/num_kv_pairs/accuracy-8=0.981, valid/num_kv_pairs/accuracy-16=0.934, valid/num_kv_pairs/accuracy-32=0.836, valid/num_kv_pairs/accuracy-64=0.516
valid/loss=0.427, valid/accuracy=0.911, valid/num_kv_pairs/accuracy-4=0.982, valid/num_kv_pairs/accuracy-8=0.99, valid/num_kv_pairs/accuracy-16=0.984, valid/num_kv_pairs/accuracy-32=0.934, valid/num_kv_pairs/accuracy-64=0.663
valid/loss=0.277, valid/accuracy=0.94, valid/num_kv_pairs/accuracy-4=0.998, valid/num_kv_pairs/accuracy-8=0.996, valid/num_kv_pairs/accuracy-16=0.992, valid/num_kv_pairs/accuracy-32=0.964, valid/num_kv_pairs/accuracy-64=0.749
valid/loss=0.199, valid/accuracy=0.954, valid/num_kv_pairs/accuracy-4=0.996, valid/num_kv_pairs/accuracy-8=0.997, valid/num_kv_pairs/accuracy-16=0.996, valid/num_kv_pairs/accuracy-32=0.977, valid/num_kv_pairs/accuracy-64=0.805
valid/loss=0.149, valid/accuracy=0.966, valid/num_kv_pairs/accuracy-4=0.996, valid/num_kv_pairs/accuracy-8=0.997, valid/num_kv_pairs/accuracy-16=0.995, valid/num_kv_pairs/accuracy-32=0.983, valid/num_kv_pairs/accuracy-64=0.859
valid/loss=0.15, valid/accuracy=0.965, valid/num_kv_pairs/accuracy-4=0.995, valid/num_kv_pairs/accuracy-8=0.995, valid/num_kv_pairs/accuracy-16=0.992, valid/num_kv_pairs/accuracy-32=0.981, valid/num_kv_pairs/accuracy-64=0.863
valid/loss=0.146, valid/accuracy=0.967, valid/num_kv_pairs/accuracy-4=0.996, valid/num_kv_pairs/accuracy-8=0.994, valid/num_kv_pairs/accuracy-16=0.992, valid/num_kv_pairs/accuracy-32=0.981, valid/num_kv_pairs/accuracy-64=0.871
valid/loss=0.128, valid/accuracy=0.97, valid/num_kv_pairs/accuracy-4=0.997, valid/num_kv_pairs/accuracy-8=0.996, valid/num_kv_pairs/accuracy-16=0.992, valid/num_kv_pairs/accuracy-32=0.984, valid/num_kv_pairs/accuracy-64=0.882
valid/loss=0.122, valid/accuracy=0.972, valid/num_kv_pairs/accuracy-4=0.997, valid/num_kv_pairs/accuracy-8=0.996, valid/num_kv_pairs/accuracy-16=0.995, valid/num_kv_pairs/accuracy-32=0.984, valid/num_kv_pairs/accuracy-64=0.886
valid/loss=0.121, valid/accuracy=0.972, valid/num_kv_pairs/accuracy-4=0.996, valid/num_kv_pairs/accuracy-8=0.995, valid/num_kv_pairs/accuracy-16=0.994, valid/num_kv_pairs/accuracy-32=0.985, valid/num_kv_pairs/accuracy-64=0.889
valid/loss=0.123, valid/accuracy=0.971, valid/num_kv_pairs/accuracy-4=0.992, valid/num_kv_pairs/accuracy-8=0.993, valid/num_kv_pairs/accuracy-16=0.995, valid/num_kv_pairs/accuracy-32=0.986, valid/num_kv_pairs/accuracy-64=0.888
valid/loss=0.125, valid/accuracy=0.971, valid/num_kv_pairs/accuracy-4=0.992, valid/num_kv_pairs/accuracy-8=0.993, valid/num_kv_pairs/accuracy-16=0.994, valid/num_kv_pairs/accuracy-32=0.985, valid/num_kv_pairs/accuracy-64=0.891
valid/loss=0.13, valid/accuracy=0.969, valid/num_kv_pairs/accuracy-4=0.988, valid/num_kv_pairs/accuracy-8=0.991, valid/num_kv_pairs/accuracy-16=0.993, valid/num_kv_pairs/accuracy-32=0.986, valid/num_kv_pairs/accuracy-64=0.889
valid/loss=0.119, valid/accuracy=0.972, valid/num_kv_pairs/accuracy-4=0.994, valid/num_kv_pairs/accuracy-8=0.992, valid/num_kv_pairs/accuracy-16=0.994, valid/num_kv_pairs/accuracy-32=0.986, valid/num_kv_pairs/accuracy-64=0.895
valid/loss=0.116, valid/accuracy=0.973, valid/num_kv_pairs/accuracy-4=0.996, valid/num_kv_pairs/accuracy-8=0.991, valid/num_kv_pairs/accuracy-16=0.994, valid/num_kv_pairs/accuracy-32=0.985, valid/num_kv_pairs/accuracy-64=0.897
valid/loss=0.116, valid/accuracy=0.973, valid/num_kv_pairs/accuracy-4=0.997, valid/num_kv_pairs/accuracy-8=0.995, valid/num_kv_pairs/accuracy-16=0.993, valid/num_kv_pairs/accuracy-32=0.985, valid/num_kv_pairs/accuracy-64=0.895
valid/loss=0.11, valid/accuracy=0.974, valid/num_kv_pairs/accuracy-4=0.998, valid/num_kv_pairs/accuracy-8=0.995, valid/num_kv_pairs/accuracy-16=0.994, valid/num_kv_pairs/accuracy-32=0.985, valid/num_kv_pairs/accuracy-64=0.9
Valid Epoch 18/32:   0%|          | 0/160 [00:00<?, ?it/s, acc=-, loss=-]Valid Epoch 18/32:   6%|▌         | 9/160 [00:00<00:01, 85.28it/s, acc=-, loss=-]Valid Epoch 18/32:  11%|█▏        | 18/160 [00:00<00:01, 83.08it/s, acc=-, loss=-]Valid Epoch 18/32:  17%|█▋        | 27/160 [00:00<00:01, 82.09it/s, acc=-, loss=-]Valid Epoch 18/32:  22%|██▎       | 36/160 [00:00<00:01, 81.87it/s, acc=-, loss=-]Valid Epoch 18/32:  28%|██▊       | 45/160 [00:00<00:01, 82.52it/s, acc=-, loss=-]Valid Epoch 18/32:  34%|███▍      | 54/160 [00:00<00:01, 82.10it/s, acc=-, loss=-]Valid Epoch 18/32:  39%|███▉      | 63/160 [00:00<00:01, 81.92it/s, acc=-, loss=-]Valid Epoch 18/32:  45%|████▌     | 72/160 [00:00<00:01, 81.86it/s, acc=-, loss=-]Valid Epoch 18/32:  52%|█████▏    | 83/160 [00:00<00:00, 87.97it/s, acc=-, loss=-]Valid Epoch 18/32:  59%|█████▉    | 95/160 [00:01<00:00, 96.97it/s, acc=-, loss=-]Valid Epoch 18/32:  67%|██████▋   | 107/160 [00:01<00:00, 102.32it/s, acc=-, loss=-]Valid Epoch 18/32:  74%|███████▍  | 119/160 [00:01<00:00, 106.03it/s, acc=-, loss=-]Valid Epoch 18/32:  82%|████████▏ | 131/160 [00:01<00:00, 106.94it/s, acc=-, loss=-]Valid Epoch 18/32:  89%|████████▉ | 142/160 [00:01<00:00, 103.94it/s, acc=-, loss=-]Valid Epoch 18/32:  96%|█████████▌| 153/160 [00:01<00:00, 101.87it/s, acc=-, loss=-]Valid Epoch 18/32: 100%|██████████| 160/160 [00:01<00:00, 101.87it/s, valid/loss=0.103, valid/accuracy=0.976, valid/num_kv_pairs/accuracy-4=0.998, valid/num_kv_pairs/accuracy-8=0.996, valid/num_kv_pairs/accuracy-16=0.994, valid/num_kv_pairs/accuracy-32=0.988, valid/num_kv_pairs/accuracy-64=0.905]Valid Epoch 18/32: 100%|██████████| 160/160 [00:01<00:00, 93.65it/s, valid/loss=0.103, valid/accuracy=0.976, valid/num_kv_pairs/accuracy-4=0.998, valid/num_kv_pairs/accuracy-8=0.996, valid/num_kv_pairs/accuracy-16=0.994, valid/num_kv_pairs/accuracy-32=0.988, valid/num_kv_pairs/accuracy-64=0.905] 
valid/loss=0.0943, valid/accuracy=0.978, valid/num_kv_pairs/accuracy-4=0.998, valid/num_kv_pairs/accuracy-8=0.997, valid/num_kv_pairs/accuracy-16=0.995, valid/num_kv_pairs/accuracy-32=0.989, valid/num_kv_pairs/accuracy-64=0.91
valid/loss=0.0915, valid/accuracy=0.978, valid/num_kv_pairs/accuracy-4=0.998, valid/num_kv_pairs/accuracy-8=0.997, valid/num_kv_pairs/accuracy-16=0.995, valid/num_kv_pairs/accuracy-32=0.989, valid/num_kv_pairs/accuracy-64=0.909
valid/loss=0.0901, valid/accuracy=0.979, valid/num_kv_pairs/accuracy-4=0.998, valid/num_kv_pairs/accuracy-8=0.997, valid/num_kv_pairs/accuracy-16=0.996, valid/num_kv_pairs/accuracy-32=0.99, valid/num_kv_pairs/accuracy-64=0.912
valid/loss=0.0849, valid/accuracy=0.98, valid/num_kv_pairs/accuracy-4=1, valid/num_kv_pairs/accuracy-8=0.998, valid/num_kv_pairs/accuracy-16=0.996, valid/num_kv_pairs/accuracy-32=0.989, valid/num_kv_pairs/accuracy-64=0.918
valid/loss=0.0846, valid/accuracy=0.98, valid/num_kv_pairs/accuracy-4=0.999, valid/num_kv_pairs/accuracy-8=0.997, valid/num_kv_pairs/accuracy-16=0.996, valid/num_kv_pairs/accuracy-32=0.99, valid/num_kv_pairs/accuracy-64=0.917
valid/loss=0.0787, valid/accuracy=0.981, valid/num_kv_pairs/accuracy-4=1, valid/num_kv_pairs/accuracy-8=0.998, valid/num_kv_pairs/accuracy-16=0.996, valid/num_kv_pairs/accuracy-32=0.991, valid/num_kv_pairs/accuracy-64=0.922
valid/loss=0.0784, valid/accuracy=0.981, valid/num_kv_pairs/accuracy-4=1, valid/num_kv_pairs/accuracy-8=0.998, valid/num_kv_pairs/accuracy-16=0.996, valid/num_kv_pairs/accuracy-32=0.99, valid/num_kv_pairs/accuracy-64=0.924
valid/loss=0.0759, valid/accuracy=0.982, valid/num_kv_pairs/accuracy-4=1, valid/num_kv_pairs/accuracy-8=0.998, valid/num_kv_pairs/accuracy-16=0.996, valid/num_kv_pairs/accuracy-32=0.991, valid/num_kv_pairs/accuracy-64=0.925
valid/loss=0.0749, valid/accuracy=0.982, valid/num_kv_pairs/accuracy-4=1, valid/num_kv_pairs/accuracy-8=0.999, valid/num_kv_pairs/accuracy-16=0.996, valid/num_kv_pairs/accuracy-32=0.99, valid/num_kv_pairs/accuracy-64=0.927
valid/loss=0.0731, valid/accuracy=0.983, valid/num_kv_pairs/accuracy-4=1, valid/num_kv_pairs/accuracy-8=0.999, valid/num_kv_pairs/accuracy-16=0.995, valid/num_kv_pairs/accuracy-32=0.991, valid/num_kv_pairs/accuracy-64=0.928
valid/loss=0.0718, valid/accuracy=0.983, valid/num_kv_pairs/accuracy-4=1, valid/num_kv_pairs/accuracy-8=0.999, valid/num_kv_pairs/accuracy-16=0.996, valid/num_kv_pairs/accuracy-32=0.991, valid/num_kv_pairs/accuracy-64=0.929
valid/loss=0.0719, valid/accuracy=0.983, valid/num_kv_pairs/accuracy-4=1, valid/num_kv_pairs/accuracy-8=0.999, valid/num_kv_pairs/accuracy-16=0.995, valid/num_kv_pairs/accuracy-32=0.991, valid/num_kv_pairs/accuracy-64=0.929
valid/loss=0.0722, valid/accuracy=0.983, valid/num_kv_pairs/accuracy-4=1, valid/num_kv_pairs/accuracy-8=1, valid/num_kv_pairs/accuracy-16=0.995, valid/num_kv_pairs/accuracy-32=0.991, valid/num_kv_pairs/accuracy-64=0.928
