    early_stopping_metric='valid/accuracy',
    early_stopping_threshold=0.99,
    run_id='smatgdn_d3_hd16_h2_sig_cread_m2blk-dm32-lr1.0e-02'
valid/loss=8.11, valid/accuracy=0.328, valid/num_kv_pairs/accuracy-4=0.0527, valid/num_kv_pairs/accuracy-8=0.0676, valid/num_kv_pairs/accuracy-16=0.291, valid/num_kv_pairs/accuracy-32=0.584, valid/num_kv_pairs/accuracy-64=0.642
valid/loss=1.65, valid/accuracy=0.764, valid/num_kv_pairs/accuracy-4=0.703, valid/num_kv_pairs/accuracy-8=0.586, valid/num_kv_pairs/accuracy-16=0.831, valid/num_kv_pairs/accuracy-32=0.891, valid/num_kv_pairs/accuracy-64=0.807
valid/loss=1.36, valid/accuracy=0.8, valid/num_kv_pairs/accuracy-4=0.747, valid/num_kv_pairs/accuracy-8=0.65, valid/num_kv_pairs/accuracy-16=0.854, valid/num_kv_pairs/accuracy-32=0.91, valid/num_kv_pairs/accuracy-64=0.838
valid/loss=0.538, valid/accuracy=0.917, valid/num_kv_pairs/accuracy-4=0.979, valid/num_kv_pairs/accuracy-8=0.91, valid/num_kv_pairs/accuracy-16=0.896, valid/num_kv_pairs/accuracy-32=0.934, valid/num_kv_pairs/accuracy-64=0.865
valid/loss=0.446, valid/accuracy=0.929, valid/num_kv_pairs/accuracy-4=0.978, valid/num_kv_pairs/accuracy-8=0.916, valid/num_kv_pairs/accuracy-16=0.913, valid/num_kv_pairs/accuracy-32=0.948, valid/num_kv_pairs/accuracy-64=0.89
valid/loss=0.439, valid/accuracy=0.928, valid/num_kv_pairs/accuracy-4=0.98, valid/num_kv_pairs/accuracy-8=0.903, valid/num_kv_pairs/accuracy-16=0.918, valid/num_kv_pairs/accuracy-32=0.95, valid/num_kv_pairs/accuracy-64=0.889
valid/loss=0.424, valid/accuracy=0.931, valid/num_kv_pairs/accuracy-4=0.982, valid/num_kv_pairs/accuracy-8=0.917, valid/num_kv_pairs/accuracy-16=0.917, valid/num_kv_pairs/accuracy-32=0.948, valid/num_kv_pairs/accuracy-64=0.891
valid/loss=0.423, valid/accuracy=0.93, valid/num_kv_pairs/accuracy-4=0.985, valid/num_kv_pairs/accuracy-8=0.917, valid/num_kv_pairs/accuracy-16=0.911, valid/num_kv_pairs/accuracy-32=0.948, valid/num_kv_pairs/accuracy-64=0.889
valid/loss=0.4, valid/accuracy=0.934, valid/num_kv_pairs/accuracy-4=0.984, valid/num_kv_pairs/accuracy-8=0.921, valid/num_kv_pairs/accuracy-16=0.921, valid/num_kv_pairs/accuracy-32=0.952, valid/num_kv_pairs/accuracy-64=0.893
valid/loss=0.432, valid/accuracy=0.929, valid/num_kv_pairs/accuracy-4=0.981, valid/num_kv_pairs/accuracy-8=0.909, valid/num_kv_pairs/accuracy-16=0.913, valid/num_kv_pairs/accuracy-32=0.95, valid/num_kv_pairs/accuracy-64=0.891
valid/loss=0.99, valid/accuracy=0.842, valid/num_kv_pairs/accuracy-4=0.804, valid/num_kv_pairs/accuracy-8=0.691, valid/num_kv_pairs/accuracy-16=0.889, valid/num_kv_pairs/accuracy-32=0.933, valid/num_kv_pairs/accuracy-64=0.894
valid/loss=0.427, valid/accuracy=0.93, valid/num_kv_pairs/accuracy-4=0.98, valid/num_kv_pairs/accuracy-8=0.916, valid/num_kv_pairs/accuracy-16=0.915, valid/num_kv_pairs/accuracy-32=0.948, valid/num_kv_pairs/accuracy-64=0.894
valid/loss=0.447, valid/accuracy=0.929, valid/num_kv_pairs/accuracy-4=0.979, valid/num_kv_pairs/accuracy-8=0.914, valid/num_kv_pairs/accuracy-16=0.91, valid/num_kv_pairs/accuracy-32=0.946, valid/num_kv_pairs/accuracy-64=0.895
valid/loss=0.431, valid/accuracy=0.931, valid/num_kv_pairs/accuracy-4=0.983, valid/num_kv_pairs/accuracy-8=0.919, valid/num_kv_pairs/accuracy-16=0.91, valid/num_kv_pairs/accuracy-32=0.947, valid/num_kv_pairs/accuracy-64=0.897
valid/loss=0.43, valid/accuracy=0.931, valid/num_kv_pairs/accuracy-4=0.984, valid/num_kv_pairs/accuracy-8=0.927, valid/num_kv_pairs/accuracy-16=0.904, valid/num_kv_pairs/accuracy-32=0.948, valid/num_kv_pairs/accuracy-64=0.894
valid/loss=0.486, valid/accuracy=0.92, valid/num_kv_pairs/accuracy-4=0.972, valid/num_kv_pairs/accuracy-8=0.876, valid/num_kv_pairs/accuracy-16=0.904, valid/num_kv_pairs/accuracy-32=0.95, valid/num_kv_pairs/accuracy-64=0.898
valid/loss=0.75, valid/accuracy=0.882, valid/num_kv_pairs/accuracy-4=0.905, valid/num_kv_pairs/accuracy-8=0.753, valid/num_kv_pairs/accuracy-16=0.9, valid/num_kv_pairs/accuracy-32=0.952, valid/num_kv_pairs/accuracy-64=0.901
valid/loss=0.468, valid/accuracy=0.925, valid/num_kv_pairs/accuracy-4=0.981, valid/num_kv_pairs/accuracy-8=0.885, valid/num_kv_pairs/accuracy-16=0.905, valid/num_kv_pairs/accuracy-32=0.952, valid/num_kv_pairs/accuracy-64=0.9
valid/loss=0.526, valid/accuracy=0.913, valid/num_kv_pairs/accuracy-4=0.963, valid/num_kv_pairs/accuracy-8=0.847, valid/num_kv_pairs/accuracy-16=0.906, valid/num_kv_pairs/accuracy-32=0.952, valid/num_kv_pairs/accuracy-64=0.898
valid/loss=0.536, valid/accuracy=0.912, valid/num_kv_pairs/accuracy-4=0.963, valid/num_kv_pairs/accuracy-8=0.843, valid/num_kv_pairs/accuracy-16=0.9, valid/num_kv_pairs/accuracy-32=0.952, valid/num_kv_pairs/accuracy-64=0.902
valid/loss=0.534, valid/accuracy=0.915, valid/num_kv_pairs/accuracy-4=0.967, valid/num_kv_pairs/accuracy-8=0.858, valid/num_kv_pairs/accuracy-16=0.901, valid/num_kv_pairs/accuracy-32=0.949, valid/num_kv_pairs/accuracy-64=0.9
valid/loss=0.356, valid/accuracy=0.942, valid/num_kv_pairs/accuracy-4=0.992, valid/num_kv_pairs/accuracy-8=0.948, valid/num_kv_pairs/accuracy-16=0.919, valid/num_kv_pairs/accuracy-32=0.954, valid/num_kv_pairs/accuracy-64=0.899
valid/loss=0.324, valid/accuracy=0.947, valid/num_kv_pairs/accuracy-4=0.996, valid/num_kv_pairs/accuracy-8=0.957, valid/num_kv_pairs/accuracy-16=0.923, valid/num_kv_pairs/accuracy-32=0.955, valid/num_kv_pairs/accuracy-64=0.905
valid/loss=0.33, valid/accuracy=0.948, valid/num_kv_pairs/accuracy-4=0.996, valid/num_kv_pairs/accuracy-8=0.961, valid/num_kv_pairs/accuracy-16=0.923, valid/num_kv_pairs/accuracy-32=0.956, valid/num_kv_pairs/accuracy-64=0.906
valid/loss=0.321, valid/accuracy=0.948, valid/num_kv_pairs/accuracy-4=0.996, valid/num_kv_pairs/accuracy-8=0.96, valid/num_kv_pairs/accuracy-16=0.924, valid/num_kv_pairs/accuracy-32=0.957, valid/num_kv_pairs/accuracy-64=0.905
valid/loss=0.315, valid/accuracy=0.95, valid/num_kv_pairs/accuracy-4=0.997, valid/num_kv_pairs/accuracy-8=0.963, valid/num_kv_pairs/accuracy-16=0.925, valid/num_kv_pairs/accuracy-32=0.958, valid/num_kv_pairs/accuracy-64=0.905
valid/loss=0.314, valid/accuracy=0.95, valid/num_kv_pairs/accuracy-4=0.998, valid/num_kv_pairs/accuracy-8=0.965, valid/num_kv_pairs/accuracy-16=0.925, valid/num_kv_pairs/accuracy-32=0.958, valid/num_kv_pairs/accuracy-64=0.905
valid/loss=0.303, valid/accuracy=0.952, valid/num_kv_pairs/accuracy-4=0.998, valid/num_kv_pairs/accuracy-8=0.971, valid/num_kv_pairs/accuracy-16=0.927, valid/num_kv_pairs/accuracy-32=0.958, valid/num_kv_pairs/accuracy-64=0.904
valid/loss=0.298, valid/accuracy=0.953, valid/num_kv_pairs/accuracy-4=0.998, valid/num_kv_pairs/accuracy-8=0.976, valid/num_kv_pairs/accuracy-16=0.928, valid/num_kv_pairs/accuracy-32=0.958, valid/num_kv_pairs/accuracy-64=0.904
valid/loss=0.299, valid/accuracy=0.953, valid/num_kv_pairs/accuracy-4=0.999, valid/num_kv_pairs/accuracy-8=0.984, valid/num_kv_pairs/accuracy-16=0.928, valid/num_kv_pairs/accuracy-32=0.954, valid/num_kv_pairs/accuracy-64=0.899
valid/loss=0.313, valid/accuracy=0.95, valid/num_kv_pairs/accuracy-4=0.999, valid/num_kv_pairs/accuracy-8=0.991, valid/num_kv_pairs/accuracy-16=0.927, valid/num_kv_pairs/accuracy-32=0.948, valid/num_kv_pairs/accuracy-64=0.886
valid/loss=0.322, valid/accuracy=0.949, valid/num_kv_pairs/accuracy-4=1, valid/num_kv_pairs/accuracy-8=0.991, valid/num_kv_pairs/accuracy-16=0.926, valid/num_kv_pairs/accuracy-32=0.947, valid/num_kv_pairs/accuracy-64=0.88
