    early_stopping_metric='valid/accuracy',
    early_stopping_threshold=0.99,
    run_id='smat_d2_mr3_hd16_ds16_sig_delta_cread_m2blk_s1-dm32-lr1.0e-02'
valid/loss=3.12, valid/accuracy=0.562, valid/num_kv_pairs/accuracy-4=0.868, valid/num_kv_pairs/accuracy-8=0.777, valid/num_kv_pairs/accuracy-16=0.633, valid/num_kv_pairs/accuracy-32=0.373, valid/num_kv_pairs/accuracy-64=0.161
valid/loss=2.11, valid/accuracy=0.692, valid/num_kv_pairs/accuracy-4=0.915, valid/num_kv_pairs/accuracy-8=0.857, valid/num_kv_pairs/accuracy-16=0.787, valid/num_kv_pairs/accuracy-32=0.585, valid/num_kv_pairs/accuracy-64=0.313
valid/loss=1.93, valid/accuracy=0.716, valid/num_kv_pairs/accuracy-4=0.917, valid/num_kv_pairs/accuracy-8=0.866, valid/num_kv_pairs/accuracy-16=0.816, valid/num_kv_pairs/accuracy-32=0.629, valid/num_kv_pairs/accuracy-64=0.35
valid/loss=1.75, valid/accuracy=0.746, valid/num_kv_pairs/accuracy-4=0.935, valid/num_kv_pairs/accuracy-8=0.894, valid/num_kv_pairs/accuracy-16=0.844, valid/num_kv_pairs/accuracy-32=0.678, valid/num_kv_pairs/accuracy-64=0.376
valid/loss=1.54, valid/accuracy=0.764, valid/num_kv_pairs/accuracy-4=0.932, valid/num_kv_pairs/accuracy-8=0.893, valid/num_kv_pairs/accuracy-16=0.87, valid/num_kv_pairs/accuracy-32=0.713, valid/num_kv_pairs/accuracy-64=0.412
valid/loss=1.43, valid/accuracy=0.778, valid/num_kv_pairs/accuracy-4=0.947, valid/num_kv_pairs/accuracy-8=0.879, valid/num_kv_pairs/accuracy-16=0.877, valid/num_kv_pairs/accuracy-32=0.739, valid/num_kv_pairs/accuracy-64=0.446
valid/loss=4.27, valid/accuracy=0.582, valid/num_kv_pairs/accuracy-4=0.39, valid/num_kv_pairs/accuracy-8=0.437, valid/num_kv_pairs/accuracy-16=0.844, valid/num_kv_pairs/accuracy-32=0.747, valid/num_kv_pairs/accuracy-64=0.492
valid/loss=1.54, valid/accuracy=0.766, valid/num_kv_pairs/accuracy-4=0.922, valid/num_kv_pairs/accuracy-8=0.849, valid/num_kv_pairs/accuracy-16=0.881, valid/num_kv_pairs/accuracy-32=0.743, valid/num_kv_pairs/accuracy-64=0.437
valid/loss=1.61, valid/accuracy=0.76, valid/num_kv_pairs/accuracy-4=0.915, valid/num_kv_pairs/accuracy-8=0.818, valid/num_kv_pairs/accuracy-16=0.877, valid/num_kv_pairs/accuracy-32=0.731, valid/num_kv_pairs/accuracy-64=0.458
valid/loss=1.54, valid/accuracy=0.764, valid/num_kv_pairs/accuracy-4=0.906, valid/num_kv_pairs/accuracy-8=0.817, valid/num_kv_pairs/accuracy-16=0.884, valid/num_kv_pairs/accuracy-32=0.747, valid/num_kv_pairs/accuracy-64=0.466
valid/loss=1.47, valid/accuracy=0.776, valid/num_kv_pairs/accuracy-4=0.926, valid/num_kv_pairs/accuracy-8=0.848, valid/num_kv_pairs/accuracy-16=0.899, valid/num_kv_pairs/accuracy-32=0.75, valid/num_kv_pairs/accuracy-64=0.458
valid/loss=1.6, valid/accuracy=0.751, valid/num_kv_pairs/accuracy-4=0.895, valid/num_kv_pairs/accuracy-8=0.758, valid/num_kv_pairs/accuracy-16=0.87, valid/num_kv_pairs/accuracy-32=0.752, valid/num_kv_pairs/accuracy-64=0.479
valid/loss=1.51, valid/accuracy=0.765, valid/num_kv_pairs/accuracy-4=0.914, valid/num_kv_pairs/accuracy-8=0.807, valid/num_kv_pairs/accuracy-16=0.878, valid/num_kv_pairs/accuracy-32=0.745, valid/num_kv_pairs/accuracy-64=0.479
valid/loss=1.43, valid/accuracy=0.769, valid/num_kv_pairs/accuracy-4=0.931, valid/num_kv_pairs/accuracy-8=0.809, valid/num_kv_pairs/accuracy-16=0.877, valid/num_kv_pairs/accuracy-32=0.751, valid/num_kv_pairs/accuracy-64=0.478
valid/loss=1.24, valid/accuracy=0.804, valid/num_kv_pairs/accuracy-4=0.963, valid/num_kv_pairs/accuracy-8=0.884, valid/num_kv_pairs/accuracy-16=0.909, valid/num_kv_pairs/accuracy-32=0.782, valid/num_kv_pairs/accuracy-64=0.481
valid/loss=1.54, valid/accuracy=0.762, valid/num_kv_pairs/accuracy-4=0.922, valid/num_kv_pairs/accuracy-8=0.765, valid/num_kv_pairs/accuracy-16=0.865, valid/num_kv_pairs/accuracy-32=0.755, valid/num_kv_pairs/accuracy-64=0.503
valid/loss=1.42, valid/accuracy=0.774, valid/num_kv_pairs/accuracy-4=0.934, valid/num_kv_pairs/accuracy-8=0.785, valid/num_kv_pairs/accuracy-16=0.878, valid/num_kv_pairs/accuracy-32=0.769, valid/num_kv_pairs/accuracy-64=0.504
valid/loss=1.45, valid/accuracy=0.772, valid/num_kv_pairs/accuracy-4=0.921, valid/num_kv_pairs/accuracy-8=0.775, valid/num_kv_pairs/accuracy-16=0.876, valid/num_kv_pairs/accuracy-32=0.773, valid/num_kv_pairs/accuracy-64=0.517
valid/loss=1.38, valid/accuracy=0.784, valid/num_kv_pairs/accuracy-4=0.931, valid/num_kv_pairs/accuracy-8=0.79, valid/num_kv_pairs/accuracy-16=0.892, valid/num_kv_pairs/accuracy-32=0.787, valid/num_kv_pairs/accuracy-64=0.52
valid/loss=1.5, valid/accuracy=0.77, valid/num_kv_pairs/accuracy-4=0.915, valid/num_kv_pairs/accuracy-8=0.742, valid/num_kv_pairs/accuracy-16=0.878, valid/num_kv_pairs/accuracy-32=0.78, valid/num_kv_pairs/accuracy-64=0.537
valid/loss=1.43, valid/accuracy=0.78, valid/num_kv_pairs/accuracy-4=0.923, valid/num_kv_pairs/accuracy-8=0.755, valid/num_kv_pairs/accuracy-16=0.884, valid/num_kv_pairs/accuracy-32=0.793, valid/num_kv_pairs/accuracy-64=0.543
valid/loss=1.41, valid/accuracy=0.78, valid/num_kv_pairs/accuracy-4=0.926, valid/num_kv_pairs/accuracy-8=0.751, valid/num_kv_pairs/accuracy-16=0.881, valid/num_kv_pairs/accuracy-32=0.795, valid/num_kv_pairs/accuracy-64=0.548
valid/loss=1.39, valid/accuracy=0.786, valid/num_kv_pairs/accuracy-4=0.927, valid/num_kv_pairs/accuracy-8=0.761, valid/num_kv_pairs/accuracy-16=0.887, valid/num_kv_pairs/accuracy-32=0.799, valid/num_kv_pairs/accuracy-64=0.556
valid/loss=1.31, valid/accuracy=0.797, valid/num_kv_pairs/accuracy-4=0.937, valid/num_kv_pairs/accuracy-8=0.784, valid/num_kv_pairs/accuracy-16=0.896, valid/num_kv_pairs/accuracy-32=0.809, valid/num_kv_pairs/accuracy-64=0.556
valid/loss=1.18, valid/accuracy=0.813, valid/num_kv_pairs/accuracy-4=0.953, valid/num_kv_pairs/accuracy-8=0.829, valid/num_kv_pairs/accuracy-16=0.908, valid/num_kv_pairs/accuracy-32=0.818, valid/num_kv_pairs/accuracy-64=0.559
valid/loss=1.06, valid/accuracy=0.83, valid/num_kv_pairs/accuracy-4=0.963, valid/num_kv_pairs/accuracy-8=0.875, valid/num_kv_pairs/accuracy-16=0.921, valid/num_kv_pairs/accuracy-32=0.828, valid/num_kv_pairs/accuracy-64=0.561
valid/loss=1, valid/accuracy=0.838, valid/num_kv_pairs/accuracy-4=0.97, valid/num_kv_pairs/accuracy-8=0.898, valid/num_kv_pairs/accuracy-16=0.927, valid/num_kv_pairs/accuracy-32=0.834, valid/num_kv_pairs/accuracy-64=0.561
valid/loss=0.952, valid/accuracy=0.845, valid/num_kv_pairs/accuracy-4=0.977, valid/num_kv_pairs/accuracy-8=0.916, valid/num_kv_pairs/accuracy-16=0.933, valid/num_kv_pairs/accuracy-32=0.838, valid/num_kv_pairs/accuracy-64=0.56
valid/loss=0.911, valid/accuracy=0.85, valid/num_kv_pairs/accuracy-4=0.981, valid/num_kv_pairs/accuracy-8=0.931, valid/num_kv_pairs/accuracy-16=0.937, valid/num_kv_pairs/accuracy-32=0.841, valid/num_kv_pairs/accuracy-64=0.561
valid/loss=0.872, valid/accuracy=0.855, valid/num_kv_pairs/accuracy-4=0.987, valid/num_kv_pairs/accuracy-8=0.947, valid/num_kv_pairs/accuracy-16=0.941, valid/num_kv_pairs/accuracy-32=0.842, valid/num_kv_pairs/accuracy-64=0.557
valid/loss=0.843, valid/accuracy=0.859, valid/num_kv_pairs/accuracy-4=0.994, valid/num_kv_pairs/accuracy-8=0.963, valid/num_kv_pairs/accuracy-16=0.945, valid/num_kv_pairs/accuracy-32=0.843, valid/num_kv_pairs/accuracy-64=0.55
valid/loss=0.831, valid/accuracy=0.861, valid/num_kv_pairs/accuracy-4=0.997, valid/num_kv_pairs/accuracy-8=0.974, valid/num_kv_pairs/accuracy-16=0.948, valid/num_kv_pairs/accuracy-32=0.842, valid/num_kv_pairs/accuracy-64=0.545
