3
    early_stopping_metric='valid/accuracy',
    early_stopping_threshold=0.99,
    run_id='smat_d2_mr3_hd8_sig_m2blk-dm16-lr1.0e-02'
valid/loss=1.72, valid/accuracy=0.713, valid/num_kv_pairs/accuracy-4=0.93, valid/num_kv_pairs/accuracy-8=0.883, valid/num_kv_pairs/accuracy-16=0.784, valid/num_kv_pairs/accuracy-32=0.608, valid/num_kv_pairs/accuracy-64=0.36
valid/loss=1.34, valid/accuracy=0.768, valid/num_kv_pairs/accuracy-4=0.948, valid/num_kv_pairs/accuracy-8=0.915, valid/num_kv_pairs/accuracy-16=0.838, valid/num_kv_pairs/accuracy-32=0.686, valid/num_kv_pairs/accuracy-64=0.454
valid/loss=1.03, valid/accuracy=0.812, valid/num_kv_pairs/accuracy-4=0.96, valid/num_kv_pairs/accuracy-8=0.949, valid/num_kv_pairs/accuracy-16=0.882, valid/num_kv_pairs/accuracy-32=0.754, valid/num_kv_pairs/accuracy-64=0.514
valid/loss=0.922, valid/accuracy=0.831, valid/num_kv_pairs/accuracy-4=0.974, valid/num_kv_pairs/accuracy-8=0.952, valid/num_kv_pairs/accuracy-16=0.903, valid/num_kv_pairs/accuracy-32=0.785, valid/num_kv_pairs/accuracy-64=0.543
valid/loss=0.822, valid/accuracy=0.847, valid/num_kv_pairs/accuracy-4=0.981, valid/num_kv_pairs/accuracy-8=0.966, valid/num_kv_pairs/accuracy-16=0.919, valid/num_kv_pairs/accuracy-32=0.81, valid/num_kv_pairs/accuracy-64=0.559
valid/loss=0.836, valid/accuracy=0.846, valid/num_kv_pairs/accuracy-4=0.972, valid/num_kv_pairs/accuracy-8=0.961, valid/num_kv_pairs/accuracy-16=0.923, valid/num_kv_pairs/accuracy-32=0.809, valid/num_kv_pairs/accuracy-64=0.564
valid/loss=0.738, valid/accuracy=0.86, valid/num_kv_pairs/accuracy-4=0.984, valid/num_kv_pairs/accuracy-8=0.971, valid/num_kv_pairs/accuracy-16=0.933, valid/num_kv_pairs/accuracy-32=0.828, valid/num_kv_pairs/accuracy-64=0.581
valid/loss=0.722, valid/accuracy=0.862, valid/num_kv_pairs/accuracy-4=0.975, valid/num_kv_pairs/accuracy-8=0.97, valid/num_kv_pairs/accuracy-16=0.931, valid/num_kv_pairs/accuracy-32=0.84, valid/num_kv_pairs/accuracy-64=0.594
valid/loss=0.72, valid/accuracy=0.861, valid/num_kv_pairs/accuracy-4=0.97, valid/num_kv_pairs/accuracy-8=0.964, valid/num_kv_pairs/accuracy-16=0.934, valid/num_kv_pairs/accuracy-32=0.841, valid/num_kv_pairs/accuracy-64=0.595
valid/loss=0.669, valid/accuracy=0.866, valid/num_kv_pairs/accuracy-4=0.985, valid/num_kv_pairs/accuracy-8=0.972, valid/num_kv_pairs/accuracy-16=0.94, valid/num_kv_pairs/accuracy-32=0.843, valid/num_kv_pairs/accuracy-64=0.591
valid/loss=0.645, valid/accuracy=0.871, valid/num_kv_pairs/accuracy-4=0.988, valid/num_kv_pairs/accuracy-8=0.974, valid/num_kv_pairs/accuracy-16=0.947, valid/num_kv_pairs/accuracy-32=0.848, valid/num_kv_pairs/accuracy-64=0.599
valid/loss=0.717, valid/accuracy=0.862, valid/num_kv_pairs/accuracy-4=0.977, valid/num_kv_pairs/accuracy-8=0.964, valid/num_kv_pairs/accuracy-16=0.933, valid/num_kv_pairs/accuracy-32=0.838, valid/num_kv_pairs/accuracy-64=0.598
valid/loss=0.64, valid/accuracy=0.871, valid/num_kv_pairs/accuracy-4=0.982, valid/num_kv_pairs/accuracy-8=0.98, valid/num_kv_pairs/accuracy-16=0.947, valid/num_kv_pairs/accuracy-32=0.853, valid/num_kv_pairs/accuracy-64=0.595
valid/loss=0.605, valid/accuracy=0.877, valid/num_kv_pairs/accuracy-4=0.99, valid/num_kv_pairs/accuracy-8=0.982, valid/num_kv_pairs/accuracy-16=0.95, valid/num_kv_pairs/accuracy-32=0.858, valid/num_kv_pairs/accuracy-64=0.605
valid/loss=0.577, valid/accuracy=0.881, valid/num_kv_pairs/accuracy-4=0.993, valid/num_kv_pairs/accuracy-8=0.981, valid/num_kv_pairs/accuracy-16=0.959, valid/num_kv_pairs/accuracy-32=0.862, valid/num_kv_pairs/accuracy-64=0.609
valid/loss=0.556, valid/accuracy=0.884, valid/num_kv_pairs/accuracy-4=0.991, valid/num_kv_pairs/accuracy-8=0.984, valid/num_kv_pairs/accuracy-16=0.961, valid/num_kv_pairs/accuracy-32=0.87, valid/num_kv_pairs/accuracy-64=0.616
valid/loss=0.551, valid/accuracy=0.884, valid/num_kv_pairs/accuracy-4=0.993, valid/num_kv_pairs/accuracy-8=0.983, valid/num_kv_pairs/accuracy-16=0.962, valid/num_kv_pairs/accuracy-32=0.871, valid/num_kv_pairs/accuracy-64=0.613
valid/loss=0.536, valid/accuracy=0.887, valid/num_kv_pairs/accuracy-4=0.994, valid/num_kv_pairs/accuracy-8=0.988, valid/num_kv_pairs/accuracy-16=0.965, valid/num_kv_pairs/accuracy-32=0.876, valid/num_kv_pairs/accuracy-64=0.614
valid/loss=0.522, valid/accuracy=0.889, valid/num_kv_pairs/accuracy-4=0.993, valid/num_kv_pairs/accuracy-8=0.986, valid/num_kv_pairs/accuracy-16=0.967, valid/num_kv_pairs/accuracy-32=0.881, valid/num_kv_pairs/accuracy-64=0.616
valid/loss=0.51, valid/accuracy=0.891, valid/num_kv_pairs/accuracy-4=0.996, valid/num_kv_pairs/accuracy-8=0.988, valid/num_kv_pairs/accuracy-16=0.971, valid/num_kv_pairs/accuracy-32=0.882, valid/num_kv_pairs/accuracy-64=0.616
valid/loss=0.5, valid/accuracy=0.892, valid/num_kv_pairs/accuracy-4=0.996, valid/num_kv_pairs/accuracy-8=0.989, valid/num_kv_pairs/accuracy-16=0.972, valid/num_kv_pairs/accuracy-32=0.887, valid/num_kv_pairs/accuracy-64=0.617
valid/loss=0.488, valid/accuracy=0.893, valid/num_kv_pairs/accuracy-4=0.996, valid/num_kv_pairs/accuracy-8=0.989, valid/num_kv_pairs/accuracy-16=0.973, valid/num_kv_pairs/accuracy-32=0.889, valid/num_kv_pairs/accuracy-64=0.619
valid/loss=0.485, valid/accuracy=0.894, valid/num_kv_pairs/accuracy-4=0.997, valid/num_kv_pairs/accuracy-8=0.989, valid/num_kv_pairs/accuracy-16=0.976, valid/num_kv_pairs/accuracy-32=0.894, valid/num_kv_pairs/accuracy-64=0.616
Valid Epoch 23/32:   0%|          | 0/160 [00:00<?, ?it/s, acc=-, loss=-]Valid Epoch 23/32:   4%|▍         | 7/160 [00:00<00:02, 67.91it/s, acc=-, loss=-]Valid Epoch 23/32:   9%|▉         | 14/160 [00:00<00:02, 64.11it/s, acc=-, loss=-]Valid Epoch 23/32:  14%|█▍        | 22/160 [00:00<00:02, 68.67it/s, acc=-, loss=-]Valid Epoch 23/32:  18%|█▊        | 29/160 [00:00<00:01, 68.07it/s, acc=-, loss=-]Valid Epoch 23/32:  22%|██▎       | 36/160 [00:00<00:01, 68.23it/s, acc=-, loss=-]Valid Epoch 23/32:  27%|██▋       | 43/160 [00:00<00:01, 68.33it/s, acc=-, loss=-]Valid Epoch 23/32:  31%|███▏      | 50/160 [00:00<00:01, 68.51it/s, acc=-, loss=-]Valid Epoch 23/32:  36%|███▌      | 57/160 [00:00<00:01, 68.45it/s, acc=-, loss=-]Valid Epoch 23/32:  41%|████▏     | 66/160 [00:00<00:01, 72.76it/s, acc=-, loss=-]Valid Epoch 23/32:  48%|████▊     | 76/160 [00:01<00:01, 79.20it/s, acc=-, loss=-]Valid Epoch 23/32:  54%|█████▍    | 86/160 [00:01<00:00, 83.09it/s, acc=-, loss=-]Valid Epoch 23/32:  60%|██████    | 96/160 [00:01<00:00, 86.23it/s, acc=-, loss=-]Valid Epoch 23/32:  66%|██████▌   | 105/160 [00:01<00:00, 86.62it/s, acc=-, loss=-]Valid Epoch 23/32:  74%|███████▍  | 119/160 [00:01<00:00, 100.26it/s, acc=-, loss=-]Valid Epoch 23/32:  84%|████████▍ | 134/160 [00:01<00:00, 112.91it/s, acc=-, loss=-]Valid Epoch 23/32:  92%|█████████▎| 148/160 [00:01<00:00, 120.20it/s, acc=-, loss=-]Valid Epoch 23/32: 100%|██████████| 160/160 [00:01<00:00, 120.20it/s, valid/loss=0.474, valid/accuracy=0.896, valid/num_kv_pairs/accuracy-4=0.997, valid/num_kv_pairs/accuracy-8=0.99, valid/num_kv_pairs/accuracy-16=0.979, valid/num_kv_pairs/accuracy-32=0.898, valid/num_kv_pairs/accuracy-64=0.617]Valid Epoch 23/32: 100%|██████████| 160/160 [00:01<00:00, 89.95it/s, valid/loss=0.474, valid/accuracy=0.896, valid/num_kv_pairs/accuracy-4=0.997, valid/num_kv_pairs/accuracy-8=0.99, valid/num_kv_pairs/accuracy-16=0.979, valid/num_kv_pairs/accuracy-32=0.898, valid/num_kv_pairs/accuracy-64=0.617] 
valid/loss=0.467, valid/accuracy=0.897, valid/num_kv_pairs/accuracy-4=0.997, valid/num_kv_pairs/accuracy-8=0.991, valid/num_kv_pairs/accuracy-16=0.981, valid/num_kv_pairs/accuracy-32=0.899, valid/num_kv_pairs/accuracy-64=0.616
valid/loss=0.46, valid/accuracy=0.898, valid/num_kv_pairs/accuracy-4=0.997, valid/num_kv_pairs/accuracy-8=0.992, valid/num_kv_pairs/accuracy-16=0.982, valid/num_kv_pairs/accuracy-32=0.901, valid/num_kv_pairs/accuracy-64=0.618
valid/loss=0.454, valid/accuracy=0.9, valid/num_kv_pairs/accuracy-4=0.998, valid/num_kv_pairs/accuracy-8=0.993, valid/num_kv_pairs/accuracy-16=0.982, valid/num_kv_pairs/accuracy-32=0.905, valid/num_kv_pairs/accuracy-64=0.621
valid/loss=0.448, valid/accuracy=0.9, valid/num_kv_pairs/accuracy-4=0.997, valid/num_kv_pairs/accuracy-8=0.994, valid/num_kv_pairs/accuracy-16=0.983, valid/num_kv_pairs/accuracy-32=0.909, valid/num_kv_pairs/accuracy-64=0.62
valid/loss=0.444, valid/accuracy=0.902, valid/num_kv_pairs/accuracy-4=0.998, valid/num_kv_pairs/accuracy-8=0.994, valid/num_kv_pairs/accuracy-16=0.984, valid/num_kv_pairs/accuracy-32=0.911, valid/num_kv_pairs/accuracy-64=0.621
valid/loss=0.44, valid/accuracy=0.902, valid/num_kv_pairs/accuracy-4=0.998, valid/num_kv_pairs/accuracy-8=0.995, valid/num_kv_pairs/accuracy-16=0.985, valid/num_kv_pairs/accuracy-32=0.912, valid/num_kv_pairs/accuracy-64=0.622
valid/loss=0.437, valid/accuracy=0.903, valid/num_kv_pairs/accuracy-4=0.998, valid/num_kv_pairs/accuracy-8=0.995, valid/num_kv_pairs/accuracy-16=0.985, valid/num_kv_pairs/accuracy-32=0.913, valid/num_kv_pairs/accuracy-64=0.623
valid/loss=0.436, valid/accuracy=0.903, valid/num_kv_pairs/accuracy-4=0.999, valid/num_kv_pairs/accuracy-8=0.995, valid/num_kv_pairs/accuracy-16=0.986, valid/num_kv_pairs/accuracy-32=0.914, valid/num_kv_pairs/accuracy-64=0.623
