    early_stopping_metric='valid/accuracy',
    early_stopping_threshold=0.99,
    run_id='smatgdn_d2_hd16_h1_sig_cread_m2blk_s1-dm16-lr1.0e-02'
valid/loss=5.61, valid/accuracy=0.33, valid/num_kv_pairs/accuracy-4=0.423, valid/num_kv_pairs/accuracy-8=0.356, valid/num_kv_pairs/accuracy-16=0.476, valid/num_kv_pairs/accuracy-32=0.277, valid/num_kv_pairs/accuracy-64=0.119
valid/loss=3.45, valid/accuracy=0.594, valid/num_kv_pairs/accuracy-4=0.654, valid/num_kv_pairs/accuracy-8=0.642, valid/num_kv_pairs/accuracy-16=0.782, valid/num_kv_pairs/accuracy-32=0.579, valid/num_kv_pairs/accuracy-64=0.316
valid/loss=3.05, valid/accuracy=0.653, valid/num_kv_pairs/accuracy-4=0.841, valid/num_kv_pairs/accuracy-8=0.726, valid/num_kv_pairs/accuracy-16=0.806, valid/num_kv_pairs/accuracy-32=0.587, valid/num_kv_pairs/accuracy-64=0.303
valid/loss=2.68, valid/accuracy=0.707, valid/num_kv_pairs/accuracy-4=0.897, valid/num_kv_pairs/accuracy-8=0.794, valid/num_kv_pairs/accuracy-16=0.853, valid/num_kv_pairs/accuracy-32=0.646, valid/num_kv_pairs/accuracy-64=0.344
valid/loss=2.65, valid/accuracy=0.706, valid/num_kv_pairs/accuracy-4=0.892, valid/num_kv_pairs/accuracy-8=0.788, valid/num_kv_pairs/accuracy-16=0.854, valid/num_kv_pairs/accuracy-32=0.649, valid/num_kv_pairs/accuracy-64=0.345
valid/loss=2.66, valid/accuracy=0.699, valid/num_kv_pairs/accuracy-4=0.881, valid/num_kv_pairs/accuracy-8=0.769, valid/num_kv_pairs/accuracy-16=0.846, valid/num_kv_pairs/accuracy-32=0.647, valid/num_kv_pairs/accuracy-64=0.351
valid/loss=2.69, valid/accuracy=0.693, valid/num_kv_pairs/accuracy-4=0.849, valid/num_kv_pairs/accuracy-8=0.755, valid/num_kv_pairs/accuracy-16=0.855, valid/num_kv_pairs/accuracy-32=0.654, valid/num_kv_pairs/accuracy-64=0.354
valid/loss=2.64, valid/accuracy=0.693, valid/num_kv_pairs/accuracy-4=0.86, valid/num_kv_pairs/accuracy-8=0.747, valid/num_kv_pairs/accuracy-16=0.847, valid/num_kv_pairs/accuracy-32=0.655, valid/num_kv_pairs/accuracy-64=0.354
valid/loss=2.58, valid/accuracy=0.704, valid/num_kv_pairs/accuracy-4=0.89, valid/num_kv_pairs/accuracy-8=0.772, valid/num_kv_pairs/accuracy-16=0.848, valid/num_kv_pairs/accuracy-32=0.655, valid/num_kv_pairs/accuracy-64=0.356
valid/loss=2.54, valid/accuracy=0.71, valid/num_kv_pairs/accuracy-4=0.898, valid/num_kv_pairs/accuracy-8=0.78, valid/num_kv_pairs/accuracy-16=0.858, valid/num_kv_pairs/accuracy-32=0.664, valid/num_kv_pairs/accuracy-64=0.351
valid/loss=2.52, valid/accuracy=0.712, valid/num_kv_pairs/accuracy-4=0.89, valid/num_kv_pairs/accuracy-8=0.788, valid/num_kv_pairs/accuracy-16=0.862, valid/num_kv_pairs/accuracy-32=0.666, valid/num_kv_pairs/accuracy-64=0.352
valid/loss=2.49, valid/accuracy=0.714, valid/num_kv_pairs/accuracy-4=0.894, valid/num_kv_pairs/accuracy-8=0.785, valid/num_kv_pairs/accuracy-16=0.865, valid/num_kv_pairs/accuracy-32=0.673, valid/num_kv_pairs/accuracy-64=0.351
valid/loss=2.48, valid/accuracy=0.713, valid/num_kv_pairs/accuracy-4=0.893, valid/num_kv_pairs/accuracy-8=0.789, valid/num_kv_pairs/accuracy-16=0.866, valid/num_kv_pairs/accuracy-32=0.669, valid/num_kv_pairs/accuracy-64=0.351
valid/loss=2.44, valid/accuracy=0.715, valid/num_kv_pairs/accuracy-4=0.892, valid/num_kv_pairs/accuracy-8=0.788, valid/num_kv_pairs/accuracy-16=0.869, valid/num_kv_pairs/accuracy-32=0.672, valid/num_kv_pairs/accuracy-64=0.355
valid/loss=2.41, valid/accuracy=0.717, valid/num_kv_pairs/accuracy-4=0.897, valid/num_kv_pairs/accuracy-8=0.789, valid/num_kv_pairs/accuracy-16=0.871, valid/num_kv_pairs/accuracy-32=0.673, valid/num_kv_pairs/accuracy-64=0.356
valid/loss=2.36, valid/accuracy=0.721, valid/num_kv_pairs/accuracy-4=0.909, valid/num_kv_pairs/accuracy-8=0.795, valid/num_kv_pairs/accuracy-16=0.872, valid/num_kv_pairs/accuracy-32=0.675, valid/num_kv_pairs/accuracy-64=0.356
valid/loss=2.32, valid/accuracy=0.723, valid/num_kv_pairs/accuracy-4=0.907, valid/num_kv_pairs/accuracy-8=0.799, valid/num_kv_pairs/accuracy-16=0.876, valid/num_kv_pairs/accuracy-32=0.678, valid/num_kv_pairs/accuracy-64=0.357
valid/loss=2.29, valid/accuracy=0.722, valid/num_kv_pairs/accuracy-4=0.904, valid/num_kv_pairs/accuracy-8=0.795, valid/num_kv_pairs/accuracy-16=0.876, valid/num_kv_pairs/accuracy-32=0.677, valid/num_kv_pairs/accuracy-64=0.357
valid/loss=2.26, valid/accuracy=0.722, valid/num_kv_pairs/accuracy-4=0.906, valid/num_kv_pairs/accuracy-8=0.794, valid/num_kv_pairs/accuracy-16=0.876, valid/num_kv_pairs/accuracy-32=0.676, valid/num_kv_pairs/accuracy-64=0.36
valid/loss=2.2, valid/accuracy=0.728, valid/num_kv_pairs/accuracy-4=0.916, valid/num_kv_pairs/accuracy-8=0.804, valid/num_kv_pairs/accuracy-16=0.882, valid/num_kv_pairs/accuracy-32=0.679, valid/num_kv_pairs/accuracy-64=0.362
valid/loss=2.19, valid/accuracy=0.728, valid/num_kv_pairs/accuracy-4=0.917, valid/num_kv_pairs/accuracy-8=0.795, valid/num_kv_pairs/accuracy-16=0.875, valid/num_kv_pairs/accuracy-32=0.675, valid/num_kv_pairs/accuracy-64=0.38
valid/loss=2.15, valid/accuracy=0.726, valid/num_kv_pairs/accuracy-4=0.91, valid/num_kv_pairs/accuracy-8=0.796, valid/num_kv_pairs/accuracy-16=0.873, valid/num_kv_pairs/accuracy-32=0.672, valid/num_kv_pairs/accuracy-64=0.378
valid/loss=2.11, valid/accuracy=0.728, valid/num_kv_pairs/accuracy-4=0.915, valid/num_kv_pairs/accuracy-8=0.803, valid/num_kv_pairs/accuracy-16=0.876, valid/num_kv_pairs/accuracy-32=0.673, valid/num_kv_pairs/accuracy-64=0.375
valid/loss=2.09, valid/accuracy=0.729, valid/num_kv_pairs/accuracy-4=0.917, valid/num_kv_pairs/accuracy-8=0.802, valid/num_kv_pairs/accuracy-16=0.876, valid/num_kv_pairs/accuracy-32=0.673, valid/num_kv_pairs/accuracy-64=0.376
valid/loss=2.07, valid/accuracy=0.73, valid/num_kv_pairs/accuracy-4=0.917, valid/num_kv_pairs/accuracy-8=0.802, valid/num_kv_pairs/accuracy-16=0.877, valid/num_kv_pairs/accuracy-32=0.676, valid/num_kv_pairs/accuracy-64=0.376
valid/loss=2.02, valid/accuracy=0.736, valid/num_kv_pairs/accuracy-4=0.928, valid/num_kv_pairs/accuracy-8=0.818, valid/num_kv_pairs/accuracy-16=0.881, valid/num_kv_pairs/accuracy-32=0.675, valid/num_kv_pairs/accuracy-64=0.376
valid/loss=2, valid/accuracy=0.738, valid/num_kv_pairs/accuracy-4=0.93, valid/num_kv_pairs/accuracy-8=0.821, valid/num_kv_pairs/accuracy-16=0.882, valid/num_kv_pairs/accuracy-32=0.68, valid/num_kv_pairs/accuracy-64=0.378
valid/loss=1.99, valid/accuracy=0.739, valid/num_kv_pairs/accuracy-4=0.93, valid/num_kv_pairs/accuracy-8=0.825, valid/num_kv_pairs/accuracy-16=0.883, valid/num_kv_pairs/accuracy-32=0.68, valid/num_kv_pairs/accuracy-64=0.377
valid/loss=1.99, valid/accuracy=0.74, valid/num_kv_pairs/accuracy-4=0.932, valid/num_kv_pairs/accuracy-8=0.825, valid/num_kv_pairs/accuracy-16=0.885, valid/num_kv_pairs/accuracy-32=0.682, valid/num_kv_pairs/accuracy-64=0.374
valid/loss=1.96, valid/accuracy=0.748, valid/num_kv_pairs/accuracy-4=0.935, valid/num_kv_pairs/accuracy-8=0.835, valid/num_kv_pairs/accuracy-16=0.891, valid/num_kv_pairs/accuracy-32=0.694, valid/num_kv_pairs/accuracy-64=0.384
valid/loss=1.94, valid/accuracy=0.754, valid/num_kv_pairs/accuracy-4=0.944, valid/num_kv_pairs/accuracy-8=0.851, valid/num_kv_pairs/accuracy-16=0.893, valid/num_kv_pairs/accuracy-32=0.695, valid/num_kv_pairs/accuracy-64=0.385
valid/loss=1.93, valid/accuracy=0.754, valid/num_kv_pairs/accuracy-4=0.952, valid/num_kv_pairs/accuracy-8=0.864, valid/num_kv_pairs/accuracy-16=0.891, valid/num_kv_pairs/accuracy-32=0.688, valid/num_kv_pairs/accuracy-64=0.377
