    early_stopping_metric='valid/accuracy',
    early_stopping_threshold=0.99,
    run_id='smat_d2_mr3_hd4_m2blk-dm16-lr1.0e-02'
valid/loss=2.46, valid/accuracy=0.6, valid/num_kv_pairs/accuracy-4=0.583, valid/num_kv_pairs/accuracy-8=0.68, valid/num_kv_pairs/accuracy-16=0.73, valid/num_kv_pairs/accuracy-32=0.623, valid/num_kv_pairs/accuracy-64=0.386
valid/loss=1.58, valid/accuracy=0.753, valid/num_kv_pairs/accuracy-4=0.932, valid/num_kv_pairs/accuracy-8=0.893, valid/num_kv_pairs/accuracy-16=0.83, valid/num_kv_pairs/accuracy-32=0.669, valid/num_kv_pairs/accuracy-64=0.44
valid/loss=1.96, valid/accuracy=0.698, valid/num_kv_pairs/accuracy-4=0.746, valid/num_kv_pairs/accuracy-8=0.808, valid/num_kv_pairs/accuracy-16=0.801, valid/num_kv_pairs/accuracy-32=0.68, valid/num_kv_pairs/accuracy-64=0.454
valid/loss=2.02, valid/accuracy=0.699, valid/num_kv_pairs/accuracy-4=0.762, valid/num_kv_pairs/accuracy-8=0.805, valid/num_kv_pairs/accuracy-16=0.803, valid/num_kv_pairs/accuracy-32=0.677, valid/num_kv_pairs/accuracy-64=0.448
valid/loss=2.06, valid/accuracy=0.682, valid/num_kv_pairs/accuracy-4=0.711, valid/num_kv_pairs/accuracy-8=0.774, valid/num_kv_pairs/accuracy-16=0.796, valid/num_kv_pairs/accuracy-32=0.675, valid/num_kv_pairs/accuracy-64=0.452
valid/loss=1.94, valid/accuracy=0.719, valid/num_kv_pairs/accuracy-4=0.824, valid/num_kv_pairs/accuracy-8=0.843, valid/num_kv_pairs/accuracy-16=0.815, valid/num_kv_pairs/accuracy-32=0.673, valid/num_kv_pairs/accuracy-64=0.441
valid/loss=1.99, valid/accuracy=0.689, valid/num_kv_pairs/accuracy-4=0.727, valid/num_kv_pairs/accuracy-8=0.782, valid/num_kv_pairs/accuracy-16=0.799, valid/num_kv_pairs/accuracy-32=0.682, valid/num_kv_pairs/accuracy-64=0.453
valid/loss=1.92, valid/accuracy=0.697, valid/num_kv_pairs/accuracy-4=0.741, valid/num_kv_pairs/accuracy-8=0.806, valid/num_kv_pairs/accuracy-16=0.804, valid/num_kv_pairs/accuracy-32=0.682, valid/num_kv_pairs/accuracy-64=0.454
valid/loss=1.89, valid/accuracy=0.705, valid/num_kv_pairs/accuracy-4=0.768, valid/num_kv_pairs/accuracy-8=0.819, valid/num_kv_pairs/accuracy-16=0.811, valid/num_kv_pairs/accuracy-32=0.675, valid/num_kv_pairs/accuracy-64=0.453
valid/loss=2, valid/accuracy=0.681, valid/num_kv_pairs/accuracy-4=0.704, valid/num_kv_pairs/accuracy-8=0.777, valid/num_kv_pairs/accuracy-16=0.798, valid/num_kv_pairs/accuracy-32=0.675, valid/num_kv_pairs/accuracy-64=0.453
valid/loss=1.9, valid/accuracy=0.694, valid/num_kv_pairs/accuracy-4=0.736, valid/num_kv_pairs/accuracy-8=0.793, valid/num_kv_pairs/accuracy-16=0.805, valid/num_kv_pairs/accuracy-32=0.679, valid/num_kv_pairs/accuracy-64=0.458
valid/loss=1.45, valid/accuracy=0.756, valid/num_kv_pairs/accuracy-4=0.928, valid/num_kv_pairs/accuracy-8=0.892, valid/num_kv_pairs/accuracy-16=0.828, valid/num_kv_pairs/accuracy-32=0.679, valid/num_kv_pairs/accuracy-64=0.451
valid/loss=1.89, valid/accuracy=0.697, valid/num_kv_pairs/accuracy-4=0.743, valid/num_kv_pairs/accuracy-8=0.801, valid/num_kv_pairs/accuracy-16=0.804, valid/num_kv_pairs/accuracy-32=0.681, valid/num_kv_pairs/accuracy-64=0.456
valid/loss=1.87, valid/accuracy=0.696, valid/num_kv_pairs/accuracy-4=0.744, valid/num_kv_pairs/accuracy-8=0.792, valid/num_kv_pairs/accuracy-16=0.804, valid/num_kv_pairs/accuracy-32=0.682, valid/num_kv_pairs/accuracy-64=0.459
valid/loss=1.92, valid/accuracy=0.693, valid/num_kv_pairs/accuracy-4=0.736, valid/num_kv_pairs/accuracy-8=0.797, valid/num_kv_pairs/accuracy-16=0.803, valid/num_kv_pairs/accuracy-32=0.678, valid/num_kv_pairs/accuracy-64=0.453
valid/loss=1.86, valid/accuracy=0.697, valid/num_kv_pairs/accuracy-4=0.739, valid/num_kv_pairs/accuracy-8=0.798, valid/num_kv_pairs/accuracy-16=0.805, valid/num_kv_pairs/accuracy-32=0.683, valid/num_kv_pairs/accuracy-64=0.458
valid/loss=1.9, valid/accuracy=0.694, valid/num_kv_pairs/accuracy-4=0.736, valid/num_kv_pairs/accuracy-8=0.8, valid/num_kv_pairs/accuracy-16=0.801, valid/num_kv_pairs/accuracy-32=0.678, valid/num_kv_pairs/accuracy-64=0.454
valid/loss=1.86, valid/accuracy=0.696, valid/num_kv_pairs/accuracy-4=0.738, valid/num_kv_pairs/accuracy-8=0.801, valid/num_kv_pairs/accuracy-16=0.803, valid/num_kv_pairs/accuracy-32=0.681, valid/num_kv_pairs/accuracy-64=0.457
valid/loss=1.86, valid/accuracy=0.696, valid/num_kv_pairs/accuracy-4=0.74, valid/num_kv_pairs/accuracy-8=0.8, valid/num_kv_pairs/accuracy-16=0.806, valid/num_kv_pairs/accuracy-32=0.681, valid/num_kv_pairs/accuracy-64=0.456
valid/loss=1.84, valid/accuracy=0.697, valid/num_kv_pairs/accuracy-4=0.738, valid/num_kv_pairs/accuracy-8=0.8, valid/num_kv_pairs/accuracy-16=0.805, valid/num_kv_pairs/accuracy-32=0.682, valid/num_kv_pairs/accuracy-64=0.457
valid/loss=1.83, valid/accuracy=0.696, valid/num_kv_pairs/accuracy-4=0.734, valid/num_kv_pairs/accuracy-8=0.8, valid/num_kv_pairs/accuracy-16=0.807, valid/num_kv_pairs/accuracy-32=0.682, valid/num_kv_pairs/accuracy-64=0.459
valid/loss=1.82, valid/accuracy=0.696, valid/num_kv_pairs/accuracy-4=0.732, valid/num_kv_pairs/accuracy-8=0.797, valid/num_kv_pairs/accuracy-16=0.806, valid/num_kv_pairs/accuracy-32=0.684, valid/num_kv_pairs/accuracy-64=0.459
valid/loss=1.82, valid/accuracy=0.696, valid/num_kv_pairs/accuracy-4=0.73, valid/num_kv_pairs/accuracy-8=0.795, valid/num_kv_pairs/accuracy-16=0.808, valid/num_kv_pairs/accuracy-32=0.685, valid/num_kv_pairs/accuracy-64=0.461
valid/loss=1.81, valid/accuracy=0.697, valid/num_kv_pairs/accuracy-4=0.731, valid/num_kv_pairs/accuracy-8=0.8, valid/num_kv_pairs/accuracy-16=0.808, valid/num_kv_pairs/accuracy-32=0.687, valid/num_kv_pairs/accuracy-64=0.461
valid/loss=1.79, valid/accuracy=0.699, valid/num_kv_pairs/accuracy-4=0.734, valid/num_kv_pairs/accuracy-8=0.802, valid/num_kv_pairs/accuracy-16=0.809, valid/num_kv_pairs/accuracy-32=0.689, valid/num_kv_pairs/accuracy-64=0.462
valid/loss=1.78, valid/accuracy=0.7, valid/num_kv_pairs/accuracy-4=0.735, valid/num_kv_pairs/accuracy-8=0.801, valid/num_kv_pairs/accuracy-16=0.81, valid/num_kv_pairs/accuracy-32=0.691, valid/num_kv_pairs/accuracy-64=0.462
valid/loss=1.77, valid/accuracy=0.702, valid/num_kv_pairs/accuracy-4=0.737, valid/num_kv_pairs/accuracy-8=0.803, valid/num_kv_pairs/accuracy-16=0.812, valid/num_kv_pairs/accuracy-32=0.693, valid/num_kv_pairs/accuracy-64=0.463
valid/loss=1.71, valid/accuracy=0.711, valid/num_kv_pairs/accuracy-4=0.76, valid/num_kv_pairs/accuracy-8=0.819, valid/num_kv_pairs/accuracy-16=0.819, valid/num_kv_pairs/accuracy-32=0.695, valid/num_kv_pairs/accuracy-64=0.462
valid/loss=1.5, valid/accuracy=0.744, valid/num_kv_pairs/accuracy-4=0.857, valid/num_kv_pairs/accuracy-8=0.872, valid/num_kv_pairs/accuracy-16=0.832, valid/num_kv_pairs/accuracy-32=0.697, valid/num_kv_pairs/accuracy-64=0.461
valid/loss=1.41, valid/accuracy=0.76, valid/num_kv_pairs/accuracy-4=0.912, valid/num_kv_pairs/accuracy-8=0.89, valid/num_kv_pairs/accuracy-16=0.838, valid/num_kv_pairs/accuracy-32=0.699, valid/num_kv_pairs/accuracy-64=0.46
valid/loss=1.37, valid/accuracy=0.766, valid/num_kv_pairs/accuracy-4=0.933, valid/num_kv_pairs/accuracy-8=0.898, valid/num_kv_pairs/accuracy-16=0.841, valid/num_kv_pairs/accuracy-32=0.699, valid/num_kv_pairs/accuracy-64=0.459
valid/loss=1.34, valid/accuracy=0.768, valid/num_kv_pairs/accuracy-4=0.939, valid/num_kv_pairs/accuracy-8=0.901, valid/num_kv_pairs/accuracy-16=0.842, valid/num_kv_pairs/accuracy-32=0.7, valid/num_kv_pairs/accuracy-64=0.457
    run_id='smat_d2_mr3_hd4_m2blk-dm16-lr3.2e-03'
valid/loss=7.95, valid/accuracy=0.00317, valid/num_kv_pairs/accuracy-4=0.007, valid/num_kv_pairs/accuracy-8=0.005, valid/num_kv_pairs/accuracy-16=0.00175, valid/num_kv_pairs/accuracy-32=0.00131, valid/num_kv_pairs/accuracy-64=0.000781
valid/loss=2.11, valid/accuracy=0.698, valid/num_kv_pairs/accuracy-4=0.938, valid/num_kv_pairs/accuracy-8=0.888, valid/num_kv_pairs/accuracy-16=0.76, valid/num_kv_pairs/accuracy-32=0.577, valid/num_kv_pairs/accuracy-64=0.327
valid/loss=1.25, valid/accuracy=0.784, valid/num_kv_pairs/accuracy-4=0.961, valid/num_kv_pairs/accuracy-8=0.931, valid/num_kv_pairs/accuracy-16=0.857, valid/num_kv_pairs/accuracy-32=0.707, valid/num_kv_pairs/accuracy-64=0.464
valid/loss=1.02, valid/accuracy=0.815, valid/num_kv_pairs/accuracy-4=0.972, valid/num_kv_pairs/accuracy-8=0.943, valid/num_kv_pairs/accuracy-16=0.886, valid/num_kv_pairs/accuracy-32=0.755, valid/num_kv_pairs/accuracy-64=0.519
valid/loss=0.972, valid/accuracy=0.822, valid/num_kv_pairs/accuracy-4=0.962, valid/num_kv_pairs/accuracy-8=0.94, valid/num_kv_pairs/accuracy-16=0.894, valid/num_kv_pairs/accuracy-32=0.774, valid/num_kv_pairs/accuracy-64=0.541
valid/loss=0.88, valid/accuracy=0.835, valid/num_kv_pairs/accuracy-4=0.967, valid/num_kv_pairs/accuracy-8=0.953, valid/num_kv_pairs/accuracy-16=0.905, valid/num_kv_pairs/accuracy-32=0.794, valid/num_kv_pairs/accuracy-64=0.557
valid/loss=0.844, valid/accuracy=0.845, valid/num_kv_pairs/accuracy-4=0.956, valid/num_kv_pairs/accuracy-8=0.955, valid/num_kv_pairs/accuracy-16=0.922, valid/num_kv_pairs/accuracy-32=0.816, valid/num_kv_pairs/accuracy-64=0.578
valid/loss=0.716, valid/accuracy=0.863, valid/num_kv_pairs/accuracy-4=0.981, valid/num_kv_pairs/accuracy-8=0.969, valid/num_kv_pairs/accuracy-16=0.941, valid/num_kv_pairs/accuracy-32=0.837, valid/num_kv_pairs/accuracy-64=0.586
valid/loss=0.678, valid/accuracy=0.867, valid/num_kv_pairs/accuracy-4=0.982, valid/num_kv_pairs/accuracy-8=0.974, valid/num_kv_pairs/accuracy-16=0.943, valid/num_kv_pairs/accuracy-32=0.847, valid/num_kv_pairs/accuracy-64=0.592
valid/loss=0.66, valid/accuracy=0.87, valid/num_kv_pairs/accuracy-4=0.981, valid/num_kv_pairs/accuracy-8=0.977, valid/num_kv_pairs/accuracy-16=0.945, valid/num_kv_pairs/accuracy-32=0.849, valid/num_kv_pairs/accuracy-64=0.598
valid/loss=0.634, valid/accuracy=0.872, valid/num_kv_pairs/accuracy-4=0.985, valid/num_kv_pairs/accuracy-8=0.979, valid/num_kv_pairs/accuracy-16=0.949, valid/num_kv_pairs/accuracy-32=0.855, valid/num_kv_pairs/accuracy-64=0.593
valid/loss=0.632, valid/accuracy=0.872, valid/num_kv_pairs/accuracy-4=0.985, valid/num_kv_pairs/accuracy-8=0.98, valid/num_kv_pairs/accuracy-16=0.949, valid/num_kv_pairs/accuracy-32=0.854, valid/num_kv_pairs/accuracy-64=0.595
valid/loss=0.638, valid/accuracy=0.872, valid/num_kv_pairs/accuracy-4=0.983, valid/num_kv_pairs/accuracy-8=0.979, valid/num_kv_pairs/accuracy-16=0.949, valid/num_kv_pairs/accuracy-32=0.853, valid/num_kv_pairs/accuracy-64=0.597
valid/loss=0.627, valid/accuracy=0.874, valid/num_kv_pairs/accuracy-4=0.987, valid/num_kv_pairs/accuracy-8=0.982, valid/num_kv_pairs/accuracy-16=0.953, valid/num_kv_pairs/accuracy-32=0.855, valid/num_kv_pairs/accuracy-64=0.594
valid/loss=0.634, valid/accuracy=0.873, valid/num_kv_pairs/accuracy-4=0.988, valid/num_kv_pairs/accuracy-8=0.982, valid/num_kv_pairs/accuracy-16=0.95, valid/num_kv_pairs/accuracy-32=0.854, valid/num_kv_pairs/accuracy-64=0.589
valid/loss=0.63, valid/accuracy=0.873, valid/num_kv_pairs/accuracy-4=0.989, valid/num_kv_pairs/accuracy-8=0.982, valid/num_kv_pairs/accuracy-16=0.951, valid/num_kv_pairs/accuracy-32=0.856, valid/num_kv_pairs/accuracy-64=0.587
valid/loss=0.663, valid/accuracy=0.868, valid/num_kv_pairs/accuracy-4=0.988, valid/num_kv_pairs/accuracy-8=0.977, valid/num_kv_pairs/accuracy-16=0.944, valid/num_kv_pairs/accuracy-32=0.848, valid/num_kv_pairs/accuracy-64=0.584
valid/loss=0.642, valid/accuracy=0.87, valid/num_kv_pairs/accuracy-4=0.99, valid/num_kv_pairs/accuracy-8=0.979, valid/num_kv_pairs/accuracy-16=0.95, valid/num_kv_pairs/accuracy-32=0.853, valid/num_kv_pairs/accuracy-64=0.58
valid/loss=0.649, valid/accuracy=0.87, valid/num_kv_pairs/accuracy-4=0.99, valid/num_kv_pairs/accuracy-8=0.979, valid/num_kv_pairs/accuracy-16=0.95, valid/num_kv_pairs/accuracy-32=0.852, valid/num_kv_pairs/accuracy-64=0.577
valid/loss=0.666, valid/accuracy=0.866, valid/num_kv_pairs/accuracy-4=0.99, valid/num_kv_pairs/accuracy-8=0.98, valid/num_kv_pairs/accuracy-16=0.948, valid/num_kv_pairs/accuracy-32=0.846, valid/num_kv_pairs/accuracy-64=0.567
valid/loss=0.71, valid/accuracy=0.858, valid/num_kv_pairs/accuracy-4=0.99, valid/num_kv_pairs/accuracy-8=0.977, valid/num_kv_pairs/accuracy-16=0.941, valid/num_kv_pairs/accuracy-32=0.832, valid/num_kv_pairs/accuracy-64=0.552
valid/loss=0.703, valid/accuracy=0.861, valid/num_kv_pairs/accuracy-4=0.99, valid/num_kv_pairs/accuracy-8=0.976, valid/num_kv_pairs/accuracy-16=0.943, valid/num_kv_pairs/accuracy-32=0.838, valid/num_kv_pairs/accuracy-64=0.558
valid/loss=0.793, valid/accuracy=0.845, valid/num_kv_pairs/accuracy-4=0.986, valid/num_kv_pairs/accuracy-8=0.967, valid/num_kv_pairs/accuracy-16=0.928, valid/num_kv_pairs/accuracy-32=0.811, valid/num_kv_pairs/accuracy-64=0.535
valid/loss=0.754, valid/accuracy=0.852, valid/num_kv_pairs/accuracy-4=0.989, valid/num_kv_pairs/accuracy-8=0.974, valid/num_kv_pairs/accuracy-16=0.937, valid/num_kv_pairs/accuracy-32=0.824, valid/num_kv_pairs/accuracy-64=0.538
valid/loss=0.751, valid/accuracy=0.853, valid/num_kv_pairs/accuracy-4=0.99, valid/num_kv_pairs/accuracy-8=0.976, valid/num_kv_pairs/accuracy-16=0.939, valid/num_kv_pairs/accuracy-32=0.827, valid/num_kv_pairs/accuracy-64=0.533
valid/loss=0.742, valid/accuracy=0.853, valid/num_kv_pairs/accuracy-4=0.991, valid/num_kv_pairs/accuracy-8=0.976, valid/num_kv_pairs/accuracy-16=0.943, valid/num_kv_pairs/accuracy-32=0.83, valid/num_kv_pairs/accuracy-64=0.526
valid/loss=0.747, valid/accuracy=0.852, valid/num_kv_pairs/accuracy-4=0.991, valid/num_kv_pairs/accuracy-8=0.976, valid/num_kv_pairs/accuracy-16=0.944, valid/num_kv_pairs/accuracy-32=0.829, valid/num_kv_pairs/accuracy-64=0.518
valid/loss=0.74, valid/accuracy=0.852, valid/num_kv_pairs/accuracy-4=0.991, valid/num_kv_pairs/accuracy-8=0.976, valid/num_kv_pairs/accuracy-16=0.945, valid/num_kv_pairs/accuracy-32=0.829, valid/num_kv_pairs/accuracy-64=0.521
valid/loss=0.737, valid/accuracy=0.852, valid/num_kv_pairs/accuracy-4=0.991, valid/num_kv_pairs/accuracy-8=0.973, valid/num_kv_pairs/accuracy-16=0.946, valid/num_kv_pairs/accuracy-32=0.831, valid/num_kv_pairs/accuracy-64=0.518
valid/loss=0.732, valid/accuracy=0.853, valid/num_kv_pairs/accuracy-4=0.991, valid/num_kv_pairs/accuracy-8=0.974, valid/num_kv_pairs/accuracy-16=0.946, valid/num_kv_pairs/accuracy-32=0.832, valid/num_kv_pairs/accuracy-64=0.52
valid/loss=0.725, valid/accuracy=0.854, valid/num_kv_pairs/accuracy-4=0.992, valid/num_kv_pairs/accuracy-8=0.976, valid/num_kv_pairs/accuracy-16=0.948, valid/num_kv_pairs/accuracy-32=0.834, valid/num_kv_pairs/accuracy-64=0.521
valid/loss=0.719, valid/accuracy=0.855, valid/num_kv_pairs/accuracy-4=0.992, valid/num_kv_pairs/accuracy-8=0.977, valid/num_kv_pairs/accuracy-16=0.949, valid/num_kv_pairs/accuracy-32=0.836, valid/num_kv_pairs/accuracy-64=0.521
