    early_stopping_metric='valid/accuracy',
    early_stopping_threshold=0.99,
    run_id='smat_d2_mr3_hd16_ds16_sig_delta_m2blk-dm16-lr1.0e-02'
valid/loss=5.28, valid/accuracy=0.271, valid/num_kv_pairs/accuracy-4=0.675, valid/num_kv_pairs/accuracy-8=0.424, valid/num_kv_pairs/accuracy-16=0.199, valid/num_kv_pairs/accuracy-32=0.0469, valid/num_kv_pairs/accuracy-64=0.00798
valid/loss=5.2, valid/accuracy=0.287, valid/num_kv_pairs/accuracy-4=0.696, valid/num_kv_pairs/accuracy-8=0.462, valid/num_kv_pairs/accuracy-16=0.215, valid/num_kv_pairs/accuracy-32=0.0527, valid/num_kv_pairs/accuracy-64=0.00853
valid/loss=4.79, valid/accuracy=0.326, valid/num_kv_pairs/accuracy-4=0.724, valid/num_kv_pairs/accuracy-8=0.524, valid/num_kv_pairs/accuracy-16=0.284, valid/num_kv_pairs/accuracy-32=0.0819, valid/num_kv_pairs/accuracy-64=0.0152
valid/loss=4.93, valid/accuracy=0.337, valid/num_kv_pairs/accuracy-4=0.755, valid/num_kv_pairs/accuracy-8=0.533, valid/num_kv_pairs/accuracy-16=0.298, valid/num_kv_pairs/accuracy-32=0.084, valid/num_kv_pairs/accuracy-64=0.0138
valid/loss=4.87, valid/accuracy=0.348, valid/num_kv_pairs/accuracy-4=0.758, valid/num_kv_pairs/accuracy-8=0.557, valid/num_kv_pairs/accuracy-16=0.319, valid/num_kv_pairs/accuracy-32=0.0923, valid/num_kv_pairs/accuracy-64=0.0167
valid/loss=4.56, valid/accuracy=0.374, valid/num_kv_pairs/accuracy-4=0.763, valid/num_kv_pairs/accuracy-8=0.601, valid/num_kv_pairs/accuracy-16=0.358, valid/num_kv_pairs/accuracy-32=0.126, valid/num_kv_pairs/accuracy-64=0.0246
valid/loss=4.38, valid/accuracy=0.39, valid/num_kv_pairs/accuracy-4=0.78, valid/num_kv_pairs/accuracy-8=0.618, valid/num_kv_pairs/accuracy-16=0.385, valid/num_kv_pairs/accuracy-32=0.139, valid/num_kv_pairs/accuracy-64=0.0273
valid/loss=4.32, valid/accuracy=0.397, valid/num_kv_pairs/accuracy-4=0.79, valid/num_kv_pairs/accuracy-8=0.627, valid/num_kv_pairs/accuracy-16=0.395, valid/num_kv_pairs/accuracy-32=0.146, valid/num_kv_pairs/accuracy-64=0.0286
valid/loss=4.22, valid/accuracy=0.407, valid/num_kv_pairs/accuracy-4=0.808, valid/num_kv_pairs/accuracy-8=0.631, valid/num_kv_pairs/accuracy-16=0.41, valid/num_kv_pairs/accuracy-32=0.155, valid/num_kv_pairs/accuracy-64=0.0319
valid/loss=4.15, valid/accuracy=0.409, valid/num_kv_pairs/accuracy-4=0.813, valid/num_kv_pairs/accuracy-8=0.634, valid/num_kv_pairs/accuracy-16=0.41, valid/num_kv_pairs/accuracy-32=0.158, valid/num_kv_pairs/accuracy-64=0.0323
valid/loss=4.08, valid/accuracy=0.406, valid/num_kv_pairs/accuracy-4=0.798, valid/num_kv_pairs/accuracy-8=0.635, valid/num_kv_pairs/accuracy-16=0.409, valid/num_kv_pairs/accuracy-32=0.153, valid/num_kv_pairs/accuracy-64=0.0313
valid/loss=4.22, valid/accuracy=0.38, valid/num_kv_pairs/accuracy-4=0.769, valid/num_kv_pairs/accuracy-8=0.586, valid/num_kv_pairs/accuracy-16=0.368, valid/num_kv_pairs/accuracy-32=0.143, valid/num_kv_pairs/accuracy-64=0.0307
valid/loss=4, valid/accuracy=0.423, valid/num_kv_pairs/accuracy-4=0.826, valid/num_kv_pairs/accuracy-8=0.655, valid/num_kv_pairs/accuracy-16=0.431, valid/num_kv_pairs/accuracy-32=0.165, valid/num_kv_pairs/accuracy-64=0.0356
valid/loss=4.06, valid/accuracy=0.41, valid/num_kv_pairs/accuracy-4=0.807, valid/num_kv_pairs/accuracy-8=0.632, valid/num_kv_pairs/accuracy-16=0.416, valid/num_kv_pairs/accuracy-32=0.16, valid/num_kv_pairs/accuracy-64=0.0344
valid/loss=3.89, valid/accuracy=0.423, valid/num_kv_pairs/accuracy-4=0.826, valid/num_kv_pairs/accuracy-8=0.653, valid/num_kv_pairs/accuracy-16=0.431, valid/num_kv_pairs/accuracy-32=0.166, valid/num_kv_pairs/accuracy-64=0.0373
valid/loss=3.93, valid/accuracy=0.427, valid/num_kv_pairs/accuracy-4=0.828, valid/num_kv_pairs/accuracy-8=0.657, valid/num_kv_pairs/accuracy-16=0.442, valid/num_kv_pairs/accuracy-32=0.171, valid/num_kv_pairs/accuracy-64=0.0377
Valid Epoch 16/32:   0%|          | 0/160 [00:00<?, ?it/s, acc=-, loss=-]Valid Epoch 16/32:   4%|▍         | 6/160 [00:00<00:02, 57.05it/s, acc=-, loss=-]Valid Epoch 16/32:   8%|▊         | 12/160 [00:00<00:02, 56.62it/s, acc=-, loss=-]Valid Epoch 16/32:  11%|█▏        | 18/160 [00:00<00:02, 56.40it/s, acc=-, loss=-]Valid Epoch 16/32:  15%|█▌        | 24/160 [00:00<00:02, 56.71it/s, acc=-, loss=-]Valid Epoch 16/32:  19%|█▉        | 30/160 [00:00<00:02, 56.77it/s, acc=-, loss=-]Valid Epoch 16/32:  22%|██▎       | 36/160 [00:00<00:02, 56.91it/s, acc=-, loss=-]Valid Epoch 16/32:  26%|██▋       | 42/160 [00:00<00:02, 57.02it/s, acc=-, loss=-]Valid Epoch 16/32:  33%|███▎      | 53/160 [00:00<00:01, 72.64it/s, acc=-, loss=-]Valid Epoch 16/32:  41%|████▏     | 66/160 [00:00<00:01, 88.14it/s, acc=-, loss=-]Valid Epoch 16/32:  49%|████▉     | 79/160 [00:01<00:00, 98.40it/s, acc=-, loss=-]Valid Epoch 16/32:  57%|█████▋    | 91/160 [00:01<00:00, 104.29it/s, acc=-, loss=-]Valid Epoch 16/32:  64%|██████▍   | 103/160 [00:01<00:00, 108.22it/s, acc=-, loss=-]Valid Epoch 16/32:  72%|███████▏  | 115/160 [00:01<00:00, 110.44it/s, acc=-, loss=-]Valid Epoch 16/32:  79%|███████▉  | 127/160 [00:01<00:00, 112.98it/s, acc=-, loss=-]Valid Epoch 16/32:  87%|████████▋ | 139/160 [00:01<00:00, 109.58it/s, acc=-, loss=-]Valid Epoch 16/32:  94%|█████████▍| 150/160 [00:01<00:00, 107.01it/s, acc=-, loss=-]Valid Epoch 16/32: 100%|██████████| 160/160 [00:01<00:00, 107.01it/s, valid/loss=3.89, valid/accuracy=0.422, valid/num_kv_pairs/accuracy-4=0.818, valid/num_kv_pairs/accuracy-8=0.65, valid/num_kv_pairs/accuracy-16=0.435, valid/num_kv_pairs/accuracy-32=0.17, valid/num_kv_pairs/accuracy-64=0.0385]Valid Epoch 16/32: 100%|██████████| 160/160 [00:01<00:00, 89.17it/s, valid/loss=3.89, valid/accuracy=0.422, valid/num_kv_pairs/accuracy-4=0.818, valid/num_kv_pairs/accuracy-8=0.65, valid/num_kv_pairs/accuracy-16=0.435, valid/num_kv_pairs/accuracy-32=0.17, valid/num_kv_pairs/accuracy-64=0.0385] 
valid/loss=3.86, valid/accuracy=0.424, valid/num_kv_pairs/accuracy-4=0.828, valid/num_kv_pairs/accuracy-8=0.647, valid/num_kv_pairs/accuracy-16=0.434, valid/num_kv_pairs/accuracy-32=0.17, valid/num_kv_pairs/accuracy-64=0.039
valid/loss=3.83, valid/accuracy=0.421, valid/num_kv_pairs/accuracy-4=0.825, valid/num_kv_pairs/accuracy-8=0.646, valid/num_kv_pairs/accuracy-16=0.429, valid/num_kv_pairs/accuracy-32=0.168, valid/num_kv_pairs/accuracy-64=0.0393
valid/loss=3.81, valid/accuracy=0.421, valid/num_kv_pairs/accuracy-4=0.829, valid/num_kv_pairs/accuracy-8=0.646, valid/num_kv_pairs/accuracy-16=0.426, valid/num_kv_pairs/accuracy-32=0.167, valid/num_kv_pairs/accuracy-64=0.0386
