    early_stopping_metric='valid/accuracy',
    early_stopping_threshold=0.99,
    run_id='smatgdn_d3_hd16_h2_sig_cread_m2blk_s2-dm64-lr1.0e-02'
valid/loss=3.49, valid/accuracy=0.634, valid/num_kv_pairs/accuracy-4=0.323, valid/num_kv_pairs/accuracy-8=0.406, valid/num_kv_pairs/accuracy-16=0.773, valid/num_kv_pairs/accuracy-32=0.868, valid/num_kv_pairs/accuracy-64=0.802
valid/loss=1.62, valid/accuracy=0.79, valid/num_kv_pairs/accuracy-4=0.624, valid/num_kv_pairs/accuracy-8=0.555, valid/num_kv_pairs/accuracy-16=0.899, valid/num_kv_pairs/accuracy-32=0.961, valid/num_kv_pairs/accuracy-64=0.912
valid/loss=3.61, valid/accuracy=0.707, valid/num_kv_pairs/accuracy-4=0.321, valid/num_kv_pairs/accuracy-8=0.417, valid/num_kv_pairs/accuracy-16=0.909, valid/num_kv_pairs/accuracy-32=0.959, valid/num_kv_pairs/accuracy-64=0.93
valid/loss=1.37, valid/accuracy=0.82, valid/num_kv_pairs/accuracy-4=0.685, valid/num_kv_pairs/accuracy-8=0.552, valid/num_kv_pairs/accuracy-16=0.942, valid/num_kv_pairs/accuracy-32=0.976, valid/num_kv_pairs/accuracy-64=0.943
valid/loss=2.45, valid/accuracy=0.767, valid/num_kv_pairs/accuracy-4=0.501, valid/num_kv_pairs/accuracy-8=0.488, valid/num_kv_pairs/accuracy-16=0.925, valid/num_kv_pairs/accuracy-32=0.97, valid/num_kv_pairs/accuracy-64=0.95
valid/loss=2.18, valid/accuracy=0.762, valid/num_kv_pairs/accuracy-4=0.48, valid/num_kv_pairs/accuracy-8=0.461, valid/num_kv_pairs/accuracy-16=0.936, valid/num_kv_pairs/accuracy-32=0.975, valid/num_kv_pairs/accuracy-64=0.957
valid/loss=0.726, valid/accuracy=0.87, valid/num_kv_pairs/accuracy-4=0.784, valid/num_kv_pairs/accuracy-8=0.685, valid/num_kv_pairs/accuracy-16=0.945, valid/num_kv_pairs/accuracy-32=0.978, valid/num_kv_pairs/accuracy-64=0.956
valid/loss=0.965, valid/accuracy=0.868, valid/num_kv_pairs/accuracy-4=0.78, valid/num_kv_pairs/accuracy-8=0.662, valid/num_kv_pairs/accuracy-16=0.955, valid/num_kv_pairs/accuracy-32=0.986, valid/num_kv_pairs/accuracy-64=0.957
valid/loss=0.51, valid/accuracy=0.903, valid/num_kv_pairs/accuracy-4=0.873, valid/num_kv_pairs/accuracy-8=0.737, valid/num_kv_pairs/accuracy-16=0.96, valid/num_kv_pairs/accuracy-32=0.986, valid/num_kv_pairs/accuracy-64=0.959
valid/loss=2.21, valid/accuracy=0.785, valid/num_kv_pairs/accuracy-4=0.547, valid/num_kv_pairs/accuracy-8=0.502, valid/num_kv_pairs/accuracy-16=0.937, valid/num_kv_pairs/accuracy-32=0.976, valid/num_kv_pairs/accuracy-64=0.961
valid/loss=1.69, valid/accuracy=0.812, valid/num_kv_pairs/accuracy-4=0.635, valid/num_kv_pairs/accuracy-8=0.535, valid/num_kv_pairs/accuracy-16=0.947, valid/num_kv_pairs/accuracy-32=0.98, valid/num_kv_pairs/accuracy-64=0.964
valid/loss=0.293, valid/accuracy=0.946, valid/num_kv_pairs/accuracy-4=0.941, valid/num_kv_pairs/accuracy-8=0.888, valid/num_kv_pairs/accuracy-16=0.959, valid/num_kv_pairs/accuracy-32=0.982, valid/num_kv_pairs/accuracy-64=0.959
valid/loss=1.72, valid/accuracy=0.794, valid/num_kv_pairs/accuracy-4=0.587, valid/num_kv_pairs/accuracy-8=0.492, valid/num_kv_pairs/accuracy-16=0.946, valid/num_kv_pairs/accuracy-32=0.981, valid/num_kv_pairs/accuracy-64=0.964
valid/loss=0.663, valid/accuracy=0.877, valid/num_kv_pairs/accuracy-4=0.779, valid/num_kv_pairs/accuracy-8=0.693, valid/num_kv_pairs/accuracy-16=0.963, valid/num_kv_pairs/accuracy-32=0.985, valid/num_kv_pairs/accuracy-64=0.963
valid/loss=1.87, valid/accuracy=0.782, valid/num_kv_pairs/accuracy-4=0.54, valid/num_kv_pairs/accuracy-8=0.478, valid/num_kv_pairs/accuracy-16=0.946, valid/num_kv_pairs/accuracy-32=0.981, valid/num_kv_pairs/accuracy-64=0.965
valid/loss=0.445, valid/accuracy=0.916, valid/num_kv_pairs/accuracy-4=0.877, valid/num_kv_pairs/accuracy-8=0.783, valid/num_kv_pairs/accuracy-16=0.965, valid/num_kv_pairs/accuracy-32=0.988, valid/num_kv_pairs/accuracy-64=0.966
valid/loss=2.14, valid/accuracy=0.772, valid/num_kv_pairs/accuracy-4=0.504, valid/num_kv_pairs/accuracy-8=0.454, valid/num_kv_pairs/accuracy-16=0.951, valid/num_kv_pairs/accuracy-32=0.983, valid/num_kv_pairs/accuracy-64=0.967
valid/loss=1.99, valid/accuracy=0.773, valid/num_kv_pairs/accuracy-4=0.496, valid/num_kv_pairs/accuracy-8=0.466, valid/num_kv_pairs/accuracy-16=0.951, valid/num_kv_pairs/accuracy-32=0.983, valid/num_kv_pairs/accuracy-64=0.967
valid/loss=1.86, valid/accuracy=0.803, valid/num_kv_pairs/accuracy-4=0.632, valid/num_kv_pairs/accuracy-8=0.477, valid/num_kv_pairs/accuracy-16=0.952, valid/num_kv_pairs/accuracy-32=0.982, valid/num_kv_pairs/accuracy-64=0.97
valid/loss=1.94, valid/accuracy=0.78, valid/num_kv_pairs/accuracy-4=0.517, valid/num_kv_pairs/accuracy-8=0.475, valid/num_kv_pairs/accuracy-16=0.952, valid/num_kv_pairs/accuracy-32=0.983, valid/num_kv_pairs/accuracy-64=0.971
valid/loss=0.821, valid/accuracy=0.874, valid/num_kv_pairs/accuracy-4=0.791, valid/num_kv_pairs/accuracy-8=0.671, valid/num_kv_pairs/accuracy-16=0.952, valid/num_kv_pairs/accuracy-32=0.983, valid/num_kv_pairs/accuracy-64=0.97
valid/loss=0.948, valid/accuracy=0.862, valid/num_kv_pairs/accuracy-4=0.769, valid/num_kv_pairs/accuracy-8=0.637, valid/num_kv_pairs/accuracy-16=0.952, valid/num_kv_pairs/accuracy-32=0.984, valid/num_kv_pairs/accuracy-64=0.971
valid/loss=1.66, valid/accuracy=0.807, valid/num_kv_pairs/accuracy-4=0.621, valid/num_kv_pairs/accuracy-8=0.509, valid/num_kv_pairs/accuracy-16=0.951, valid/num_kv_pairs/accuracy-32=0.984, valid/num_kv_pairs/accuracy-64=0.971
valid/loss=1.03, valid/accuracy=0.857, valid/num_kv_pairs/accuracy-4=0.763, valid/num_kv_pairs/accuracy-8=0.615, valid/num_kv_pairs/accuracy-16=0.952, valid/num_kv_pairs/accuracy-32=0.984, valid/num_kv_pairs/accuracy-64=0.97
valid/loss=0.375, valid/accuracy=0.931, valid/num_kv_pairs/accuracy-4=0.905, valid/num_kv_pairs/accuracy-8=0.846, valid/num_kv_pairs/accuracy-16=0.951, valid/num_kv_pairs/accuracy-32=0.983, valid/num_kv_pairs/accuracy-64=0.97
valid/loss=0.215, valid/accuracy=0.957, valid/num_kv_pairs/accuracy-4=0.959, valid/num_kv_pairs/accuracy-8=0.924, valid/num_kv_pairs/accuracy-16=0.951, valid/num_kv_pairs/accuracy-32=0.984, valid/num_kv_pairs/accuracy-64=0.97
valid/loss=0.168, valid/accuracy=0.967, valid/num_kv_pairs/accuracy-4=0.995, valid/num_kv_pairs/accuracy-8=0.936, valid/num_kv_pairs/accuracy-16=0.951, valid/num_kv_pairs/accuracy-32=0.984, valid/num_kv_pairs/accuracy-64=0.97
valid/loss=0.12, valid/accuracy=0.976, valid/num_kv_pairs/accuracy-4=0.997, valid/num_kv_pairs/accuracy-8=0.978, valid/num_kv_pairs/accuracy-16=0.953, valid/num_kv_pairs/accuracy-32=0.984, valid/num_kv_pairs/accuracy-64=0.97
valid/loss=0.126, valid/accuracy=0.976, valid/num_kv_pairs/accuracy-4=0.997, valid/num_kv_pairs/accuracy-8=0.976, valid/num_kv_pairs/accuracy-16=0.952, valid/num_kv_pairs/accuracy-32=0.983, valid/num_kv_pairs/accuracy-64=0.969
valid/loss=0.124, valid/accuracy=0.976, valid/num_kv_pairs/accuracy-4=0.999, valid/num_kv_pairs/accuracy-8=0.98, valid/num_kv_pairs/accuracy-16=0.953, valid/num_kv_pairs/accuracy-32=0.982, valid/num_kv_pairs/accuracy-64=0.969
valid/loss=0.122, valid/accuracy=0.977, valid/num_kv_pairs/accuracy-4=0.999, valid/num_kv_pairs/accuracy-8=0.985, valid/num_kv_pairs/accuracy-16=0.953, valid/num_kv_pairs/accuracy-32=0.98, valid/num_kv_pairs/accuracy-64=0.966
valid/loss=0.133, valid/accuracy=0.976, valid/num_kv_pairs/accuracy-4=1, valid/num_kv_pairs/accuracy-8=0.995, valid/num_kv_pairs/accuracy-16=0.95, valid/num_kv_pairs/accuracy-32=0.977, valid/num_kv_pairs/accuracy-64=0.959
