    early_stopping_metric='valid/accuracy',
    early_stopping_threshold=0.99,
    run_id='smat_d2-dm16-lr1.0e-03'
valid/loss=8.21, valid/accuracy=0.00266, valid/num_kv_pairs/accuracy-4=0.007, valid/num_kv_pairs/accuracy-8=0.00337, valid/num_kv_pairs/accuracy-16=0.00131, valid/num_kv_pairs/accuracy-32=0.000844, valid/num_kv_pairs/accuracy-64=0.000766
valid/loss=8.07, valid/accuracy=0.00423, valid/num_kv_pairs/accuracy-4=0.013, valid/num_kv_pairs/accuracy-8=0.0045, valid/num_kv_pairs/accuracy-16=0.002, valid/num_kv_pairs/accuracy-32=0.00103, valid/num_kv_pairs/accuracy-64=0.000625
valid/loss=8.02, valid/accuracy=0.0076, valid/num_kv_pairs/accuracy-4=0.0275, valid/num_kv_pairs/accuracy-8=0.00675, valid/num_kv_pairs/accuracy-16=0.002, valid/num_kv_pairs/accuracy-32=0.00119, valid/num_kv_pairs/accuracy-64=0.000578
valid/loss=7.98, valid/accuracy=0.0083, valid/num_kv_pairs/accuracy-4=0.028, valid/num_kv_pairs/accuracy-8=0.00813, valid/num_kv_pairs/accuracy-16=0.00325, valid/num_kv_pairs/accuracy-32=0.00125, valid/num_kv_pairs/accuracy-64=0.000875
valid/loss=7.93, valid/accuracy=0.00907, valid/num_kv_pairs/accuracy-4=0.032, valid/num_kv_pairs/accuracy-8=0.00725, valid/num_kv_pairs/accuracy-16=0.00375, valid/num_kv_pairs/accuracy-32=0.00159, valid/num_kv_pairs/accuracy-64=0.000781
valid/loss=7.83, valid/accuracy=0.0145, valid/num_kv_pairs/accuracy-4=0.0548, valid/num_kv_pairs/accuracy-8=0.0118, valid/num_kv_pairs/accuracy-16=0.00375, valid/num_kv_pairs/accuracy-32=0.00128, valid/num_kv_pairs/accuracy-64=0.000797
valid/loss=7.56, valid/accuracy=0.0648, valid/num_kv_pairs/accuracy-4=0.244, valid/num_kv_pairs/accuracy-8=0.0729, valid/num_kv_pairs/accuracy-16=0.00406, valid/num_kv_pairs/accuracy-32=0.00178, valid/num_kv_pairs/accuracy-64=0.000891
valid/loss=7.23, valid/accuracy=0.113, valid/num_kv_pairs/accuracy-4=0.397, valid/num_kv_pairs/accuracy-8=0.16, valid/num_kv_pairs/accuracy-16=0.00375, valid/num_kv_pairs/accuracy-32=0.00156, valid/num_kv_pairs/accuracy-64=0.000734
valid/loss=6.95, valid/accuracy=0.131, valid/num_kv_pairs/accuracy-4=0.45, valid/num_kv_pairs/accuracy-8=0.2, valid/num_kv_pairs/accuracy-16=0.00313, valid/num_kv_pairs/accuracy-32=0.00153, valid/num_kv_pairs/accuracy-64=0.000719
valid/loss=6.85, valid/accuracy=0.147, valid/num_kv_pairs/accuracy-4=0.499, valid/num_kv_pairs/accuracy-8=0.234, valid/num_kv_pairs/accuracy-16=0.00281, valid/num_kv_pairs/accuracy-32=0.00122, valid/num_kv_pairs/accuracy-64=0.000766
valid/loss=6.68, valid/accuracy=0.155, valid/num_kv_pairs/accuracy-4=0.512, valid/num_kv_pairs/accuracy-8=0.259, valid/num_kv_pairs/accuracy-16=0.0025, valid/num_kv_pairs/accuracy-32=0.00131, valid/num_kv_pairs/accuracy-64=0.000781
valid/loss=6.64, valid/accuracy=0.183, valid/num_kv_pairs/accuracy-4=0.586, valid/num_kv_pairs/accuracy-8=0.323, valid/num_kv_pairs/accuracy-16=0.003, valid/num_kv_pairs/accuracy-32=0.00128, valid/num_kv_pairs/accuracy-64=0.000844
valid/loss=6.53, valid/accuracy=0.184, valid/num_kv_pairs/accuracy-4=0.59, valid/num_kv_pairs/accuracy-8=0.325, valid/num_kv_pairs/accuracy-16=0.00337, valid/num_kv_pairs/accuracy-32=0.00125, valid/num_kv_pairs/accuracy-64=0.000844
valid/loss=6.57, valid/accuracy=0.194, valid/num_kv_pairs/accuracy-4=0.62, valid/num_kv_pairs/accuracy-8=0.344, valid/num_kv_pairs/accuracy-16=0.00325, valid/num_kv_pairs/accuracy-32=0.00106, valid/num_kv_pairs/accuracy-64=0.000875
valid/loss=6.51, valid/accuracy=0.185, valid/num_kv_pairs/accuracy-4=0.599, valid/num_kv_pairs/accuracy-8=0.323, valid/num_kv_pairs/accuracy-16=0.00356, valid/num_kv_pairs/accuracy-32=0.00125, valid/num_kv_pairs/accuracy-64=0.000844
valid/loss=6.49, valid/accuracy=0.201, valid/num_kv_pairs/accuracy-4=0.638, valid/num_kv_pairs/accuracy-8=0.364, valid/num_kv_pairs/accuracy-16=0.00356, valid/num_kv_pairs/accuracy-32=0.00125, valid/num_kv_pairs/accuracy-64=0.000875
valid/loss=6.44, valid/accuracy=0.198, valid/num_kv_pairs/accuracy-4=0.634, valid/num_kv_pairs/accuracy-8=0.351, valid/num_kv_pairs/accuracy-16=0.00363, valid/num_kv_pairs/accuracy-32=0.00119, valid/num_kv_pairs/accuracy-64=0.000797
valid/loss=6.46, valid/accuracy=0.205, valid/num_kv_pairs/accuracy-4=0.649, valid/num_kv_pairs/accuracy-8=0.369, valid/num_kv_pairs/accuracy-16=0.004, valid/num_kv_pairs/accuracy-32=0.00156, valid/num_kv_pairs/accuracy-64=0.000828
valid/loss=6.42, valid/accuracy=0.21, valid/num_kv_pairs/accuracy-4=0.659, valid/num_kv_pairs/accuracy-8=0.384, valid/num_kv_pairs/accuracy-16=0.00438, valid/num_kv_pairs/accuracy-32=0.00144, valid/num_kv_pairs/accuracy-64=0.000875
valid/loss=6.4, valid/accuracy=0.204, valid/num_kv_pairs/accuracy-4=0.649, valid/num_kv_pairs/accuracy-8=0.363, valid/num_kv_pairs/accuracy-16=0.00444, valid/num_kv_pairs/accuracy-32=0.00166, valid/num_kv_pairs/accuracy-64=0.000828
valid/loss=6.41, valid/accuracy=0.213, valid/num_kv_pairs/accuracy-4=0.672, valid/num_kv_pairs/accuracy-8=0.385, valid/num_kv_pairs/accuracy-16=0.00462, valid/num_kv_pairs/accuracy-32=0.00169, valid/num_kv_pairs/accuracy-64=0.000937
valid/loss=6.39, valid/accuracy=0.208, valid/num_kv_pairs/accuracy-4=0.669, valid/num_kv_pairs/accuracy-8=0.363, valid/num_kv_pairs/accuracy-16=0.005, valid/num_kv_pairs/accuracy-32=0.00203, valid/num_kv_pairs/accuracy-64=0.000891
valid/loss=6.4, valid/accuracy=0.206, valid/num_kv_pairs/accuracy-4=0.668, valid/num_kv_pairs/accuracy-8=0.354, valid/num_kv_pairs/accuracy-16=0.00588, valid/num_kv_pairs/accuracy-32=0.00234, valid/num_kv_pairs/accuracy-64=0.000937
valid/loss=6.43, valid/accuracy=0.213, valid/num_kv_pairs/accuracy-4=0.682, valid/num_kv_pairs/accuracy-8=0.373, valid/num_kv_pairs/accuracy-16=0.00613, valid/num_kv_pairs/accuracy-32=0.00284, valid/num_kv_pairs/accuracy-64=0.000984
valid/loss=6.42, valid/accuracy=0.213, valid/num_kv_pairs/accuracy-4=0.682, valid/num_kv_pairs/accuracy-8=0.375, valid/num_kv_pairs/accuracy-16=0.00606, valid/num_kv_pairs/accuracy-32=0.00272, valid/num_kv_pairs/accuracy-64=0.000937
valid/loss=6.42, valid/accuracy=0.214, valid/num_kv_pairs/accuracy-4=0.683, valid/num_kv_pairs/accuracy-8=0.375, valid/num_kv_pairs/accuracy-16=0.00606, valid/num_kv_pairs/accuracy-32=0.00256, valid/num_kv_pairs/accuracy-64=0.000875
valid/loss=6.41, valid/accuracy=0.213, valid/num_kv_pairs/accuracy-4=0.679, valid/num_kv_pairs/accuracy-8=0.375, valid/num_kv_pairs/accuracy-16=0.00644, valid/num_kv_pairs/accuracy-32=0.00256, valid/num_kv_pairs/accuracy-64=0.000906
valid/loss=6.4, valid/accuracy=0.214, valid/num_kv_pairs/accuracy-4=0.681, valid/num_kv_pairs/accuracy-8=0.377, valid/num_kv_pairs/accuracy-16=0.00606, valid/num_kv_pairs/accuracy-32=0.00272, valid/num_kv_pairs/accuracy-64=0.000891
valid/loss=6.4, valid/accuracy=0.211, valid/num_kv_pairs/accuracy-4=0.684, valid/num_kv_pairs/accuracy-8=0.359, valid/num_kv_pairs/accuracy-16=0.00625, valid/num_kv_pairs/accuracy-32=0.00278, valid/num_kv_pairs/accuracy-64=0.000953
valid/loss=6.36, valid/accuracy=0.218, valid/num_kv_pairs/accuracy-4=0.696, valid/num_kv_pairs/accuracy-8=0.383, valid/num_kv_pairs/accuracy-16=0.00562, valid/num_kv_pairs/accuracy-32=0.00228, valid/num_kv_pairs/accuracy-64=0.000875
valid/loss=6.31, valid/accuracy=0.224, valid/num_kv_pairs/accuracy-4=0.706, valid/num_kv_pairs/accuracy-8=0.405, valid/num_kv_pairs/accuracy-16=0.00487, valid/num_kv_pairs/accuracy-32=0.00213, valid/num_kv_pairs/accuracy-64=0.000828
valid/loss=6.28, valid/accuracy=0.229, valid/num_kv_pairs/accuracy-4=0.709, valid/num_kv_pairs/accuracy-8=0.43, valid/num_kv_pairs/accuracy-16=0.00475, valid/num_kv_pairs/accuracy-32=0.00213, valid/num_kv_pairs/accuracy-64=0.001
    run_id='smat_d2-dm16-lr3.2e-03'
valid/loss=7.99, valid/accuracy=0.00446, valid/num_kv_pairs/accuracy-4=0.0145, valid/num_kv_pairs/accuracy-8=0.00375, valid/num_kv_pairs/accuracy-16=0.0025, valid/num_kv_pairs/accuracy-32=0.00075, valid/num_kv_pairs/accuracy-64=0.000781
valid/loss=7.9, valid/accuracy=0.0061, valid/num_kv_pairs/accuracy-4=0.0208, valid/num_kv_pairs/accuracy-8=0.00562, valid/num_kv_pairs/accuracy-16=0.00213, valid/num_kv_pairs/accuracy-32=0.00119, valid/num_kv_pairs/accuracy-64=0.000828
valid/loss=6.98, valid/accuracy=0.15, valid/num_kv_pairs/accuracy-4=0.48, valid/num_kv_pairs/accuracy-8=0.267, valid/num_kv_pairs/accuracy-16=0.00287, valid/num_kv_pairs/accuracy-32=0.00109, valid/num_kv_pairs/accuracy-64=0.000609
valid/loss=6.57, valid/accuracy=0.198, valid/num_kv_pairs/accuracy-4=0.602, valid/num_kv_pairs/accuracy-8=0.383, valid/num_kv_pairs/accuracy-16=0.00187, valid/num_kv_pairs/accuracy-32=0.00125, valid/num_kv_pairs/accuracy-64=0.000672
valid/loss=6.59, valid/accuracy=0.196, valid/num_kv_pairs/accuracy-4=0.602, valid/num_kv_pairs/accuracy-8=0.377, valid/num_kv_pairs/accuracy-16=0.00112, valid/num_kv_pairs/accuracy-32=0.00128, valid/num_kv_pairs/accuracy-64=0.000781
valid/loss=6.43, valid/accuracy=0.212, valid/num_kv_pairs/accuracy-4=0.634, valid/num_kv_pairs/accuracy-8=0.423, valid/num_kv_pairs/accuracy-16=0.000937, valid/num_kv_pairs/accuracy-32=0.000969, valid/num_kv_pairs/accuracy-64=0.000828
valid/loss=6.44, valid/accuracy=0.211, valid/num_kv_pairs/accuracy-4=0.635, valid/num_kv_pairs/accuracy-8=0.414, valid/num_kv_pairs/accuracy-16=0.00144, valid/num_kv_pairs/accuracy-32=0.00122, valid/num_kv_pairs/accuracy-64=0.000687
valid/loss=6.45, valid/accuracy=0.202, valid/num_kv_pairs/accuracy-4=0.625, valid/num_kv_pairs/accuracy-8=0.384, valid/num_kv_pairs/accuracy-16=0.00181, valid/num_kv_pairs/accuracy-32=0.00106, valid/num_kv_pairs/accuracy-64=0.000812
valid/loss=6.38, valid/accuracy=0.209, valid/num_kv_pairs/accuracy-4=0.63, valid/num_kv_pairs/accuracy-8=0.411, valid/num_kv_pairs/accuracy-16=0.00194, valid/num_kv_pairs/accuracy-32=0.00125, valid/num_kv_pairs/accuracy-64=0.000844
valid/loss=6.43, valid/accuracy=0.206, valid/num_kv_pairs/accuracy-4=0.628, valid/num_kv_pairs/accuracy-8=0.401, valid/num_kv_pairs/accuracy-16=0.00137, valid/num_kv_pairs/accuracy-32=0.00122, valid/num_kv_pairs/accuracy-64=0.000906
valid/loss=6.29, valid/accuracy=0.217, valid/num_kv_pairs/accuracy-4=0.651, valid/num_kv_pairs/accuracy-8=0.429, valid/num_kv_pairs/accuracy-16=0.00137, valid/num_kv_pairs/accuracy-32=0.001, valid/num_kv_pairs/accuracy-64=0.000922
valid/loss=6.28, valid/accuracy=0.218, valid/num_kv_pairs/accuracy-4=0.654, valid/num_kv_pairs/accuracy-8=0.432, valid/num_kv_pairs/accuracy-16=0.00156, valid/num_kv_pairs/accuracy-32=0.00109, valid/num_kv_pairs/accuracy-64=0.000797
valid/loss=6.29, valid/accuracy=0.219, valid/num_kv_pairs/accuracy-4=0.655, valid/num_kv_pairs/accuracy-8=0.434, valid/num_kv_pairs/accuracy-16=0.0015, valid/num_kv_pairs/accuracy-32=0.00103, valid/num_kv_pairs/accuracy-64=0.000641
valid/loss=6.29, valid/accuracy=0.219, valid/num_kv_pairs/accuracy-4=0.657, valid/num_kv_pairs/accuracy-8=0.436, valid/num_kv_pairs/accuracy-16=0.00144, valid/num_kv_pairs/accuracy-32=0.00106, valid/num_kv_pairs/accuracy-64=0.000625
valid/loss=6.27, valid/accuracy=0.221, valid/num_kv_pairs/accuracy-4=0.661, valid/num_kv_pairs/accuracy-8=0.442, valid/num_kv_pairs/accuracy-16=0.00131, valid/num_kv_pairs/accuracy-32=0.000937, valid/num_kv_pairs/accuracy-64=0.000734
valid/loss=6.3, valid/accuracy=0.219, valid/num_kv_pairs/accuracy-4=0.658, valid/num_kv_pairs/accuracy-8=0.432, valid/num_kv_pairs/accuracy-16=0.00137, valid/num_kv_pairs/accuracy-32=0.000844, valid/num_kv_pairs/accuracy-64=0.000719
valid/loss=6.26, valid/accuracy=0.221, valid/num_kv_pairs/accuracy-4=0.664, valid/num_kv_pairs/accuracy-8=0.44, valid/num_kv_pairs/accuracy-16=0.00137, valid/num_kv_pairs/accuracy-32=0.000781, valid/num_kv_pairs/accuracy-64=0.000578
valid/loss=6.27, valid/accuracy=0.222, valid/num_kv_pairs/accuracy-4=0.663, valid/num_kv_pairs/accuracy-8=0.442, valid/num_kv_pairs/accuracy-16=0.00156, valid/num_kv_pairs/accuracy-32=0.000844, valid/num_kv_pairs/accuracy-64=0.000687
valid/loss=6.27, valid/accuracy=0.222, valid/num_kv_pairs/accuracy-4=0.663, valid/num_kv_pairs/accuracy-8=0.442, valid/num_kv_pairs/accuracy-16=0.00144, valid/num_kv_pairs/accuracy-32=0.000812, valid/num_kv_pairs/accuracy-64=0.000828
valid/loss=6.25, valid/accuracy=0.222, valid/num_kv_pairs/accuracy-4=0.664, valid/num_kv_pairs/accuracy-8=0.444, valid/num_kv_pairs/accuracy-16=0.00156, valid/num_kv_pairs/accuracy-32=0.000625, valid/num_kv_pairs/accuracy-64=0.000812
valid/loss=6.26, valid/accuracy=0.223, valid/num_kv_pairs/accuracy-4=0.666, valid/num_kv_pairs/accuracy-8=0.445, valid/num_kv_pairs/accuracy-16=0.00169, valid/num_kv_pairs/accuracy-32=0.000687, valid/num_kv_pairs/accuracy-64=0.000844
valid/loss=6.25, valid/accuracy=0.223, valid/num_kv_pairs/accuracy-4=0.667, valid/num_kv_pairs/accuracy-8=0.447, valid/num_kv_pairs/accuracy-16=0.00106, valid/num_kv_pairs/accuracy-32=0.000594, valid/num_kv_pairs/accuracy-64=0.000781
valid/loss=6.24, valid/accuracy=0.224, valid/num_kv_pairs/accuracy-4=0.667, valid/num_kv_pairs/accuracy-8=0.448, valid/num_kv_pairs/accuracy-16=0.00106, valid/num_kv_pairs/accuracy-32=0.000719, valid/num_kv_pairs/accuracy-64=0.000875
valid/loss=6.24, valid/accuracy=0.224, valid/num_kv_pairs/accuracy-4=0.667, valid/num_kv_pairs/accuracy-8=0.45, valid/num_kv_pairs/accuracy-16=0.00125, valid/num_kv_pairs/accuracy-32=0.000812, valid/num_kv_pairs/accuracy-64=0.000766
valid/loss=6.22, valid/accuracy=0.224, valid/num_kv_pairs/accuracy-4=0.668, valid/num_kv_pairs/accuracy-8=0.449, valid/num_kv_pairs/accuracy-16=0.00144, valid/num_kv_pairs/accuracy-32=0.000812, valid/num_kv_pairs/accuracy-64=0.000687
valid/loss=6.22, valid/accuracy=0.224, valid/num_kv_pairs/accuracy-4=0.669, valid/num_kv_pairs/accuracy-8=0.449, valid/num_kv_pairs/accuracy-16=0.00162, valid/num_kv_pairs/accuracy-32=0.00106, valid/num_kv_pairs/accuracy-64=0.000703
valid/loss=6.21, valid/accuracy=0.224, valid/num_kv_pairs/accuracy-4=0.669, valid/num_kv_pairs/accuracy-8=0.449, valid/num_kv_pairs/accuracy-16=0.001, valid/num_kv_pairs/accuracy-32=0.00109, valid/num_kv_pairs/accuracy-64=0.000766
valid/loss=6.2, valid/accuracy=0.224, valid/num_kv_pairs/accuracy-4=0.669, valid/num_kv_pairs/accuracy-8=0.45, valid/num_kv_pairs/accuracy-16=0.00119, valid/num_kv_pairs/accuracy-32=0.00109, valid/num_kv_pairs/accuracy-64=0.000703
valid/loss=6.19, valid/accuracy=0.225, valid/num_kv_pairs/accuracy-4=0.671, valid/num_kv_pairs/accuracy-8=0.451, valid/num_kv_pairs/accuracy-16=0.00125, valid/num_kv_pairs/accuracy-32=0.00125, valid/num_kv_pairs/accuracy-64=0.000609
valid/loss=6.18, valid/accuracy=0.225, valid/num_kv_pairs/accuracy-4=0.671, valid/num_kv_pairs/accuracy-8=0.453, valid/num_kv_pairs/accuracy-16=0.00187, valid/num_kv_pairs/accuracy-32=0.00112, valid/num_kv_pairs/accuracy-64=0.000734
valid/loss=6.18, valid/accuracy=0.226, valid/num_kv_pairs/accuracy-4=0.67, valid/num_kv_pairs/accuracy-8=0.453, valid/num_kv_pairs/accuracy-16=0.002, valid/num_kv_pairs/accuracy-32=0.00141, valid/num_kv_pairs/accuracy-64=0.000687
valid/loss=6.17, valid/accuracy=0.226, valid/num_kv_pairs/accuracy-4=0.671, valid/num_kv_pairs/accuracy-8=0.454, valid/num_kv_pairs/accuracy-16=0.00187, valid/num_kv_pairs/accuracy-32=0.00125, valid/num_kv_pairs/accuracy-64=0.000781
    run_id='smat_d2-dm16-lr1.0e-02'
valid/loss=8.56, valid/accuracy=0.00257, valid/num_kv_pairs/accuracy-4=0.005, valid/num_kv_pairs/accuracy-8=0.0035, valid/num_kv_pairs/accuracy-16=0.00256, valid/num_kv_pairs/accuracy-32=0.00106, valid/num_kv_pairs/accuracy-64=0.000719
valid/loss=7.04, valid/accuracy=0.105, valid/num_kv_pairs/accuracy-4=0.377, valid/num_kv_pairs/accuracy-8=0.144, valid/num_kv_pairs/accuracy-16=0.00319, valid/num_kv_pairs/accuracy-32=0.00128, valid/num_kv_pairs/accuracy-64=0.000687
valid/loss=6.21, valid/accuracy=0.236, valid/num_kv_pairs/accuracy-4=0.681, valid/num_kv_pairs/accuracy-8=0.493, valid/num_kv_pairs/accuracy-16=0.00438, valid/num_kv_pairs/accuracy-32=0.00137, valid/num_kv_pairs/accuracy-64=0.000734
valid/loss=6.33, valid/accuracy=0.234, valid/num_kv_pairs/accuracy-4=0.672, valid/num_kv_pairs/accuracy-8=0.49, valid/num_kv_pairs/accuracy-16=0.0035, valid/num_kv_pairs/accuracy-32=0.00166, valid/num_kv_pairs/accuracy-64=0.000641
valid/loss=6.19, valid/accuracy=0.241, valid/num_kv_pairs/accuracy-4=0.69, valid/num_kv_pairs/accuracy-8=0.508, valid/num_kv_pairs/accuracy-16=0.00287, valid/num_kv_pairs/accuracy-32=0.00131, valid/num_kv_pairs/accuracy-64=0.000672
valid/loss=6.16, valid/accuracy=0.242, valid/num_kv_pairs/accuracy-4=0.693, valid/num_kv_pairs/accuracy-8=0.513, valid/num_kv_pairs/accuracy-16=0.00369, valid/num_kv_pairs/accuracy-32=0.00131, valid/num_kv_pairs/accuracy-64=0.000734
valid/loss=6.91, valid/accuracy=0.111, valid/num_kv_pairs/accuracy-4=0.319, valid/num_kv_pairs/accuracy-8=0.231, valid/num_kv_pairs/accuracy-16=0.00225, valid/num_kv_pairs/accuracy-32=0.00162, valid/num_kv_pairs/accuracy-64=0.000859
valid/loss=6.17, valid/accuracy=0.24, valid/num_kv_pairs/accuracy-4=0.683, valid/num_kv_pairs/accuracy-8=0.509, valid/num_kv_pairs/accuracy-16=0.00394, valid/num_kv_pairs/accuracy-32=0.00175, valid/num_kv_pairs/accuracy-64=0.000781
valid/loss=6.15, valid/accuracy=0.241, valid/num_kv_pairs/accuracy-4=0.694, valid/num_kv_pairs/accuracy-8=0.507, valid/num_kv_pairs/accuracy-16=0.00337, valid/num_kv_pairs/accuracy-32=0.00125, valid/num_kv_pairs/accuracy-64=0.000969
valid/loss=6.14, valid/accuracy=0.241, valid/num_kv_pairs/accuracy-4=0.69, valid/num_kv_pairs/accuracy-8=0.507, valid/num_kv_pairs/accuracy-16=0.00381, valid/num_kv_pairs/accuracy-32=0.00131, valid/num_kv_pairs/accuracy-64=0.000703
valid/loss=6.13, valid/accuracy=0.243, valid/num_kv_pairs/accuracy-4=0.7, valid/num_kv_pairs/accuracy-8=0.509, valid/num_kv_pairs/accuracy-16=0.00313, valid/num_kv_pairs/accuracy-32=0.00119, valid/num_kv_pairs/accuracy-64=0.000562
valid/loss=6.13, valid/accuracy=0.245, valid/num_kv_pairs/accuracy-4=0.701, valid/num_kv_pairs/accuracy-8=0.517, valid/num_kv_pairs/accuracy-16=0.003, valid/num_kv_pairs/accuracy-32=0.00125, valid/num_kv_pairs/accuracy-64=0.000812
valid/loss=6.12, valid/accuracy=0.246, valid/num_kv_pairs/accuracy-4=0.704, valid/num_kv_pairs/accuracy-8=0.52, valid/num_kv_pairs/accuracy-16=0.00319, valid/num_kv_pairs/accuracy-32=0.00106, valid/num_kv_pairs/accuracy-64=0.000797
valid/loss=6.12, valid/accuracy=0.246, valid/num_kv_pairs/accuracy-4=0.703, valid/num_kv_pairs/accuracy-8=0.521, valid/num_kv_pairs/accuracy-16=0.00306, valid/num_kv_pairs/accuracy-32=0.00159, valid/num_kv_pairs/accuracy-64=0.000781
valid/loss=6.11, valid/accuracy=0.246, valid/num_kv_pairs/accuracy-4=0.702, valid/num_kv_pairs/accuracy-8=0.523, valid/num_kv_pairs/accuracy-16=0.00356, valid/num_kv_pairs/accuracy-32=0.00141, valid/num_kv_pairs/accuracy-64=0.000766
valid/loss=6.11, valid/accuracy=0.247, valid/num_kv_pairs/accuracy-4=0.708, valid/num_kv_pairs/accuracy-8=0.524, valid/num_kv_pairs/accuracy-16=0.00231, valid/num_kv_pairs/accuracy-32=0.00119, valid/num_kv_pairs/accuracy-64=0.00075
valid/loss=6.1, valid/accuracy=0.249, valid/num_kv_pairs/accuracy-4=0.714, valid/num_kv_pairs/accuracy-8=0.524, valid/num_kv_pairs/accuracy-16=0.00319, valid/num_kv_pairs/accuracy-32=0.00128, valid/num_kv_pairs/accuracy-64=0.000641
valid/loss=6.13, valid/accuracy=0.246, valid/num_kv_pairs/accuracy-4=0.708, valid/num_kv_pairs/accuracy-8=0.519, valid/num_kv_pairs/accuracy-16=0.00244, valid/num_kv_pairs/accuracy-32=0.00125, valid/num_kv_pairs/accuracy-64=0.000719
valid/loss=6.11, valid/accuracy=0.247, valid/num_kv_pairs/accuracy-4=0.708, valid/num_kv_pairs/accuracy-8=0.523, valid/num_kv_pairs/accuracy-16=0.00337, valid/num_kv_pairs/accuracy-32=0.00156, valid/num_kv_pairs/accuracy-64=0.000625
valid/loss=6.1, valid/accuracy=0.248, valid/num_kv_pairs/accuracy-4=0.709, valid/num_kv_pairs/accuracy-8=0.525, valid/num_kv_pairs/accuracy-16=0.00363, valid/num_kv_pairs/accuracy-32=0.00131, valid/num_kv_pairs/accuracy-64=0.00075
valid/loss=6.09, valid/accuracy=0.248, valid/num_kv_pairs/accuracy-4=0.71, valid/num_kv_pairs/accuracy-8=0.523, valid/num_kv_pairs/accuracy-16=0.00369, valid/num_kv_pairs/accuracy-32=0.00156, valid/num_kv_pairs/accuracy-64=0.000781
valid/loss=6.09, valid/accuracy=0.249, valid/num_kv_pairs/accuracy-4=0.711, valid/num_kv_pairs/accuracy-8=0.527, valid/num_kv_pairs/accuracy-16=0.00394, valid/num_kv_pairs/accuracy-32=0.0015, valid/num_kv_pairs/accuracy-64=0.000687
valid/loss=6.08, valid/accuracy=0.249, valid/num_kv_pairs/accuracy-4=0.711, valid/num_kv_pairs/accuracy-8=0.526, valid/num_kv_pairs/accuracy-16=0.00369, valid/num_kv_pairs/accuracy-32=0.00128, valid/num_kv_pairs/accuracy-64=0.00075
valid/loss=6.08, valid/accuracy=0.249, valid/num_kv_pairs/accuracy-4=0.71, valid/num_kv_pairs/accuracy-8=0.528, valid/num_kv_pairs/accuracy-16=0.00337, valid/num_kv_pairs/accuracy-32=0.00144, valid/num_kv_pairs/accuracy-64=0.00075
valid/loss=6.06, valid/accuracy=0.249, valid/num_kv_pairs/accuracy-4=0.71, valid/num_kv_pairs/accuracy-8=0.527, valid/num_kv_pairs/accuracy-16=0.00313, valid/num_kv_pairs/accuracy-32=0.00153, valid/num_kv_pairs/accuracy-64=0.000781
valid/loss=6.05, valid/accuracy=0.249, valid/num_kv_pairs/accuracy-4=0.712, valid/num_kv_pairs/accuracy-8=0.529, valid/num_kv_pairs/accuracy-16=0.00369, valid/num_kv_pairs/accuracy-32=0.00122, valid/num_kv_pairs/accuracy-64=0.000656
valid/loss=6.04, valid/accuracy=0.249, valid/num_kv_pairs/accuracy-4=0.712, valid/num_kv_pairs/accuracy-8=0.528, valid/num_kv_pairs/accuracy-16=0.00325, valid/num_kv_pairs/accuracy-32=0.00109, valid/num_kv_pairs/accuracy-64=0.000781
valid/loss=6.05, valid/accuracy=0.25, valid/num_kv_pairs/accuracy-4=0.714, valid/num_kv_pairs/accuracy-8=0.53, valid/num_kv_pairs/accuracy-16=0.00425, valid/num_kv_pairs/accuracy-32=0.00175, valid/num_kv_pairs/accuracy-64=0.000656
valid/loss=6.06, valid/accuracy=0.251, valid/num_kv_pairs/accuracy-4=0.716, valid/num_kv_pairs/accuracy-8=0.53, valid/num_kv_pairs/accuracy-16=0.00475, valid/num_kv_pairs/accuracy-32=0.00216, valid/num_kv_pairs/accuracy-64=0.000703
valid/loss=6.06, valid/accuracy=0.252, valid/num_kv_pairs/accuracy-4=0.716, valid/num_kv_pairs/accuracy-8=0.533, valid/num_kv_pairs/accuracy-16=0.007, valid/num_kv_pairs/accuracy-32=0.00306, valid/num_kv_pairs/accuracy-64=0.000844
valid/loss=6.07, valid/accuracy=0.252, valid/num_kv_pairs/accuracy-4=0.719, valid/num_kv_pairs/accuracy-8=0.532, valid/num_kv_pairs/accuracy-16=0.00744, valid/num_kv_pairs/accuracy-32=0.00306, valid/num_kv_pairs/accuracy-64=0.000828
valid/loss=6.07, valid/accuracy=0.252, valid/num_kv_pairs/accuracy-4=0.719, valid/num_kv_pairs/accuracy-8=0.531, valid/num_kv_pairs/accuracy-16=0.00562, valid/num_kv_pairs/accuracy-32=0.00175, valid/num_kv_pairs/accuracy-64=0.000703
    run_id='smat_d2-dm16-lr3.2e-02'
valid/loss=7.69, valid/accuracy=0.0169, valid/num_kv_pairs/accuracy-4=0.0555, valid/num_kv_pairs/accuracy-8=0.0253, valid/num_kv_pairs/accuracy-16=0.002, valid/num_kv_pairs/accuracy-32=0.000937, valid/num_kv_pairs/accuracy-64=0.000672
valid/loss=7.41, valid/accuracy=0.0265, valid/num_kv_pairs/accuracy-4=0.0975, valid/num_kv_pairs/accuracy-8=0.0311, valid/num_kv_pairs/accuracy-16=0.00169, valid/num_kv_pairs/accuracy-32=0.00137, valid/num_kv_pairs/accuracy-64=0.000594
valid/loss=8.66, valid/accuracy=0.00217, valid/num_kv_pairs/accuracy-4=0.00275, valid/num_kv_pairs/accuracy-8=0.00438, valid/num_kv_pairs/accuracy-16=0.00175, valid/num_kv_pairs/accuracy-32=0.00131, valid/num_kv_pairs/accuracy-64=0.000687
Valid Epoch 3/32:   0%|          | 0/160 [00:00<?, ?it/s, acc=-, loss=-]Valid Epoch 3/32:   6%|▋         | 10/160 [00:00<00:01, 92.15it/s, acc=-, loss=-]Valid Epoch 3/32:  12%|█▎        | 20/160 [00:00<00:01, 91.81it/s, acc=-, loss=-]Valid Epoch 3/32:  19%|█▉        | 30/160 [00:00<00:01, 92.17it/s, acc=-, loss=-]Valid Epoch 3/32:  25%|██▌       | 40/160 [00:00<00:01, 94.57it/s, acc=-, loss=-]Valid Epoch 3/32:  31%|███▏      | 50/160 [00:00<00:01, 92.33it/s, acc=-, loss=-]Valid Epoch 3/32:  39%|███▉      | 62/160 [00:00<00:00, 99.81it/s, acc=-, loss=-]Valid Epoch 3/32:  46%|████▌     | 73/160 [00:00<00:00, 98.76it/s, acc=-, loss=-]Valid Epoch 3/32:  52%|█████▏    | 83/160 [00:00<00:00, 96.58it/s, acc=-, loss=-]Valid Epoch 3/32:  59%|█████▉    | 94/160 [00:00<00:00, 99.61it/s, acc=-, loss=-]Valid Epoch 3/32:  65%|██████▌   | 104/160 [00:01<00:00, 98.38it/s, acc=-, loss=-]Valid Epoch 3/32:  71%|███████▏  | 114/160 [00:01<00:00, 95.56it/s, acc=-, loss=-]Valid Epoch 3/32:  78%|███████▊  | 124/160 [00:01<00:00, 95.01it/s, acc=-, loss=-]Valid Epoch 3/32:  84%|████████▍ | 134/160 [00:01<00:00, 95.20it/s, acc=-, loss=-]Valid Epoch 3/32:  90%|█████████ | 144/160 [00:01<00:00, 91.82it/s, acc=-, loss=-]Valid Epoch 3/32:  98%|█████████▊| 157/160 [00:01<00:00, 102.32it/s, acc=-, loss=-]Valid Epoch 3/32: 100%|██████████| 160/160 [00:01<00:00, 102.32it/s, valid/loss=8.64, valid/accuracy=0.000906, valid/num_kv_pairs/accuracy-4=0.00075, valid/num_kv_pairs/accuracy-8=0.000875, valid/num_kv_pairs/accuracy-16=0.00156, valid/num_kv_pairs/accuracy-32=0.00075, valid/num_kv_pairs/accuracy-64=0.000594]Valid Epoch 3/32: 100%|██████████| 160/160 [00:01<00:00, 97.32it/s, valid/loss=8.64, valid/accuracy=0.000906, valid/num_kv_pairs/accuracy-4=0.00075, valid/num_kv_pairs/accuracy-8=0.000875, valid/num_kv_pairs/accuracy-16=0.00156, valid/num_kv_pairs/accuracy-32=0.00075, valid/num_kv_pairs/accuracy-64=0.000594] 
valid/loss=7.81, valid/accuracy=0.0147, valid/num_kv_pairs/accuracy-4=0.0475, valid/num_kv_pairs/accuracy-8=0.0215, valid/num_kv_pairs/accuracy-16=0.00237, valid/num_kv_pairs/accuracy-32=0.00125, valid/num_kv_pairs/accuracy-64=0.000766
valid/loss=7.76, valid/accuracy=0.0202, valid/num_kv_pairs/accuracy-4=0.072, valid/num_kv_pairs/accuracy-8=0.0249, valid/num_kv_pairs/accuracy-16=0.00225, valid/num_kv_pairs/accuracy-32=0.00128, valid/num_kv_pairs/accuracy-64=0.000797
valid/loss=7.25, valid/accuracy=0.0373, valid/num_kv_pairs/accuracy-4=0.142, valid/num_kv_pairs/accuracy-8=0.0404, valid/num_kv_pairs/accuracy-16=0.00237, valid/num_kv_pairs/accuracy-32=0.001, valid/num_kv_pairs/accuracy-64=0.000594
valid/loss=7.22, valid/accuracy=0.0504, valid/num_kv_pairs/accuracy-4=0.182, valid/num_kv_pairs/accuracy-8=0.0653, valid/num_kv_pairs/accuracy-16=0.00213, valid/num_kv_pairs/accuracy-32=0.00131, valid/num_kv_pairs/accuracy-64=0.000719
valid/loss=8.22, valid/accuracy=0.00509, valid/num_kv_pairs/accuracy-4=0.009, valid/num_kv_pairs/accuracy-8=0.0132, valid/num_kv_pairs/accuracy-16=0.00156, valid/num_kv_pairs/accuracy-32=0.00109, valid/num_kv_pairs/accuracy-64=0.000547
valid/loss=7.2, valid/accuracy=0.0587, valid/num_kv_pairs/accuracy-4=0.206, valid/num_kv_pairs/accuracy-8=0.0833, valid/num_kv_pairs/accuracy-16=0.00219, valid/num_kv_pairs/accuracy-32=0.000969, valid/num_kv_pairs/accuracy-64=0.000641
valid/loss=7.75, valid/accuracy=0.0186, valid/num_kv_pairs/accuracy-4=0.0573, valid/num_kv_pairs/accuracy-8=0.0323, valid/num_kv_pairs/accuracy-16=0.00206, valid/num_kv_pairs/accuracy-32=0.000969, valid/num_kv_pairs/accuracy-64=0.000672
valid/loss=7.31, valid/accuracy=0.0987, valid/num_kv_pairs/accuracy-4=0.327, valid/num_kv_pairs/accuracy-8=0.163, valid/num_kv_pairs/accuracy-16=0.00162, valid/num_kv_pairs/accuracy-32=0.00103, valid/num_kv_pairs/accuracy-64=0.000594
valid/loss=7, valid/accuracy=0.101, valid/num_kv_pairs/accuracy-4=0.343, valid/num_kv_pairs/accuracy-8=0.156, valid/num_kv_pairs/accuracy-16=0.00225, valid/num_kv_pairs/accuracy-32=0.00112, valid/num_kv_pairs/accuracy-64=0.000547
valid/loss=7.84, valid/accuracy=0.0283, valid/num_kv_pairs/accuracy-4=0.0747, valid/num_kv_pairs/accuracy-8=0.0631, valid/num_kv_pairs/accuracy-16=0.00169, valid/num_kv_pairs/accuracy-32=0.00103, valid/num_kv_pairs/accuracy-64=0.000797
valid/loss=6.95, valid/accuracy=0.143, valid/num_kv_pairs/accuracy-4=0.481, valid/num_kv_pairs/accuracy-8=0.23, valid/num_kv_pairs/accuracy-16=0.00187, valid/num_kv_pairs/accuracy-32=0.000875, valid/num_kv_pairs/accuracy-64=0.000594
valid/loss=6.44, valid/accuracy=0.184, valid/num_kv_pairs/accuracy-4=0.575, valid/num_kv_pairs/accuracy-8=0.342, valid/num_kv_pairs/accuracy-16=0.00313, valid/num_kv_pairs/accuracy-32=0.00128, valid/num_kv_pairs/accuracy-64=0.000547
valid/loss=7.85, valid/accuracy=0.0366, valid/num_kv_pairs/accuracy-4=0.134, valid/num_kv_pairs/accuracy-8=0.0461, valid/num_kv_pairs/accuracy-16=0.00156, valid/num_kv_pairs/accuracy-32=0.000937, valid/num_kv_pairs/accuracy-64=0.000812
valid/loss=6.49, valid/accuracy=0.216, valid/num_kv_pairs/accuracy-4=0.63, valid/num_kv_pairs/accuracy-8=0.444, valid/num_kv_pairs/accuracy-16=0.00263, valid/num_kv_pairs/accuracy-32=0.000969, valid/num_kv_pairs/accuracy-64=0.000687
valid/loss=6.6, valid/accuracy=0.215, valid/num_kv_pairs/accuracy-4=0.649, valid/num_kv_pairs/accuracy-8=0.424, valid/num_kv_pairs/accuracy-16=0.00194, valid/num_kv_pairs/accuracy-32=0.000969, valid/num_kv_pairs/accuracy-64=0.000828
valid/loss=6.32, valid/accuracy=0.218, valid/num_kv_pairs/accuracy-4=0.648, valid/num_kv_pairs/accuracy-8=0.434, valid/num_kv_pairs/accuracy-16=0.00325, valid/num_kv_pairs/accuracy-32=0.00131, valid/num_kv_pairs/accuracy-64=0.000734
valid/loss=6.88, valid/accuracy=0.177, valid/num_kv_pairs/accuracy-4=0.552, valid/num_kv_pairs/accuracy-8=0.329, valid/num_kv_pairs/accuracy-16=0.0025, valid/num_kv_pairs/accuracy-32=0.00122, valid/num_kv_pairs/accuracy-64=0.00075
valid/loss=6.22, valid/accuracy=0.243, valid/num_kv_pairs/accuracy-4=0.695, valid/num_kv_pairs/accuracy-8=0.514, valid/num_kv_pairs/accuracy-16=0.00281, valid/num_kv_pairs/accuracy-32=0.00137, valid/num_kv_pairs/accuracy-64=0.000937
valid/loss=6.15, valid/accuracy=0.246, valid/num_kv_pairs/accuracy-4=0.702, valid/num_kv_pairs/accuracy-8=0.522, valid/num_kv_pairs/accuracy-16=0.00256, valid/num_kv_pairs/accuracy-32=0.00128, valid/num_kv_pairs/accuracy-64=0.000844
valid/loss=6.13, valid/accuracy=0.246, valid/num_kv_pairs/accuracy-4=0.702, valid/num_kv_pairs/accuracy-8=0.525, valid/num_kv_pairs/accuracy-16=0.00313, valid/num_kv_pairs/accuracy-32=0.00103, valid/num_kv_pairs/accuracy-64=0.000828
valid/loss=6.13, valid/accuracy=0.246, valid/num_kv_pairs/accuracy-4=0.7, valid/num_kv_pairs/accuracy-8=0.524, valid/num_kv_pairs/accuracy-16=0.00337, valid/num_kv_pairs/accuracy-32=0.00112, valid/num_kv_pairs/accuracy-64=0.000797
valid/loss=6.12, valid/accuracy=0.247, valid/num_kv_pairs/accuracy-4=0.702, valid/num_kv_pairs/accuracy-8=0.526, valid/num_kv_pairs/accuracy-16=0.00375, valid/num_kv_pairs/accuracy-32=0.000906, valid/num_kv_pairs/accuracy-64=0.000766
valid/loss=6.11, valid/accuracy=0.246, valid/num_kv_pairs/accuracy-4=0.702, valid/num_kv_pairs/accuracy-8=0.521, valid/num_kv_pairs/accuracy-16=0.00406, valid/num_kv_pairs/accuracy-32=0.00122, valid/num_kv_pairs/accuracy-64=0.00108
valid/loss=6.07, valid/accuracy=0.247, valid/num_kv_pairs/accuracy-4=0.704, valid/num_kv_pairs/accuracy-8=0.526, valid/num_kv_pairs/accuracy-16=0.00419, valid/num_kv_pairs/accuracy-32=0.00131, valid/num_kv_pairs/accuracy-64=0.00105
valid/loss=6.06, valid/accuracy=0.248, valid/num_kv_pairs/accuracy-4=0.706, valid/num_kv_pairs/accuracy-8=0.526, valid/num_kv_pairs/accuracy-16=0.00481, valid/num_kv_pairs/accuracy-32=0.00147, valid/num_kv_pairs/accuracy-64=0.00114
valid/loss=6.07, valid/accuracy=0.249, valid/num_kv_pairs/accuracy-4=0.71, valid/num_kv_pairs/accuracy-8=0.528, valid/num_kv_pairs/accuracy-16=0.00525, valid/num_kv_pairs/accuracy-32=0.00147, valid/num_kv_pairs/accuracy-64=0.000937
valid/loss=6.11, valid/accuracy=0.251, valid/num_kv_pairs/accuracy-4=0.713, valid/num_kv_pairs/accuracy-8=0.528, valid/num_kv_pairs/accuracy-16=0.00856, valid/num_kv_pairs/accuracy-32=0.00322, valid/num_kv_pairs/accuracy-64=0.000906
valid/loss=6.07, valid/accuracy=0.251, valid/num_kv_pairs/accuracy-4=0.714, valid/num_kv_pairs/accuracy-8=0.529, valid/num_kv_pairs/accuracy-16=0.00688, valid/num_kv_pairs/accuracy-32=0.00241, valid/num_kv_pairs/accuracy-64=0.000906
