    early_stopping_metric='valid/accuracy',
    early_stopping_threshold=0.99,
    run_id='smat_d2_mr3_hd16_ds16_sig_delta_cread_m2blk_s2-dm32-lr1.0e-02'
valid/loss=4.39, valid/accuracy=0.309, valid/num_kv_pairs/accuracy-4=0.689, valid/num_kv_pairs/accuracy-8=0.488, valid/num_kv_pairs/accuracy-16=0.254, valid/num_kv_pairs/accuracy-32=0.0918, valid/num_kv_pairs/accuracy-64=0.0218
valid/loss=2.68, valid/accuracy=0.631, valid/num_kv_pairs/accuracy-4=0.892, valid/num_kv_pairs/accuracy-8=0.84, valid/num_kv_pairs/accuracy-16=0.727, valid/num_kv_pairs/accuracy-32=0.491, valid/num_kv_pairs/accuracy-64=0.206
valid/loss=2.15, valid/accuracy=0.71, valid/num_kv_pairs/accuracy-4=0.916, valid/num_kv_pairs/accuracy-8=0.884, valid/num_kv_pairs/accuracy-16=0.816, valid/num_kv_pairs/accuracy-32=0.621, valid/num_kv_pairs/accuracy-64=0.312
valid/loss=2.08, valid/accuracy=0.716, valid/num_kv_pairs/accuracy-4=0.877, valid/num_kv_pairs/accuracy-8=0.863, valid/num_kv_pairs/accuracy-16=0.835, valid/num_kv_pairs/accuracy-32=0.656, valid/num_kv_pairs/accuracy-64=0.346
valid/loss=1.86, valid/accuracy=0.729, valid/num_kv_pairs/accuracy-4=0.763, valid/num_kv_pairs/accuracy-8=0.761, valid/num_kv_pairs/accuracy-16=0.88, valid/num_kv_pairs/accuracy-32=0.768, valid/num_kv_pairs/accuracy-64=0.471
valid/loss=1.44, valid/accuracy=0.798, valid/num_kv_pairs/accuracy-4=0.951, valid/num_kv_pairs/accuracy-8=0.931, valid/num_kv_pairs/accuracy-16=0.88, valid/num_kv_pairs/accuracy-32=0.767, valid/num_kv_pairs/accuracy-64=0.461
valid/loss=1.67, valid/accuracy=0.758, valid/num_kv_pairs/accuracy-4=0.853, valid/num_kv_pairs/accuracy-8=0.823, valid/num_kv_pairs/accuracy-16=0.884, valid/num_kv_pairs/accuracy-32=0.766, valid/num_kv_pairs/accuracy-64=0.464
valid/loss=1.47, valid/accuracy=0.791, valid/num_kv_pairs/accuracy-4=0.923, valid/num_kv_pairs/accuracy-8=0.918, valid/num_kv_pairs/accuracy-16=0.885, valid/num_kv_pairs/accuracy-32=0.765, valid/num_kv_pairs/accuracy-64=0.463
valid/loss=1.6, valid/accuracy=0.768, valid/num_kv_pairs/accuracy-4=0.814, valid/num_kv_pairs/accuracy-8=0.833, valid/num_kv_pairs/accuracy-16=0.894, valid/num_kv_pairs/accuracy-32=0.796, valid/num_kv_pairs/accuracy-64=0.502
valid/loss=1.63, valid/accuracy=0.766, valid/num_kv_pairs/accuracy-4=0.815, valid/num_kv_pairs/accuracy-8=0.832, valid/num_kv_pairs/accuracy-16=0.893, valid/num_kv_pairs/accuracy-32=0.79, valid/num_kv_pairs/accuracy-64=0.502
valid/loss=1.65, valid/accuracy=0.759, valid/num_kv_pairs/accuracy-4=0.796, valid/num_kv_pairs/accuracy-8=0.812, valid/num_kv_pairs/accuracy-16=0.895, valid/num_kv_pairs/accuracy-32=0.796, valid/num_kv_pairs/accuracy-64=0.498
valid/loss=1.6, valid/accuracy=0.777, valid/num_kv_pairs/accuracy-4=0.889, valid/num_kv_pairs/accuracy-8=0.903, valid/num_kv_pairs/accuracy-16=0.878, valid/num_kv_pairs/accuracy-32=0.76, valid/num_kv_pairs/accuracy-64=0.453
valid/loss=1.67, valid/accuracy=0.756, valid/num_kv_pairs/accuracy-4=0.775, valid/num_kv_pairs/accuracy-8=0.811, valid/num_kv_pairs/accuracy-16=0.896, valid/num_kv_pairs/accuracy-32=0.798, valid/num_kv_pairs/accuracy-64=0.501
valid/loss=1.62, valid/accuracy=0.772, valid/num_kv_pairs/accuracy-4=0.883, valid/num_kv_pairs/accuracy-8=0.889, valid/num_kv_pairs/accuracy-16=0.878, valid/num_kv_pairs/accuracy-32=0.757, valid/num_kv_pairs/accuracy-64=0.451
valid/loss=1.41, valid/accuracy=0.798, valid/num_kv_pairs/accuracy-4=0.903, valid/num_kv_pairs/accuracy-8=0.905, valid/num_kv_pairs/accuracy-16=0.894, valid/num_kv_pairs/accuracy-32=0.795, valid/num_kv_pairs/accuracy-64=0.494
valid/loss=1.82, valid/accuracy=0.741, valid/num_kv_pairs/accuracy-4=0.86, valid/num_kv_pairs/accuracy-8=0.864, valid/num_kv_pairs/accuracy-16=0.869, valid/num_kv_pairs/accuracy-32=0.721, valid/num_kv_pairs/accuracy-64=0.391
valid/loss=1.66, valid/accuracy=0.754, valid/num_kv_pairs/accuracy-4=0.75, valid/num_kv_pairs/accuracy-8=0.794, valid/num_kv_pairs/accuracy-16=0.9, valid/num_kv_pairs/accuracy-32=0.811, valid/num_kv_pairs/accuracy-64=0.515
valid/loss=1.77, valid/accuracy=0.735, valid/num_kv_pairs/accuracy-4=0.706, valid/num_kv_pairs/accuracy-8=0.745, valid/num_kv_pairs/accuracy-16=0.902, valid/num_kv_pairs/accuracy-32=0.81, valid/num_kv_pairs/accuracy-64=0.512
valid/loss=1.44, valid/accuracy=0.793, valid/num_kv_pairs/accuracy-4=0.897, valid/num_kv_pairs/accuracy-8=0.901, valid/num_kv_pairs/accuracy-16=0.891, valid/num_kv_pairs/accuracy-32=0.788, valid/num_kv_pairs/accuracy-64=0.486
valid/loss=1.76, valid/accuracy=0.725, valid/num_kv_pairs/accuracy-4=0.675, valid/num_kv_pairs/accuracy-8=0.725, valid/num_kv_pairs/accuracy-16=0.9, valid/num_kv_pairs/accuracy-32=0.809, valid/num_kv_pairs/accuracy-64=0.516
valid/loss=1.76, valid/accuracy=0.733, valid/num_kv_pairs/accuracy-4=0.679, valid/num_kv_pairs/accuracy-8=0.746, valid/num_kv_pairs/accuracy-16=0.902, valid/num_kv_pairs/accuracy-32=0.816, valid/num_kv_pairs/accuracy-64=0.52
valid/loss=1.8, valid/accuracy=0.709, valid/num_kv_pairs/accuracy-4=0.638, valid/num_kv_pairs/accuracy-8=0.687, valid/num_kv_pairs/accuracy-16=0.901, valid/num_kv_pairs/accuracy-32=0.811, valid/num_kv_pairs/accuracy-64=0.511
valid/loss=1.53, valid/accuracy=0.762, valid/num_kv_pairs/accuracy-4=0.772, valid/num_kv_pairs/accuracy-8=0.795, valid/num_kv_pairs/accuracy-16=0.903, valid/num_kv_pairs/accuracy-32=0.817, valid/num_kv_pairs/accuracy-64=0.522
valid/loss=1.58, valid/accuracy=0.752, valid/num_kv_pairs/accuracy-4=0.737, valid/num_kv_pairs/accuracy-8=0.769, valid/num_kv_pairs/accuracy-16=0.905, valid/num_kv_pairs/accuracy-32=0.821, valid/num_kv_pairs/accuracy-64=0.526
valid/loss=1.43, valid/accuracy=0.78, valid/num_kv_pairs/accuracy-4=0.815, valid/num_kv_pairs/accuracy-8=0.826, valid/num_kv_pairs/accuracy-16=0.907, valid/num_kv_pairs/accuracy-32=0.824, valid/num_kv_pairs/accuracy-64=0.529
valid/loss=1.32, valid/accuracy=0.801, valid/num_kv_pairs/accuracy-4=0.872, valid/num_kv_pairs/accuracy-8=0.869, valid/num_kv_pairs/accuracy-16=0.908, valid/num_kv_pairs/accuracy-32=0.825, valid/num_kv_pairs/accuracy-64=0.53
valid/loss=1.21, valid/accuracy=0.82, valid/num_kv_pairs/accuracy-4=0.92, valid/num_kv_pairs/accuracy-8=0.914, valid/num_kv_pairs/accuracy-16=0.909, valid/num_kv_pairs/accuracy-32=0.827, valid/num_kv_pairs/accuracy-64=0.531
valid/loss=1.15, valid/accuracy=0.83, valid/num_kv_pairs/accuracy-4=0.946, valid/num_kv_pairs/accuracy-8=0.942, valid/num_kv_pairs/accuracy-16=0.908, valid/num_kv_pairs/accuracy-32=0.826, valid/num_kv_pairs/accuracy-64=0.53
valid/loss=1.12, valid/accuracy=0.836, valid/num_kv_pairs/accuracy-4=0.96, valid/num_kv_pairs/accuracy-8=0.953, valid/num_kv_pairs/accuracy-16=0.91, valid/num_kv_pairs/accuracy-32=0.827, valid/num_kv_pairs/accuracy-64=0.529
valid/loss=1.1, valid/accuracy=0.838, valid/num_kv_pairs/accuracy-4=0.967, valid/num_kv_pairs/accuracy-8=0.961, valid/num_kv_pairs/accuracy-16=0.91, valid/num_kv_pairs/accuracy-32=0.827, valid/num_kv_pairs/accuracy-64=0.527
Valid Epoch 30/32:   0%|          | 0/160 [00:00<?, ?it/s, acc=-, loss=-]Valid Epoch 30/32:   6%|▌         | 9/160 [00:00<00:01, 84.02it/s, acc=-, loss=-]Valid Epoch 30/32:  11%|█▏        | 18/160 [00:00<00:01, 86.71it/s, acc=-, loss=-]Valid Epoch 30/32:  17%|█▋        | 27/160 [00:00<00:01, 86.73it/s, acc=-, loss=-]Valid Epoch 30/32:  22%|██▎       | 36/160 [00:00<00:01, 86.76it/s, acc=-, loss=-]Valid Epoch 30/32:  28%|██▊       | 45/160 [00:00<00:01, 86.72it/s, acc=-, loss=-]Valid Epoch 30/32:  34%|███▍      | 54/160 [00:00<00:01, 86.79it/s, acc=-, loss=-]Valid Epoch 30/32:  39%|███▉      | 63/160 [00:00<00:01, 86.82it/s, acc=-, loss=-]Valid Epoch 30/32:  45%|████▌     | 72/160 [00:00<00:01, 87.30it/s, acc=-, loss=-]Valid Epoch 30/32:  51%|█████▏    | 82/160 [00:00<00:00, 89.09it/s, acc=-, loss=-]Valid Epoch 30/32:  57%|█████▊    | 92/160 [00:01<00:00, 89.63it/s, acc=-, loss=-]Valid Epoch 30/32:  63%|██████▎   | 101/160 [00:01<00:00, 89.20it/s, acc=-, loss=-]Valid Epoch 30/32:  69%|██████▉   | 110/160 [00:01<00:00, 89.16it/s, acc=-, loss=-]Valid Epoch 30/32:  76%|███████▋  | 122/160 [00:01<00:00, 97.60it/s, acc=-, loss=-]Valid Epoch 30/32:  84%|████████▍ | 134/160 [00:01<00:00, 101.85it/s, acc=-, loss=-]Valid Epoch 30/32:  91%|█████████ | 145/160 [00:01<00:00, 102.08it/s, acc=-, loss=-]Valid Epoch 30/32:  98%|█████████▊| 156/160 [00:01<00:00, 102.18it/s, acc=-, loss=-]Valid Epoch 30/32: 100%|██████████| 160/160 [00:01<00:00, 102.18it/s, valid/loss=1.09, valid/accuracy=0.84, valid/num_kv_pairs/accuracy-4=0.974, valid/num_kv_pairs/accuracy-8=0.964, valid/num_kv_pairs/accuracy-16=0.909, valid/num_kv_pairs/accuracy-32=0.826, valid/num_kv_pairs/accuracy-64=0.526]Valid Epoch 30/32: 100%|██████████| 160/160 [00:01<00:00, 93.13it/s, valid/loss=1.09, valid/accuracy=0.84, valid/num_kv_pairs/accuracy-4=0.974, valid/num_kv_pairs/accuracy-8=0.964, valid/num_kv_pairs/accuracy-16=0.909, valid/num_kv_pairs/accuracy-32=0.826, valid/num_kv_pairs/accuracy-64=0.526] 
valid/loss=1.08, valid/accuracy=0.841, valid/num_kv_pairs/accuracy-4=0.979, valid/num_kv_pairs/accuracy-8=0.966, valid/num_kv_pairs/accuracy-16=0.909, valid/num_kv_pairs/accuracy-32=0.826, valid/num_kv_pairs/accuracy-64=0.525
