    early_stopping_metric='valid/accuracy',
    early_stopping_threshold=0.99,
    run_id='smat_d3_mr3_hd16_ds16_sig_delta_cread_m2blk-dm64-lr1.0e-02'
valid/loss=1.92, valid/accuracy=0.728, valid/num_kv_pairs/accuracy-4=0.863, valid/num_kv_pairs/accuracy-8=0.835, valid/num_kv_pairs/accuracy-16=0.715, valid/num_kv_pairs/accuracy-32=0.724, valid/num_kv_pairs/accuracy-64=0.503
valid/loss=1.12, valid/accuracy=0.829, valid/num_kv_pairs/accuracy-4=0.957, valid/num_kv_pairs/accuracy-8=0.934, valid/num_kv_pairs/accuracy-16=0.783, valid/num_kv_pairs/accuracy-32=0.817, valid/num_kv_pairs/accuracy-64=0.652
valid/loss=0.768, valid/accuracy=0.878, valid/num_kv_pairs/accuracy-4=0.976, valid/num_kv_pairs/accuracy-8=0.959, valid/num_kv_pairs/accuracy-16=0.829, valid/num_kv_pairs/accuracy-32=0.875, valid/num_kv_pairs/accuracy-64=0.751
valid/loss=0.588, valid/accuracy=0.9, valid/num_kv_pairs/accuracy-4=0.979, valid/num_kv_pairs/accuracy-8=0.968, valid/num_kv_pairs/accuracy-16=0.863, valid/num_kv_pairs/accuracy-32=0.902, valid/num_kv_pairs/accuracy-64=0.789
valid/loss=0.53, valid/accuracy=0.908, valid/num_kv_pairs/accuracy-4=0.984, valid/num_kv_pairs/accuracy-8=0.977, valid/num_kv_pairs/accuracy-16=0.872, valid/num_kv_pairs/accuracy-32=0.907, valid/num_kv_pairs/accuracy-64=0.803
valid/loss=0.518, valid/accuracy=0.911, valid/num_kv_pairs/accuracy-4=0.986, valid/num_kv_pairs/accuracy-8=0.976, valid/num_kv_pairs/accuracy-16=0.873, valid/num_kv_pairs/accuracy-32=0.911, valid/num_kv_pairs/accuracy-64=0.811
valid/loss=0.723, valid/accuracy=0.888, valid/num_kv_pairs/accuracy-4=0.943, valid/num_kv_pairs/accuracy-8=0.944, valid/num_kv_pairs/accuracy-16=0.857, valid/num_kv_pairs/accuracy-32=0.897, valid/num_kv_pairs/accuracy-64=0.799
valid/loss=0.434, valid/accuracy=0.928, valid/num_kv_pairs/accuracy-4=0.985, valid/num_kv_pairs/accuracy-8=0.975, valid/num_kv_pairs/accuracy-16=0.885, valid/num_kv_pairs/accuracy-32=0.929, valid/num_kv_pairs/accuracy-64=0.865
valid/loss=1.16, valid/accuracy=0.855, valid/num_kv_pairs/accuracy-4=0.921, valid/num_kv_pairs/accuracy-8=0.896, valid/num_kv_pairs/accuracy-16=0.796, valid/num_kv_pairs/accuracy-32=0.87, valid/num_kv_pairs/accuracy-64=0.793
valid/loss=0.47, valid/accuracy=0.932, valid/num_kv_pairs/accuracy-4=0.95, valid/num_kv_pairs/accuracy-8=0.971, valid/num_kv_pairs/accuracy-16=0.886, valid/num_kv_pairs/accuracy-32=0.944, valid/num_kv_pairs/accuracy-64=0.909
valid/loss=8.69, valid/accuracy=0.0008, valid/num_kv_pairs/accuracy-4=0.00325, valid/num_kv_pairs/accuracy-8=0.000625, valid/num_kv_pairs/accuracy-16=6.25e-5, valid/num_kv_pairs/accuracy-32=3.13e-5, valid/num_kv_pairs/accuracy-64=3.13e-5
valid/loss=0.759, valid/accuracy=0.904, valid/num_kv_pairs/accuracy-4=0.972, valid/num_kv_pairs/accuracy-8=0.941, valid/num_kv_pairs/accuracy-16=0.842, valid/num_kv_pairs/accuracy-32=0.908, valid/num_kv_pairs/accuracy-64=0.858
valid/loss=0.647, valid/accuracy=0.915, valid/num_kv_pairs/accuracy-4=0.977, valid/num_kv_pairs/accuracy-8=0.956, valid/num_kv_pairs/accuracy-16=0.851, valid/num_kv_pairs/accuracy-32=0.918, valid/num_kv_pairs/accuracy-64=0.871
valid/loss=0.69, valid/accuracy=0.904, valid/num_kv_pairs/accuracy-4=0.967, valid/num_kv_pairs/accuracy-8=0.946, valid/num_kv_pairs/accuracy-16=0.85, valid/num_kv_pairs/accuracy-32=0.91, valid/num_kv_pairs/accuracy-64=0.846
valid/loss=0.607, valid/accuracy=0.924, valid/num_kv_pairs/accuracy-4=0.976, valid/num_kv_pairs/accuracy-8=0.97, valid/num_kv_pairs/accuracy-16=0.867, valid/num_kv_pairs/accuracy-32=0.927, valid/num_kv_pairs/accuracy-64=0.881
valid/loss=0.608, valid/accuracy=0.928, valid/num_kv_pairs/accuracy-4=0.976, valid/num_kv_pairs/accuracy-8=0.964, valid/num_kv_pairs/accuracy-16=0.873, valid/num_kv_pairs/accuracy-32=0.931, valid/num_kv_pairs/accuracy-64=0.896
valid/loss=0.794, valid/accuracy=0.893, valid/num_kv_pairs/accuracy-4=0.955, valid/num_kv_pairs/accuracy-8=0.938, valid/num_kv_pairs/accuracy-16=0.843, valid/num_kv_pairs/accuracy-32=0.908, valid/num_kv_pairs/accuracy-64=0.822
valid/loss=0.607, valid/accuracy=0.933, valid/num_kv_pairs/accuracy-4=0.979, valid/num_kv_pairs/accuracy-8=0.97, valid/num_kv_pairs/accuracy-16=0.875, valid/num_kv_pairs/accuracy-32=0.935, valid/num_kv_pairs/accuracy-64=0.907
valid/loss=0.607, valid/accuracy=0.932, valid/num_kv_pairs/accuracy-4=0.983, valid/num_kv_pairs/accuracy-8=0.972, valid/num_kv_pairs/accuracy-16=0.875, valid/num_kv_pairs/accuracy-32=0.933, valid/num_kv_pairs/accuracy-64=0.896
valid/loss=0.696, valid/accuracy=0.916, valid/num_kv_pairs/accuracy-4=0.975, valid/num_kv_pairs/accuracy-8=0.954, valid/num_kv_pairs/accuracy-16=0.861, valid/num_kv_pairs/accuracy-32=0.923, valid/num_kv_pairs/accuracy-64=0.866
valid/loss=0.743, valid/accuracy=0.925, valid/num_kv_pairs/accuracy-4=0.958, valid/num_kv_pairs/accuracy-8=0.951, valid/num_kv_pairs/accuracy-16=0.875, valid/num_kv_pairs/accuracy-32=0.935, valid/num_kv_pairs/accuracy-64=0.906
valid/loss=0.594, valid/accuracy=0.938, valid/num_kv_pairs/accuracy-4=0.989, valid/num_kv_pairs/accuracy-8=0.977, valid/num_kv_pairs/accuracy-16=0.879, valid/num_kv_pairs/accuracy-32=0.936, valid/num_kv_pairs/accuracy-64=0.908
valid/loss=0.599, valid/accuracy=0.938, valid/num_kv_pairs/accuracy-4=0.989, valid/num_kv_pairs/accuracy-8=0.978, valid/num_kv_pairs/accuracy-16=0.879, valid/num_kv_pairs/accuracy-32=0.937, valid/num_kv_pairs/accuracy-64=0.907
valid/loss=0.588, valid/accuracy=0.938, valid/num_kv_pairs/accuracy-4=0.991, valid/num_kv_pairs/accuracy-8=0.981, valid/num_kv_pairs/accuracy-16=0.878, valid/num_kv_pairs/accuracy-32=0.936, valid/num_kv_pairs/accuracy-64=0.904
valid/loss=0.588, valid/accuracy=0.937, valid/num_kv_pairs/accuracy-4=0.992, valid/num_kv_pairs/accuracy-8=0.98, valid/num_kv_pairs/accuracy-16=0.878, valid/num_kv_pairs/accuracy-32=0.935, valid/num_kv_pairs/accuracy-64=0.902
valid/loss=0.583, valid/accuracy=0.937, valid/num_kv_pairs/accuracy-4=0.99, valid/num_kv_pairs/accuracy-8=0.981, valid/num_kv_pairs/accuracy-16=0.878, valid/num_kv_pairs/accuracy-32=0.936, valid/num_kv_pairs/accuracy-64=0.903
valid/loss=0.582, valid/accuracy=0.939, valid/num_kv_pairs/accuracy-4=0.991, valid/num_kv_pairs/accuracy-8=0.983, valid/num_kv_pairs/accuracy-16=0.879, valid/num_kv_pairs/accuracy-32=0.937, valid/num_kv_pairs/accuracy-64=0.903
valid/loss=0.583, valid/accuracy=0.939, valid/num_kv_pairs/accuracy-4=0.991, valid/num_kv_pairs/accuracy-8=0.982, valid/num_kv_pairs/accuracy-16=0.88, valid/num_kv_pairs/accuracy-32=0.937, valid/num_kv_pairs/accuracy-64=0.903
valid/loss=0.58, valid/accuracy=0.939, valid/num_kv_pairs/accuracy-4=0.991, valid/num_kv_pairs/accuracy-8=0.983, valid/num_kv_pairs/accuracy-16=0.881, valid/num_kv_pairs/accuracy-32=0.938, valid/num_kv_pairs/accuracy-64=0.904
valid/loss=0.58, valid/accuracy=0.94, valid/num_kv_pairs/accuracy-4=0.991, valid/num_kv_pairs/accuracy-8=0.984, valid/num_kv_pairs/accuracy-16=0.882, valid/num_kv_pairs/accuracy-32=0.938, valid/num_kv_pairs/accuracy-64=0.906
valid/loss=0.578, valid/accuracy=0.941, valid/num_kv_pairs/accuracy-4=0.992, valid/num_kv_pairs/accuracy-8=0.984, valid/num_kv_pairs/accuracy-16=0.882, valid/num_kv_pairs/accuracy-32=0.939, valid/num_kv_pairs/accuracy-64=0.906
valid/loss=0.583, valid/accuracy=0.941, valid/num_kv_pairs/accuracy-4=0.992, valid/num_kv_pairs/accuracy-8=0.985, valid/num_kv_pairs/accuracy-16=0.882, valid/num_kv_pairs/accuracy-32=0.939, valid/num_kv_pairs/accuracy-64=0.907
