    early_stopping_metric='valid/accuracy',
    early_stopping_threshold=0.99,
    run_id='smat_d2_mr3_hd16_ds16_sig_delta_cread_m2blk_s2-dm64-lr1.0e-02'
valid/loss=1.17, valid/accuracy=0.789, valid/num_kv_pairs/accuracy-4=0.96, valid/num_kv_pairs/accuracy-8=0.959, valid/num_kv_pairs/accuracy-16=0.89, valid/num_kv_pairs/accuracy-32=0.737, valid/num_kv_pairs/accuracy-64=0.4
valid/loss=0.794, valid/accuracy=0.853, valid/num_kv_pairs/accuracy-4=0.968, valid/num_kv_pairs/accuracy-8=0.982, valid/num_kv_pairs/accuracy-16=0.935, valid/num_kv_pairs/accuracy-32=0.851, valid/num_kv_pairs/accuracy-64=0.527
valid/loss=0.679, valid/accuracy=0.881, valid/num_kv_pairs/accuracy-4=0.969, valid/num_kv_pairs/accuracy-8=0.98, valid/num_kv_pairs/accuracy-16=0.925, valid/num_kv_pairs/accuracy-32=0.89, valid/num_kv_pairs/accuracy-64=0.638
valid/loss=0.709, valid/accuracy=0.882, valid/num_kv_pairs/accuracy-4=0.937, valid/num_kv_pairs/accuracy-8=0.94, valid/num_kv_pairs/accuracy-16=0.925, valid/num_kv_pairs/accuracy-32=0.912, valid/num_kv_pairs/accuracy-64=0.697
valid/loss=0.923, valid/accuracy=0.835, valid/num_kv_pairs/accuracy-4=0.789, valid/num_kv_pairs/accuracy-8=0.842, valid/num_kv_pairs/accuracy-16=0.929, valid/num_kv_pairs/accuracy-32=0.917, valid/num_kv_pairs/accuracy-64=0.697
valid/loss=1.11, valid/accuracy=0.793, valid/num_kv_pairs/accuracy-4=0.666, valid/num_kv_pairs/accuracy-8=0.754, valid/num_kv_pairs/accuracy-16=0.929, valid/num_kv_pairs/accuracy-32=0.915, valid/num_kv_pairs/accuracy-64=0.7
valid/loss=0.815, valid/accuracy=0.859, valid/num_kv_pairs/accuracy-4=0.848, valid/num_kv_pairs/accuracy-8=0.889, valid/num_kv_pairs/accuracy-16=0.93, valid/num_kv_pairs/accuracy-32=0.918, valid/num_kv_pairs/accuracy-64=0.708
valid/loss=1.12, valid/accuracy=0.789, valid/num_kv_pairs/accuracy-4=0.651, valid/num_kv_pairs/accuracy-8=0.751, valid/num_kv_pairs/accuracy-16=0.927, valid/num_kv_pairs/accuracy-32=0.913, valid/num_kv_pairs/accuracy-64=0.703
valid/loss=0.593, valid/accuracy=0.887, valid/num_kv_pairs/accuracy-4=0.993, valid/num_kv_pairs/accuracy-8=0.993, valid/num_kv_pairs/accuracy-16=0.933, valid/num_kv_pairs/accuracy-32=0.894, valid/num_kv_pairs/accuracy-64=0.623
valid/loss=0.564, valid/accuracy=0.905, valid/num_kv_pairs/accuracy-4=0.994, valid/num_kv_pairs/accuracy-8=0.993, valid/num_kv_pairs/accuracy-16=0.927, valid/num_kv_pairs/accuracy-32=0.913, valid/num_kv_pairs/accuracy-64=0.7
valid/loss=0.937, valid/accuracy=0.834, valid/num_kv_pairs/accuracy-4=0.781, valid/num_kv_pairs/accuracy-8=0.83, valid/num_kv_pairs/accuracy-16=0.928, valid/num_kv_pairs/accuracy-32=0.915, valid/num_kv_pairs/accuracy-64=0.716
valid/loss=0.896, valid/accuracy=0.842, valid/num_kv_pairs/accuracy-4=0.793, valid/num_kv_pairs/accuracy-8=0.845, valid/num_kv_pairs/accuracy-16=0.93, valid/num_kv_pairs/accuracy-32=0.92, valid/num_kv_pairs/accuracy-64=0.722
valid/loss=0.668, valid/accuracy=0.891, valid/num_kv_pairs/accuracy-4=0.929, valid/num_kv_pairs/accuracy-8=0.947, valid/num_kv_pairs/accuracy-16=0.931, valid/num_kv_pairs/accuracy-32=0.922, valid/num_kv_pairs/accuracy-64=0.724
valid/loss=0.844, valid/accuracy=0.855, valid/num_kv_pairs/accuracy-4=0.826, valid/num_kv_pairs/accuracy-8=0.871, valid/num_kv_pairs/accuracy-16=0.93, valid/num_kv_pairs/accuracy-32=0.921, valid/num_kv_pairs/accuracy-64=0.727
valid/loss=0.76, valid/accuracy=0.876, valid/num_kv_pairs/accuracy-4=0.881, valid/num_kv_pairs/accuracy-8=0.919, valid/num_kv_pairs/accuracy-16=0.93, valid/num_kv_pairs/accuracy-32=0.925, valid/num_kv_pairs/accuracy-64=0.724
valid/loss=1, valid/accuracy=0.814, valid/num_kv_pairs/accuracy-4=0.692, valid/num_kv_pairs/accuracy-8=0.791, valid/num_kv_pairs/accuracy-16=0.931, valid/num_kv_pairs/accuracy-32=0.925, valid/num_kv_pairs/accuracy-64=0.73
valid/loss=0.557, valid/accuracy=0.909, valid/num_kv_pairs/accuracy-4=0.981, valid/num_kv_pairs/accuracy-8=0.989, valid/num_kv_pairs/accuracy-16=0.931, valid/num_kv_pairs/accuracy-32=0.921, valid/num_kv_pairs/accuracy-64=0.722
valid/loss=0.769, valid/accuracy=0.874, valid/num_kv_pairs/accuracy-4=0.875, valid/num_kv_pairs/accuracy-8=0.911, valid/num_kv_pairs/accuracy-16=0.93, valid/num_kv_pairs/accuracy-32=0.926, valid/num_kv_pairs/accuracy-64=0.731
valid/loss=0.654, valid/accuracy=0.898, valid/num_kv_pairs/accuracy-4=0.944, valid/num_kv_pairs/accuracy-8=0.957, valid/num_kv_pairs/accuracy-16=0.931, valid/num_kv_pairs/accuracy-32=0.927, valid/num_kv_pairs/accuracy-64=0.732
valid/loss=0.735, valid/accuracy=0.881, valid/num_kv_pairs/accuracy-4=0.895, valid/num_kv_pairs/accuracy-8=0.92, valid/num_kv_pairs/accuracy-16=0.932, valid/num_kv_pairs/accuracy-32=0.925, valid/num_kv_pairs/accuracy-64=0.73
valid/loss=0.715, valid/accuracy=0.886, valid/num_kv_pairs/accuracy-4=0.907, valid/num_kv_pairs/accuracy-8=0.928, valid/num_kv_pairs/accuracy-16=0.932, valid/num_kv_pairs/accuracy-32=0.927, valid/num_kv_pairs/accuracy-64=0.734
valid/loss=0.671, valid/accuracy=0.896, valid/num_kv_pairs/accuracy-4=0.934, valid/num_kv_pairs/accuracy-8=0.945, valid/num_kv_pairs/accuracy-16=0.934, valid/num_kv_pairs/accuracy-32=0.93, valid/num_kv_pairs/accuracy-64=0.739
valid/loss=0.684, valid/accuracy=0.892, valid/num_kv_pairs/accuracy-4=0.918, valid/num_kv_pairs/accuracy-8=0.932, valid/num_kv_pairs/accuracy-16=0.934, valid/num_kv_pairs/accuracy-32=0.931, valid/num_kv_pairs/accuracy-64=0.745
valid/loss=0.629, valid/accuracy=0.906, valid/num_kv_pairs/accuracy-4=0.953, valid/num_kv_pairs/accuracy-8=0.959, valid/num_kv_pairs/accuracy-16=0.934, valid/num_kv_pairs/accuracy-32=0.934, valid/num_kv_pairs/accuracy-64=0.752
valid/loss=0.583, valid/accuracy=0.915, valid/num_kv_pairs/accuracy-4=0.976, valid/num_kv_pairs/accuracy-8=0.978, valid/num_kv_pairs/accuracy-16=0.934, valid/num_kv_pairs/accuracy-32=0.934, valid/num_kv_pairs/accuracy-64=0.753
valid/loss=0.561, valid/accuracy=0.919, valid/num_kv_pairs/accuracy-4=0.983, valid/num_kv_pairs/accuracy-8=0.987, valid/num_kv_pairs/accuracy-16=0.934, valid/num_kv_pairs/accuracy-32=0.935, valid/num_kv_pairs/accuracy-64=0.757
valid/loss=0.542, valid/accuracy=0.922, valid/num_kv_pairs/accuracy-4=0.988, valid/num_kv_pairs/accuracy-8=0.992, valid/num_kv_pairs/accuracy-16=0.934, valid/num_kv_pairs/accuracy-32=0.936, valid/num_kv_pairs/accuracy-64=0.762
valid/loss=0.536, valid/accuracy=0.923, valid/num_kv_pairs/accuracy-4=0.99, valid/num_kv_pairs/accuracy-8=0.994, valid/num_kv_pairs/accuracy-16=0.935, valid/num_kv_pairs/accuracy-32=0.937, valid/num_kv_pairs/accuracy-64=0.762
valid/loss=0.529, valid/accuracy=0.924, valid/num_kv_pairs/accuracy-4=0.99, valid/num_kv_pairs/accuracy-8=0.995, valid/num_kv_pairs/accuracy-16=0.935, valid/num_kv_pairs/accuracy-32=0.938, valid/num_kv_pairs/accuracy-64=0.763
valid/loss=0.522, valid/accuracy=0.925, valid/num_kv_pairs/accuracy-4=0.992, valid/num_kv_pairs/accuracy-8=0.996, valid/num_kv_pairs/accuracy-16=0.935, valid/num_kv_pairs/accuracy-32=0.938, valid/num_kv_pairs/accuracy-64=0.764
valid/loss=0.512, valid/accuracy=0.925, valid/num_kv_pairs/accuracy-4=0.994, valid/num_kv_pairs/accuracy-8=0.997, valid/num_kv_pairs/accuracy-16=0.936, valid/num_kv_pairs/accuracy-32=0.938, valid/num_kv_pairs/accuracy-64=0.761
valid/loss=0.504, valid/accuracy=0.925, valid/num_kv_pairs/accuracy-4=0.994, valid/num_kv_pairs/accuracy-8=0.997, valid/num_kv_pairs/accuracy-16=0.936, valid/num_kv_pairs/accuracy-32=0.938, valid/num_kv_pairs/accuracy-64=0.76
