    early_stopping_metric='valid/accuracy',
    early_stopping_threshold=0.99,
    run_id='smat_d2_mr3_hd8_sig_m2blk_s2-dm16-lr1.0e-02'
valid/loss=1.81, valid/accuracy=0.7, valid/num_kv_pairs/accuracy-4=0.912, valid/num_kv_pairs/accuracy-8=0.867, valid/num_kv_pairs/accuracy-16=0.786, valid/num_kv_pairs/accuracy-32=0.591, valid/num_kv_pairs/accuracy-64=0.343
valid/loss=1.42, valid/accuracy=0.768, valid/num_kv_pairs/accuracy-4=0.942, valid/num_kv_pairs/accuracy-8=0.901, valid/num_kv_pairs/accuracy-16=0.839, valid/num_kv_pairs/accuracy-32=0.691, valid/num_kv_pairs/accuracy-64=0.465
valid/loss=1.53, valid/accuracy=0.767, valid/num_kv_pairs/accuracy-4=0.933, valid/num_kv_pairs/accuracy-8=0.899, valid/num_kv_pairs/accuracy-16=0.837, valid/num_kv_pairs/accuracy-32=0.693, valid/num_kv_pairs/accuracy-64=0.471
valid/loss=1.41, valid/accuracy=0.775, valid/num_kv_pairs/accuracy-4=0.94, valid/num_kv_pairs/accuracy-8=0.901, valid/num_kv_pairs/accuracy-16=0.847, valid/num_kv_pairs/accuracy-32=0.702, valid/num_kv_pairs/accuracy-64=0.487
valid/loss=1.37, valid/accuracy=0.775, valid/num_kv_pairs/accuracy-4=0.944, valid/num_kv_pairs/accuracy-8=0.896, valid/num_kv_pairs/accuracy-16=0.847, valid/num_kv_pairs/accuracy-32=0.703, valid/num_kv_pairs/accuracy-64=0.487
valid/loss=1.36, valid/accuracy=0.776, valid/num_kv_pairs/accuracy-4=0.944, valid/num_kv_pairs/accuracy-8=0.899, valid/num_kv_pairs/accuracy-16=0.845, valid/num_kv_pairs/accuracy-32=0.705, valid/num_kv_pairs/accuracy-64=0.486
valid/loss=1.52, valid/accuracy=0.769, valid/num_kv_pairs/accuracy-4=0.941, valid/num_kv_pairs/accuracy-8=0.894, valid/num_kv_pairs/accuracy-16=0.844, valid/num_kv_pairs/accuracy-32=0.696, valid/num_kv_pairs/accuracy-64=0.472
valid/loss=1.38, valid/accuracy=0.774, valid/num_kv_pairs/accuracy-4=0.942, valid/num_kv_pairs/accuracy-8=0.9, valid/num_kv_pairs/accuracy-16=0.845, valid/num_kv_pairs/accuracy-32=0.703, valid/num_kv_pairs/accuracy-64=0.482
valid/loss=1.53, valid/accuracy=0.768, valid/num_kv_pairs/accuracy-4=0.938, valid/num_kv_pairs/accuracy-8=0.899, valid/num_kv_pairs/accuracy-16=0.838, valid/num_kv_pairs/accuracy-32=0.695, valid/num_kv_pairs/accuracy-64=0.472
valid/loss=1.35, valid/accuracy=0.773, valid/num_kv_pairs/accuracy-4=0.942, valid/num_kv_pairs/accuracy-8=0.901, valid/num_kv_pairs/accuracy-16=0.842, valid/num_kv_pairs/accuracy-32=0.699, valid/num_kv_pairs/accuracy-64=0.48
valid/loss=1.37, valid/accuracy=0.772, valid/num_kv_pairs/accuracy-4=0.939, valid/num_kv_pairs/accuracy-8=0.899, valid/num_kv_pairs/accuracy-16=0.842, valid/num_kv_pairs/accuracy-32=0.699, valid/num_kv_pairs/accuracy-64=0.48
valid/loss=1.34, valid/accuracy=0.773, valid/num_kv_pairs/accuracy-4=0.942, valid/num_kv_pairs/accuracy-8=0.899, valid/num_kv_pairs/accuracy-16=0.843, valid/num_kv_pairs/accuracy-32=0.701, valid/num_kv_pairs/accuracy-64=0.481
valid/loss=1.48, valid/accuracy=0.769, valid/num_kv_pairs/accuracy-4=0.936, valid/num_kv_pairs/accuracy-8=0.897, valid/num_kv_pairs/accuracy-16=0.839, valid/num_kv_pairs/accuracy-32=0.696, valid/num_kv_pairs/accuracy-64=0.477
valid/loss=1.34, valid/accuracy=0.772, valid/num_kv_pairs/accuracy-4=0.941, valid/num_kv_pairs/accuracy-8=0.899, valid/num_kv_pairs/accuracy-16=0.841, valid/num_kv_pairs/accuracy-32=0.698, valid/num_kv_pairs/accuracy-64=0.479
valid/loss=1.32, valid/accuracy=0.774, valid/num_kv_pairs/accuracy-4=0.941, valid/num_kv_pairs/accuracy-8=0.9, valid/num_kv_pairs/accuracy-16=0.844, valid/num_kv_pairs/accuracy-32=0.701, valid/num_kv_pairs/accuracy-64=0.482
srun: Job step aborted: Waiting up to 32 seconds for job step to finish.
[2026-09-08T23:50:52.954] error: *** STEP 3116675.11 ON gh034 CANCELLED AT 2026-09-08T23:50:52 DUE to SIGNAL Terminated ***
srun: error: gh034: task 0: Terminated
