PyTorch 2.11.0 for DeltaAI (CUDA 13.0, Python 3.12)
Includes: transformers, accelerate, datasets, peft, lightning,
          timm, bitsandbytes, diffusers, mpi4py, tensorboard,
          wandb, jupyter, scipy, scikit-learn, opencv, nvitop
New in this build (sm_90 source builds):
  flash-attn, transformer_engine, xformers, apex, mamba-ssm,
  triton, torch-geometric, cupy-cuda13x, tensorrt, flashinfer
Known: transformer_engine and cupy currently fail at import due to
  a cu13 libcublasLt / cython ABI mismatch on this stack — use the
  other attention paths (flash-attn, xformers) and stock torch CUDA
  until an upstream fix lands.

For documentation and examples:
  https://docs.ncsa.illinois.edu/systems/deltaai/

Run setup-kernel prior to launching OOD job.

Quick start (on a compute node):
  module load python/miniforge3_pytorch/2.11.0
  conda activate base
  python -c "import torch; print(torch.cuda.is_available())"

CUDA extensions: CUDA_HOME, nvcc, and CMAKE_PREFIX_PATH come from the
auto-loaded cuda/13.1.1 module.

A conda environment has been detected
CONDA_PREFIX=/sw/user/python/miniforge3-pytorch-2.5.0 
Consider running 'conda deactivate' before loading this module.
CUDA Toolkit 13.1.1 loaded
Includes GPUDirect Storage (GDS) libraries
Requires NVIDIA driver 590+
Using gcc-native/14 (default in Cray PE 25.09)
host: gh034.hsn.cm.delta.internal.ncsa.edu   started: Tue Sep  8 04:26:26 PM CDT 2026
name, memory.total [MiB], driver_version
NVIDIA GH200 120GB, 97871 MiB, 595.71.05
torch 2.11.0+cu130 cuda True
triton 3.5.1

==== mamba2 ====
    early_stopping_metric='valid/accuracy',
    early_stopping_threshold=0.99,
    run_id='mamba2-dm16-lr1.0e-03'
valid/loss=8.13, valid/accuracy=0.00382, valid/num_kv_pairs/accuracy-4=0.0123, valid/num_kv_pairs/accuracy-8=0.00275, valid/num_kv_pairs/accuracy-16=0.00181, valid/num_kv_pairs/accuracy-32=0.00144, valid/num_kv_pairs/accuracy-64=0.000859
valid/loss=7.86, valid/accuracy=0.00557, valid/num_kv_pairs/accuracy-4=0.0175, valid/num_kv_pairs/accuracy-8=0.00513, valid/num_kv_pairs/accuracy-16=0.00244, valid/num_kv_pairs/accuracy-32=0.00184, valid/num_kv_pairs/accuracy-64=0.000922
valid/loss=7.94, valid/accuracy=0.0062, valid/num_kv_pairs/accuracy-4=0.0192, valid/num_kv_pairs/accuracy-8=0.00588, valid/num_kv_pairs/accuracy-16=0.00294, valid/num_kv_pairs/accuracy-32=0.00178, valid/num_kv_pairs/accuracy-64=0.00116
valid/loss=3.83, valid/accuracy=0.519, valid/num_kv_pairs/accuracy-4=0.823, valid/num_kv_pairs/accuracy-8=0.756, valid/num_kv_pairs/accuracy-16=0.568, valid/num_kv_pairs/accuracy-32=0.332, valid/num_kv_pairs/accuracy-64=0.115
valid/loss=2.59, valid/accuracy=0.616, valid/num_kv_pairs/accuracy-4=0.903, valid/num_kv_pairs/accuracy-8=0.824, valid/num_kv_pairs/accuracy-16=0.677, valid/num_kv_pairs/accuracy-32=0.46, valid/num_kv_pairs/accuracy-64=0.214
valid/loss=2.15, valid/accuracy=0.659, valid/num_kv_pairs/accuracy-4=0.925, valid/num_kv_pairs/accuracy-8=0.853, valid/num_kv_pairs/accuracy-16=0.725, valid/num_kv_pairs/accuracy-32=0.525, valid/num_kv_pairs/accuracy-64=0.267
valid/loss=1.92, valid/accuracy=0.686, valid/num_kv_pairs/accuracy-4=0.937, valid/num_kv_pairs/accuracy-8=0.869, valid/num_kv_pairs/accuracy-16=0.755, valid/num_kv_pairs/accuracy-32=0.566, valid/num_kv_pairs/accuracy-64=0.302
valid/loss=1.72, valid/accuracy=0.714, valid/num_kv_pairs/accuracy-4=0.949, valid/num_kv_pairs/accuracy-8=0.887, valid/num_kv_pairs/accuracy-16=0.79, valid/num_kv_pairs/accuracy-32=0.604, valid/num_kv_pairs/accuracy-64=0.341
valid/loss=1.6, valid/accuracy=0.727, valid/num_kv_pairs/accuracy-4=0.949, valid/num_kv_pairs/accuracy-8=0.895, valid/num_kv_pairs/accuracy-16=0.801, valid/num_kv_pairs/accuracy-32=0.629, valid/num_kv_pairs/accuracy-64=0.363
valid/loss=1.4, valid/accuracy=0.755, valid/num_kv_pairs/accuracy-4=0.955, valid/num_kv_pairs/accuracy-8=0.914, valid/num_kv_pairs/accuracy-16=0.832, valid/num_kv_pairs/accuracy-32=0.672, valid/num_kv_pairs/accuracy-64=0.404
valid/loss=1.26, valid/accuracy=0.773, valid/num_kv_pairs/accuracy-4=0.963, valid/num_kv_pairs/accuracy-8=0.928, valid/num_kv_pairs/accuracy-16=0.851, valid/num_kv_pairs/accuracy-32=0.702, valid/num_kv_pairs/accuracy-64=0.421
valid/loss=1.19, valid/accuracy=0.784, valid/num_kv_pairs/accuracy-4=0.97, valid/num_kv_pairs/accuracy-8=0.942, valid/num_kv_pairs/accuracy-16=0.868, valid/num_kv_pairs/accuracy-32=0.718, valid/num_kv_pairs/accuracy-64=0.424
valid/loss=1.11, valid/accuracy=0.795, valid/num_kv_pairs/accuracy-4=0.977, valid/num_kv_pairs/accuracy-8=0.948, valid/num_kv_pairs/accuracy-16=0.884, valid/num_kv_pairs/accuracy-32=0.735, valid/num_kv_pairs/accuracy-64=0.43
valid/loss=1.05, valid/accuracy=0.803, valid/num_kv_pairs/accuracy-4=0.979, valid/num_kv_pairs/accuracy-8=0.959, valid/num_kv_pairs/accuracy-16=0.896, valid/num_kv_pairs/accuracy-32=0.746, valid/num_kv_pairs/accuracy-64=0.438
valid/loss=1.01, valid/accuracy=0.809, valid/num_kv_pairs/accuracy-4=0.979, valid/num_kv_pairs/accuracy-8=0.965, valid/num_kv_pairs/accuracy-16=0.908, valid/num_kv_pairs/accuracy-32=0.755, valid/num_kv_pairs/accuracy-64=0.44
valid/loss=0.98, valid/accuracy=0.812, valid/num_kv_pairs/accuracy-4=0.978, valid/num_kv_pairs/accuracy-8=0.967, valid/num_kv_pairs/accuracy-16=0.916, valid/num_kv_pairs/accuracy-32=0.76, valid/num_kv_pairs/accuracy-64=0.441
valid/loss=0.963, valid/accuracy=0.815, valid/num_kv_pairs/accuracy-4=0.98, valid/num_kv_pairs/accuracy-8=0.968, valid/num_kv_pairs/accuracy-16=0.92, valid/num_kv_pairs/accuracy-32=0.765, valid/num_kv_pairs/accuracy-64=0.441
valid/loss=0.948, valid/accuracy=0.816, valid/num_kv_pairs/accuracy-4=0.98, valid/num_kv_pairs/accuracy-8=0.97, valid/num_kv_pairs/accuracy-16=0.924, valid/num_kv_pairs/accuracy-32=0.767, valid/num_kv_pairs/accuracy-64=0.44
valid/loss=0.925, valid/accuracy=0.819, valid/num_kv_pairs/accuracy-4=0.982, valid/num_kv_pairs/accuracy-8=0.973, valid/num_kv_pairs/accuracy-16=0.927, valid/num_kv_pairs/accuracy-32=0.774, valid/num_kv_pairs/accuracy-64=0.439
valid/loss=0.905, valid/accuracy=0.822, valid/num_kv_pairs/accuracy-4=0.985, valid/num_kv_pairs/accuracy-8=0.975, valid/num_kv_pairs/accuracy-16=0.93, valid/num_kv_pairs/accuracy-32=0.779, valid/num_kv_pairs/accuracy-64=0.44
valid/loss=0.888, valid/accuracy=0.824, valid/num_kv_pairs/accuracy-4=0.987, valid/num_kv_pairs/accuracy-8=0.975, valid/num_kv_pairs/accuracy-16=0.932, valid/num_kv_pairs/accuracy-32=0.782, valid/num_kv_pairs/accuracy-64=0.442
valid/loss=0.874, valid/accuracy=0.826, valid/num_kv_pairs/accuracy-4=0.989, valid/num_kv_pairs/accuracy-8=0.977, valid/num_kv_pairs/accuracy-16=0.934, valid/num_kv_pairs/accuracy-32=0.785, valid/num_kv_pairs/accuracy-64=0.443
valid/loss=0.863, valid/accuracy=0.827, valid/num_kv_pairs/accuracy-4=0.99, valid/num_kv_pairs/accuracy-8=0.979, valid/num_kv_pairs/accuracy-16=0.935, valid/num_kv_pairs/accuracy-32=0.788, valid/num_kv_pairs/accuracy-64=0.445
valid/loss=0.854, valid/accuracy=0.829, valid/num_kv_pairs/accuracy-4=0.991, valid/num_kv_pairs/accuracy-8=0.979, valid/num_kv_pairs/accuracy-16=0.937, valid/num_kv_pairs/accuracy-32=0.79, valid/num_kv_pairs/accuracy-64=0.446
valid/loss=0.848, valid/accuracy=0.829, valid/num_kv_pairs/accuracy-4=0.992, valid/num_kv_pairs/accuracy-8=0.98, valid/num_kv_pairs/accuracy-16=0.939, valid/num_kv_pairs/accuracy-32=0.791, valid/num_kv_pairs/accuracy-64=0.445
valid/loss=0.845, valid/accuracy=0.83, valid/num_kv_pairs/accuracy-4=0.992, valid/num_kv_pairs/accuracy-8=0.981, valid/num_kv_pairs/accuracy-16=0.94, valid/num_kv_pairs/accuracy-32=0.792, valid/num_kv_pairs/accuracy-64=0.445
valid/loss=0.84, valid/accuracy=0.83, valid/num_kv_pairs/accuracy-4=0.992, valid/num_kv_pairs/accuracy-8=0.982, valid/num_kv_pairs/accuracy-16=0.941, valid/num_kv_pairs/accuracy-32=0.794, valid/num_kv_pairs/accuracy-64=0.444
valid/loss=0.836, valid/accuracy=0.831, valid/num_kv_pairs/accuracy-4=0.992, valid/num_kv_pairs/accuracy-8=0.982, valid/num_kv_pairs/accuracy-16=0.942, valid/num_kv_pairs/accuracy-32=0.794, valid/num_kv_pairs/accuracy-64=0.444
valid/loss=0.833, valid/accuracy=0.831, valid/num_kv_pairs/accuracy-4=0.993, valid/num_kv_pairs/accuracy-8=0.983, valid/num_kv_pairs/accuracy-16=0.943, valid/num_kv_pairs/accuracy-32=0.795, valid/num_kv_pairs/accuracy-64=0.443
valid/loss=0.83, valid/accuracy=0.832, valid/num_kv_pairs/accuracy-4=0.993, valid/num_kv_pairs/accuracy-8=0.983, valid/num_kv_pairs/accuracy-16=0.944, valid/num_kv_pairs/accuracy-32=0.795, valid/num_kv_pairs/accuracy-64=0.443
valid/loss=0.829, valid/accuracy=0.832, valid/num_kv_pairs/accuracy-4=0.993, valid/num_kv_pairs/accuracy-8=0.983, valid/num_kv_pairs/accuracy-16=0.945, valid/num_kv_pairs/accuracy-32=0.796, valid/num_kv_pairs/accuracy-64=0.443
valid/loss=0.828, valid/accuracy=0.832, valid/num_kv_pairs/accuracy-4=0.993, valid/num_kv_pairs/accuracy-8=0.984, valid/num_kv_pairs/accuracy-16=0.945, valid/num_kv_pairs/accuracy-32=0.796, valid/num_kv_pairs/accuracy-64=0.443
    run_id='mamba2-dm16-lr3.2e-03'
valid/loss=7.85, valid/accuracy=0.00561, valid/num_kv_pairs/accuracy-4=0.0163, valid/num_kv_pairs/accuracy-8=0.00637, valid/num_kv_pairs/accuracy-16=0.00313, valid/num_kv_pairs/accuracy-32=0.00147, valid/num_kv_pairs/accuracy-64=0.000812
valid/loss=2.51, valid/accuracy=0.626, valid/num_kv_pairs/accuracy-4=0.894, valid/num_kv_pairs/accuracy-8=0.833, valid/num_kv_pairs/accuracy-16=0.689, valid/num_kv_pairs/accuracy-32=0.474, valid/num_kv_pairs/accuracy-64=0.241
valid/loss=1.56, valid/accuracy=0.738, valid/num_kv_pairs/accuracy-4=0.954, valid/num_kv_pairs/accuracy-8=0.91, valid/num_kv_pairs/accuracy-16=0.814, valid/num_kv_pairs/accuracy-32=0.638, valid/num_kv_pairs/accuracy-64=0.376
valid/loss=1.18, valid/accuracy=0.792, valid/num_kv_pairs/accuracy-4=0.975, valid/num_kv_pairs/accuracy-8=0.943, valid/num_kv_pairs/accuracy-16=0.869, valid/num_kv_pairs/accuracy-32=0.719, valid/num_kv_pairs/accuracy-64=0.453
valid/loss=0.989, valid/accuracy=0.819, valid/num_kv_pairs/accuracy-4=0.983, valid/num_kv_pairs/accuracy-8=0.956, valid/num_kv_pairs/accuracy-16=0.898, valid/num_kv_pairs/accuracy-32=0.762, valid/num_kv_pairs/accuracy-64=0.498
valid/loss=0.888, valid/accuracy=0.834, valid/num_kv_pairs/accuracy-4=0.983, valid/num_kv_pairs/accuracy-8=0.962, valid/num_kv_pairs/accuracy-16=0.913, valid/num_kv_pairs/accuracy-32=0.787, valid/num_kv_pairs/accuracy-64=0.525
valid/loss=0.841, valid/accuracy=0.84, valid/num_kv_pairs/accuracy-4=0.983, valid/num_kv_pairs/accuracy-8=0.965, valid/num_kv_pairs/accuracy-16=0.921, valid/num_kv_pairs/accuracy-32=0.797, valid/num_kv_pairs/accuracy-64=0.535
valid/loss=0.84, valid/accuracy=0.841, valid/num_kv_pairs/accuracy-4=0.986, valid/num_kv_pairs/accuracy-8=0.964, valid/num_kv_pairs/accuracy-16=0.92, valid/num_kv_pairs/accuracy-32=0.799, valid/num_kv_pairs/accuracy-64=0.539
valid/loss=0.789, valid/accuracy=0.848, valid/num_kv_pairs/accuracy-4=0.989, valid/num_kv_pairs/accuracy-8=0.967, valid/num_kv_pairs/accuracy-16=0.932, valid/num_kv_pairs/accuracy-32=0.811, valid/num_kv_pairs/accuracy-64=0.542
valid/loss=0.776, valid/accuracy=0.849, valid/num_kv_pairs/accuracy-4=0.987, valid/num_kv_pairs/accuracy-8=0.967, valid/num_kv_pairs/accuracy-16=0.93, valid/num_kv_pairs/accuracy-32=0.815, valid/num_kv_pairs/accuracy-64=0.548
valid/loss=0.767, valid/accuracy=0.85, valid/num_kv_pairs/accuracy-4=0.987, valid/num_kv_pairs/accuracy-8=0.967, valid/num_kv_pairs/accuracy-16=0.932, valid/num_kv_pairs/accuracy-32=0.816, valid/num_kv_pairs/accuracy-64=0.55
valid/loss=0.777, valid/accuracy=0.849, valid/num_kv_pairs/accuracy-4=0.985, valid/num_kv_pairs/accuracy-8=0.964, valid/num_kv_pairs/accuracy-16=0.928, valid/num_kv_pairs/accuracy-32=0.815, valid/num_kv_pairs/accuracy-64=0.553
valid/loss=0.762, valid/accuracy=0.851, valid/num_kv_pairs/accuracy-4=0.99, valid/num_kv_pairs/accuracy-8=0.968, valid/num_kv_pairs/accuracy-16=0.934, valid/num_kv_pairs/accuracy-32=0.817, valid/num_kv_pairs/accuracy-64=0.544
valid/loss=0.761, valid/accuracy=0.851, valid/num_kv_pairs/accuracy-4=0.99, valid/num_kv_pairs/accuracy-8=0.969, valid/num_kv_pairs/accuracy-16=0.932, valid/num_kv_pairs/accuracy-32=0.818, valid/num_kv_pairs/accuracy-64=0.545
/var/spool/slurmd/job3114752/slurm_script: line 20: 906618 Terminated              ZOO_MODELS=mamba2 python -m zoology.launch zoo_reference_configs.py 2>&1
     906619 Done                    | eval "$F"
==== smat d=3,1 ====
    early_stopping_metric='valid/accuracy',
    early_stopping_threshold=0.99,
    run_id='smat_d3-dm16-lr1.0e-03'
Traceback (most recent call last):
AssertionError: varlen conv1d requires the causal_conv1d package
done: Tue Sep  8 04:56:06 PM CDT 2026
