    early_stopping_metric='valid/accuracy',
    early_stopping_threshold=0.99,
    run_id='smatgdn_d2_hd16_sig_cread_m2blk-dm64-lr1.0e-02'
valid/loss=6.47, valid/accuracy=0.0987, valid/num_kv_pairs/accuracy-4=0.22, valid/num_kv_pairs/accuracy-8=0.149, valid/num_kv_pairs/accuracy-16=0.0839, valid/num_kv_pairs/accuracy-32=0.0317, valid/num_kv_pairs/accuracy-64=0.00911
valid/loss=0.287, valid/accuracy=0.941, valid/num_kv_pairs/accuracy-4=0.998, valid/num_kv_pairs/accuracy-8=0.995, valid/num_kv_pairs/accuracy-16=0.993, valid/num_kv_pairs/accuracy-32=0.964, valid/num_kv_pairs/accuracy-64=0.757
valid/loss=0.182, valid/accuracy=0.961, valid/num_kv_pairs/accuracy-4=0.999, valid/num_kv_pairs/accuracy-8=0.998, valid/num_kv_pairs/accuracy-16=0.996, valid/num_kv_pairs/accuracy-32=0.983, valid/num_kv_pairs/accuracy-64=0.827
valid/loss=0.153, valid/accuracy=0.966, valid/num_kv_pairs/accuracy-4=0.999, valid/num_kv_pairs/accuracy-8=0.998, valid/num_kv_pairs/accuracy-16=0.999, valid/num_kv_pairs/accuracy-32=0.988, valid/num_kv_pairs/accuracy-64=0.847
valid/loss=0.146, valid/accuracy=0.967, valid/num_kv_pairs/accuracy-4=1, valid/num_kv_pairs/accuracy-8=0.998, valid/num_kv_pairs/accuracy-16=0.999, valid/num_kv_pairs/accuracy-32=0.985, valid/num_kv_pairs/accuracy-64=0.856
valid/loss=0.14, valid/accuracy=0.969, valid/num_kv_pairs/accuracy-4=0.999, valid/num_kv_pairs/accuracy-8=0.999, valid/num_kv_pairs/accuracy-16=0.998, valid/num_kv_pairs/accuracy-32=0.988, valid/num_kv_pairs/accuracy-64=0.862
valid/loss=0.134, valid/accuracy=0.969, valid/num_kv_pairs/accuracy-4=0.999, valid/num_kv_pairs/accuracy-8=0.998, valid/num_kv_pairs/accuracy-16=0.998, valid/num_kv_pairs/accuracy-32=0.986, valid/num_kv_pairs/accuracy-64=0.866
valid/loss=0.133, valid/accuracy=0.97, valid/num_kv_pairs/accuracy-4=0.999, valid/num_kv_pairs/accuracy-8=0.998, valid/num_kv_pairs/accuracy-16=0.999, valid/num_kv_pairs/accuracy-32=0.986, valid/num_kv_pairs/accuracy-64=0.869
valid/loss=0.131, valid/accuracy=0.97, valid/num_kv_pairs/accuracy-4=0.999, valid/num_kv_pairs/accuracy-8=0.998, valid/num_kv_pairs/accuracy-16=0.998, valid/num_kv_pairs/accuracy-32=0.984, valid/num_kv_pairs/accuracy-64=0.87
valid/loss=0.129, valid/accuracy=0.971, valid/num_kv_pairs/accuracy-4=1, valid/num_kv_pairs/accuracy-8=0.998, valid/num_kv_pairs/accuracy-16=0.997, valid/num_kv_pairs/accuracy-32=0.987, valid/num_kv_pairs/accuracy-64=0.872
valid/loss=0.124, valid/accuracy=0.971, valid/num_kv_pairs/accuracy-4=0.999, valid/num_kv_pairs/accuracy-8=0.999, valid/num_kv_pairs/accuracy-16=0.999, valid/num_kv_pairs/accuracy-32=0.987, valid/num_kv_pairs/accuracy-64=0.875
valid/loss=0.124, valid/accuracy=0.972, valid/num_kv_pairs/accuracy-4=1, valid/num_kv_pairs/accuracy-8=0.998, valid/num_kv_pairs/accuracy-16=0.998, valid/num_kv_pairs/accuracy-32=0.987, valid/num_kv_pairs/accuracy-64=0.878
valid/loss=0.126, valid/accuracy=0.971, valid/num_kv_pairs/accuracy-4=1, valid/num_kv_pairs/accuracy-8=0.999, valid/num_kv_pairs/accuracy-16=0.998, valid/num_kv_pairs/accuracy-32=0.986, valid/num_kv_pairs/accuracy-64=0.874
valid/loss=0.12, valid/accuracy=0.972, valid/num_kv_pairs/accuracy-4=0.999, valid/num_kv_pairs/accuracy-8=0.999, valid/num_kv_pairs/accuracy-16=0.999, valid/num_kv_pairs/accuracy-32=0.986, valid/num_kv_pairs/accuracy-64=0.879
valid/loss=0.117, valid/accuracy=0.973, valid/num_kv_pairs/accuracy-4=1, valid/num_kv_pairs/accuracy-8=0.999, valid/num_kv_pairs/accuracy-16=0.999, valid/num_kv_pairs/accuracy-32=0.987, valid/num_kv_pairs/accuracy-64=0.883
valid/loss=0.117, valid/accuracy=0.974, valid/num_kv_pairs/accuracy-4=0.999, valid/num_kv_pairs/accuracy-8=0.999, valid/num_kv_pairs/accuracy-16=0.999, valid/num_kv_pairs/accuracy-32=0.988, valid/num_kv_pairs/accuracy-64=0.882
valid/loss=0.115, valid/accuracy=0.974, valid/num_kv_pairs/accuracy-4=1, valid/num_kv_pairs/accuracy-8=0.999, valid/num_kv_pairs/accuracy-16=0.998, valid/num_kv_pairs/accuracy-32=0.989, valid/num_kv_pairs/accuracy-64=0.882
valid/loss=0.112, valid/accuracy=0.975, valid/num_kv_pairs/accuracy-4=0.998, valid/num_kv_pairs/accuracy-8=0.999, valid/num_kv_pairs/accuracy-16=0.999, valid/num_kv_pairs/accuracy-32=0.989, valid/num_kv_pairs/accuracy-64=0.888
valid/loss=0.118, valid/accuracy=0.973, valid/num_kv_pairs/accuracy-4=0.998, valid/num_kv_pairs/accuracy-8=0.994, valid/num_kv_pairs/accuracy-16=0.993, valid/num_kv_pairs/accuracy-32=0.99, valid/num_kv_pairs/accuracy-64=0.889
valid/loss=0.126, valid/accuracy=0.971, valid/num_kv_pairs/accuracy-4=0.995, valid/num_kv_pairs/accuracy-8=0.989, valid/num_kv_pairs/accuracy-16=0.992, valid/num_kv_pairs/accuracy-32=0.989, valid/num_kv_pairs/accuracy-64=0.89
valid/loss=0.116, valid/accuracy=0.974, valid/num_kv_pairs/accuracy-4=0.998, valid/num_kv_pairs/accuracy-8=0.992, valid/num_kv_pairs/accuracy-16=0.993, valid/num_kv_pairs/accuracy-32=0.989, valid/num_kv_pairs/accuracy-64=0.896
valid/loss=0.114, valid/accuracy=0.973, valid/num_kv_pairs/accuracy-4=0.995, valid/num_kv_pairs/accuracy-8=0.993, valid/num_kv_pairs/accuracy-16=0.994, valid/num_kv_pairs/accuracy-32=0.99, valid/num_kv_pairs/accuracy-64=0.895
valid/loss=0.126, valid/accuracy=0.971, valid/num_kv_pairs/accuracy-4=0.991, valid/num_kv_pairs/accuracy-8=0.984, valid/num_kv_pairs/accuracy-16=0.994, valid/num_kv_pairs/accuracy-32=0.991, valid/num_kv_pairs/accuracy-64=0.897
valid/loss=0.121, valid/accuracy=0.972, valid/num_kv_pairs/accuracy-4=0.994, valid/num_kv_pairs/accuracy-8=0.984, valid/num_kv_pairs/accuracy-16=0.993, valid/num_kv_pairs/accuracy-32=0.992, valid/num_kv_pairs/accuracy-64=0.899
valid/loss=0.108, valid/accuracy=0.975, valid/num_kv_pairs/accuracy-4=0.996, valid/num_kv_pairs/accuracy-8=0.99, valid/num_kv_pairs/accuracy-16=0.995, valid/num_kv_pairs/accuracy-32=0.992, valid/num_kv_pairs/accuracy-64=0.902
valid/loss=0.103, valid/accuracy=0.976, valid/num_kv_pairs/accuracy-4=0.997, valid/num_kv_pairs/accuracy-8=0.992, valid/num_kv_pairs/accuracy-16=0.995, valid/num_kv_pairs/accuracy-32=0.992, valid/num_kv_pairs/accuracy-64=0.903
valid/loss=0.104, valid/accuracy=0.976, valid/num_kv_pairs/accuracy-4=0.998, valid/num_kv_pairs/accuracy-8=0.989, valid/num_kv_pairs/accuracy-16=0.994, valid/num_kv_pairs/accuracy-32=0.992, valid/num_kv_pairs/accuracy-64=0.905
valid/loss=0.094, valid/accuracy=0.978, valid/num_kv_pairs/accuracy-4=1, valid/num_kv_pairs/accuracy-8=0.998, valid/num_kv_pairs/accuracy-16=0.994, valid/num_kv_pairs/accuracy-32=0.992, valid/num_kv_pairs/accuracy-64=0.906
valid/loss=0.0919, valid/accuracy=0.979, valid/num_kv_pairs/accuracy-4=1, valid/num_kv_pairs/accuracy-8=1, valid/num_kv_pairs/accuracy-16=0.993, valid/num_kv_pairs/accuracy-32=0.992, valid/num_kv_pairs/accuracy-64=0.908
valid/loss=0.091, valid/accuracy=0.979, valid/num_kv_pairs/accuracy-4=1, valid/num_kv_pairs/accuracy-8=1, valid/num_kv_pairs/accuracy-16=0.994, valid/num_kv_pairs/accuracy-32=0.993, valid/num_kv_pairs/accuracy-64=0.907
valid/loss=0.091, valid/accuracy=0.979, valid/num_kv_pairs/accuracy-4=1, valid/num_kv_pairs/accuracy-8=1, valid/num_kv_pairs/accuracy-16=0.996, valid/num_kv_pairs/accuracy-32=0.993, valid/num_kv_pairs/accuracy-64=0.906
valid/loss=0.0911, valid/accuracy=0.979, valid/num_kv_pairs/accuracy-4=1, valid/num_kv_pairs/accuracy-8=1, valid/num_kv_pairs/accuracy-16=0.996, valid/num_kv_pairs/accuracy-32=0.993, valid/num_kv_pairs/accuracy-64=0.905
