    early_stopping_metric='valid/accuracy',
    early_stopping_threshold=0.99,
    run_id='smat_d1_mr3_hd16_ds16_sig_delta_cread_m2blk_s3-dm64-lr1.0e-02'
valid/loss=2.39, valid/accuracy=0.58, valid/num_kv_pairs/accuracy-4=0.877, valid/num_kv_pairs/accuracy-8=0.817, valid/num_kv_pairs/accuracy-16=0.66, valid/num_kv_pairs/accuracy-32=0.402, valid/num_kv_pairs/accuracy-64=0.146
valid/loss=1.64, valid/accuracy=0.687, valid/num_kv_pairs/accuracy-4=0.907, valid/num_kv_pairs/accuracy-8=0.882, valid/num_kv_pairs/accuracy-16=0.8, valid/num_kv_pairs/accuracy-32=0.589, valid/num_kv_pairs/accuracy-64=0.258
valid/loss=1.28, valid/accuracy=0.743, valid/num_kv_pairs/accuracy-4=0.889, valid/num_kv_pairs/accuracy-8=0.904, valid/num_kv_pairs/accuracy-16=0.862, valid/num_kv_pairs/accuracy-32=0.702, valid/num_kv_pairs/accuracy-64=0.359
valid/loss=1.01, valid/accuracy=0.793, valid/num_kv_pairs/accuracy-4=0.989, valid/num_kv_pairs/accuracy-8=0.973, valid/num_kv_pairs/accuracy-16=0.929, valid/num_kv_pairs/accuracy-32=0.729, valid/num_kv_pairs/accuracy-64=0.346
valid/loss=1.11, valid/accuracy=0.775, valid/num_kv_pairs/accuracy-4=0.956, valid/num_kv_pairs/accuracy-8=0.947, valid/num_kv_pairs/accuracy-16=0.903, valid/num_kv_pairs/accuracy-32=0.718, valid/num_kv_pairs/accuracy-64=0.349
valid/loss=1.05, valid/accuracy=0.786, valid/num_kv_pairs/accuracy-4=0.964, valid/num_kv_pairs/accuracy-8=0.952, valid/num_kv_pairs/accuracy-16=0.913, valid/num_kv_pairs/accuracy-32=0.733, valid/num_kv_pairs/accuracy-64=0.367
valid/loss=1, valid/accuracy=0.8, valid/num_kv_pairs/accuracy-4=0.96, valid/num_kv_pairs/accuracy-8=0.954, valid/num_kv_pairs/accuracy-16=0.934, valid/num_kv_pairs/accuracy-32=0.765, valid/num_kv_pairs/accuracy-64=0.385
valid/loss=0.97, valid/accuracy=0.804, valid/num_kv_pairs/accuracy-4=0.98, valid/num_kv_pairs/accuracy-8=0.967, valid/num_kv_pairs/accuracy-16=0.926, valid/num_kv_pairs/accuracy-32=0.761, valid/num_kv_pairs/accuracy-64=0.385
valid/loss=0.979, valid/accuracy=0.803, valid/num_kv_pairs/accuracy-4=0.978, valid/num_kv_pairs/accuracy-8=0.965, valid/num_kv_pairs/accuracy-16=0.927, valid/num_kv_pairs/accuracy-32=0.761, valid/num_kv_pairs/accuracy-64=0.383
valid/loss=0.983, valid/accuracy=0.802, valid/num_kv_pairs/accuracy-4=0.954, valid/num_kv_pairs/accuracy-8=0.953, valid/num_kv_pairs/accuracy-16=0.931, valid/num_kv_pairs/accuracy-32=0.775, valid/num_kv_pairs/accuracy-64=0.398
valid/loss=0.969, valid/accuracy=0.804, valid/num_kv_pairs/accuracy-4=0.958, valid/num_kv_pairs/accuracy-8=0.958, valid/num_kv_pairs/accuracy-16=0.931, valid/num_kv_pairs/accuracy-32=0.775, valid/num_kv_pairs/accuracy-64=0.398
valid/loss=0.934, valid/accuracy=0.809, valid/num_kv_pairs/accuracy-4=0.974, valid/num_kv_pairs/accuracy-8=0.965, valid/num_kv_pairs/accuracy-16=0.929, valid/num_kv_pairs/accuracy-32=0.777, valid/num_kv_pairs/accuracy-64=0.399
valid/loss=0.93, valid/accuracy=0.811, valid/num_kv_pairs/accuracy-4=0.968, valid/num_kv_pairs/accuracy-8=0.961, valid/num_kv_pairs/accuracy-16=0.934, valid/num_kv_pairs/accuracy-32=0.781, valid/num_kv_pairs/accuracy-64=0.408
valid/loss=0.886, valid/accuracy=0.818, valid/num_kv_pairs/accuracy-4=0.973, valid/num_kv_pairs/accuracy-8=0.968, valid/num_kv_pairs/accuracy-16=0.938, valid/num_kv_pairs/accuracy-32=0.793, valid/num_kv_pairs/accuracy-64=0.418
valid/loss=0.852, valid/accuracy=0.823, valid/num_kv_pairs/accuracy-4=0.967, valid/num_kv_pairs/accuracy-8=0.966, valid/num_kv_pairs/accuracy-16=0.948, valid/num_kv_pairs/accuracy-32=0.801, valid/num_kv_pairs/accuracy-64=0.433
valid/loss=0.825, valid/accuracy=0.828, valid/num_kv_pairs/accuracy-4=0.98, valid/num_kv_pairs/accuracy-8=0.976, valid/num_kv_pairs/accuracy-16=0.951, valid/num_kv_pairs/accuracy-32=0.803, valid/num_kv_pairs/accuracy-64=0.433
valid/loss=0.831, valid/accuracy=0.828, valid/num_kv_pairs/accuracy-4=0.974, valid/num_kv_pairs/accuracy-8=0.97, valid/num_kv_pairs/accuracy-16=0.951, valid/num_kv_pairs/accuracy-32=0.809, valid/num_kv_pairs/accuracy-64=0.434
valid/loss=0.825, valid/accuracy=0.829, valid/num_kv_pairs/accuracy-4=0.976, valid/num_kv_pairs/accuracy-8=0.973, valid/num_kv_pairs/accuracy-16=0.95, valid/num_kv_pairs/accuracy-32=0.814, valid/num_kv_pairs/accuracy-64=0.435
valid/loss=0.823, valid/accuracy=0.829, valid/num_kv_pairs/accuracy-4=0.977, valid/num_kv_pairs/accuracy-8=0.975, valid/num_kv_pairs/accuracy-16=0.947, valid/num_kv_pairs/accuracy-32=0.813, valid/num_kv_pairs/accuracy-64=0.435
valid/loss=0.813, valid/accuracy=0.83, valid/num_kv_pairs/accuracy-4=0.98, valid/num_kv_pairs/accuracy-8=0.977, valid/num_kv_pairs/accuracy-16=0.949, valid/num_kv_pairs/accuracy-32=0.813, valid/num_kv_pairs/accuracy-64=0.433
valid/loss=0.81, valid/accuracy=0.83, valid/num_kv_pairs/accuracy-4=0.984, valid/num_kv_pairs/accuracy-8=0.977, valid/num_kv_pairs/accuracy-16=0.949, valid/num_kv_pairs/accuracy-32=0.81, valid/num_kv_pairs/accuracy-64=0.432
valid/loss=0.802, valid/accuracy=0.833, valid/num_kv_pairs/accuracy-4=0.987, valid/num_kv_pairs/accuracy-8=0.979, valid/num_kv_pairs/accuracy-16=0.953, valid/num_kv_pairs/accuracy-32=0.812, valid/num_kv_pairs/accuracy-64=0.432
valid/loss=0.793, valid/accuracy=0.835, valid/num_kv_pairs/accuracy-4=0.99, valid/num_kv_pairs/accuracy-8=0.981, valid/num_kv_pairs/accuracy-16=0.955, valid/num_kv_pairs/accuracy-32=0.814, valid/num_kv_pairs/accuracy-64=0.434
valid/loss=0.787, valid/accuracy=0.835, valid/num_kv_pairs/accuracy-4=0.989, valid/num_kv_pairs/accuracy-8=0.982, valid/num_kv_pairs/accuracy-16=0.954, valid/num_kv_pairs/accuracy-32=0.814, valid/num_kv_pairs/accuracy-64=0.435
valid/loss=0.785, valid/accuracy=0.836, valid/num_kv_pairs/accuracy-4=0.989, valid/num_kv_pairs/accuracy-8=0.983, valid/num_kv_pairs/accuracy-16=0.954, valid/num_kv_pairs/accuracy-32=0.816, valid/num_kv_pairs/accuracy-64=0.437
valid/loss=0.781, valid/accuracy=0.837, valid/num_kv_pairs/accuracy-4=0.99, valid/num_kv_pairs/accuracy-8=0.983, valid/num_kv_pairs/accuracy-16=0.956, valid/num_kv_pairs/accuracy-32=0.818, valid/num_kv_pairs/accuracy-64=0.438
valid/loss=0.774, valid/accuracy=0.838, valid/num_kv_pairs/accuracy-4=0.991, valid/num_kv_pairs/accuracy-8=0.985, valid/num_kv_pairs/accuracy-16=0.956, valid/num_kv_pairs/accuracy-32=0.82, valid/num_kv_pairs/accuracy-64=0.439
valid/loss=0.77, valid/accuracy=0.839, valid/num_kv_pairs/accuracy-4=0.991, valid/num_kv_pairs/accuracy-8=0.986, valid/num_kv_pairs/accuracy-16=0.956, valid/num_kv_pairs/accuracy-32=0.82, valid/num_kv_pairs/accuracy-64=0.443
valid/loss=0.765, valid/accuracy=0.84, valid/num_kv_pairs/accuracy-4=0.993, valid/num_kv_pairs/accuracy-8=0.986, valid/num_kv_pairs/accuracy-16=0.956, valid/num_kv_pairs/accuracy-32=0.822, valid/num_kv_pairs/accuracy-64=0.444
valid/loss=0.763, valid/accuracy=0.841, valid/num_kv_pairs/accuracy-4=0.993, valid/num_kv_pairs/accuracy-8=0.987, valid/num_kv_pairs/accuracy-16=0.956, valid/num_kv_pairs/accuracy-32=0.822, valid/num_kv_pairs/accuracy-64=0.445
valid/loss=0.76, valid/accuracy=0.841, valid/num_kv_pairs/accuracy-4=0.994, valid/num_kv_pairs/accuracy-8=0.989, valid/num_kv_pairs/accuracy-16=0.957, valid/num_kv_pairs/accuracy-32=0.823, valid/num_kv_pairs/accuracy-64=0.445
valid/loss=0.74, valid/accuracy=0.846, valid/num_kv_pairs/accuracy-4=0.998, valid/num_kv_pairs/accuracy-8=0.993, valid/num_kv_pairs/accuracy-16=0.967, valid/num_kv_pairs/accuracy-32=0.828, valid/num_kv_pairs/accuracy-64=0.445
