    early_stopping_metric='valid/accuracy',
    early_stopping_threshold=0.99,
    run_id='smat_d2_mr3_hd16_ds16_sig_m2blk-dm16-lr1.0e-02'
valid/loss=5.81, valid/accuracy=0.215, valid/num_kv_pairs/accuracy-4=0.54, valid/num_kv_pairs/accuracy-8=0.314, valid/num_kv_pairs/accuracy-16=0.147, valid/num_kv_pairs/accuracy-32=0.0591, valid/num_kv_pairs/accuracy-64=0.0147
valid/loss=4.58, valid/accuracy=0.363, valid/num_kv_pairs/accuracy-4=0.756, valid/num_kv_pairs/accuracy-8=0.586, valid/num_kv_pairs/accuracy-16=0.327, valid/num_kv_pairs/accuracy-32=0.12, valid/num_kv_pairs/accuracy-64=0.0269
valid/loss=4.47, valid/accuracy=0.369, valid/num_kv_pairs/accuracy-4=0.74, valid/num_kv_pairs/accuracy-8=0.607, valid/num_kv_pairs/accuracy-16=0.351, valid/num_kv_pairs/accuracy-32=0.125, valid/num_kv_pairs/accuracy-64=0.0253
valid/loss=4.34, valid/accuracy=0.378, valid/num_kv_pairs/accuracy-4=0.779, valid/num_kv_pairs/accuracy-8=0.6, valid/num_kv_pairs/accuracy-16=0.355, valid/num_kv_pairs/accuracy-32=0.129, valid/num_kv_pairs/accuracy-64=0.026
valid/loss=4.28, valid/accuracy=0.383, valid/num_kv_pairs/accuracy-4=0.789, valid/num_kv_pairs/accuracy-8=0.61, valid/num_kv_pairs/accuracy-16=0.356, valid/num_kv_pairs/accuracy-32=0.132, valid/num_kv_pairs/accuracy-64=0.0271
valid/loss=4.27, valid/accuracy=0.385, valid/num_kv_pairs/accuracy-4=0.798, valid/num_kv_pairs/accuracy-8=0.605, valid/num_kv_pairs/accuracy-16=0.357, valid/num_kv_pairs/accuracy-32=0.136, valid/num_kv_pairs/accuracy-64=0.0277
valid/loss=4.13, valid/accuracy=0.401, valid/num_kv_pairs/accuracy-4=0.795, valid/num_kv_pairs/accuracy-8=0.636, valid/num_kv_pairs/accuracy-16=0.389, valid/num_kv_pairs/accuracy-32=0.154, valid/num_kv_pairs/accuracy-64=0.0334
valid/loss=4.08, valid/accuracy=0.405, valid/num_kv_pairs/accuracy-4=0.813, valid/num_kv_pairs/accuracy-8=0.619, valid/num_kv_pairs/accuracy-16=0.397, valid/num_kv_pairs/accuracy-32=0.164, valid/num_kv_pairs/accuracy-64=0.0327
valid/loss=4.08, valid/accuracy=0.407, valid/num_kv_pairs/accuracy-4=0.816, valid/num_kv_pairs/accuracy-8=0.63, valid/num_kv_pairs/accuracy-16=0.395, valid/num_kv_pairs/accuracy-32=0.158, valid/num_kv_pairs/accuracy-64=0.0348
valid/loss=4.09, valid/accuracy=0.404, valid/num_kv_pairs/accuracy-4=0.808, valid/num_kv_pairs/accuracy-8=0.621, valid/num_kv_pairs/accuracy-16=0.396, valid/num_kv_pairs/accuracy-32=0.161, valid/num_kv_pairs/accuracy-64=0.0325
valid/loss=4.1, valid/accuracy=0.405, valid/num_kv_pairs/accuracy-4=0.812, valid/num_kv_pairs/accuracy-8=0.634, valid/num_kv_pairs/accuracy-16=0.392, valid/num_kv_pairs/accuracy-32=0.154, valid/num_kv_pairs/accuracy-64=0.031
valid/loss=4.12, valid/accuracy=0.404, valid/num_kv_pairs/accuracy-4=0.813, valid/num_kv_pairs/accuracy-8=0.636, valid/num_kv_pairs/accuracy-16=0.389, valid/num_kv_pairs/accuracy-32=0.152, valid/num_kv_pairs/accuracy-64=0.0312
valid/loss=4.12, valid/accuracy=0.403, valid/num_kv_pairs/accuracy-4=0.813, valid/num_kv_pairs/accuracy-8=0.628, valid/num_kv_pairs/accuracy-16=0.395, valid/num_kv_pairs/accuracy-32=0.15, valid/num_kv_pairs/accuracy-64=0.0306
valid/loss=4.09, valid/accuracy=0.404, valid/num_kv_pairs/accuracy-4=0.817, valid/num_kv_pairs/accuracy-8=0.632, valid/num_kv_pairs/accuracy-16=0.393, valid/num_kv_pairs/accuracy-32=0.149, valid/num_kv_pairs/accuracy-64=0.0302
valid/loss=4.07, valid/accuracy=0.4, valid/num_kv_pairs/accuracy-4=0.809, valid/num_kv_pairs/accuracy-8=0.626, valid/num_kv_pairs/accuracy-16=0.387, valid/num_kv_pairs/accuracy-32=0.147, valid/num_kv_pairs/accuracy-64=0.0297
valid/loss=4.07, valid/accuracy=0.401, valid/num_kv_pairs/accuracy-4=0.82, valid/num_kv_pairs/accuracy-8=0.628, valid/num_kv_pairs/accuracy-16=0.383, valid/num_kv_pairs/accuracy-32=0.146, valid/num_kv_pairs/accuracy-64=0.0284
valid/loss=4.04, valid/accuracy=0.401, valid/num_kv_pairs/accuracy-4=0.811, valid/num_kv_pairs/accuracy-8=0.63, valid/num_kv_pairs/accuracy-16=0.389, valid/num_kv_pairs/accuracy-32=0.147, valid/num_kv_pairs/accuracy-64=0.0285
valid/loss=4.05, valid/accuracy=0.4, valid/num_kv_pairs/accuracy-4=0.809, valid/num_kv_pairs/accuracy-8=0.63, valid/num_kv_pairs/accuracy-16=0.384, valid/num_kv_pairs/accuracy-32=0.147, valid/num_kv_pairs/accuracy-64=0.029
valid/loss=4.03, valid/accuracy=0.402, valid/num_kv_pairs/accuracy-4=0.812, valid/num_kv_pairs/accuracy-8=0.634, valid/num_kv_pairs/accuracy-16=0.388, valid/num_kv_pairs/accuracy-32=0.149, valid/num_kv_pairs/accuracy-64=0.0278
valid/loss=4.02, valid/accuracy=0.402, valid/num_kv_pairs/accuracy-4=0.812, valid/num_kv_pairs/accuracy-8=0.636, valid/num_kv_pairs/accuracy-16=0.388, valid/num_kv_pairs/accuracy-32=0.147, valid/num_kv_pairs/accuracy-64=0.0284
valid/loss=4, valid/accuracy=0.404, valid/num_kv_pairs/accuracy-4=0.814, valid/num_kv_pairs/accuracy-8=0.635, valid/num_kv_pairs/accuracy-16=0.394, valid/num_kv_pairs/accuracy-32=0.149, valid/num_kv_pairs/accuracy-64=0.0294
valid/loss=3.99, valid/accuracy=0.406, valid/num_kv_pairs/accuracy-4=0.814, valid/num_kv_pairs/accuracy-8=0.638, valid/num_kv_pairs/accuracy-16=0.395, valid/num_kv_pairs/accuracy-32=0.152, valid/num_kv_pairs/accuracy-64=0.0295
valid/loss=3.97, valid/accuracy=0.409, valid/num_kv_pairs/accuracy-4=0.819, valid/num_kv_pairs/accuracy-8=0.639, valid/num_kv_pairs/accuracy-16=0.4, valid/num_kv_pairs/accuracy-32=0.156, valid/num_kv_pairs/accuracy-64=0.0304
valid/loss=3.95, valid/accuracy=0.409, valid/num_kv_pairs/accuracy-4=0.817, valid/num_kv_pairs/accuracy-8=0.641, valid/num_kv_pairs/accuracy-16=0.4, valid/num_kv_pairs/accuracy-32=0.155, valid/num_kv_pairs/accuracy-64=0.0307
valid/loss=3.93, valid/accuracy=0.41, valid/num_kv_pairs/accuracy-4=0.827, valid/num_kv_pairs/accuracy-8=0.642, valid/num_kv_pairs/accuracy-16=0.396, valid/num_kv_pairs/accuracy-32=0.155, valid/num_kv_pairs/accuracy-64=0.0305
valid/loss=3.93, valid/accuracy=0.41, valid/num_kv_pairs/accuracy-4=0.827, valid/num_kv_pairs/accuracy-8=0.649, valid/num_kv_pairs/accuracy-16=0.394, valid/num_kv_pairs/accuracy-32=0.15, valid/num_kv_pairs/accuracy-64=0.0291
valid/loss=3.91, valid/accuracy=0.41, valid/num_kv_pairs/accuracy-4=0.829, valid/num_kv_pairs/accuracy-8=0.649, valid/num_kv_pairs/accuracy-16=0.396, valid/num_kv_pairs/accuracy-32=0.149, valid/num_kv_pairs/accuracy-64=0.0287
valid/loss=3.91, valid/accuracy=0.41, valid/num_kv_pairs/accuracy-4=0.829, valid/num_kv_pairs/accuracy-8=0.65, valid/num_kv_pairs/accuracy-16=0.396, valid/num_kv_pairs/accuracy-32=0.147, valid/num_kv_pairs/accuracy-64=0.0284
valid/loss=3.91, valid/accuracy=0.408, valid/num_kv_pairs/accuracy-4=0.827, valid/num_kv_pairs/accuracy-8=0.648, valid/num_kv_pairs/accuracy-16=0.394, valid/num_kv_pairs/accuracy-32=0.144, valid/num_kv_pairs/accuracy-64=0.0277
valid/loss=3.92, valid/accuracy=0.408, valid/num_kv_pairs/accuracy-4=0.829, valid/num_kv_pairs/accuracy-8=0.649, valid/num_kv_pairs/accuracy-16=0.393, valid/num_kv_pairs/accuracy-32=0.142, valid/num_kv_pairs/accuracy-64=0.0266
valid/loss=3.89, valid/accuracy=0.408, valid/num_kv_pairs/accuracy-4=0.834, valid/num_kv_pairs/accuracy-8=0.651, valid/num_kv_pairs/accuracy-16=0.392, valid/num_kv_pairs/accuracy-32=0.138, valid/num_kv_pairs/accuracy-64=0.025
