    early_stopping_metric='valid/accuracy',
    early_stopping_threshold=0.99,
    run_id='smat_d2_mr3_hd16_ds16_sig_delta_cread_m2blk_s1-dm16-lr1.0e-02'
valid/loss=7.89, valid/accuracy=0.00478, valid/num_kv_pairs/accuracy-4=0.0115, valid/num_kv_pairs/accuracy-8=0.00562, valid/num_kv_pairs/accuracy-16=0.00344, valid/num_kv_pairs/accuracy-32=0.00237, valid/num_kv_pairs/accuracy-64=0.000984
valid/loss=7.84, valid/accuracy=0.00579, valid/num_kv_pairs/accuracy-4=0.0147, valid/num_kv_pairs/accuracy-8=0.00813, valid/num_kv_pairs/accuracy-16=0.00294, valid/num_kv_pairs/accuracy-32=0.00197, valid/num_kv_pairs/accuracy-64=0.00117
valid/loss=7.86, valid/accuracy=0.015, valid/num_kv_pairs/accuracy-4=0.0565, valid/num_kv_pairs/accuracy-8=0.0115, valid/num_kv_pairs/accuracy-16=0.00375, valid/num_kv_pairs/accuracy-32=0.002, valid/num_kv_pairs/accuracy-64=0.00111
valid/loss=5.3, valid/accuracy=0.281, valid/num_kv_pairs/accuracy-4=0.626, valid/num_kv_pairs/accuracy-8=0.458, valid/num_kv_pairs/accuracy-16=0.233, valid/num_kv_pairs/accuracy-32=0.0738, valid/num_kv_pairs/accuracy-64=0.0167
valid/loss=4.46, valid/accuracy=0.432, valid/num_kv_pairs/accuracy-4=0.652, valid/num_kv_pairs/accuracy-8=0.558, valid/num_kv_pairs/accuracy-16=0.546, valid/num_kv_pairs/accuracy-32=0.299, valid/num_kv_pairs/accuracy-64=0.105
valid/loss=4.17, valid/accuracy=0.485, valid/num_kv_pairs/accuracy-4=0.634, valid/num_kv_pairs/accuracy-8=0.582, valid/num_kv_pairs/accuracy-16=0.646, valid/num_kv_pairs/accuracy-32=0.398, valid/num_kv_pairs/accuracy-64=0.167
valid/loss=3.98, valid/accuracy=0.509, valid/num_kv_pairs/accuracy-4=0.673, valid/num_kv_pairs/accuracy-8=0.595, valid/num_kv_pairs/accuracy-16=0.664, valid/num_kv_pairs/accuracy-32=0.433, valid/num_kv_pairs/accuracy-64=0.183
valid/loss=4, valid/accuracy=0.501, valid/num_kv_pairs/accuracy-4=0.644, valid/num_kv_pairs/accuracy-8=0.577, valid/num_kv_pairs/accuracy-16=0.675, valid/num_kv_pairs/accuracy-32=0.432, valid/num_kv_pairs/accuracy-64=0.177
valid/loss=3.93, valid/accuracy=0.516, valid/num_kv_pairs/accuracy-4=0.647, valid/num_kv_pairs/accuracy-8=0.605, valid/num_kv_pairs/accuracy-16=0.701, valid/num_kv_pairs/accuracy-32=0.447, valid/num_kv_pairs/accuracy-64=0.178
valid/loss=3.74, valid/accuracy=0.545, valid/num_kv_pairs/accuracy-4=0.681, valid/num_kv_pairs/accuracy-8=0.648, valid/num_kv_pairs/accuracy-16=0.726, valid/num_kv_pairs/accuracy-32=0.467, valid/num_kv_pairs/accuracy-64=0.203
valid/loss=3.76, valid/accuracy=0.555, valid/num_kv_pairs/accuracy-4=0.636, valid/num_kv_pairs/accuracy-8=0.647, valid/num_kv_pairs/accuracy-16=0.757, valid/num_kv_pairs/accuracy-32=0.499, valid/num_kv_pairs/accuracy-64=0.234
valid/loss=3.82, valid/accuracy=0.572, valid/num_kv_pairs/accuracy-4=0.606, valid/num_kv_pairs/accuracy-8=0.615, valid/num_kv_pairs/accuracy-16=0.799, valid/num_kv_pairs/accuracy-32=0.566, valid/num_kv_pairs/accuracy-64=0.273
valid/loss=3.36, valid/accuracy=0.604, valid/num_kv_pairs/accuracy-4=0.63, valid/num_kv_pairs/accuracy-8=0.638, valid/num_kv_pairs/accuracy-16=0.816, valid/num_kv_pairs/accuracy-32=0.616, valid/num_kv_pairs/accuracy-64=0.321
valid/loss=3.08, valid/accuracy=0.663, valid/num_kv_pairs/accuracy-4=0.802, valid/num_kv_pairs/accuracy-8=0.731, valid/num_kv_pairs/accuracy-16=0.831, valid/num_kv_pairs/accuracy-32=0.617, valid/num_kv_pairs/accuracy-64=0.331
valid/loss=2.81, valid/accuracy=0.675, valid/num_kv_pairs/accuracy-4=0.819, valid/num_kv_pairs/accuracy-8=0.728, valid/num_kv_pairs/accuracy-16=0.834, valid/num_kv_pairs/accuracy-32=0.638, valid/num_kv_pairs/accuracy-64=0.355
valid/loss=3.24, valid/accuracy=0.605, valid/num_kv_pairs/accuracy-4=0.666, valid/num_kv_pairs/accuracy-8=0.607, valid/num_kv_pairs/accuracy-16=0.817, valid/num_kv_pairs/accuracy-32=0.604, valid/num_kv_pairs/accuracy-64=0.331
valid/loss=2.67, valid/accuracy=0.678, valid/num_kv_pairs/accuracy-4=0.809, valid/num_kv_pairs/accuracy-8=0.709, valid/num_kv_pairs/accuracy-16=0.833, valid/num_kv_pairs/accuracy-32=0.654, valid/num_kv_pairs/accuracy-64=0.386
valid/loss=2.71, valid/accuracy=0.664, valid/num_kv_pairs/accuracy-4=0.76, valid/num_kv_pairs/accuracy-8=0.692, valid/num_kv_pairs/accuracy-16=0.822, valid/num_kv_pairs/accuracy-32=0.657, valid/num_kv_pairs/accuracy-64=0.391
valid/loss=2.61, valid/accuracy=0.674, valid/num_kv_pairs/accuracy-4=0.786, valid/num_kv_pairs/accuracy-8=0.699, valid/num_kv_pairs/accuracy-16=0.831, valid/num_kv_pairs/accuracy-32=0.661, valid/num_kv_pairs/accuracy-64=0.393
valid/loss=2.48, valid/accuracy=0.687, valid/num_kv_pairs/accuracy-4=0.832, valid/num_kv_pairs/accuracy-8=0.718, valid/num_kv_pairs/accuracy-16=0.831, valid/num_kv_pairs/accuracy-32=0.664, valid/num_kv_pairs/accuracy-64=0.391
valid/loss=2.38, valid/accuracy=0.696, valid/num_kv_pairs/accuracy-4=0.847, valid/num_kv_pairs/accuracy-8=0.735, valid/num_kv_pairs/accuracy-16=0.84, valid/num_kv_pairs/accuracy-32=0.666, valid/num_kv_pairs/accuracy-64=0.393
valid/loss=2.29, valid/accuracy=0.703, valid/num_kv_pairs/accuracy-4=0.868, valid/num_kv_pairs/accuracy-8=0.741, valid/num_kv_pairs/accuracy-16=0.842, valid/num_kv_pairs/accuracy-32=0.668, valid/num_kv_pairs/accuracy-64=0.395
valid/loss=2.21, valid/accuracy=0.711, valid/num_kv_pairs/accuracy-4=0.887, valid/num_kv_pairs/accuracy-8=0.751, valid/num_kv_pairs/accuracy-16=0.844, valid/num_kv_pairs/accuracy-32=0.674, valid/num_kv_pairs/accuracy-64=0.398
valid/loss=2.14, valid/accuracy=0.718, valid/num_kv_pairs/accuracy-4=0.898, valid/num_kv_pairs/accuracy-8=0.767, valid/num_kv_pairs/accuracy-16=0.846, valid/num_kv_pairs/accuracy-32=0.675, valid/num_kv_pairs/accuracy-64=0.403
valid/loss=2.09, valid/accuracy=0.72, valid/num_kv_pairs/accuracy-4=0.904, valid/num_kv_pairs/accuracy-8=0.77, valid/num_kv_pairs/accuracy-16=0.844, valid/num_kv_pairs/accuracy-32=0.679, valid/num_kv_pairs/accuracy-64=0.404
valid/loss=2.05, valid/accuracy=0.726, valid/num_kv_pairs/accuracy-4=0.916, valid/num_kv_pairs/accuracy-8=0.782, valid/num_kv_pairs/accuracy-16=0.847, valid/num_kv_pairs/accuracy-32=0.681, valid/num_kv_pairs/accuracy-64=0.404
valid/loss=2, valid/accuracy=0.73, valid/num_kv_pairs/accuracy-4=0.926, valid/num_kv_pairs/accuracy-8=0.793, valid/num_kv_pairs/accuracy-16=0.85, valid/num_kv_pairs/accuracy-32=0.68, valid/num_kv_pairs/accuracy-64=0.402
valid/loss=2, valid/accuracy=0.73, valid/num_kv_pairs/accuracy-4=0.928, valid/num_kv_pairs/accuracy-8=0.795, valid/num_kv_pairs/accuracy-16=0.848, valid/num_kv_pairs/accuracy-32=0.678, valid/num_kv_pairs/accuracy-64=0.4
valid/loss=1.99, valid/accuracy=0.73, valid/num_kv_pairs/accuracy-4=0.928, valid/num_kv_pairs/accuracy-8=0.797, valid/num_kv_pairs/accuracy-16=0.848, valid/num_kv_pairs/accuracy-32=0.677, valid/num_kv_pairs/accuracy-64=0.399
valid/loss=1.96, valid/accuracy=0.733, valid/num_kv_pairs/accuracy-4=0.933, valid/num_kv_pairs/accuracy-8=0.804, valid/num_kv_pairs/accuracy-16=0.851, valid/num_kv_pairs/accuracy-32=0.678, valid/num_kv_pairs/accuracy-64=0.399
valid/loss=1.93, valid/accuracy=0.742, valid/num_kv_pairs/accuracy-4=0.943, valid/num_kv_pairs/accuracy-8=0.818, valid/num_kv_pairs/accuracy-16=0.863, valid/num_kv_pairs/accuracy-32=0.684, valid/num_kv_pairs/accuracy-64=0.403
valid/loss=1.9, valid/accuracy=0.75, valid/num_kv_pairs/accuracy-4=0.951, valid/num_kv_pairs/accuracy-8=0.834, valid/num_kv_pairs/accuracy-16=0.872, valid/num_kv_pairs/accuracy-32=0.69, valid/num_kv_pairs/accuracy-64=0.405
