    early_stopping_metric='valid/accuracy',
    early_stopping_threshold=0.99,
    run_id='smat_d1_mr3_hd8_sig_m2blk_s3-dm16-lr1.0e-02'
valid/loss=1.24, valid/accuracy=0.786, valid/num_kv_pairs/accuracy-4=0.962, valid/num_kv_pairs/accuracy-8=0.922, valid/num_kv_pairs/accuracy-16=0.843, valid/num_kv_pairs/accuracy-32=0.713, valid/num_kv_pairs/accuracy-64=0.49
valid/loss=0.919, valid/accuracy=0.838, valid/num_kv_pairs/accuracy-4=0.984, valid/num_kv_pairs/accuracy-8=0.949, valid/num_kv_pairs/accuracy-16=0.903, valid/num_kv_pairs/accuracy-32=0.787, valid/num_kv_pairs/accuracy-64=0.569
valid/loss=0.797, valid/accuracy=0.853, valid/num_kv_pairs/accuracy-4=0.988, valid/num_kv_pairs/accuracy-8=0.964, valid/num_kv_pairs/accuracy-16=0.92, valid/num_kv_pairs/accuracy-32=0.812, valid/num_kv_pairs/accuracy-64=0.582
valid/loss=0.775, valid/accuracy=0.855, valid/num_kv_pairs/accuracy-4=0.984, valid/num_kv_pairs/accuracy-8=0.968, valid/num_kv_pairs/accuracy-16=0.921, valid/num_kv_pairs/accuracy-32=0.823, valid/num_kv_pairs/accuracy-64=0.576
valid/loss=0.763, valid/accuracy=0.855, valid/num_kv_pairs/accuracy-4=0.989, valid/num_kv_pairs/accuracy-8=0.97, valid/num_kv_pairs/accuracy-16=0.926, valid/num_kv_pairs/accuracy-32=0.813, valid/num_kv_pairs/accuracy-64=0.578
valid/loss=0.746, valid/accuracy=0.856, valid/num_kv_pairs/accuracy-4=0.987, valid/num_kv_pairs/accuracy-8=0.974, valid/num_kv_pairs/accuracy-16=0.928, valid/num_kv_pairs/accuracy-32=0.819, valid/num_kv_pairs/accuracy-64=0.575
valid/loss=0.756, valid/accuracy=0.855, valid/num_kv_pairs/accuracy-4=0.99, valid/num_kv_pairs/accuracy-8=0.965, valid/num_kv_pairs/accuracy-16=0.926, valid/num_kv_pairs/accuracy-32=0.82, valid/num_kv_pairs/accuracy-64=0.572
valid/loss=0.741, valid/accuracy=0.857, valid/num_kv_pairs/accuracy-4=0.986, valid/num_kv_pairs/accuracy-8=0.969, valid/num_kv_pairs/accuracy-16=0.933, valid/num_kv_pairs/accuracy-32=0.824, valid/num_kv_pairs/accuracy-64=0.572
valid/loss=0.741, valid/accuracy=0.857, valid/num_kv_pairs/accuracy-4=0.99, valid/num_kv_pairs/accuracy-8=0.974, valid/num_kv_pairs/accuracy-16=0.931, valid/num_kv_pairs/accuracy-32=0.821, valid/num_kv_pairs/accuracy-64=0.567
valid/loss=0.739, valid/accuracy=0.857, valid/num_kv_pairs/accuracy-4=0.988, valid/num_kv_pairs/accuracy-8=0.971, valid/num_kv_pairs/accuracy-16=0.931, valid/num_kv_pairs/accuracy-32=0.82, valid/num_kv_pairs/accuracy-64=0.573
valid/loss=0.729, valid/accuracy=0.858, valid/num_kv_pairs/accuracy-4=0.991, valid/num_kv_pairs/accuracy-8=0.975, valid/num_kv_pairs/accuracy-16=0.932, valid/num_kv_pairs/accuracy-32=0.825, valid/num_kv_pairs/accuracy-64=0.569
valid/loss=0.726, valid/accuracy=0.858, valid/num_kv_pairs/accuracy-4=0.989, valid/num_kv_pairs/accuracy-8=0.977, valid/num_kv_pairs/accuracy-16=0.929, valid/num_kv_pairs/accuracy-32=0.822, valid/num_kv_pairs/accuracy-64=0.572
valid/loss=0.722, valid/accuracy=0.858, valid/num_kv_pairs/accuracy-4=0.99, valid/num_kv_pairs/accuracy-8=0.98, valid/num_kv_pairs/accuracy-16=0.929, valid/num_kv_pairs/accuracy-32=0.824, valid/num_kv_pairs/accuracy-64=0.569
valid/loss=0.728, valid/accuracy=0.858, valid/num_kv_pairs/accuracy-4=0.989, valid/num_kv_pairs/accuracy-8=0.976, valid/num_kv_pairs/accuracy-16=0.929, valid/num_kv_pairs/accuracy-32=0.826, valid/num_kv_pairs/accuracy-64=0.571
valid/loss=0.713, valid/accuracy=0.859, valid/num_kv_pairs/accuracy-4=0.987, valid/num_kv_pairs/accuracy-8=0.977, valid/num_kv_pairs/accuracy-16=0.934, valid/num_kv_pairs/accuracy-32=0.828, valid/num_kv_pairs/accuracy-64=0.571
valid/loss=0.702, valid/accuracy=0.86, valid/num_kv_pairs/accuracy-4=0.988, valid/num_kv_pairs/accuracy-8=0.976, valid/num_kv_pairs/accuracy-16=0.935, valid/num_kv_pairs/accuracy-32=0.83, valid/num_kv_pairs/accuracy-64=0.573
valid/loss=0.7, valid/accuracy=0.861, valid/num_kv_pairs/accuracy-4=0.988, valid/num_kv_pairs/accuracy-8=0.978, valid/num_kv_pairs/accuracy-16=0.94, valid/num_kv_pairs/accuracy-32=0.827, valid/num_kv_pairs/accuracy-64=0.572
valid/loss=0.685, valid/accuracy=0.863, valid/num_kv_pairs/accuracy-4=0.988, valid/num_kv_pairs/accuracy-8=0.981, valid/num_kv_pairs/accuracy-16=0.944, valid/num_kv_pairs/accuracy-32=0.832, valid/num_kv_pairs/accuracy-64=0.569
valid/loss=0.683, valid/accuracy=0.862, valid/num_kv_pairs/accuracy-4=0.988, valid/num_kv_pairs/accuracy-8=0.978, valid/num_kv_pairs/accuracy-16=0.941, valid/num_kv_pairs/accuracy-32=0.836, valid/num_kv_pairs/accuracy-64=0.568
valid/loss=0.675, valid/accuracy=0.863, valid/num_kv_pairs/accuracy-4=0.99, valid/num_kv_pairs/accuracy-8=0.979, valid/num_kv_pairs/accuracy-16=0.942, valid/num_kv_pairs/accuracy-32=0.838, valid/num_kv_pairs/accuracy-64=0.567
valid/loss=0.668, valid/accuracy=0.863, valid/num_kv_pairs/accuracy-4=0.991, valid/num_kv_pairs/accuracy-8=0.977, valid/num_kv_pairs/accuracy-16=0.946, valid/num_kv_pairs/accuracy-32=0.84, valid/num_kv_pairs/accuracy-64=0.564
valid/loss=0.662, valid/accuracy=0.865, valid/num_kv_pairs/accuracy-4=0.992, valid/num_kv_pairs/accuracy-8=0.978, valid/num_kv_pairs/accuracy-16=0.948, valid/num_kv_pairs/accuracy-32=0.842, valid/num_kv_pairs/accuracy-64=0.565
valid/loss=0.652, valid/accuracy=0.866, valid/num_kv_pairs/accuracy-4=0.991, valid/num_kv_pairs/accuracy-8=0.98, valid/num_kv_pairs/accuracy-16=0.952, valid/num_kv_pairs/accuracy-32=0.846, valid/num_kv_pairs/accuracy-64=0.562
valid/loss=0.642, valid/accuracy=0.867, valid/num_kv_pairs/accuracy-4=0.993, valid/num_kv_pairs/accuracy-8=0.982, valid/num_kv_pairs/accuracy-16=0.952, valid/num_kv_pairs/accuracy-32=0.847, valid/num_kv_pairs/accuracy-64=0.561
srun: Job step aborted: Waiting up to 32 seconds for job step to finish.
[2026-09-08T23:50:52.956] error: *** STEP 3116675.10 ON gh034 CANCELLED AT 2026-09-08T23:50:52 DUE to SIGNAL Terminated ***
srun: error: gh034: task 0: Terminated
