    early_stopping_metric='valid/accuracy',
    early_stopping_threshold=0.99,
    run_id='smatgdn_d2_hd16_sig_cread_m2blk_s4-dm64-lr1.0e-02'
valid/loss=2.17, valid/accuracy=0.736, valid/num_kv_pairs/accuracy-4=0.862, valid/num_kv_pairs/accuracy-8=0.819, valid/num_kv_pairs/accuracy-16=0.858, valid/num_kv_pairs/accuracy-32=0.711, valid/num_kv_pairs/accuracy-64=0.433
valid/loss=1.48, valid/accuracy=0.798, valid/num_kv_pairs/accuracy-4=0.853, valid/num_kv_pairs/accuracy-8=0.885, valid/num_kv_pairs/accuracy-16=0.955, valid/num_kv_pairs/accuracy-32=0.833, valid/num_kv_pairs/accuracy-64=0.466
valid/loss=0.914, valid/accuracy=0.856, valid/num_kv_pairs/accuracy-4=0.964, valid/num_kv_pairs/accuracy-8=0.954, valid/num_kv_pairs/accuracy-16=0.975, valid/num_kv_pairs/accuracy-32=0.873, valid/num_kv_pairs/accuracy-64=0.517
valid/loss=0.913, valid/accuracy=0.851, valid/num_kv_pairs/accuracy-4=0.909, valid/num_kv_pairs/accuracy-8=0.932, valid/num_kv_pairs/accuracy-16=0.981, valid/num_kv_pairs/accuracy-32=0.891, valid/num_kv_pairs/accuracy-64=0.544
valid/loss=0.749, valid/accuracy=0.87, valid/num_kv_pairs/accuracy-4=0.949, valid/num_kv_pairs/accuracy-8=0.951, valid/num_kv_pairs/accuracy-16=0.985, valid/num_kv_pairs/accuracy-32=0.903, valid/num_kv_pairs/accuracy-64=0.561
valid/loss=0.609, valid/accuracy=0.89, valid/num_kv_pairs/accuracy-4=0.996, valid/num_kv_pairs/accuracy-8=0.992, valid/num_kv_pairs/accuracy-16=0.986, valid/num_kv_pairs/accuracy-32=0.911, valid/num_kv_pairs/accuracy-64=0.566
valid/loss=0.562, valid/accuracy=0.897, valid/num_kv_pairs/accuracy-4=0.997, valid/num_kv_pairs/accuracy-8=0.992, valid/num_kv_pairs/accuracy-16=0.99, valid/num_kv_pairs/accuracy-32=0.92, valid/num_kv_pairs/accuracy-64=0.589
valid/loss=0.5, valid/accuracy=0.907, valid/num_kv_pairs/accuracy-4=0.999, valid/num_kv_pairs/accuracy-8=0.993, valid/num_kv_pairs/accuracy-16=0.993, valid/num_kv_pairs/accuracy-32=0.935, valid/num_kv_pairs/accuracy-64=0.616
valid/loss=0.484, valid/accuracy=0.91, valid/num_kv_pairs/accuracy-4=0.998, valid/num_kv_pairs/accuracy-8=0.994, valid/num_kv_pairs/accuracy-16=0.994, valid/num_kv_pairs/accuracy-32=0.938, valid/num_kv_pairs/accuracy-64=0.625
valid/loss=0.477, valid/accuracy=0.911, valid/num_kv_pairs/accuracy-4=0.998, valid/num_kv_pairs/accuracy-8=0.993, valid/num_kv_pairs/accuracy-16=0.993, valid/num_kv_pairs/accuracy-32=0.94, valid/num_kv_pairs/accuracy-64=0.632
valid/loss=0.471, valid/accuracy=0.911, valid/num_kv_pairs/accuracy-4=0.998, valid/num_kv_pairs/accuracy-8=0.991, valid/num_kv_pairs/accuracy-16=0.991, valid/num_kv_pairs/accuracy-32=0.941, valid/num_kv_pairs/accuracy-64=0.634
valid/loss=0.47, valid/accuracy=0.912, valid/num_kv_pairs/accuracy-4=0.998, valid/num_kv_pairs/accuracy-8=0.994, valid/num_kv_pairs/accuracy-16=0.992, valid/num_kv_pairs/accuracy-32=0.941, valid/num_kv_pairs/accuracy-64=0.635
valid/loss=0.479, valid/accuracy=0.912, valid/num_kv_pairs/accuracy-4=0.998, valid/num_kv_pairs/accuracy-8=0.993, valid/num_kv_pairs/accuracy-16=0.99, valid/num_kv_pairs/accuracy-32=0.943, valid/num_kv_pairs/accuracy-64=0.635
valid/loss=0.477, valid/accuracy=0.912, valid/num_kv_pairs/accuracy-4=0.998, valid/num_kv_pairs/accuracy-8=0.993, valid/num_kv_pairs/accuracy-16=0.991, valid/num_kv_pairs/accuracy-32=0.942, valid/num_kv_pairs/accuracy-64=0.635
valid/loss=0.489, valid/accuracy=0.912, valid/num_kv_pairs/accuracy-4=0.997, valid/num_kv_pairs/accuracy-8=0.993, valid/num_kv_pairs/accuracy-16=0.991, valid/num_kv_pairs/accuracy-32=0.942, valid/num_kv_pairs/accuracy-64=0.635
valid/loss=0.48, valid/accuracy=0.912, valid/num_kv_pairs/accuracy-4=0.998, valid/num_kv_pairs/accuracy-8=0.993, valid/num_kv_pairs/accuracy-16=0.992, valid/num_kv_pairs/accuracy-32=0.941, valid/num_kv_pairs/accuracy-64=0.636
valid/loss=0.465, valid/accuracy=0.912, valid/num_kv_pairs/accuracy-4=0.997, valid/num_kv_pairs/accuracy-8=0.994, valid/num_kv_pairs/accuracy-16=0.991, valid/num_kv_pairs/accuracy-32=0.942, valid/num_kv_pairs/accuracy-64=0.637
valid/loss=0.46, valid/accuracy=0.913, valid/num_kv_pairs/accuracy-4=0.998, valid/num_kv_pairs/accuracy-8=0.994, valid/num_kv_pairs/accuracy-16=0.993, valid/num_kv_pairs/accuracy-32=0.943, valid/num_kv_pairs/accuracy-64=0.637
valid/loss=0.435, valid/accuracy=0.917, valid/num_kv_pairs/accuracy-4=0.998, valid/num_kv_pairs/accuracy-8=0.993, valid/num_kv_pairs/accuracy-16=0.993, valid/num_kv_pairs/accuracy-32=0.949, valid/num_kv_pairs/accuracy-64=0.651
valid/loss=0.416, valid/accuracy=0.92, valid/num_kv_pairs/accuracy-4=0.998, valid/num_kv_pairs/accuracy-8=0.995, valid/num_kv_pairs/accuracy-16=0.994, valid/num_kv_pairs/accuracy-32=0.952, valid/num_kv_pairs/accuracy-64=0.66
valid/loss=0.412, valid/accuracy=0.921, valid/num_kv_pairs/accuracy-4=0.997, valid/num_kv_pairs/accuracy-8=0.994, valid/num_kv_pairs/accuracy-16=0.994, valid/num_kv_pairs/accuracy-32=0.955, valid/num_kv_pairs/accuracy-64=0.665
valid/loss=0.408, valid/accuracy=0.922, valid/num_kv_pairs/accuracy-4=0.998, valid/num_kv_pairs/accuracy-8=0.995, valid/num_kv_pairs/accuracy-16=0.995, valid/num_kv_pairs/accuracy-32=0.955, valid/num_kv_pairs/accuracy-64=0.665
valid/loss=0.41, valid/accuracy=0.922, valid/num_kv_pairs/accuracy-4=0.998, valid/num_kv_pairs/accuracy-8=0.997, valid/num_kv_pairs/accuracy-16=0.995, valid/num_kv_pairs/accuracy-32=0.954, valid/num_kv_pairs/accuracy-64=0.666
valid/loss=0.407, valid/accuracy=0.923, valid/num_kv_pairs/accuracy-4=0.999, valid/num_kv_pairs/accuracy-8=0.996, valid/num_kv_pairs/accuracy-16=0.995, valid/num_kv_pairs/accuracy-32=0.955, valid/num_kv_pairs/accuracy-64=0.668
valid/loss=0.401, valid/accuracy=0.924, valid/num_kv_pairs/accuracy-4=0.999, valid/num_kv_pairs/accuracy-8=0.996, valid/num_kv_pairs/accuracy-16=0.996, valid/num_kv_pairs/accuracy-32=0.956, valid/num_kv_pairs/accuracy-64=0.672
valid/loss=0.39, valid/accuracy=0.926, valid/num_kv_pairs/accuracy-4=0.999, valid/num_kv_pairs/accuracy-8=0.995, valid/num_kv_pairs/accuracy-16=0.996, valid/num_kv_pairs/accuracy-32=0.958, valid/num_kv_pairs/accuracy-64=0.68
valid/loss=0.378, valid/accuracy=0.928, valid/num_kv_pairs/accuracy-4=0.999, valid/num_kv_pairs/accuracy-8=0.995, valid/num_kv_pairs/accuracy-16=0.996, valid/num_kv_pairs/accuracy-32=0.96, valid/num_kv_pairs/accuracy-64=0.689
valid/loss=0.373, valid/accuracy=0.929, valid/num_kv_pairs/accuracy-4=0.999, valid/num_kv_pairs/accuracy-8=0.996, valid/num_kv_pairs/accuracy-16=0.996, valid/num_kv_pairs/accuracy-32=0.961, valid/num_kv_pairs/accuracy-64=0.693
valid/loss=0.369, valid/accuracy=0.93, valid/num_kv_pairs/accuracy-4=0.999, valid/num_kv_pairs/accuracy-8=0.996, valid/num_kv_pairs/accuracy-16=0.996, valid/num_kv_pairs/accuracy-32=0.963, valid/num_kv_pairs/accuracy-64=0.696
valid/loss=0.367, valid/accuracy=0.931, valid/num_kv_pairs/accuracy-4=0.999, valid/num_kv_pairs/accuracy-8=0.997, valid/num_kv_pairs/accuracy-16=0.996, valid/num_kv_pairs/accuracy-32=0.964, valid/num_kv_pairs/accuracy-64=0.698
valid/loss=0.367, valid/accuracy=0.93, valid/num_kv_pairs/accuracy-4=0.999, valid/num_kv_pairs/accuracy-8=0.997, valid/num_kv_pairs/accuracy-16=0.996, valid/num_kv_pairs/accuracy-32=0.963, valid/num_kv_pairs/accuracy-64=0.698
valid/loss=0.369, valid/accuracy=0.931, valid/num_kv_pairs/accuracy-4=1, valid/num_kv_pairs/accuracy-8=0.998, valid/num_kv_pairs/accuracy-16=0.996, valid/num_kv_pairs/accuracy-32=0.963, valid/num_kv_pairs/accuracy-64=0.696
