    early_stopping_metric='valid/accuracy',
    early_stopping_threshold=0.99,
    run_id='smatgdn_d1_hd16_sig_cread_m2blk_s4-dm64-lr1.0e-02'
valid/loss=7.18, valid/accuracy=0.0376, valid/num_kv_pairs/accuracy-4=0.11, valid/num_kv_pairs/accuracy-8=0.0536, valid/num_kv_pairs/accuracy-16=0.0171, valid/num_kv_pairs/accuracy-32=0.00569, valid/num_kv_pairs/accuracy-64=0.00223
valid/loss=5.23, valid/accuracy=0.29, valid/num_kv_pairs/accuracy-4=0.633, valid/num_kv_pairs/accuracy-8=0.491, valid/num_kv_pairs/accuracy-16=0.252, valid/num_kv_pairs/accuracy-32=0.0639, valid/num_kv_pairs/accuracy-64=0.00923
valid/loss=5.17, valid/accuracy=0.28, valid/num_kv_pairs/accuracy-4=0.588, valid/num_kv_pairs/accuracy-8=0.475, valid/num_kv_pairs/accuracy-16=0.253, valid/num_kv_pairs/accuracy-32=0.0709, valid/num_kv_pairs/accuracy-64=0.0117
valid/loss=3.79, valid/accuracy=0.447, valid/num_kv_pairs/accuracy-4=0.829, valid/num_kv_pairs/accuracy-8=0.722, valid/num_kv_pairs/accuracy-16=0.469, valid/num_kv_pairs/accuracy-32=0.176, valid/num_kv_pairs/accuracy-64=0.0398
valid/loss=2.2, valid/accuracy=0.638, valid/num_kv_pairs/accuracy-4=0.966, valid/num_kv_pairs/accuracy-8=0.938, valid/num_kv_pairs/accuracy-16=0.777, valid/num_kv_pairs/accuracy-32=0.395, valid/num_kv_pairs/accuracy-64=0.112
valid/loss=2, valid/accuracy=0.692, valid/num_kv_pairs/accuracy-4=0.977, valid/num_kv_pairs/accuracy-8=0.964, valid/num_kv_pairs/accuracy-16=0.86, valid/num_kv_pairs/accuracy-32=0.499, valid/num_kv_pairs/accuracy-64=0.16
valid/loss=1.78, valid/accuracy=0.71, valid/num_kv_pairs/accuracy-4=0.958, valid/num_kv_pairs/accuracy-8=0.965, valid/num_kv_pairs/accuracy-16=0.893, valid/num_kv_pairs/accuracy-32=0.549, valid/num_kv_pairs/accuracy-64=0.185
valid/loss=1.67, valid/accuracy=0.723, valid/num_kv_pairs/accuracy-4=0.963, valid/num_kv_pairs/accuracy-8=0.969, valid/num_kv_pairs/accuracy-16=0.908, valid/num_kv_pairs/accuracy-32=0.575, valid/num_kv_pairs/accuracy-64=0.199
valid/loss=1.58, valid/accuracy=0.732, valid/num_kv_pairs/accuracy-4=0.967, valid/num_kv_pairs/accuracy-8=0.97, valid/num_kv_pairs/accuracy-16=0.921, valid/num_kv_pairs/accuracy-32=0.596, valid/num_kv_pairs/accuracy-64=0.205
valid/loss=1.56, valid/accuracy=0.734, valid/num_kv_pairs/accuracy-4=0.969, valid/num_kv_pairs/accuracy-8=0.972, valid/num_kv_pairs/accuracy-16=0.92, valid/num_kv_pairs/accuracy-32=0.602, valid/num_kv_pairs/accuracy-64=0.206
valid/loss=1.53, valid/accuracy=0.739, valid/num_kv_pairs/accuracy-4=0.972, valid/num_kv_pairs/accuracy-8=0.976, valid/num_kv_pairs/accuracy-16=0.927, valid/num_kv_pairs/accuracy-32=0.607, valid/num_kv_pairs/accuracy-64=0.213
valid/loss=1.52, valid/accuracy=0.74, valid/num_kv_pairs/accuracy-4=0.974, valid/num_kv_pairs/accuracy-8=0.974, valid/num_kv_pairs/accuracy-16=0.928, valid/num_kv_pairs/accuracy-32=0.61, valid/num_kv_pairs/accuracy-64=0.215
valid/loss=1.48, valid/accuracy=0.743, valid/num_kv_pairs/accuracy-4=0.973, valid/num_kv_pairs/accuracy-8=0.979, valid/num_kv_pairs/accuracy-16=0.931, valid/num_kv_pairs/accuracy-32=0.617, valid/num_kv_pairs/accuracy-64=0.217
Valid Epoch 13/32:   0%|          | 0/160 [00:00<?, ?it/s, acc=-, loss=-]Valid Epoch 13/32:   4%|▍         | 6/160 [00:00<00:02, 53.23it/s, acc=-, loss=-]Valid Epoch 13/32:   8%|▊         | 12/160 [00:00<00:02, 51.26it/s, acc=-, loss=-]Valid Epoch 13/32:  12%|█▎        | 20/160 [00:00<00:02, 59.50it/s, acc=-, loss=-]Valid Epoch 13/32:  18%|█▊        | 28/160 [00:00<00:01, 66.20it/s, acc=-, loss=-]Valid Epoch 13/32:  22%|██▎       | 36/160 [00:00<00:01, 68.88it/s, acc=-, loss=-]Valid Epoch 13/32:  28%|██▊       | 44/160 [00:00<00:01, 70.13it/s, acc=-, loss=-]Valid Epoch 13/32:  32%|███▎      | 52/160 [00:00<00:01, 72.14it/s, acc=-, loss=-]Valid Epoch 13/32:  38%|███▊      | 60/160 [00:00<00:01, 73.21it/s, acc=-, loss=-]Valid Epoch 13/32:  42%|████▎     | 68/160 [00:00<00:01, 73.44it/s, acc=-, loss=-]Valid Epoch 13/32:  48%|████▊     | 76/160 [00:01<00:01, 74.85it/s, acc=-, loss=-]Valid Epoch 13/32:  52%|█████▎    | 84/160 [00:01<00:01, 74.42it/s, acc=-, loss=-]Valid Epoch 13/32:  57%|█████▊    | 92/160 [00:01<00:00, 74.46it/s, acc=-, loss=-]Valid Epoch 13/32:  64%|██████▍   | 102/160 [00:01<00:00, 80.20it/s, acc=-, loss=-]Valid Epoch 13/32:  72%|███████▏  | 115/160 [00:01<00:00, 93.71it/s, acc=-, loss=-]Valid Epoch 13/32:  80%|████████  | 128/160 [00:01<00:00, 102.22it/s, acc=-, loss=-]Valid Epoch 13/32:  88%|████████▊ | 140/160 [00:01<00:00, 106.24it/s, acc=-, loss=-]Valid Epoch 13/32:  95%|█████████▌| 152/160 [00:01<00:00, 107.79it/s, acc=-, loss=-]Valid Epoch 13/32: 100%|██████████| 160/160 [00:01<00:00, 107.79it/s, valid/loss=1.48, valid/accuracy=0.742, valid/num_kv_pairs/accuracy-4=0.974, valid/num_kv_pairs/accuracy-8=0.978, valid/num_kv_pairs/accuracy-16=0.928, valid/num_kv_pairs/accuracy-32=0.613, valid/num_kv_pairs/accuracy-64=0.216]Valid Epoch 13/32: 100%|██████████| 160/160 [00:01<00:00, 83.60it/s, valid/loss=1.48, valid/accuracy=0.742, valid/num_kv_pairs/accuracy-4=0.974, valid/num_kv_pairs/accuracy-8=0.978, valid/num_kv_pairs/accuracy-16=0.928, valid/num_kv_pairs/accuracy-32=0.613, valid/num_kv_pairs/accuracy-64=0.216] 
valid/loss=1.45, valid/accuracy=0.747, valid/num_kv_pairs/accuracy-4=0.984, valid/num_kv_pairs/accuracy-8=0.98, valid/num_kv_pairs/accuracy-16=0.931, valid/num_kv_pairs/accuracy-32=0.62, valid/num_kv_pairs/accuracy-64=0.221
valid/loss=1.46, valid/accuracy=0.746, valid/num_kv_pairs/accuracy-4=0.978, valid/num_kv_pairs/accuracy-8=0.981, valid/num_kv_pairs/accuracy-16=0.929, valid/num_kv_pairs/accuracy-32=0.62, valid/num_kv_pairs/accuracy-64=0.221
valid/loss=1.45, valid/accuracy=0.746, valid/num_kv_pairs/accuracy-4=0.982, valid/num_kv_pairs/accuracy-8=0.982, valid/num_kv_pairs/accuracy-16=0.928, valid/num_kv_pairs/accuracy-32=0.621, valid/num_kv_pairs/accuracy-64=0.218
valid/loss=1.43, valid/accuracy=0.749, valid/num_kv_pairs/accuracy-4=0.986, valid/num_kv_pairs/accuracy-8=0.98, valid/num_kv_pairs/accuracy-16=0.933, valid/num_kv_pairs/accuracy-32=0.625, valid/num_kv_pairs/accuracy-64=0.221
valid/loss=1.43, valid/accuracy=0.75, valid/num_kv_pairs/accuracy-4=0.989, valid/num_kv_pairs/accuracy-8=0.981, valid/num_kv_pairs/accuracy-16=0.935, valid/num_kv_pairs/accuracy-32=0.623, valid/num_kv_pairs/accuracy-64=0.221
valid/loss=1.43, valid/accuracy=0.752, valid/num_kv_pairs/accuracy-4=0.992, valid/num_kv_pairs/accuracy-8=0.979, valid/num_kv_pairs/accuracy-16=0.936, valid/num_kv_pairs/accuracy-32=0.628, valid/num_kv_pairs/accuracy-64=0.225
valid/loss=1.42, valid/accuracy=0.752, valid/num_kv_pairs/accuracy-4=0.992, valid/num_kv_pairs/accuracy-8=0.983, valid/num_kv_pairs/accuracy-16=0.937, valid/num_kv_pairs/accuracy-32=0.626, valid/num_kv_pairs/accuracy-64=0.224
valid/loss=1.41, valid/accuracy=0.753, valid/num_kv_pairs/accuracy-4=0.993, valid/num_kv_pairs/accuracy-8=0.982, valid/num_kv_pairs/accuracy-16=0.937, valid/num_kv_pairs/accuracy-32=0.629, valid/num_kv_pairs/accuracy-64=0.226
valid/loss=1.41, valid/accuracy=0.754, valid/num_kv_pairs/accuracy-4=0.992, valid/num_kv_pairs/accuracy-8=0.983, valid/num_kv_pairs/accuracy-16=0.938, valid/num_kv_pairs/accuracy-32=0.629, valid/num_kv_pairs/accuracy-64=0.227
valid/loss=1.4, valid/accuracy=0.755, valid/num_kv_pairs/accuracy-4=0.992, valid/num_kv_pairs/accuracy-8=0.986, valid/num_kv_pairs/accuracy-16=0.939, valid/num_kv_pairs/accuracy-32=0.63, valid/num_kv_pairs/accuracy-64=0.227
valid/loss=1.39, valid/accuracy=0.755, valid/num_kv_pairs/accuracy-4=0.991, valid/num_kv_pairs/accuracy-8=0.985, valid/num_kv_pairs/accuracy-16=0.939, valid/num_kv_pairs/accuracy-32=0.633, valid/num_kv_pairs/accuracy-64=0.228
valid/loss=1.35, valid/accuracy=0.759, valid/num_kv_pairs/accuracy-4=0.991, valid/num_kv_pairs/accuracy-8=0.985, valid/num_kv_pairs/accuracy-16=0.942, valid/num_kv_pairs/accuracy-32=0.642, valid/num_kv_pairs/accuracy-64=0.234
valid/loss=1.34, valid/accuracy=0.76, valid/num_kv_pairs/accuracy-4=0.99, valid/num_kv_pairs/accuracy-8=0.985, valid/num_kv_pairs/accuracy-16=0.944, valid/num_kv_pairs/accuracy-32=0.644, valid/num_kv_pairs/accuracy-64=0.237
valid/loss=1.33, valid/accuracy=0.761, valid/num_kv_pairs/accuracy-4=0.989, valid/num_kv_pairs/accuracy-8=0.987, valid/num_kv_pairs/accuracy-16=0.945, valid/num_kv_pairs/accuracy-32=0.646, valid/num_kv_pairs/accuracy-64=0.239
valid/loss=1.27, valid/accuracy=0.763, valid/num_kv_pairs/accuracy-4=0.991, valid/num_kv_pairs/accuracy-8=0.988, valid/num_kv_pairs/accuracy-16=0.947, valid/num_kv_pairs/accuracy-32=0.65, valid/num_kv_pairs/accuracy-64=0.24
valid/loss=1.25, valid/accuracy=0.766, valid/num_kv_pairs/accuracy-4=0.99, valid/num_kv_pairs/accuracy-8=0.99, valid/num_kv_pairs/accuracy-16=0.95, valid/num_kv_pairs/accuracy-32=0.656, valid/num_kv_pairs/accuracy-64=0.241
valid/loss=1.24, valid/accuracy=0.767, valid/num_kv_pairs/accuracy-4=0.992, valid/num_kv_pairs/accuracy-8=0.991, valid/num_kv_pairs/accuracy-16=0.953, valid/num_kv_pairs/accuracy-32=0.658, valid/num_kv_pairs/accuracy-64=0.242
valid/loss=1.24, valid/accuracy=0.769, valid/num_kv_pairs/accuracy-4=0.995, valid/num_kv_pairs/accuracy-8=0.993, valid/num_kv_pairs/accuracy-16=0.955, valid/num_kv_pairs/accuracy-32=0.659, valid/num_kv_pairs/accuracy-64=0.241
