    early_stopping_metric='valid/accuracy',
    early_stopping_threshold=0.99,
    run_id='smat_d2_hybrid-dm16-lr1.0e-03'
valid/loss=8.12, valid/accuracy=0.00461, valid/num_kv_pairs/accuracy-4=0.0145, valid/num_kv_pairs/accuracy-8=0.00387, valid/num_kv_pairs/accuracy-16=0.00269, valid/num_kv_pairs/accuracy-32=0.00125, valid/num_kv_pairs/accuracy-64=0.000734
valid/loss=7.93, valid/accuracy=0.00928, valid/num_kv_pairs/accuracy-4=0.033, valid/num_kv_pairs/accuracy-8=0.0085, valid/num_kv_pairs/accuracy-16=0.0025, valid/num_kv_pairs/accuracy-32=0.00159, valid/num_kv_pairs/accuracy-64=0.000781
valid/loss=7.81, valid/accuracy=0.00768, valid/num_kv_pairs/accuracy-4=0.028, valid/num_kv_pairs/accuracy-8=0.00588, valid/num_kv_pairs/accuracy-16=0.00219, valid/num_kv_pairs/accuracy-32=0.00144, valid/num_kv_pairs/accuracy-64=0.000891
valid/loss=7.78, valid/accuracy=0.00838, valid/num_kv_pairs/accuracy-4=0.031, valid/num_kv_pairs/accuracy-8=0.00562, valid/num_kv_pairs/accuracy-16=0.00269, valid/num_kv_pairs/accuracy-32=0.00162, valid/num_kv_pairs/accuracy-64=0.000937
valid/loss=7.74, valid/accuracy=0.00825, valid/num_kv_pairs/accuracy-4=0.0302, valid/num_kv_pairs/accuracy-8=0.00513, valid/num_kv_pairs/accuracy-16=0.00256, valid/num_kv_pairs/accuracy-32=0.002, valid/num_kv_pairs/accuracy-64=0.00131
valid/loss=7.72, valid/accuracy=0.00687, valid/num_kv_pairs/accuracy-4=0.0243, valid/num_kv_pairs/accuracy-8=0.00487, valid/num_kv_pairs/accuracy-16=0.00225, valid/num_kv_pairs/accuracy-32=0.00175, valid/num_kv_pairs/accuracy-64=0.00123
valid/loss=7.71, valid/accuracy=0.00761, valid/num_kv_pairs/accuracy-4=0.0278, valid/num_kv_pairs/accuracy-8=0.0045, valid/num_kv_pairs/accuracy-16=0.00269, valid/num_kv_pairs/accuracy-32=0.00191, valid/num_kv_pairs/accuracy-64=0.0012
valid/loss=7.7, valid/accuracy=0.00786, valid/num_kv_pairs/accuracy-4=0.028, valid/num_kv_pairs/accuracy-8=0.005, valid/num_kv_pairs/accuracy-16=0.00313, valid/num_kv_pairs/accuracy-32=0.00197, valid/num_kv_pairs/accuracy-64=0.00122
valid/loss=7.7, valid/accuracy=0.00806, valid/num_kv_pairs/accuracy-4=0.0278, valid/num_kv_pairs/accuracy-8=0.00588, valid/num_kv_pairs/accuracy-16=0.00325, valid/num_kv_pairs/accuracy-32=0.00216, valid/num_kv_pairs/accuracy-64=0.00125
valid/loss=7.7, valid/accuracy=0.00755, valid/num_kv_pairs/accuracy-4=0.0257, valid/num_kv_pairs/accuracy-8=0.00513, valid/num_kv_pairs/accuracy-16=0.00331, valid/num_kv_pairs/accuracy-32=0.00213, valid/num_kv_pairs/accuracy-64=0.00144
valid/loss=7.7, valid/accuracy=0.00771, valid/num_kv_pairs/accuracy-4=0.0262, valid/num_kv_pairs/accuracy-8=0.00562, valid/num_kv_pairs/accuracy-16=0.00319, valid/num_kv_pairs/accuracy-32=0.00209, valid/num_kv_pairs/accuracy-64=0.00139
valid/loss=7.72, valid/accuracy=0.00787, valid/num_kv_pairs/accuracy-4=0.0257, valid/num_kv_pairs/accuracy-8=0.00662, valid/num_kv_pairs/accuracy-16=0.0035, valid/num_kv_pairs/accuracy-32=0.00194, valid/num_kv_pairs/accuracy-64=0.00152
valid/loss=7.76, valid/accuracy=0.00715, valid/num_kv_pairs/accuracy-4=0.022, valid/num_kv_pairs/accuracy-8=0.0065, valid/num_kv_pairs/accuracy-16=0.00363, valid/num_kv_pairs/accuracy-32=0.00209, valid/num_kv_pairs/accuracy-64=0.00155
valid/loss=7.87, valid/accuracy=0.0066, valid/num_kv_pairs/accuracy-4=0.0198, valid/num_kv_pairs/accuracy-8=0.00613, valid/num_kv_pairs/accuracy-16=0.0035, valid/num_kv_pairs/accuracy-32=0.00225, valid/num_kv_pairs/accuracy-64=0.00136
valid/loss=7.87, valid/accuracy=0.00753, valid/num_kv_pairs/accuracy-4=0.022, valid/num_kv_pairs/accuracy-8=0.00762, valid/num_kv_pairs/accuracy-16=0.0045, valid/num_kv_pairs/accuracy-32=0.00219, valid/num_kv_pairs/accuracy-64=0.00134
valid/loss=7.2, valid/accuracy=0.0493, valid/num_kv_pairs/accuracy-4=0.195, valid/num_kv_pairs/accuracy-8=0.038, valid/num_kv_pairs/accuracy-16=0.00912, valid/num_kv_pairs/accuracy-32=0.00297, valid/num_kv_pairs/accuracy-64=0.00142
valid/loss=6.69, valid/accuracy=0.0995, valid/num_kv_pairs/accuracy-4=0.349, valid/num_kv_pairs/accuracy-8=0.114, valid/num_kv_pairs/accuracy-16=0.0262, valid/num_kv_pairs/accuracy-32=0.00625, valid/num_kv_pairs/accuracy-64=0.00197
valid/loss=6.44, valid/accuracy=0.13, valid/num_kv_pairs/accuracy-4=0.402, valid/num_kv_pairs/accuracy-8=0.17, valid/num_kv_pairs/accuracy-16=0.0596, valid/num_kv_pairs/accuracy-32=0.015, valid/num_kv_pairs/accuracy-64=0.00386
valid/loss=5.36, valid/accuracy=0.265, valid/num_kv_pairs/accuracy-4=0.655, valid/num_kv_pairs/accuracy-8=0.402, valid/num_kv_pairs/accuracy-16=0.197, valid/num_kv_pairs/accuracy-32=0.0597, valid/num_kv_pairs/accuracy-64=0.0118
valid/loss=5.19, valid/accuracy=0.269, valid/num_kv_pairs/accuracy-4=0.652, valid/num_kv_pairs/accuracy-8=0.404, valid/num_kv_pairs/accuracy-16=0.21, valid/num_kv_pairs/accuracy-32=0.0658, valid/num_kv_pairs/accuracy-64=0.014
valid/loss=5.12, valid/accuracy=0.272, valid/num_kv_pairs/accuracy-4=0.649, valid/num_kv_pairs/accuracy-8=0.408, valid/num_kv_pairs/accuracy-16=0.215, valid/num_kv_pairs/accuracy-32=0.0706, valid/num_kv_pairs/accuracy-64=0.016
valid/loss=4.75, valid/accuracy=0.32, valid/num_kv_pairs/accuracy-4=0.727, valid/num_kv_pairs/accuracy-8=0.486, valid/num_kv_pairs/accuracy-16=0.265, valid/num_kv_pairs/accuracy-32=0.0962, valid/num_kv_pairs/accuracy-64=0.0287
valid/loss=4.67, valid/accuracy=0.325, valid/num_kv_pairs/accuracy-4=0.726, valid/num_kv_pairs/accuracy-8=0.492, valid/num_kv_pairs/accuracy-16=0.27, valid/num_kv_pairs/accuracy-32=0.102, valid/num_kv_pairs/accuracy-64=0.0327
valid/loss=4.61, valid/accuracy=0.328, valid/num_kv_pairs/accuracy-4=0.725, valid/num_kv_pairs/accuracy-8=0.496, valid/num_kv_pairs/accuracy-16=0.275, valid/num_kv_pairs/accuracy-32=0.108, valid/num_kv_pairs/accuracy-64=0.0362
valid/loss=4.57, valid/accuracy=0.331, valid/num_kv_pairs/accuracy-4=0.729, valid/num_kv_pairs/accuracy-8=0.498, valid/num_kv_pairs/accuracy-16=0.278, valid/num_kv_pairs/accuracy-32=0.111, valid/num_kv_pairs/accuracy-64=0.0392
valid/loss=4.53, valid/accuracy=0.332, valid/num_kv_pairs/accuracy-4=0.73, valid/num_kv_pairs/accuracy-8=0.499, valid/num_kv_pairs/accuracy-16=0.278, valid/num_kv_pairs/accuracy-32=0.112, valid/num_kv_pairs/accuracy-64=0.0399
valid/loss=4.51, valid/accuracy=0.333, valid/num_kv_pairs/accuracy-4=0.732, valid/num_kv_pairs/accuracy-8=0.501, valid/num_kv_pairs/accuracy-16=0.28, valid/num_kv_pairs/accuracy-32=0.112, valid/num_kv_pairs/accuracy-64=0.0397
valid/loss=4.49, valid/accuracy=0.334, valid/num_kv_pairs/accuracy-4=0.732, valid/num_kv_pairs/accuracy-8=0.504, valid/num_kv_pairs/accuracy-16=0.28, valid/num_kv_pairs/accuracy-32=0.113, valid/num_kv_pairs/accuracy-64=0.0398
valid/loss=4.46, valid/accuracy=0.334, valid/num_kv_pairs/accuracy-4=0.733, valid/num_kv_pairs/accuracy-8=0.506, valid/num_kv_pairs/accuracy-16=0.281, valid/num_kv_pairs/accuracy-32=0.113, valid/num_kv_pairs/accuracy-64=0.0398
valid/loss=4.42, valid/accuracy=0.335, valid/num_kv_pairs/accuracy-4=0.734, valid/num_kv_pairs/accuracy-8=0.507, valid/num_kv_pairs/accuracy-16=0.28, valid/num_kv_pairs/accuracy-32=0.113, valid/num_kv_pairs/accuracy-64=0.0395
valid/loss=4.38, valid/accuracy=0.335, valid/num_kv_pairs/accuracy-4=0.734, valid/num_kv_pairs/accuracy-8=0.508, valid/num_kv_pairs/accuracy-16=0.281, valid/num_kv_pairs/accuracy-32=0.114, valid/num_kv_pairs/accuracy-64=0.0395
valid/loss=4.34, valid/accuracy=0.335, valid/num_kv_pairs/accuracy-4=0.734, valid/num_kv_pairs/accuracy-8=0.509, valid/num_kv_pairs/accuracy-16=0.281, valid/num_kv_pairs/accuracy-32=0.114, valid/num_kv_pairs/accuracy-64=0.0393
    run_id='smat_d2_hybrid-dm16-lr3.2e-03'
valid/loss=7.9, valid/accuracy=0.0106, valid/num_kv_pairs/accuracy-4=0.0395, valid/num_kv_pairs/accuracy-8=0.00825, valid/num_kv_pairs/accuracy-16=0.00281, valid/num_kv_pairs/accuracy-32=0.00147, valid/num_kv_pairs/accuracy-64=0.00102
valid/loss=7.86, valid/accuracy=0.00924, valid/num_kv_pairs/accuracy-4=0.0328, valid/num_kv_pairs/accuracy-8=0.00887, valid/num_kv_pairs/accuracy-16=0.00219, valid/num_kv_pairs/accuracy-32=0.00162, valid/num_kv_pairs/accuracy-64=0.000781
valid/loss=7.79, valid/accuracy=0.0137, valid/num_kv_pairs/accuracy-4=0.0515, valid/num_kv_pairs/accuracy-8=0.0115, valid/num_kv_pairs/accuracy-16=0.00313, valid/num_kv_pairs/accuracy-32=0.00141, valid/num_kv_pairs/accuracy-64=0.000891
valid/loss=3.84, valid/accuracy=0.473, valid/num_kv_pairs/accuracy-4=0.841, valid/num_kv_pairs/accuracy-8=0.685, valid/num_kv_pairs/accuracy-16=0.491, valid/num_kv_pairs/accuracy-32=0.254, valid/num_kv_pairs/accuracy-64=0.0911
valid/loss=3.08, valid/accuracy=0.517, valid/num_kv_pairs/accuracy-4=0.876, valid/num_kv_pairs/accuracy-8=0.728, valid/num_kv_pairs/accuracy-16=0.561, valid/num_kv_pairs/accuracy-32=0.304, valid/num_kv_pairs/accuracy-64=0.115
valid/loss=2.64, valid/accuracy=0.57, valid/num_kv_pairs/accuracy-4=0.896, valid/num_kv_pairs/accuracy-8=0.775, valid/num_kv_pairs/accuracy-16=0.627, valid/num_kv_pairs/accuracy-32=0.384, valid/num_kv_pairs/accuracy-64=0.167
valid/loss=2.43, valid/accuracy=0.592, valid/num_kv_pairs/accuracy-4=0.9, valid/num_kv_pairs/accuracy-8=0.795, valid/num_kv_pairs/accuracy-16=0.657, valid/num_kv_pairs/accuracy-32=0.418, valid/num_kv_pairs/accuracy-64=0.187
valid/loss=2.21, valid/accuracy=0.618, valid/num_kv_pairs/accuracy-4=0.913, valid/num_kv_pairs/accuracy-8=0.82, valid/num_kv_pairs/accuracy-16=0.689, valid/num_kv_pairs/accuracy-32=0.453, valid/num_kv_pairs/accuracy-64=0.217
valid/loss=2.05, valid/accuracy=0.641, valid/num_kv_pairs/accuracy-4=0.925, valid/num_kv_pairs/accuracy-8=0.833, valid/num_kv_pairs/accuracy-16=0.715, valid/num_kv_pairs/accuracy-32=0.487, valid/num_kv_pairs/accuracy-64=0.247
valid/loss=1.89, valid/accuracy=0.663, valid/num_kv_pairs/accuracy-4=0.933, valid/num_kv_pairs/accuracy-8=0.845, valid/num_kv_pairs/accuracy-16=0.739, valid/num_kv_pairs/accuracy-32=0.521, valid/num_kv_pairs/accuracy-64=0.279
valid/loss=1.79, valid/accuracy=0.677, valid/num_kv_pairs/accuracy-4=0.935, valid/num_kv_pairs/accuracy-8=0.853, valid/num_kv_pairs/accuracy-16=0.751, valid/num_kv_pairs/accuracy-32=0.545, valid/num_kv_pairs/accuracy-64=0.302
valid/loss=1.74, valid/accuracy=0.685, valid/num_kv_pairs/accuracy-4=0.941, valid/num_kv_pairs/accuracy-8=0.859, valid/num_kv_pairs/accuracy-16=0.759, valid/num_kv_pairs/accuracy-32=0.557, valid/num_kv_pairs/accuracy-64=0.31
valid/loss=1.66, valid/accuracy=0.694, valid/num_kv_pairs/accuracy-4=0.943, valid/num_kv_pairs/accuracy-8=0.858, valid/num_kv_pairs/accuracy-16=0.769, valid/num_kv_pairs/accuracy-32=0.573, valid/num_kv_pairs/accuracy-64=0.328
valid/loss=1.64, valid/accuracy=0.697, valid/num_kv_pairs/accuracy-4=0.946, valid/num_kv_pairs/accuracy-8=0.859, valid/num_kv_pairs/accuracy-16=0.771, valid/num_kv_pairs/accuracy-32=0.576, valid/num_kv_pairs/accuracy-64=0.332
valid/loss=1.62, valid/accuracy=0.698, valid/num_kv_pairs/accuracy-4=0.943, valid/num_kv_pairs/accuracy-8=0.86, valid/num_kv_pairs/accuracy-16=0.774, valid/num_kv_pairs/accuracy-32=0.579, valid/num_kv_pairs/accuracy-64=0.334
valid/loss=1.6, valid/accuracy=0.7, valid/num_kv_pairs/accuracy-4=0.945, valid/num_kv_pairs/accuracy-8=0.863, valid/num_kv_pairs/accuracy-16=0.774, valid/num_kv_pairs/accuracy-32=0.582, valid/num_kv_pairs/accuracy-64=0.337
srun: forcing job termination
srun: Job step aborted: Waiting up to 32 seconds for job step to finish.
[2026-09-08T16:51:06.494] error: *** STEP 3114752.1 ON gh034 CANCELLED AT 2026-09-08T16:51:06 DUE to SIGNAL Killed ***
srun: error: gh034: task 0: Killed
