    early_stopping_metric='valid/accuracy',
    early_stopping_threshold=0.99,
    run_id='smat_d2_shared_hybrid-dm16-lr3.2e-03'
valid/loss=8.48, valid/accuracy=0.00199, valid/num_kv_pairs/accuracy-4=0.00225, valid/num_kv_pairs/accuracy-8=0.00187, valid/num_kv_pairs/accuracy-16=0.00331, valid/num_kv_pairs/accuracy-32=0.00153, valid/num_kv_pairs/accuracy-64=0.001
valid/loss=6.05, valid/accuracy=0.162, valid/num_kv_pairs/accuracy-4=0.473, valid/num_kv_pairs/accuracy-8=0.232, valid/num_kv_pairs/accuracy-16=0.0795, valid/num_kv_pairs/accuracy-32=0.0204, valid/num_kv_pairs/accuracy-64=0.00639
valid/loss=7.9, valid/accuracy=0.0063, valid/num_kv_pairs/accuracy-4=0.0185, valid/num_kv_pairs/accuracy-8=0.00725, valid/num_kv_pairs/accuracy-16=0.00356, valid/num_kv_pairs/accuracy-32=0.00128, valid/num_kv_pairs/accuracy-64=0.000922
valid/loss=5.22, valid/accuracy=0.283, valid/num_kv_pairs/accuracy-4=0.695, valid/num_kv_pairs/accuracy-8=0.437, valid/num_kv_pairs/accuracy-16=0.208, valid/num_kv_pairs/accuracy-32=0.0604, valid/num_kv_pairs/accuracy-64=0.0156
valid/loss=4.77, valid/accuracy=0.342, valid/num_kv_pairs/accuracy-4=0.793, valid/num_kv_pairs/accuracy-8=0.549, valid/num_kv_pairs/accuracy-16=0.27, valid/num_kv_pairs/accuracy-32=0.0783, valid/num_kv_pairs/accuracy-64=0.0199
valid/loss=4.55, valid/accuracy=0.369, valid/num_kv_pairs/accuracy-4=0.831, valid/num_kv_pairs/accuracy-8=0.604, valid/num_kv_pairs/accuracy-16=0.3, valid/num_kv_pairs/accuracy-32=0.0863, valid/num_kv_pairs/accuracy-64=0.022
valid/loss=4.32, valid/accuracy=0.387, valid/num_kv_pairs/accuracy-4=0.853, valid/num_kv_pairs/accuracy-8=0.645, valid/num_kv_pairs/accuracy-16=0.321, valid/num_kv_pairs/accuracy-32=0.0922, valid/num_kv_pairs/accuracy-64=0.0228
valid/loss=4.63, valid/accuracy=0.354, valid/num_kv_pairs/accuracy-4=0.823, valid/num_kv_pairs/accuracy-8=0.553, valid/num_kv_pairs/accuracy-16=0.283, valid/num_kv_pairs/accuracy-32=0.0897, valid/num_kv_pairs/accuracy-64=0.0238
valid/loss=4.58, valid/accuracy=0.345, valid/num_kv_pairs/accuracy-4=0.808, valid/num_kv_pairs/accuracy-8=0.532, valid/num_kv_pairs/accuracy-16=0.271, valid/num_kv_pairs/accuracy-32=0.0907, valid/num_kv_pairs/accuracy-64=0.0246
valid/loss=4.65, valid/accuracy=0.33, valid/num_kv_pairs/accuracy-4=0.778, valid/num_kv_pairs/accuracy-8=0.491, valid/num_kv_pairs/accuracy-16=0.263, valid/num_kv_pairs/accuracy-32=0.0932, valid/num_kv_pairs/accuracy-64=0.0255
valid/loss=4.63, valid/accuracy=0.33, valid/num_kv_pairs/accuracy-4=0.77, valid/num_kv_pairs/accuracy-8=0.492, valid/num_kv_pairs/accuracy-16=0.263, valid/num_kv_pairs/accuracy-32=0.0978, valid/num_kv_pairs/accuracy-64=0.0262
valid/loss=4.64, valid/accuracy=0.31, valid/num_kv_pairs/accuracy-4=0.724, valid/num_kv_pairs/accuracy-8=0.449, valid/num_kv_pairs/accuracy-16=0.257, valid/num_kv_pairs/accuracy-32=0.0948, valid/num_kv_pairs/accuracy-64=0.0258
valid/loss=4.65, valid/accuracy=0.31, valid/num_kv_pairs/accuracy-4=0.72, valid/num_kv_pairs/accuracy-8=0.452, valid/num_kv_pairs/accuracy-16=0.254, valid/num_kv_pairs/accuracy-32=0.0978, valid/num_kv_pairs/accuracy-64=0.0277
valid/loss=4.63, valid/accuracy=0.322, valid/num_kv_pairs/accuracy-4=0.731, valid/num_kv_pairs/accuracy-8=0.481, valid/num_kv_pairs/accuracy-16=0.271, valid/num_kv_pairs/accuracy-32=0.0995, valid/num_kv_pairs/accuracy-64=0.0276
valid/loss=4.58, valid/accuracy=0.338, valid/num_kv_pairs/accuracy-4=0.767, valid/num_kv_pairs/accuracy-8=0.518, valid/num_kv_pairs/accuracy-16=0.275, valid/num_kv_pairs/accuracy-32=0.101, valid/num_kv_pairs/accuracy-64=0.0271
valid/loss=4.58, valid/accuracy=0.339, valid/num_kv_pairs/accuracy-4=0.771, valid/num_kv_pairs/accuracy-8=0.519, valid/num_kv_pairs/accuracy-16=0.277, valid/num_kv_pairs/accuracy-32=0.101, valid/num_kv_pairs/accuracy-64=0.0277
valid/loss=4.56, valid/accuracy=0.346, valid/num_kv_pairs/accuracy-4=0.783, valid/num_kv_pairs/accuracy-8=0.535, valid/num_kv_pairs/accuracy-16=0.284, valid/num_kv_pairs/accuracy-32=0.101, valid/num_kv_pairs/accuracy-64=0.0277
valid/loss=4.61, valid/accuracy=0.341, valid/num_kv_pairs/accuracy-4=0.773, valid/num_kv_pairs/accuracy-8=0.52, valid/num_kv_pairs/accuracy-16=0.283, valid/num_kv_pairs/accuracy-32=0.1, valid/num_kv_pairs/accuracy-64=0.0267
valid/loss=4.57, valid/accuracy=0.346, valid/num_kv_pairs/accuracy-4=0.781, valid/num_kv_pairs/accuracy-8=0.535, valid/num_kv_pairs/accuracy-16=0.284, valid/num_kv_pairs/accuracy-32=0.102, valid/num_kv_pairs/accuracy-64=0.0269
valid/loss=4.51, valid/accuracy=0.353, valid/num_kv_pairs/accuracy-4=0.8, valid/num_kv_pairs/accuracy-8=0.547, valid/num_kv_pairs/accuracy-16=0.291, valid/num_kv_pairs/accuracy-32=0.102, valid/num_kv_pairs/accuracy-64=0.0271
valid/loss=4.46, valid/accuracy=0.358, valid/num_kv_pairs/accuracy-4=0.811, valid/num_kv_pairs/accuracy-8=0.554, valid/num_kv_pairs/accuracy-16=0.294, valid/num_kv_pairs/accuracy-32=0.104, valid/num_kv_pairs/accuracy-64=0.0275
valid/loss=4.41, valid/accuracy=0.37, valid/num_kv_pairs/accuracy-4=0.836, valid/num_kv_pairs/accuracy-8=0.579, valid/num_kv_pairs/accuracy-16=0.304, valid/num_kv_pairs/accuracy-32=0.105, valid/num_kv_pairs/accuracy-64=0.0278
valid/loss=4.38, valid/accuracy=0.374, valid/num_kv_pairs/accuracy-4=0.84, valid/num_kv_pairs/accuracy-8=0.588, valid/num_kv_pairs/accuracy-16=0.308, valid/num_kv_pairs/accuracy-32=0.106, valid/num_kv_pairs/accuracy-64=0.0275
valid/loss=4.32, valid/accuracy=0.378, valid/num_kv_pairs/accuracy-4=0.844, valid/num_kv_pairs/accuracy-8=0.599, valid/num_kv_pairs/accuracy-16=0.315, valid/num_kv_pairs/accuracy-32=0.105, valid/num_kv_pairs/accuracy-64=0.0283
valid/loss=4.27, valid/accuracy=0.386, valid/num_kv_pairs/accuracy-4=0.855, valid/num_kv_pairs/accuracy-8=0.617, valid/num_kv_pairs/accuracy-16=0.323, valid/num_kv_pairs/accuracy-32=0.107, valid/num_kv_pairs/accuracy-64=0.028
valid/loss=4.2, valid/accuracy=0.393, valid/num_kv_pairs/accuracy-4=0.869, valid/num_kv_pairs/accuracy-8=0.634, valid/num_kv_pairs/accuracy-16=0.33, valid/num_kv_pairs/accuracy-32=0.106, valid/num_kv_pairs/accuracy-64=0.0278
valid/loss=4.12, valid/accuracy=0.403, valid/num_kv_pairs/accuracy-4=0.881, valid/num_kv_pairs/accuracy-8=0.657, valid/num_kv_pairs/accuracy-16=0.343, valid/num_kv_pairs/accuracy-32=0.107, valid/num_kv_pairs/accuracy-64=0.0283
valid/loss=4.01, valid/accuracy=0.413, valid/num_kv_pairs/accuracy-4=0.894, valid/num_kv_pairs/accuracy-8=0.682, valid/num_kv_pairs/accuracy-16=0.354, valid/num_kv_pairs/accuracy-32=0.108, valid/num_kv_pairs/accuracy-64=0.0277
valid/loss=3.9, valid/accuracy=0.423, valid/num_kv_pairs/accuracy-4=0.905, valid/num_kv_pairs/accuracy-8=0.707, valid/num_kv_pairs/accuracy-16=0.366, valid/num_kv_pairs/accuracy-32=0.11, valid/num_kv_pairs/accuracy-64=0.0279
valid/loss=3.79, valid/accuracy=0.433, valid/num_kv_pairs/accuracy-4=0.917, valid/num_kv_pairs/accuracy-8=0.728, valid/num_kv_pairs/accuracy-16=0.381, valid/num_kv_pairs/accuracy-32=0.111, valid/num_kv_pairs/accuracy-64=0.0278
valid/loss=3.67, valid/accuracy=0.442, valid/num_kv_pairs/accuracy-4=0.927, valid/num_kv_pairs/accuracy-8=0.748, valid/num_kv_pairs/accuracy-16=0.396, valid/num_kv_pairs/accuracy-32=0.114, valid/num_kv_pairs/accuracy-64=0.0274
valid/loss=3.54, valid/accuracy=0.45, valid/num_kv_pairs/accuracy-4=0.939, valid/num_kv_pairs/accuracy-8=0.764, valid/num_kv_pairs/accuracy-16=0.405, valid/num_kv_pairs/accuracy-32=0.116, valid/num_kv_pairs/accuracy-64=0.027
    run_id='smat_d2_shared_hybrid-dm16-lr1.0e-03'
valid/loss=8.15, valid/accuracy=0.00356, valid/num_kv_pairs/accuracy-4=0.01, valid/num_kv_pairs/accuracy-8=0.004, valid/num_kv_pairs/accuracy-16=0.00181, valid/num_kv_pairs/accuracy-32=0.00128, valid/num_kv_pairs/accuracy-64=0.000703
valid/loss=8.13, valid/accuracy=0.00374, valid/num_kv_pairs/accuracy-4=0.00825, valid/num_kv_pairs/accuracy-8=0.00462, valid/num_kv_pairs/accuracy-16=0.00294, valid/num_kv_pairs/accuracy-32=0.00206, valid/num_kv_pairs/accuracy-64=0.000828
valid/loss=7.85, valid/accuracy=0.00733, valid/num_kv_pairs/accuracy-4=0.024, valid/num_kv_pairs/accuracy-8=0.00788, valid/num_kv_pairs/accuracy-16=0.00281, valid/num_kv_pairs/accuracy-32=0.00125, valid/num_kv_pairs/accuracy-64=0.000703
valid/loss=8.16, valid/accuracy=0.00266, valid/num_kv_pairs/accuracy-4=0.0035, valid/num_kv_pairs/accuracy-8=0.00375, valid/num_kv_pairs/accuracy-16=0.00356, valid/num_kv_pairs/accuracy-32=0.00166, valid/num_kv_pairs/accuracy-64=0.000828
valid/loss=7.81, valid/accuracy=0.00901, valid/num_kv_pairs/accuracy-4=0.03, valid/num_kv_pairs/accuracy-8=0.0085, valid/num_kv_pairs/accuracy-16=0.0035, valid/num_kv_pairs/accuracy-32=0.002, valid/num_kv_pairs/accuracy-64=0.00103
valid/loss=7.79, valid/accuracy=0.00898, valid/num_kv_pairs/accuracy-4=0.0293, valid/num_kv_pairs/accuracy-8=0.0095, valid/num_kv_pairs/accuracy-16=0.003, valid/num_kv_pairs/accuracy-32=0.00213, valid/num_kv_pairs/accuracy-64=0.00102
valid/loss=7.76, valid/accuracy=0.0082, valid/num_kv_pairs/accuracy-4=0.0272, valid/num_kv_pairs/accuracy-8=0.008, valid/num_kv_pairs/accuracy-16=0.003, valid/num_kv_pairs/accuracy-32=0.00184, valid/num_kv_pairs/accuracy-64=0.000906
valid/loss=7.74, valid/accuracy=0.00874, valid/num_kv_pairs/accuracy-4=0.0293, valid/num_kv_pairs/accuracy-8=0.00775, valid/num_kv_pairs/accuracy-16=0.00363, valid/num_kv_pairs/accuracy-32=0.00219, valid/num_kv_pairs/accuracy-64=0.000906
valid/loss=7.77, valid/accuracy=0.0111, valid/num_kv_pairs/accuracy-4=0.042, valid/num_kv_pairs/accuracy-8=0.00813, valid/num_kv_pairs/accuracy-16=0.00294, valid/num_kv_pairs/accuracy-32=0.00162, valid/num_kv_pairs/accuracy-64=0.000766
valid/loss=7.76, valid/accuracy=0.0274, valid/num_kv_pairs/accuracy-4=0.0865, valid/num_kv_pairs/accuracy-8=0.0309, valid/num_kv_pairs/accuracy-16=0.0124, valid/num_kv_pairs/accuracy-32=0.00516, valid/num_kv_pairs/accuracy-64=0.00191
valid/loss=7.79, valid/accuracy=0.0102, valid/num_kv_pairs/accuracy-4=0.031, valid/num_kv_pairs/accuracy-8=0.0121, valid/num_kv_pairs/accuracy-16=0.004, valid/num_kv_pairs/accuracy-32=0.00256, valid/num_kv_pairs/accuracy-64=0.00125
valid/loss=7.76, valid/accuracy=0.0117, valid/num_kv_pairs/accuracy-4=0.0367, valid/num_kv_pairs/accuracy-8=0.0125, valid/num_kv_pairs/accuracy-16=0.00456, valid/num_kv_pairs/accuracy-32=0.00297, valid/num_kv_pairs/accuracy-64=0.00147
valid/loss=7.8, valid/accuracy=0.0078, valid/num_kv_pairs/accuracy-4=0.0245, valid/num_kv_pairs/accuracy-8=0.008, valid/num_kv_pairs/accuracy-16=0.00369, valid/num_kv_pairs/accuracy-32=0.00184, valid/num_kv_pairs/accuracy-64=0.000953
valid/loss=7.74, valid/accuracy=0.0125, valid/num_kv_pairs/accuracy-4=0.0405, valid/num_kv_pairs/accuracy-8=0.0121, valid/num_kv_pairs/accuracy-16=0.00569, valid/num_kv_pairs/accuracy-32=0.00306, valid/num_kv_pairs/accuracy-64=0.00134
valid/loss=7.76, valid/accuracy=0.00917, valid/num_kv_pairs/accuracy-4=0.03, valid/num_kv_pairs/accuracy-8=0.00925, valid/num_kv_pairs/accuracy-16=0.00356, valid/num_kv_pairs/accuracy-32=0.00191, valid/num_kv_pairs/accuracy-64=0.00114
valid/loss=7.61, valid/accuracy=0.0185, valid/num_kv_pairs/accuracy-4=0.0625, valid/num_kv_pairs/accuracy-8=0.0184, valid/num_kv_pairs/accuracy-16=0.00688, valid/num_kv_pairs/accuracy-32=0.00328, valid/num_kv_pairs/accuracy-64=0.00128
valid/loss=6.43, valid/accuracy=0.142, valid/num_kv_pairs/accuracy-4=0.438, valid/num_kv_pairs/accuracy-8=0.19, valid/num_kv_pairs/accuracy-16=0.0639, valid/num_kv_pairs/accuracy-32=0.015, valid/num_kv_pairs/accuracy-64=0.0042
valid/loss=5.62, valid/accuracy=0.239, valid/num_kv_pairs/accuracy-4=0.607, valid/num_kv_pairs/accuracy-8=0.371, valid/num_kv_pairs/accuracy-16=0.163, valid/num_kv_pairs/accuracy-32=0.0457, valid/num_kv_pairs/accuracy-64=0.00981
valid/loss=5.1, valid/accuracy=0.285, valid/num_kv_pairs/accuracy-4=0.674, valid/num_kv_pairs/accuracy-8=0.438, valid/num_kv_pairs/accuracy-16=0.222, valid/num_kv_pairs/accuracy-32=0.0733, valid/num_kv_pairs/accuracy-64=0.0194
valid/loss=4.76, valid/accuracy=0.321, valid/num_kv_pairs/accuracy-4=0.715, valid/num_kv_pairs/accuracy-8=0.501, valid/num_kv_pairs/accuracy-16=0.27, valid/num_kv_pairs/accuracy-32=0.0927, valid/num_kv_pairs/accuracy-64=0.0237
valid/loss=4.64, valid/accuracy=0.331, valid/num_kv_pairs/accuracy-4=0.726, valid/num_kv_pairs/accuracy-8=0.509, valid/num_kv_pairs/accuracy-16=0.286, valid/num_kv_pairs/accuracy-32=0.104, valid/num_kv_pairs/accuracy-64=0.0285
valid/loss=4.55, valid/accuracy=0.335, valid/num_kv_pairs/accuracy-4=0.731, valid/num_kv_pairs/accuracy-8=0.515, valid/num_kv_pairs/accuracy-16=0.292, valid/num_kv_pairs/accuracy-32=0.11, valid/num_kv_pairs/accuracy-64=0.0296
valid/loss=4.44, valid/accuracy=0.349, valid/num_kv_pairs/accuracy-4=0.742, valid/num_kv_pairs/accuracy-8=0.532, valid/num_kv_pairs/accuracy-16=0.309, valid/num_kv_pairs/accuracy-32=0.125, valid/num_kv_pairs/accuracy-64=0.0362
valid/loss=4.28, valid/accuracy=0.367, valid/num_kv_pairs/accuracy-4=0.761, valid/num_kv_pairs/accuracy-8=0.557, valid/num_kv_pairs/accuracy-16=0.335, valid/num_kv_pairs/accuracy-32=0.141, valid/num_kv_pairs/accuracy-64=0.0421
valid/loss=4.11, valid/accuracy=0.389, valid/num_kv_pairs/accuracy-4=0.782, valid/num_kv_pairs/accuracy-8=0.584, valid/num_kv_pairs/accuracy-16=0.365, valid/num_kv_pairs/accuracy-32=0.161, valid/num_kv_pairs/accuracy-64=0.0503
valid/loss=4.04, valid/accuracy=0.394, valid/num_kv_pairs/accuracy-4=0.785, valid/num_kv_pairs/accuracy-8=0.591, valid/num_kv_pairs/accuracy-16=0.373, valid/num_kv_pairs/accuracy-32=0.165, valid/num_kv_pairs/accuracy-64=0.0537
valid/loss=4.02, valid/accuracy=0.396, valid/num_kv_pairs/accuracy-4=0.79, valid/num_kv_pairs/accuracy-8=0.591, valid/num_kv_pairs/accuracy-16=0.378, valid/num_kv_pairs/accuracy-32=0.167, valid/num_kv_pairs/accuracy-64=0.0543
valid/loss=4, valid/accuracy=0.396, valid/num_kv_pairs/accuracy-4=0.789, valid/num_kv_pairs/accuracy-8=0.593, valid/num_kv_pairs/accuracy-16=0.378, valid/num_kv_pairs/accuracy-32=0.168, valid/num_kv_pairs/accuracy-64=0.0543
valid/loss=3.97, valid/accuracy=0.398, valid/num_kv_pairs/accuracy-4=0.793, valid/num_kv_pairs/accuracy-8=0.595, valid/num_kv_pairs/accuracy-16=0.377, valid/num_kv_pairs/accuracy-32=0.168, valid/num_kv_pairs/accuracy-64=0.0543
valid/loss=3.95, valid/accuracy=0.398, valid/num_kv_pairs/accuracy-4=0.793, valid/num_kv_pairs/accuracy-8=0.597, valid/num_kv_pairs/accuracy-16=0.378, valid/num_kv_pairs/accuracy-32=0.169, valid/num_kv_pairs/accuracy-64=0.0543
valid/loss=3.91, valid/accuracy=0.398, valid/num_kv_pairs/accuracy-4=0.791, valid/num_kv_pairs/accuracy-8=0.596, valid/num_kv_pairs/accuracy-16=0.378, valid/num_kv_pairs/accuracy-32=0.169, valid/num_kv_pairs/accuracy-64=0.0547
valid/loss=3.84, valid/accuracy=0.397, valid/num_kv_pairs/accuracy-4=0.791, valid/num_kv_pairs/accuracy-8=0.592, valid/num_kv_pairs/accuracy-16=0.378, valid/num_kv_pairs/accuracy-32=0.169, valid/num_kv_pairs/accuracy-64=0.0553
