PyTorch 2.11.0 for DeltaAI (CUDA 13.0, Python 3.12)
Includes: transformers, accelerate, datasets, peft, lightning,
          timm, bitsandbytes, diffusers, mpi4py, tensorboard,
          wandb, jupyter, scipy, scikit-learn, opencv, nvitop
New in this build (sm_90 source builds):
  flash-attn, transformer_engine, xformers, apex, mamba-ssm,
  triton, torch-geometric, cupy-cuda13x, tensorrt, flashinfer
Known: transformer_engine and cupy currently fail at import due to
  a cu13 libcublasLt / cython ABI mismatch on this stack — use the
  other attention paths (flash-attn, xformers) and stock torch CUDA
  until an upstream fix lands.

For documentation and examples:
  https://docs.ncsa.illinois.edu/systems/deltaai/

Run setup-kernel prior to launching OOD job.

Quick start (on a compute node):
  module load python/miniforge3_pytorch/2.11.0
  conda activate base
  python -c "import torch; print(torch.cuda.is_available())"

CUDA extensions: CUDA_HOME, nvcc, and CMAKE_PREFIX_PATH come from the
auto-loaded cuda/13.1.1 module.

A conda environment has been detected
CONDA_PREFIX=/sw/user/python/miniforge3-pytorch-2.5.0 
Consider running 'conda deactivate' before loading this module.
CUDA Toolkit 13.1.1 loaded
Includes GPUDirect Storage (GDS) libraries
Requires NVIDIA driver 590+
Using gcc-native/14 (default in Cray PE 25.09)
host: gh061.hsn.cm.delta.internal.ncsa.edu   started: Wed Sep  9 01:35:47 AM CDT 2026
name, memory.total [MiB], driver_version
NVIDIA GH200 120GB, 97871 MiB, 595.71.05
NVIDIA GH200 120GB, 97871 MiB, 595.71.05
NVIDIA GH200 120GB, 97871 MiB, 595.71.05
NVIDIA GH200 120GB, 97871 MiB, 595.71.05
torch 2.11.0+cu130 cuda True
triton 3.5.1

GPU 0: NVIDIA GH200 120GB (UUID: GPU-d076916c-7872-1811-dd2e-f074fe5693bf)
GPU 1: NVIDIA GH200 120GB (UUID: GPU-7da4881e-6b00-d83a-ca6c-b48e345bb5e6)
GPU 2: NVIDIA GH200 120GB (UUID: GPU-a91877b0-a3dc-bb16-8e63-031be66ca3e4)
GPU 3: NVIDIA GH200 120GB (UUID: GPU-71e2b678-2c3a-b770-b481-d251ceb7fb02)
launched 24 runs over 4 GPUs: Wed Sep  9 01:36:43 AM CDT 2026
done: Wed Sep  9 02:04:03 AM CDT 2026
