    early_stopping_metric='valid/accuracy',
    early_stopping_threshold=0.99,
    run_id='smat_d1_mr3_hd16_ds16_sig_delta_cread_m2blk_s3-dm32-lr1.0e-02'
valid/loss=3.78, valid/accuracy=0.412, valid/num_kv_pairs/accuracy-4=0.775, valid/num_kv_pairs/accuracy-8=0.612, valid/num_kv_pairs/accuracy-16=0.391, valid/num_kv_pairs/accuracy-32=0.203, valid/num_kv_pairs/accuracy-64=0.0782
valid/loss=2.45, valid/accuracy=0.553, valid/num_kv_pairs/accuracy-4=0.908, valid/num_kv_pairs/accuracy-8=0.803, valid/num_kv_pairs/accuracy-16=0.609, valid/num_kv_pairs/accuracy-32=0.333, valid/num_kv_pairs/accuracy-64=0.11
valid/loss=2.18, valid/accuracy=0.599, valid/num_kv_pairs/accuracy-4=0.914, valid/num_kv_pairs/accuracy-8=0.842, valid/num_kv_pairs/accuracy-16=0.684, valid/num_kv_pairs/accuracy-32=0.408, valid/num_kv_pairs/accuracy-64=0.147
valid/loss=2.03, valid/accuracy=0.616, valid/num_kv_pairs/accuracy-4=0.931, valid/num_kv_pairs/accuracy-8=0.861, valid/num_kv_pairs/accuracy-16=0.706, valid/num_kv_pairs/accuracy-32=0.428, valid/num_kv_pairs/accuracy-64=0.154
valid/loss=2, valid/accuracy=0.625, valid/num_kv_pairs/accuracy-4=0.94, valid/num_kv_pairs/accuracy-8=0.881, valid/num_kv_pairs/accuracy-16=0.716, valid/num_kv_pairs/accuracy-32=0.433, valid/num_kv_pairs/accuracy-64=0.155
valid/loss=1.96, valid/accuracy=0.631, valid/num_kv_pairs/accuracy-4=0.948, valid/num_kv_pairs/accuracy-8=0.89, valid/num_kv_pairs/accuracy-16=0.724, valid/num_kv_pairs/accuracy-32=0.441, valid/num_kv_pairs/accuracy-64=0.154
valid/loss=1.86, valid/accuracy=0.648, valid/num_kv_pairs/accuracy-4=0.953, valid/num_kv_pairs/accuracy-8=0.894, valid/num_kv_pairs/accuracy-16=0.751, valid/num_kv_pairs/accuracy-32=0.467, valid/num_kv_pairs/accuracy-64=0.177
valid/loss=1.83, valid/accuracy=0.655, valid/num_kv_pairs/accuracy-4=0.961, valid/num_kv_pairs/accuracy-8=0.907, valid/num_kv_pairs/accuracy-16=0.76, valid/num_kv_pairs/accuracy-32=0.473, valid/num_kv_pairs/accuracy-64=0.173
valid/loss=1.86, valid/accuracy=0.654, valid/num_kv_pairs/accuracy-4=0.95, valid/num_kv_pairs/accuracy-8=0.908, valid/num_kv_pairs/accuracy-16=0.763, valid/num_kv_pairs/accuracy-32=0.478, valid/num_kv_pairs/accuracy-64=0.17
valid/loss=1.84, valid/accuracy=0.654, valid/num_kv_pairs/accuracy-4=0.955, valid/num_kv_pairs/accuracy-8=0.908, valid/num_kv_pairs/accuracy-16=0.765, valid/num_kv_pairs/accuracy-32=0.471, valid/num_kv_pairs/accuracy-64=0.17
valid/loss=1.8, valid/accuracy=0.661, valid/num_kv_pairs/accuracy-4=0.968, valid/num_kv_pairs/accuracy-8=0.919, valid/num_kv_pairs/accuracy-16=0.773, valid/num_kv_pairs/accuracy-32=0.477, valid/num_kv_pairs/accuracy-64=0.17
valid/loss=1.77, valid/accuracy=0.669, valid/num_kv_pairs/accuracy-4=0.971, valid/num_kv_pairs/accuracy-8=0.928, valid/num_kv_pairs/accuracy-16=0.79, valid/num_kv_pairs/accuracy-32=0.487, valid/num_kv_pairs/accuracy-64=0.17
valid/loss=1.75, valid/accuracy=0.676, valid/num_kv_pairs/accuracy-4=0.976, valid/num_kv_pairs/accuracy-8=0.939, valid/num_kv_pairs/accuracy-16=0.802, valid/num_kv_pairs/accuracy-32=0.493, valid/num_kv_pairs/accuracy-64=0.172
valid/loss=1.75, valid/accuracy=0.677, valid/num_kv_pairs/accuracy-4=0.974, valid/num_kv_pairs/accuracy-8=0.943, valid/num_kv_pairs/accuracy-16=0.804, valid/num_kv_pairs/accuracy-32=0.494, valid/num_kv_pairs/accuracy-64=0.172
valid/loss=1.75, valid/accuracy=0.679, valid/num_kv_pairs/accuracy-4=0.972, valid/num_kv_pairs/accuracy-8=0.942, valid/num_kv_pairs/accuracy-16=0.814, valid/num_kv_pairs/accuracy-32=0.497, valid/num_kv_pairs/accuracy-64=0.17
valid/loss=1.75, valid/accuracy=0.677, valid/num_kv_pairs/accuracy-4=0.969, valid/num_kv_pairs/accuracy-8=0.943, valid/num_kv_pairs/accuracy-16=0.807, valid/num_kv_pairs/accuracy-32=0.495, valid/num_kv_pairs/accuracy-64=0.171
valid/loss=1.73, valid/accuracy=0.68, valid/num_kv_pairs/accuracy-4=0.971, valid/num_kv_pairs/accuracy-8=0.95, valid/num_kv_pairs/accuracy-16=0.815, valid/num_kv_pairs/accuracy-32=0.496, valid/num_kv_pairs/accuracy-64=0.17
valid/loss=1.71, valid/accuracy=0.683, valid/num_kv_pairs/accuracy-4=0.976, valid/num_kv_pairs/accuracy-8=0.952, valid/num_kv_pairs/accuracy-16=0.816, valid/num_kv_pairs/accuracy-32=0.502, valid/num_kv_pairs/accuracy-64=0.169
valid/loss=1.7, valid/accuracy=0.684, valid/num_kv_pairs/accuracy-4=0.978, valid/num_kv_pairs/accuracy-8=0.951, valid/num_kv_pairs/accuracy-16=0.819, valid/num_kv_pairs/accuracy-32=0.504, valid/num_kv_pairs/accuracy-64=0.171
valid/loss=1.69, valid/accuracy=0.687, valid/num_kv_pairs/accuracy-4=0.975, valid/num_kv_pairs/accuracy-8=0.954, valid/num_kv_pairs/accuracy-16=0.824, valid/num_kv_pairs/accuracy-32=0.509, valid/num_kv_pairs/accuracy-64=0.172
valid/loss=1.68, valid/accuracy=0.689, valid/num_kv_pairs/accuracy-4=0.977, valid/num_kv_pairs/accuracy-8=0.955, valid/num_kv_pairs/accuracy-16=0.83, valid/num_kv_pairs/accuracy-32=0.511, valid/num_kv_pairs/accuracy-64=0.174
valid/loss=1.67, valid/accuracy=0.69, valid/num_kv_pairs/accuracy-4=0.977, valid/num_kv_pairs/accuracy-8=0.958, valid/num_kv_pairs/accuracy-16=0.833, valid/num_kv_pairs/accuracy-32=0.511, valid/num_kv_pairs/accuracy-64=0.173
valid/loss=1.67, valid/accuracy=0.692, valid/num_kv_pairs/accuracy-4=0.979, valid/num_kv_pairs/accuracy-8=0.961, valid/num_kv_pairs/accuracy-16=0.837, valid/num_kv_pairs/accuracy-32=0.512, valid/num_kv_pairs/accuracy-64=0.171
valid/loss=1.66, valid/accuracy=0.692, valid/num_kv_pairs/accuracy-4=0.979, valid/num_kv_pairs/accuracy-8=0.962, valid/num_kv_pairs/accuracy-16=0.837, valid/num_kv_pairs/accuracy-32=0.516, valid/num_kv_pairs/accuracy-64=0.169
valid/loss=1.65, valid/accuracy=0.695, valid/num_kv_pairs/accuracy-4=0.979, valid/num_kv_pairs/accuracy-8=0.966, valid/num_kv_pairs/accuracy-16=0.843, valid/num_kv_pairs/accuracy-32=0.519, valid/num_kv_pairs/accuracy-64=0.169
valid/loss=1.65, valid/accuracy=0.697, valid/num_kv_pairs/accuracy-4=0.979, valid/num_kv_pairs/accuracy-8=0.968, valid/num_kv_pairs/accuracy-16=0.844, valid/num_kv_pairs/accuracy-32=0.521, valid/num_kv_pairs/accuracy-64=0.171
valid/loss=1.64, valid/accuracy=0.698, valid/num_kv_pairs/accuracy-4=0.981, valid/num_kv_pairs/accuracy-8=0.968, valid/num_kv_pairs/accuracy-16=0.847, valid/num_kv_pairs/accuracy-32=0.525, valid/num_kv_pairs/accuracy-64=0.171
valid/loss=1.62, valid/accuracy=0.7, valid/num_kv_pairs/accuracy-4=0.983, valid/num_kv_pairs/accuracy-8=0.971, valid/num_kv_pairs/accuracy-16=0.854, valid/num_kv_pairs/accuracy-32=0.524, valid/num_kv_pairs/accuracy-64=0.169
valid/loss=1.61, valid/accuracy=0.702, valid/num_kv_pairs/accuracy-4=0.985, valid/num_kv_pairs/accuracy-8=0.973, valid/num_kv_pairs/accuracy-16=0.858, valid/num_kv_pairs/accuracy-32=0.526, valid/num_kv_pairs/accuracy-64=0.169
valid/loss=1.6, valid/accuracy=0.704, valid/num_kv_pairs/accuracy-4=0.988, valid/num_kv_pairs/accuracy-8=0.975, valid/num_kv_pairs/accuracy-16=0.862, valid/num_kv_pairs/accuracy-32=0.529, valid/num_kv_pairs/accuracy-64=0.167
valid/loss=1.59, valid/accuracy=0.705, valid/num_kv_pairs/accuracy-4=0.989, valid/num_kv_pairs/accuracy-8=0.976, valid/num_kv_pairs/accuracy-16=0.866, valid/num_kv_pairs/accuracy-32=0.529, valid/num_kv_pairs/accuracy-64=0.167
valid/loss=1.57, valid/accuracy=0.708, valid/num_kv_pairs/accuracy-4=0.992, valid/num_kv_pairs/accuracy-8=0.98, valid/num_kv_pairs/accuracy-16=0.873, valid/num_kv_pairs/accuracy-32=0.53, valid/num_kv_pairs/accuracy-64=0.165
