    early_stopping_metric='valid/accuracy',
    early_stopping_threshold=0.99,
    run_id='smat_d2_mr3_hd4_decay_m2blk-dm16-lr1.0e-02'
Traceback (most recent call last):
RuntimeError: one of the variables needed for gradient computation has been modified by an inplace operation: [torch.cuda.FloatTensor [256, 8, 32, 128]], which is output 0 of AsStridedBackward0, is at version 1; expected version 0 instead. Hint: enable anomaly detection to find the operation that failed to compute its gradient, with torch.autograd.set_detect_anomaly(True, check_nan=False).
    run_id='smat_d2_mr3_hd8_m2blk-dm16-lr1.0e-02'
valid/loss=1.97, valid/accuracy=0.688, valid/num_kv_pairs/accuracy-4=0.931, valid/num_kv_pairs/accuracy-8=0.871, valid/num_kv_pairs/accuracy-16=0.762, valid/num_kv_pairs/accuracy-32=0.561, valid/num_kv_pairs/accuracy-64=0.314
valid/loss=1.2, valid/accuracy=0.79, valid/num_kv_pairs/accuracy-4=0.971, valid/num_kv_pairs/accuracy-8=0.933, valid/num_kv_pairs/accuracy-16=0.862, valid/num_kv_pairs/accuracy-32=0.711, valid/num_kv_pairs/accuracy-64=0.472
valid/loss=0.947, valid/accuracy=0.83, valid/num_kv_pairs/accuracy-4=0.979, valid/num_kv_pairs/accuracy-8=0.953, valid/num_kv_pairs/accuracy-16=0.906, valid/num_kv_pairs/accuracy-32=0.776, valid/num_kv_pairs/accuracy-64=0.535
valid/loss=0.836, valid/accuracy=0.844, valid/num_kv_pairs/accuracy-4=0.981, valid/num_kv_pairs/accuracy-8=0.961, valid/num_kv_pairs/accuracy-16=0.92, valid/num_kv_pairs/accuracy-32=0.802, valid/num_kv_pairs/accuracy-64=0.556
valid/loss=0.814, valid/accuracy=0.847, valid/num_kv_pairs/accuracy-4=0.969, valid/num_kv_pairs/accuracy-8=0.962, valid/num_kv_pairs/accuracy-16=0.923, valid/num_kv_pairs/accuracy-32=0.815, valid/num_kv_pairs/accuracy-64=0.565
valid/loss=0.757, valid/accuracy=0.855, valid/num_kv_pairs/accuracy-4=0.985, valid/num_kv_pairs/accuracy-8=0.965, valid/num_kv_pairs/accuracy-16=0.93, valid/num_kv_pairs/accuracy-32=0.82, valid/num_kv_pairs/accuracy-64=0.575
valid/loss=0.761, valid/accuracy=0.854, valid/num_kv_pairs/accuracy-4=0.975, valid/num_kv_pairs/accuracy-8=0.965, valid/num_kv_pairs/accuracy-16=0.931, valid/num_kv_pairs/accuracy-32=0.827, valid/num_kv_pairs/accuracy-64=0.573
valid/loss=0.726, valid/accuracy=0.858, valid/num_kv_pairs/accuracy-4=0.981, valid/num_kv_pairs/accuracy-8=0.97, valid/num_kv_pairs/accuracy-16=0.934, valid/num_kv_pairs/accuracy-32=0.83, valid/num_kv_pairs/accuracy-64=0.572
valid/loss=0.7, valid/accuracy=0.861, valid/num_kv_pairs/accuracy-4=0.985, valid/num_kv_pairs/accuracy-8=0.977, valid/num_kv_pairs/accuracy-16=0.941, valid/num_kv_pairs/accuracy-32=0.831, valid/num_kv_pairs/accuracy-64=0.57
valid/loss=0.744, valid/accuracy=0.856, valid/num_kv_pairs/accuracy-4=0.981, valid/num_kv_pairs/accuracy-8=0.972, valid/num_kv_pairs/accuracy-16=0.929, valid/num_kv_pairs/accuracy-32=0.82, valid/num_kv_pairs/accuracy-64=0.579
valid/loss=0.916, valid/accuracy=0.834, valid/num_kv_pairs/accuracy-4=0.892, valid/num_kv_pairs/accuracy-8=0.944, valid/num_kv_pairs/accuracy-16=0.924, valid/num_kv_pairs/accuracy-32=0.831, valid/num_kv_pairs/accuracy-64=0.578
valid/loss=0.703, valid/accuracy=0.861, valid/num_kv_pairs/accuracy-4=0.985, valid/num_kv_pairs/accuracy-8=0.976, valid/num_kv_pairs/accuracy-16=0.943, valid/num_kv_pairs/accuracy-32=0.833, valid/num_kv_pairs/accuracy-64=0.565
valid/loss=0.687, valid/accuracy=0.862, valid/num_kv_pairs/accuracy-4=0.987, valid/num_kv_pairs/accuracy-8=0.976, valid/num_kv_pairs/accuracy-16=0.943, valid/num_kv_pairs/accuracy-32=0.838, valid/num_kv_pairs/accuracy-64=0.566
valid/loss=0.684, valid/accuracy=0.863, valid/num_kv_pairs/accuracy-4=0.992, valid/num_kv_pairs/accuracy-8=0.976, valid/num_kv_pairs/accuracy-16=0.944, valid/num_kv_pairs/accuracy-32=0.837, valid/num_kv_pairs/accuracy-64=0.568
valid/loss=0.676, valid/accuracy=0.863, valid/num_kv_pairs/accuracy-4=0.989, valid/num_kv_pairs/accuracy-8=0.974, valid/num_kv_pairs/accuracy-16=0.949, valid/num_kv_pairs/accuracy-32=0.838, valid/num_kv_pairs/accuracy-64=0.563
valid/loss=0.684, valid/accuracy=0.863, valid/num_kv_pairs/accuracy-4=0.991, valid/num_kv_pairs/accuracy-8=0.974, valid/num_kv_pairs/accuracy-16=0.947, valid/num_kv_pairs/accuracy-32=0.837, valid/num_kv_pairs/accuracy-64=0.566
valid/loss=0.726, valid/accuracy=0.86, valid/num_kv_pairs/accuracy-4=0.977, valid/num_kv_pairs/accuracy-8=0.974, valid/num_kv_pairs/accuracy-16=0.939, valid/num_kv_pairs/accuracy-32=0.837, valid/num_kv_pairs/accuracy-64=0.575
valid/loss=0.663, valid/accuracy=0.865, valid/num_kv_pairs/accuracy-4=0.989, valid/num_kv_pairs/accuracy-8=0.978, valid/num_kv_pairs/accuracy-16=0.954, valid/num_kv_pairs/accuracy-32=0.842, valid/num_kv_pairs/accuracy-64=0.561
valid/loss=0.659, valid/accuracy=0.865, valid/num_kv_pairs/accuracy-4=0.986, valid/num_kv_pairs/accuracy-8=0.98, valid/num_kv_pairs/accuracy-16=0.952, valid/num_kv_pairs/accuracy-32=0.841, valid/num_kv_pairs/accuracy-64=0.565
valid/loss=0.645, valid/accuracy=0.868, valid/num_kv_pairs/accuracy-4=0.99, valid/num_kv_pairs/accuracy-8=0.982, valid/num_kv_pairs/accuracy-16=0.959, valid/num_kv_pairs/accuracy-32=0.845, valid/num_kv_pairs/accuracy-64=0.561
valid/loss=0.663, valid/accuracy=0.866, valid/num_kv_pairs/accuracy-4=0.987, valid/num_kv_pairs/accuracy-8=0.979, valid/num_kv_pairs/accuracy-16=0.954, valid/num_kv_pairs/accuracy-32=0.843, valid/num_kv_pairs/accuracy-64=0.566
valid/loss=0.634, valid/accuracy=0.868, valid/num_kv_pairs/accuracy-4=0.988, valid/num_kv_pairs/accuracy-8=0.983, valid/num_kv_pairs/accuracy-16=0.961, valid/num_kv_pairs/accuracy-32=0.853, valid/num_kv_pairs/accuracy-64=0.557
valid/loss=0.626, valid/accuracy=0.87, valid/num_kv_pairs/accuracy-4=0.988, valid/num_kv_pairs/accuracy-8=0.986, valid/num_kv_pairs/accuracy-16=0.962, valid/num_kv_pairs/accuracy-32=0.856, valid/num_kv_pairs/accuracy-64=0.556
valid/loss=0.614, valid/accuracy=0.871, valid/num_kv_pairs/accuracy-4=0.99, valid/num_kv_pairs/accuracy-8=0.988, valid/num_kv_pairs/accuracy-16=0.964, valid/num_kv_pairs/accuracy-32=0.86, valid/num_kv_pairs/accuracy-64=0.554
valid/loss=0.605, valid/accuracy=0.872, valid/num_kv_pairs/accuracy-4=0.99, valid/num_kv_pairs/accuracy-8=0.988, valid/num_kv_pairs/accuracy-16=0.966, valid/num_kv_pairs/accuracy-32=0.864, valid/num_kv_pairs/accuracy-64=0.556
valid/loss=0.603, valid/accuracy=0.873, valid/num_kv_pairs/accuracy-4=0.989, valid/num_kv_pairs/accuracy-8=0.989, valid/num_kv_pairs/accuracy-16=0.968, valid/num_kv_pairs/accuracy-32=0.867, valid/num_kv_pairs/accuracy-64=0.553
valid/loss=0.594, valid/accuracy=0.875, valid/num_kv_pairs/accuracy-4=0.989, valid/num_kv_pairs/accuracy-8=0.99, valid/num_kv_pairs/accuracy-16=0.971, valid/num_kv_pairs/accuracy-32=0.87, valid/num_kv_pairs/accuracy-64=0.553
valid/loss=0.585, valid/accuracy=0.876, valid/num_kv_pairs/accuracy-4=0.991, valid/num_kv_pairs/accuracy-8=0.992, valid/num_kv_pairs/accuracy-16=0.973, valid/num_kv_pairs/accuracy-32=0.874, valid/num_kv_pairs/accuracy-64=0.553
valid/loss=0.576, valid/accuracy=0.877, valid/num_kv_pairs/accuracy-4=0.992, valid/num_kv_pairs/accuracy-8=0.993, valid/num_kv_pairs/accuracy-16=0.974, valid/num_kv_pairs/accuracy-32=0.877, valid/num_kv_pairs/accuracy-64=0.552
valid/loss=0.568, valid/accuracy=0.879, valid/num_kv_pairs/accuracy-4=0.993, valid/num_kv_pairs/accuracy-8=0.994, valid/num_kv_pairs/accuracy-16=0.975, valid/num_kv_pairs/accuracy-32=0.879, valid/num_kv_pairs/accuracy-64=0.554
valid/loss=0.562, valid/accuracy=0.88, valid/num_kv_pairs/accuracy-4=0.994, valid/num_kv_pairs/accuracy-8=0.994, valid/num_kv_pairs/accuracy-16=0.976, valid/num_kv_pairs/accuracy-32=0.88, valid/num_kv_pairs/accuracy-64=0.555
valid/loss=0.558, valid/accuracy=0.88, valid/num_kv_pairs/accuracy-4=0.994, valid/num_kv_pairs/accuracy-8=0.995, valid/num_kv_pairs/accuracy-16=0.976, valid/num_kv_pairs/accuracy-32=0.88, valid/num_kv_pairs/accuracy-64=0.555
