    early_stopping_metric='valid/accuracy',
    early_stopping_threshold=0.99,
    run_id='smat_d3_mr3_hd16_ds16_sig_delta_cread_m2blk_s4-dm64-lr1.0e-02'
valid/loss=1.71, valid/accuracy=0.776, valid/num_kv_pairs/accuracy-4=0.847, valid/num_kv_pairs/accuracy-8=0.844, valid/num_kv_pairs/accuracy-16=0.755, valid/num_kv_pairs/accuracy-32=0.795, valid/num_kv_pairs/accuracy-64=0.64
valid/loss=0.791, valid/accuracy=0.879, valid/num_kv_pairs/accuracy-4=0.972, valid/num_kv_pairs/accuracy-8=0.945, valid/num_kv_pairs/accuracy-16=0.843, valid/num_kv_pairs/accuracy-32=0.879, valid/num_kv_pairs/accuracy-64=0.754
valid/loss=0.811, valid/accuracy=0.875, valid/num_kv_pairs/accuracy-4=0.929, valid/num_kv_pairs/accuracy-8=0.903, valid/num_kv_pairs/accuracy-16=0.844, valid/num_kv_pairs/accuracy-32=0.895, valid/num_kv_pairs/accuracy-64=0.805
valid/loss=0.552, valid/accuracy=0.912, valid/num_kv_pairs/accuracy-4=0.959, valid/num_kv_pairs/accuracy-8=0.948, valid/num_kv_pairs/accuracy-16=0.877, valid/num_kv_pairs/accuracy-32=0.922, valid/num_kv_pairs/accuracy-64=0.852
valid/loss=0.484, valid/accuracy=0.922, valid/num_kv_pairs/accuracy-4=0.985, valid/num_kv_pairs/accuracy-8=0.969, valid/num_kv_pairs/accuracy-16=0.876, valid/num_kv_pairs/accuracy-32=0.924, valid/num_kv_pairs/accuracy-64=0.855
valid/loss=0.668, valid/accuracy=0.918, valid/num_kv_pairs/accuracy-4=0.922, valid/num_kv_pairs/accuracy-8=0.935, valid/num_kv_pairs/accuracy-16=0.884, valid/num_kv_pairs/accuracy-32=0.94, valid/num_kv_pairs/accuracy-64=0.911
valid/loss=0.657, valid/accuracy=0.911, valid/num_kv_pairs/accuracy-4=0.905, valid/num_kv_pairs/accuracy-8=0.914, valid/num_kv_pairs/accuracy-16=0.885, valid/num_kv_pairs/accuracy-32=0.941, valid/num_kv_pairs/accuracy-64=0.909
valid/loss=0.699, valid/accuracy=0.9, valid/num_kv_pairs/accuracy-4=0.867, valid/num_kv_pairs/accuracy-8=0.889, valid/num_kv_pairs/accuracy-16=0.886, valid/num_kv_pairs/accuracy-32=0.943, valid/num_kv_pairs/accuracy-64=0.916
valid/loss=0.558, valid/accuracy=0.929, valid/num_kv_pairs/accuracy-4=0.948, valid/num_kv_pairs/accuracy-8=0.961, valid/num_kv_pairs/accuracy-16=0.884, valid/num_kv_pairs/accuracy-32=0.94, valid/num_kv_pairs/accuracy-64=0.913
valid/loss=0.534, valid/accuracy=0.932, valid/num_kv_pairs/accuracy-4=0.961, valid/num_kv_pairs/accuracy-8=0.96, valid/num_kv_pairs/accuracy-16=0.887, valid/num_kv_pairs/accuracy-32=0.943, valid/num_kv_pairs/accuracy-64=0.909
valid/loss=0.531, valid/accuracy=0.933, valid/num_kv_pairs/accuracy-4=0.96, valid/num_kv_pairs/accuracy-8=0.966, valid/num_kv_pairs/accuracy-16=0.885, valid/num_kv_pairs/accuracy-32=0.941, valid/num_kv_pairs/accuracy-64=0.913
valid/loss=0.522, valid/accuracy=0.933, valid/num_kv_pairs/accuracy-4=0.965, valid/num_kv_pairs/accuracy-8=0.963, valid/num_kv_pairs/accuracy-16=0.889, valid/num_kv_pairs/accuracy-32=0.943, valid/num_kv_pairs/accuracy-64=0.903
valid/loss=0.592, valid/accuracy=0.921, valid/num_kv_pairs/accuracy-4=0.943, valid/num_kv_pairs/accuracy-8=0.928, valid/num_kv_pairs/accuracy-16=0.891, valid/num_kv_pairs/accuracy-32=0.942, valid/num_kv_pairs/accuracy-64=0.903
valid/loss=0.638, valid/accuracy=0.913, valid/num_kv_pairs/accuracy-4=0.905, valid/num_kv_pairs/accuracy-8=0.92, valid/num_kv_pairs/accuracy-16=0.886, valid/num_kv_pairs/accuracy-32=0.944, valid/num_kv_pairs/accuracy-64=0.911
valid/loss=0.627, valid/accuracy=0.91, valid/num_kv_pairs/accuracy-4=0.904, valid/num_kv_pairs/accuracy-8=0.911, valid/num_kv_pairs/accuracy-16=0.887, valid/num_kv_pairs/accuracy-32=0.942, valid/num_kv_pairs/accuracy-64=0.907
Valid Epoch 15/32:   0%|          | 0/160 [00:00<?, ?it/s, acc=-, loss=-]Valid Epoch 15/32:   6%|▌         | 9/160 [00:00<00:01, 86.62it/s, acc=-, loss=-]Valid Epoch 15/32:  11%|█▏        | 18/160 [00:00<00:01, 87.26it/s, acc=-, loss=-]Valid Epoch 15/32:  17%|█▋        | 27/160 [00:00<00:01, 87.56it/s, acc=-, loss=-]Valid Epoch 15/32:  23%|██▎       | 37/160 [00:00<00:01, 89.17it/s, acc=-, loss=-]Valid Epoch 15/32:  29%|██▉       | 46/160 [00:00<00:01, 88.71it/s, acc=-, loss=-]Valid Epoch 15/32:  34%|███▍      | 55/160 [00:00<00:01, 88.61it/s, acc=-, loss=-]Valid Epoch 15/32:  41%|████      | 65/160 [00:00<00:01, 90.88it/s, acc=-, loss=-]Valid Epoch 15/32:  47%|████▋     | 75/160 [00:00<00:00, 89.23it/s, acc=-, loss=-]Valid Epoch 15/32:  53%|█████▎    | 85/160 [00:00<00:00, 90.43it/s, acc=-, loss=-]Valid Epoch 15/32:  59%|█████▉    | 95/160 [00:01<00:00, 92.19it/s, acc=-, loss=-]Valid Epoch 15/32:  68%|██████▊   | 108/160 [00:01<00:00, 101.66it/s, acc=-, loss=-]Valid Epoch 15/32:  76%|███████▌  | 121/160 [00:01<00:00, 107.93it/s, acc=-, loss=-]Valid Epoch 15/32:  84%|████████▍ | 134/160 [00:01<00:00, 111.81it/s, acc=-, loss=-]Valid Epoch 15/32:  91%|█████████▏| 146/160 [00:01<00:00, 112.81it/s, acc=-, loss=-]Valid Epoch 15/32:  99%|█████████▉| 158/160 [00:01<00:00, 113.49it/s, acc=-, loss=-]Valid Epoch 15/32: 100%|██████████| 160/160 [00:01<00:00, 113.49it/s, valid/loss=0.608, valid/accuracy=0.916, valid/num_kv_pairs/accuracy-4=0.921, valid/num_kv_pairs/accuracy-8=0.92, valid/num_kv_pairs/accuracy-16=0.891, valid/num_kv_pairs/accuracy-32=0.943, valid/num_kv_pairs/accuracy-64=0.905]Valid Epoch 15/32: 100%|██████████| 160/160 [00:01<00:00, 99.67it/s, valid/loss=0.608, valid/accuracy=0.916, valid/num_kv_pairs/accuracy-4=0.921, valid/num_kv_pairs/accuracy-8=0.92, valid/num_kv_pairs/accuracy-16=0.891, valid/num_kv_pairs/accuracy-32=0.943, valid/num_kv_pairs/accuracy-64=0.905] 
valid/loss=0.599, valid/accuracy=0.919, valid/num_kv_pairs/accuracy-4=0.921, valid/num_kv_pairs/accuracy-8=0.927, valid/num_kv_pairs/accuracy-16=0.891, valid/num_kv_pairs/accuracy-32=0.945, valid/num_kv_pairs/accuracy-64=0.911
valid/loss=0.616, valid/accuracy=0.917, valid/num_kv_pairs/accuracy-4=0.918, valid/num_kv_pairs/accuracy-8=0.927, valid/num_kv_pairs/accuracy-16=0.885, valid/num_kv_pairs/accuracy-32=0.944, valid/num_kv_pairs/accuracy-64=0.91
valid/loss=0.653, valid/accuracy=0.91, valid/num_kv_pairs/accuracy-4=0.897, valid/num_kv_pairs/accuracy-8=0.909, valid/num_kv_pairs/accuracy-16=0.888, valid/num_kv_pairs/accuracy-32=0.946, valid/num_kv_pairs/accuracy-64=0.911
valid/loss=0.562, valid/accuracy=0.93, valid/num_kv_pairs/accuracy-4=0.949, valid/num_kv_pairs/accuracy-8=0.956, valid/num_kv_pairs/accuracy-16=0.89, valid/num_kv_pairs/accuracy-32=0.945, valid/num_kv_pairs/accuracy-64=0.912
valid/loss=0.559, valid/accuracy=0.934, valid/num_kv_pairs/accuracy-4=0.961, valid/num_kv_pairs/accuracy-8=0.959, valid/num_kv_pairs/accuracy-16=0.89, valid/num_kv_pairs/accuracy-32=0.946, valid/num_kv_pairs/accuracy-64=0.912
valid/loss=0.52, valid/accuracy=0.939, valid/num_kv_pairs/accuracy-4=0.973, valid/num_kv_pairs/accuracy-8=0.973, valid/num_kv_pairs/accuracy-16=0.891, valid/num_kv_pairs/accuracy-32=0.947, valid/num_kv_pairs/accuracy-64=0.913
valid/loss=0.509, valid/accuracy=0.942, valid/num_kv_pairs/accuracy-4=0.979, valid/num_kv_pairs/accuracy-8=0.977, valid/num_kv_pairs/accuracy-16=0.892, valid/num_kv_pairs/accuracy-32=0.948, valid/num_kv_pairs/accuracy-64=0.913
valid/loss=0.509, valid/accuracy=0.944, valid/num_kv_pairs/accuracy-4=0.985, valid/num_kv_pairs/accuracy-8=0.983, valid/num_kv_pairs/accuracy-16=0.891, valid/num_kv_pairs/accuracy-32=0.947, valid/num_kv_pairs/accuracy-64=0.914
valid/loss=0.489, valid/accuracy=0.946, valid/num_kv_pairs/accuracy-4=0.99, valid/num_kv_pairs/accuracy-8=0.985, valid/num_kv_pairs/accuracy-16=0.892, valid/num_kv_pairs/accuracy-32=0.949, valid/num_kv_pairs/accuracy-64=0.914
valid/loss=0.484, valid/accuracy=0.947, valid/num_kv_pairs/accuracy-4=0.991, valid/num_kv_pairs/accuracy-8=0.988, valid/num_kv_pairs/accuracy-16=0.893, valid/num_kv_pairs/accuracy-32=0.949, valid/num_kv_pairs/accuracy-64=0.915
valid/loss=0.483, valid/accuracy=0.947, valid/num_kv_pairs/accuracy-4=0.991, valid/num_kv_pairs/accuracy-8=0.989, valid/num_kv_pairs/accuracy-16=0.892, valid/num_kv_pairs/accuracy-32=0.949, valid/num_kv_pairs/accuracy-64=0.915
valid/loss=0.477, valid/accuracy=0.947, valid/num_kv_pairs/accuracy-4=0.992, valid/num_kv_pairs/accuracy-8=0.988, valid/num_kv_pairs/accuracy-16=0.893, valid/num_kv_pairs/accuracy-32=0.95, valid/num_kv_pairs/accuracy-64=0.915
valid/loss=0.478, valid/accuracy=0.948, valid/num_kv_pairs/accuracy-4=0.992, valid/num_kv_pairs/accuracy-8=0.989, valid/num_kv_pairs/accuracy-16=0.893, valid/num_kv_pairs/accuracy-32=0.949, valid/num_kv_pairs/accuracy-64=0.915
valid/loss=0.482, valid/accuracy=0.948, valid/num_kv_pairs/accuracy-4=0.993, valid/num_kv_pairs/accuracy-8=0.989, valid/num_kv_pairs/accuracy-16=0.893, valid/num_kv_pairs/accuracy-32=0.949, valid/num_kv_pairs/accuracy-64=0.916
valid/loss=0.478, valid/accuracy=0.948, valid/num_kv_pairs/accuracy-4=0.993, valid/num_kv_pairs/accuracy-8=0.99, valid/num_kv_pairs/accuracy-16=0.893, valid/num_kv_pairs/accuracy-32=0.95, valid/num_kv_pairs/accuracy-64=0.915
valid/loss=0.478, valid/accuracy=0.948, valid/num_kv_pairs/accuracy-4=0.994, valid/num_kv_pairs/accuracy-8=0.99, valid/num_kv_pairs/accuracy-16=0.892, valid/num_kv_pairs/accuracy-32=0.95, valid/num_kv_pairs/accuracy-64=0.914
