    early_stopping_metric='valid/accuracy',
    early_stopping_threshold=0.99,
    run_id='smatgdn_d2_hd16_sig_cread_m2blk_s3-dm64-lr1.0e-02'
valid/loss=5.51, valid/accuracy=0.245, valid/num_kv_pairs/accuracy-4=0.197, valid/num_kv_pairs/accuracy-8=0.248, valid/num_kv_pairs/accuracy-16=0.402, valid/num_kv_pairs/accuracy-32=0.26, valid/num_kv_pairs/accuracy-64=0.12
valid/loss=2.02, valid/accuracy=0.765, valid/num_kv_pairs/accuracy-4=0.924, valid/num_kv_pairs/accuracy-8=0.918, valid/num_kv_pairs/accuracy-16=0.889, valid/num_kv_pairs/accuracy-32=0.721, valid/num_kv_pairs/accuracy-64=0.37
valid/loss=1.21, valid/accuracy=0.831, valid/num_kv_pairs/accuracy-4=0.992, valid/num_kv_pairs/accuracy-8=0.975, valid/num_kv_pairs/accuracy-16=0.943, valid/num_kv_pairs/accuracy-32=0.813, valid/num_kv_pairs/accuracy-64=0.43
valid/loss=0.769, valid/accuracy=0.878, valid/num_kv_pairs/accuracy-4=0.997, valid/num_kv_pairs/accuracy-8=0.988, valid/num_kv_pairs/accuracy-16=0.974, valid/num_kv_pairs/accuracy-32=0.892, valid/num_kv_pairs/accuracy-64=0.541
valid/loss=0.682, valid/accuracy=0.888, valid/num_kv_pairs/accuracy-4=0.991, valid/num_kv_pairs/accuracy-8=0.986, valid/num_kv_pairs/accuracy-16=0.98, valid/num_kv_pairs/accuracy-32=0.91, valid/num_kv_pairs/accuracy-64=0.573
valid/loss=0.59, valid/accuracy=0.899, valid/num_kv_pairs/accuracy-4=0.999, valid/num_kv_pairs/accuracy-8=0.994, valid/num_kv_pairs/accuracy-16=0.984, valid/num_kv_pairs/accuracy-32=0.921, valid/num_kv_pairs/accuracy-64=0.597
valid/loss=0.581, valid/accuracy=0.899, valid/num_kv_pairs/accuracy-4=0.998, valid/num_kv_pairs/accuracy-8=0.992, valid/num_kv_pairs/accuracy-16=0.984, valid/num_kv_pairs/accuracy-32=0.921, valid/num_kv_pairs/accuracy-64=0.602
valid/loss=0.566, valid/accuracy=0.9, valid/num_kv_pairs/accuracy-4=0.999, valid/num_kv_pairs/accuracy-8=0.994, valid/num_kv_pairs/accuracy-16=0.984, valid/num_kv_pairs/accuracy-32=0.922, valid/num_kv_pairs/accuracy-64=0.601
valid/loss=0.571, valid/accuracy=0.901, valid/num_kv_pairs/accuracy-4=0.999, valid/num_kv_pairs/accuracy-8=0.994, valid/num_kv_pairs/accuracy-16=0.984, valid/num_kv_pairs/accuracy-32=0.923, valid/num_kv_pairs/accuracy-64=0.604
valid/loss=0.606, valid/accuracy=0.898, valid/num_kv_pairs/accuracy-4=0.988, valid/num_kv_pairs/accuracy-8=0.985, valid/num_kv_pairs/accuracy-16=0.986, valid/num_kv_pairs/accuracy-32=0.925, valid/num_kv_pairs/accuracy-64=0.604
valid/loss=0.555, valid/accuracy=0.902, valid/num_kv_pairs/accuracy-4=0.998, valid/num_kv_pairs/accuracy-8=0.995, valid/num_kv_pairs/accuracy-16=0.986, valid/num_kv_pairs/accuracy-32=0.926, valid/num_kv_pairs/accuracy-64=0.605
valid/loss=0.559, valid/accuracy=0.903, valid/num_kv_pairs/accuracy-4=0.999, valid/num_kv_pairs/accuracy-8=0.995, valid/num_kv_pairs/accuracy-16=0.984, valid/num_kv_pairs/accuracy-32=0.926, valid/num_kv_pairs/accuracy-64=0.61
valid/loss=0.552, valid/accuracy=0.902, valid/num_kv_pairs/accuracy-4=0.998, valid/num_kv_pairs/accuracy-8=0.994, valid/num_kv_pairs/accuracy-16=0.984, valid/num_kv_pairs/accuracy-32=0.925, valid/num_kv_pairs/accuracy-64=0.607
valid/loss=0.575, valid/accuracy=0.903, valid/num_kv_pairs/accuracy-4=0.998, valid/num_kv_pairs/accuracy-8=0.996, valid/num_kv_pairs/accuracy-16=0.984, valid/num_kv_pairs/accuracy-32=0.928, valid/num_kv_pairs/accuracy-64=0.608
valid/loss=0.549, valid/accuracy=0.903, valid/num_kv_pairs/accuracy-4=0.998, valid/num_kv_pairs/accuracy-8=0.995, valid/num_kv_pairs/accuracy-16=0.984, valid/num_kv_pairs/accuracy-32=0.928, valid/num_kv_pairs/accuracy-64=0.614
valid/loss=0.542, valid/accuracy=0.902, valid/num_kv_pairs/accuracy-4=0.997, valid/num_kv_pairs/accuracy-8=0.995, valid/num_kv_pairs/accuracy-16=0.984, valid/num_kv_pairs/accuracy-32=0.926, valid/num_kv_pairs/accuracy-64=0.61
valid/loss=0.573, valid/accuracy=0.898, valid/num_kv_pairs/accuracy-4=0.981, valid/num_kv_pairs/accuracy-8=0.988, valid/num_kv_pairs/accuracy-16=0.983, valid/num_kv_pairs/accuracy-32=0.928, valid/num_kv_pairs/accuracy-64=0.61
valid/loss=0.54, valid/accuracy=0.904, valid/num_kv_pairs/accuracy-4=0.997, valid/num_kv_pairs/accuracy-8=0.993, valid/num_kv_pairs/accuracy-16=0.984, valid/num_kv_pairs/accuracy-32=0.93, valid/num_kv_pairs/accuracy-64=0.615
valid/loss=0.535, valid/accuracy=0.903, valid/num_kv_pairs/accuracy-4=0.984, valid/num_kv_pairs/accuracy-8=0.987, valid/num_kv_pairs/accuracy-16=0.984, valid/num_kv_pairs/accuracy-32=0.933, valid/num_kv_pairs/accuracy-64=0.625
valid/loss=0.505, valid/accuracy=0.906, valid/num_kv_pairs/accuracy-4=0.984, valid/num_kv_pairs/accuracy-8=0.989, valid/num_kv_pairs/accuracy-16=0.988, valid/num_kv_pairs/accuracy-32=0.938, valid/num_kv_pairs/accuracy-64=0.633
valid/loss=0.457, valid/accuracy=0.913, valid/num_kv_pairs/accuracy-4=0.994, valid/num_kv_pairs/accuracy-8=0.992, valid/num_kv_pairs/accuracy-16=0.99, valid/num_kv_pairs/accuracy-32=0.944, valid/num_kv_pairs/accuracy-64=0.646
valid/loss=0.433, valid/accuracy=0.917, valid/num_kv_pairs/accuracy-4=0.996, valid/num_kv_pairs/accuracy-8=0.993, valid/num_kv_pairs/accuracy-16=0.991, valid/num_kv_pairs/accuracy-32=0.948, valid/num_kv_pairs/accuracy-64=0.659
valid/loss=0.426, valid/accuracy=0.919, valid/num_kv_pairs/accuracy-4=0.998, valid/num_kv_pairs/accuracy-8=0.994, valid/num_kv_pairs/accuracy-16=0.991, valid/num_kv_pairs/accuracy-32=0.949, valid/num_kv_pairs/accuracy-64=0.661
valid/loss=0.423, valid/accuracy=0.919, valid/num_kv_pairs/accuracy-4=0.998, valid/num_kv_pairs/accuracy-8=0.995, valid/num_kv_pairs/accuracy-16=0.991, valid/num_kv_pairs/accuracy-32=0.95, valid/num_kv_pairs/accuracy-64=0.663
valid/loss=0.42, valid/accuracy=0.92, valid/num_kv_pairs/accuracy-4=0.998, valid/num_kv_pairs/accuracy-8=0.995, valid/num_kv_pairs/accuracy-16=0.992, valid/num_kv_pairs/accuracy-32=0.951, valid/num_kv_pairs/accuracy-64=0.663
valid/loss=0.414, valid/accuracy=0.921, valid/num_kv_pairs/accuracy-4=0.999, valid/num_kv_pairs/accuracy-8=0.996, valid/num_kv_pairs/accuracy-16=0.991, valid/num_kv_pairs/accuracy-32=0.953, valid/num_kv_pairs/accuracy-64=0.667
valid/loss=0.415, valid/accuracy=0.922, valid/num_kv_pairs/accuracy-4=0.999, valid/num_kv_pairs/accuracy-8=0.997, valid/num_kv_pairs/accuracy-16=0.991, valid/num_kv_pairs/accuracy-32=0.953, valid/num_kv_pairs/accuracy-64=0.669
valid/loss=0.415, valid/accuracy=0.923, valid/num_kv_pairs/accuracy-4=1, valid/num_kv_pairs/accuracy-8=0.996, valid/num_kv_pairs/accuracy-16=0.991, valid/num_kv_pairs/accuracy-32=0.954, valid/num_kv_pairs/accuracy-64=0.672
valid/loss=0.414, valid/accuracy=0.923, valid/num_kv_pairs/accuracy-4=1, valid/num_kv_pairs/accuracy-8=0.997, valid/num_kv_pairs/accuracy-16=0.992, valid/num_kv_pairs/accuracy-32=0.955, valid/num_kv_pairs/accuracy-64=0.673
valid/loss=0.414, valid/accuracy=0.924, valid/num_kv_pairs/accuracy-4=0.999, valid/num_kv_pairs/accuracy-8=0.997, valid/num_kv_pairs/accuracy-16=0.992, valid/num_kv_pairs/accuracy-32=0.956, valid/num_kv_pairs/accuracy-64=0.674
valid/loss=0.414, valid/accuracy=0.924, valid/num_kv_pairs/accuracy-4=0.999, valid/num_kv_pairs/accuracy-8=0.997, valid/num_kv_pairs/accuracy-16=0.991, valid/num_kv_pairs/accuracy-32=0.956, valid/num_kv_pairs/accuracy-64=0.675
valid/loss=0.415, valid/accuracy=0.924, valid/num_kv_pairs/accuracy-4=1, valid/num_kv_pairs/accuracy-8=0.998, valid/num_kv_pairs/accuracy-16=0.992, valid/num_kv_pairs/accuracy-32=0.956, valid/num_kv_pairs/accuracy-64=0.674
