    early_stopping_metric='valid/accuracy',
    early_stopping_threshold=0.99,
    run_id='smatgdn_d2_hd16_sig_cread_m2blk_s1-dm32-lr1.0e-02'
valid/loss=2.75, valid/accuracy=0.604, valid/num_kv_pairs/accuracy-4=0.885, valid/num_kv_pairs/accuracy-8=0.812, valid/num_kv_pairs/accuracy-16=0.699, valid/num_kv_pairs/accuracy-32=0.445, valid/num_kv_pairs/accuracy-64=0.18
valid/loss=0.429, valid/accuracy=0.921, valid/num_kv_pairs/accuracy-4=0.991, valid/num_kv_pairs/accuracy-8=0.981, valid/num_kv_pairs/accuracy-16=0.972, valid/num_kv_pairs/accuracy-32=0.936, valid/num_kv_pairs/accuracy-64=0.725
valid/loss=0.311, valid/accuracy=0.939, valid/num_kv_pairs/accuracy-4=0.998, valid/num_kv_pairs/accuracy-8=0.989, valid/num_kv_pairs/accuracy-16=0.985, valid/num_kv_pairs/accuracy-32=0.961, valid/num_kv_pairs/accuracy-64=0.759
valid/loss=0.261, valid/accuracy=0.947, valid/num_kv_pairs/accuracy-4=0.999, valid/num_kv_pairs/accuracy-8=0.994, valid/num_kv_pairs/accuracy-16=0.989, valid/num_kv_pairs/accuracy-32=0.971, valid/num_kv_pairs/accuracy-64=0.782
valid/loss=0.234, valid/accuracy=0.951, valid/num_kv_pairs/accuracy-4=0.999, valid/num_kv_pairs/accuracy-8=0.993, valid/num_kv_pairs/accuracy-16=0.992, valid/num_kv_pairs/accuracy-32=0.973, valid/num_kv_pairs/accuracy-64=0.801
valid/loss=0.222, valid/accuracy=0.953, valid/num_kv_pairs/accuracy-4=1, valid/num_kv_pairs/accuracy-8=0.995, valid/num_kv_pairs/accuracy-16=0.993, valid/num_kv_pairs/accuracy-32=0.977, valid/num_kv_pairs/accuracy-64=0.803
valid/loss=0.222, valid/accuracy=0.953, valid/num_kv_pairs/accuracy-4=0.999, valid/num_kv_pairs/accuracy-8=0.994, valid/num_kv_pairs/accuracy-16=0.993, valid/num_kv_pairs/accuracy-32=0.977, valid/num_kv_pairs/accuracy-64=0.802
valid/loss=0.222, valid/accuracy=0.954, valid/num_kv_pairs/accuracy-4=0.998, valid/num_kv_pairs/accuracy-8=0.994, valid/num_kv_pairs/accuracy-16=0.993, valid/num_kv_pairs/accuracy-32=0.976, valid/num_kv_pairs/accuracy-64=0.807
valid/loss=0.211, valid/accuracy=0.956, valid/num_kv_pairs/accuracy-4=0.999, valid/num_kv_pairs/accuracy-8=0.992, valid/num_kv_pairs/accuracy-16=0.994, valid/num_kv_pairs/accuracy-32=0.979, valid/num_kv_pairs/accuracy-64=0.816
valid/loss=0.22, valid/accuracy=0.953, valid/num_kv_pairs/accuracy-4=0.993, valid/num_kv_pairs/accuracy-8=0.993, valid/num_kv_pairs/accuracy-16=0.992, valid/num_kv_pairs/accuracy-32=0.978, valid/num_kv_pairs/accuracy-64=0.811
valid/loss=0.204, valid/accuracy=0.956, valid/num_kv_pairs/accuracy-4=1, valid/num_kv_pairs/accuracy-8=0.995, valid/num_kv_pairs/accuracy-16=0.995, valid/num_kv_pairs/accuracy-32=0.98, valid/num_kv_pairs/accuracy-64=0.811
valid/loss=0.201, valid/accuracy=0.957, valid/num_kv_pairs/accuracy-4=1, valid/num_kv_pairs/accuracy-8=0.997, valid/num_kv_pairs/accuracy-16=0.995, valid/num_kv_pairs/accuracy-32=0.981, valid/num_kv_pairs/accuracy-64=0.815
valid/loss=0.201, valid/accuracy=0.957, valid/num_kv_pairs/accuracy-4=0.999, valid/num_kv_pairs/accuracy-8=0.995, valid/num_kv_pairs/accuracy-16=0.995, valid/num_kv_pairs/accuracy-32=0.981, valid/num_kv_pairs/accuracy-64=0.815
valid/loss=0.198, valid/accuracy=0.958, valid/num_kv_pairs/accuracy-4=0.999, valid/num_kv_pairs/accuracy-8=0.996, valid/num_kv_pairs/accuracy-16=0.996, valid/num_kv_pairs/accuracy-32=0.981, valid/num_kv_pairs/accuracy-64=0.818
valid/loss=0.198, valid/accuracy=0.958, valid/num_kv_pairs/accuracy-4=1, valid/num_kv_pairs/accuracy-8=0.996, valid/num_kv_pairs/accuracy-16=0.995, valid/num_kv_pairs/accuracy-32=0.981, valid/num_kv_pairs/accuracy-64=0.819
valid/loss=0.199, valid/accuracy=0.957, valid/num_kv_pairs/accuracy-4=0.998, valid/num_kv_pairs/accuracy-8=0.996, valid/num_kv_pairs/accuracy-16=0.994, valid/num_kv_pairs/accuracy-32=0.982, valid/num_kv_pairs/accuracy-64=0.816
valid/loss=0.196, valid/accuracy=0.958, valid/num_kv_pairs/accuracy-4=1, valid/num_kv_pairs/accuracy-8=0.996, valid/num_kv_pairs/accuracy-16=0.995, valid/num_kv_pairs/accuracy-32=0.982, valid/num_kv_pairs/accuracy-64=0.819
valid/loss=0.189, valid/accuracy=0.96, valid/num_kv_pairs/accuracy-4=1, valid/num_kv_pairs/accuracy-8=0.997, valid/num_kv_pairs/accuracy-16=0.995, valid/num_kv_pairs/accuracy-32=0.981, valid/num_kv_pairs/accuracy-64=0.824
valid/loss=0.189, valid/accuracy=0.96, valid/num_kv_pairs/accuracy-4=1, valid/num_kv_pairs/accuracy-8=0.997, valid/num_kv_pairs/accuracy-16=0.996, valid/num_kv_pairs/accuracy-32=0.982, valid/num_kv_pairs/accuracy-64=0.824
valid/loss=0.19, valid/accuracy=0.96, valid/num_kv_pairs/accuracy-4=1, valid/num_kv_pairs/accuracy-8=0.997, valid/num_kv_pairs/accuracy-16=0.995, valid/num_kv_pairs/accuracy-32=0.982, valid/num_kv_pairs/accuracy-64=0.824
valid/loss=0.186, valid/accuracy=0.96, valid/num_kv_pairs/accuracy-4=1, valid/num_kv_pairs/accuracy-8=0.997, valid/num_kv_pairs/accuracy-16=0.995, valid/num_kv_pairs/accuracy-32=0.983, valid/num_kv_pairs/accuracy-64=0.826
valid/loss=0.187, valid/accuracy=0.961, valid/num_kv_pairs/accuracy-4=1, valid/num_kv_pairs/accuracy-8=0.997, valid/num_kv_pairs/accuracy-16=0.996, valid/num_kv_pairs/accuracy-32=0.984, valid/num_kv_pairs/accuracy-64=0.827
valid/loss=0.181, valid/accuracy=0.962, valid/num_kv_pairs/accuracy-4=1, valid/num_kv_pairs/accuracy-8=0.998, valid/num_kv_pairs/accuracy-16=0.996, valid/num_kv_pairs/accuracy-32=0.985, valid/num_kv_pairs/accuracy-64=0.829
valid/loss=0.179, valid/accuracy=0.962, valid/num_kv_pairs/accuracy-4=1, valid/num_kv_pairs/accuracy-8=0.998, valid/num_kv_pairs/accuracy-16=0.997, valid/num_kv_pairs/accuracy-32=0.985, valid/num_kv_pairs/accuracy-64=0.832
valid/loss=0.177, valid/accuracy=0.963, valid/num_kv_pairs/accuracy-4=1, valid/num_kv_pairs/accuracy-8=0.998, valid/num_kv_pairs/accuracy-16=0.996, valid/num_kv_pairs/accuracy-32=0.986, valid/num_kv_pairs/accuracy-64=0.834
valid/loss=0.174, valid/accuracy=0.963, valid/num_kv_pairs/accuracy-4=1, valid/num_kv_pairs/accuracy-8=0.998, valid/num_kv_pairs/accuracy-16=0.996, valid/num_kv_pairs/accuracy-32=0.987, valid/num_kv_pairs/accuracy-64=0.836
valid/loss=0.173, valid/accuracy=0.964, valid/num_kv_pairs/accuracy-4=1, valid/num_kv_pairs/accuracy-8=0.998, valid/num_kv_pairs/accuracy-16=0.996, valid/num_kv_pairs/accuracy-32=0.986, valid/num_kv_pairs/accuracy-64=0.839
valid/loss=0.171, valid/accuracy=0.964, valid/num_kv_pairs/accuracy-4=1, valid/num_kv_pairs/accuracy-8=0.998, valid/num_kv_pairs/accuracy-16=0.994, valid/num_kv_pairs/accuracy-32=0.987, valid/num_kv_pairs/accuracy-64=0.841
valid/loss=0.171, valid/accuracy=0.964, valid/num_kv_pairs/accuracy-4=1, valid/num_kv_pairs/accuracy-8=0.999, valid/num_kv_pairs/accuracy-16=0.994, valid/num_kv_pairs/accuracy-32=0.986, valid/num_kv_pairs/accuracy-64=0.842
valid/loss=0.17, valid/accuracy=0.964, valid/num_kv_pairs/accuracy-4=1, valid/num_kv_pairs/accuracy-8=0.999, valid/num_kv_pairs/accuracy-16=0.994, valid/num_kv_pairs/accuracy-32=0.987, valid/num_kv_pairs/accuracy-64=0.842
valid/loss=0.172, valid/accuracy=0.964, valid/num_kv_pairs/accuracy-4=1, valid/num_kv_pairs/accuracy-8=0.999, valid/num_kv_pairs/accuracy-16=0.993, valid/num_kv_pairs/accuracy-32=0.987, valid/num_kv_pairs/accuracy-64=0.841
valid/loss=0.184, valid/accuracy=0.962, valid/num_kv_pairs/accuracy-4=1, valid/num_kv_pairs/accuracy-8=1, valid/num_kv_pairs/accuracy-16=0.989, valid/num_kv_pairs/accuracy-32=0.985, valid/num_kv_pairs/accuracy-64=0.834
