PyTorch 2.11.0 for DeltaAI (CUDA 13.0, Python 3.12)
Includes: transformers, accelerate, datasets, peft, lightning,
          timm, bitsandbytes, diffusers, mpi4py, tensorboard,
          wandb, jupyter, scipy, scikit-learn, opencv, nvitop
New in this build (sm_90 source builds):
  flash-attn, transformer_engine, xformers, apex, mamba-ssm,
  triton, torch-geometric, cupy-cuda13x, tensorrt, flashinfer
Known: transformer_engine and cupy currently fail at import due to
  a cu13 libcublasLt / cython ABI mismatch on this stack — use the
  other attention paths (flash-attn, xformers) and stock torch CUDA
  until an upstream fix lands.

For documentation and examples:
  https://docs.ncsa.illinois.edu/systems/deltaai/

Run setup-kernel prior to launching OOD job.

Quick start (on a compute node):
  module load python/miniforge3_pytorch/2.11.0
  conda activate base
  python -c "import torch; print(torch.cuda.is_available())"

CUDA extensions: CUDA_HOME, nvcc, and CMAKE_PREFIX_PATH come from the
auto-loaded cuda/13.1.1 module.

A conda environment has been detected
CONDA_PREFIX=/sw/user/python/miniforge3-pytorch-2.5.0 
Consider running 'conda deactivate' before loading this module.
CUDA Toolkit 13.1.1 loaded
Includes GPUDirect Storage (GDS) libraries
Requires NVIDIA driver 590+
Using gcc-native/14 (default in Cray PE 25.09)
host: gh064.hsn.cm.delta.internal.ncsa.edu   started: Tue Sep  8 04:57:44 PM CDT 2026
name, memory.total [MiB], driver_version
NVIDIA GH200 120GB, 97871 MiB, 595.71.05
torch 2.11.0+cu130 cuda True
triton 3.5.1

==== diagnostics ====
/sw/user/python/miniforge3-pytorch-2.11.0/bin/python
causal_conv1d OK /sw/user/python/miniforge3-pytorch-2.11.0/lib/python3.12/site-packages/causal_conv1d/__init__.py
mamba2 has causal_conv1d_fn: True
/var/spool/slurmd/job3114919/slurm_script: line 30: 3949724 Terminated              ZOO_DS=3,1 ZOO_RESET=1 python -m zoology.launch zoo_smat_configs.py 2>&1
     3949726 Done                    | eval "$FILT" > logs/zoo-reset-d3d1.out 2>&1
[2026-09-08T18:26:58.141] error: *** JOB 3114919 ON gh064 CANCELLED AT 2026-09-08T18:26:58 DUE to SIGNAL Terminated ***
