    early_stopping_metric='valid/accuracy',
    early_stopping_threshold=0.99,
    run_id='smat_d1_mr3_hd16_ds16_sig_m2blk-dm64-lr1.0e-02'
valid/loss=2.15, valid/accuracy=0.624, valid/num_kv_pairs/accuracy-4=0.947, valid/num_kv_pairs/accuracy-8=0.909, valid/num_kv_pairs/accuracy-16=0.749, valid/num_kv_pairs/accuracy-32=0.392, valid/num_kv_pairs/accuracy-64=0.12
valid/loss=1.55, valid/accuracy=0.707, valid/num_kv_pairs/accuracy-4=0.977, valid/num_kv_pairs/accuracy-8=0.953, valid/num_kv_pairs/accuracy-16=0.854, valid/num_kv_pairs/accuracy-32=0.551, valid/num_kv_pairs/accuracy-64=0.203
valid/loss=4.02, valid/accuracy=0.388, valid/num_kv_pairs/accuracy-4=0.783, valid/num_kv_pairs/accuracy-8=0.622, valid/num_kv_pairs/accuracy-16=0.367, valid/num_kv_pairs/accuracy-32=0.134, valid/num_kv_pairs/accuracy-64=0.0352
valid/loss=1.3, valid/accuracy=0.748, valid/num_kv_pairs/accuracy-4=0.966, valid/num_kv_pairs/accuracy-8=0.97, valid/num_kv_pairs/accuracy-16=0.911, valid/num_kv_pairs/accuracy-32=0.643, valid/num_kv_pairs/accuracy-64=0.249
valid/loss=0.982, valid/accuracy=0.803, valid/num_kv_pairs/accuracy-4=0.996, valid/num_kv_pairs/accuracy-8=0.988, valid/num_kv_pairs/accuracy-16=0.954, valid/num_kv_pairs/accuracy-32=0.745, valid/num_kv_pairs/accuracy-64=0.333
valid/loss=1.04, valid/accuracy=0.793, valid/num_kv_pairs/accuracy-4=0.991, valid/num_kv_pairs/accuracy-8=0.988, valid/num_kv_pairs/accuracy-16=0.948, valid/num_kv_pairs/accuracy-32=0.725, valid/num_kv_pairs/accuracy-64=0.312
valid/loss=0.955, valid/accuracy=0.809, valid/num_kv_pairs/accuracy-4=0.997, valid/num_kv_pairs/accuracy-8=0.993, valid/num_kv_pairs/accuracy-16=0.962, valid/num_kv_pairs/accuracy-32=0.756, valid/num_kv_pairs/accuracy-64=0.336
valid/loss=0.985, valid/accuracy=0.802, valid/num_kv_pairs/accuracy-4=0.992, valid/num_kv_pairs/accuracy-8=0.99, valid/num_kv_pairs/accuracy-16=0.957, valid/num_kv_pairs/accuracy-32=0.743, valid/num_kv_pairs/accuracy-64=0.329
valid/loss=1.09, valid/accuracy=0.786, valid/num_kv_pairs/accuracy-4=0.979, valid/num_kv_pairs/accuracy-8=0.987, valid/num_kv_pairs/accuracy-16=0.946, valid/num_kv_pairs/accuracy-32=0.709, valid/num_kv_pairs/accuracy-64=0.307
valid/loss=1.01, valid/accuracy=0.799, valid/num_kv_pairs/accuracy-4=0.991, valid/num_kv_pairs/accuracy-8=0.989, valid/num_kv_pairs/accuracy-16=0.956, valid/num_kv_pairs/accuracy-32=0.739, valid/num_kv_pairs/accuracy-64=0.323
valid/loss=1.06, valid/accuracy=0.79, valid/num_kv_pairs/accuracy-4=0.984, valid/num_kv_pairs/accuracy-8=0.986, valid/num_kv_pairs/accuracy-16=0.948, valid/num_kv_pairs/accuracy-32=0.72, valid/num_kv_pairs/accuracy-64=0.31
valid/loss=1.02, valid/accuracy=0.797, valid/num_kv_pairs/accuracy-4=0.993, valid/num_kv_pairs/accuracy-8=0.99, valid/num_kv_pairs/accuracy-16=0.951, valid/num_kv_pairs/accuracy-32=0.733, valid/num_kv_pairs/accuracy-64=0.317
valid/loss=0.999, valid/accuracy=0.8, valid/num_kv_pairs/accuracy-4=0.986, valid/num_kv_pairs/accuracy-8=0.99, valid/num_kv_pairs/accuracy-16=0.954, valid/num_kv_pairs/accuracy-32=0.744, valid/num_kv_pairs/accuracy-64=0.328
valid/loss=1.21, valid/accuracy=0.768, valid/num_kv_pairs/accuracy-4=0.986, valid/num_kv_pairs/accuracy-8=0.985, valid/num_kv_pairs/accuracy-16=0.934, valid/num_kv_pairs/accuracy-32=0.67, valid/num_kv_pairs/accuracy-64=0.267
valid/loss=0.944, valid/accuracy=0.809, valid/num_kv_pairs/accuracy-4=0.997, valid/num_kv_pairs/accuracy-8=0.993, valid/num_kv_pairs/accuracy-16=0.963, valid/num_kv_pairs/accuracy-32=0.755, valid/num_kv_pairs/accuracy-64=0.339
valid/loss=0.964, valid/accuracy=0.805, valid/num_kv_pairs/accuracy-4=0.997, valid/num_kv_pairs/accuracy-8=0.992, valid/num_kv_pairs/accuracy-16=0.962, valid/num_kv_pairs/accuracy-32=0.745, valid/num_kv_pairs/accuracy-64=0.33
valid/loss=1, valid/accuracy=0.8, valid/num_kv_pairs/accuracy-4=0.996, valid/num_kv_pairs/accuracy-8=0.991, valid/num_kv_pairs/accuracy-16=0.957, valid/num_kv_pairs/accuracy-32=0.735, valid/num_kv_pairs/accuracy-64=0.319
valid/loss=0.96, valid/accuracy=0.807, valid/num_kv_pairs/accuracy-4=0.997, valid/num_kv_pairs/accuracy-8=0.992, valid/num_kv_pairs/accuracy-16=0.963, valid/num_kv_pairs/accuracy-32=0.749, valid/num_kv_pairs/accuracy-64=0.334
valid/loss=0.97, valid/accuracy=0.805, valid/num_kv_pairs/accuracy-4=0.997, valid/num_kv_pairs/accuracy-8=0.991, valid/num_kv_pairs/accuracy-16=0.962, valid/num_kv_pairs/accuracy-32=0.745, valid/num_kv_pairs/accuracy-64=0.327
valid/loss=0.949, valid/accuracy=0.809, valid/num_kv_pairs/accuracy-4=0.998, valid/num_kv_pairs/accuracy-8=0.992, valid/num_kv_pairs/accuracy-16=0.964, valid/num_kv_pairs/accuracy-32=0.751, valid/num_kv_pairs/accuracy-64=0.338
valid/loss=0.997, valid/accuracy=0.799, valid/num_kv_pairs/accuracy-4=0.993, valid/num_kv_pairs/accuracy-8=0.991, valid/num_kv_pairs/accuracy-16=0.957, valid/num_kv_pairs/accuracy-32=0.736, valid/num_kv_pairs/accuracy-64=0.321
valid/loss=0.948, valid/accuracy=0.809, valid/num_kv_pairs/accuracy-4=0.998, valid/num_kv_pairs/accuracy-8=0.992, valid/num_kv_pairs/accuracy-16=0.964, valid/num_kv_pairs/accuracy-32=0.751, valid/num_kv_pairs/accuracy-64=0.338
valid/loss=0.93, valid/accuracy=0.812, valid/num_kv_pairs/accuracy-4=0.997, valid/num_kv_pairs/accuracy-8=0.992, valid/num_kv_pairs/accuracy-16=0.966, valid/num_kv_pairs/accuracy-32=0.758, valid/num_kv_pairs/accuracy-64=0.346
valid/loss=0.932, valid/accuracy=0.812, valid/num_kv_pairs/accuracy-4=0.997, valid/num_kv_pairs/accuracy-8=0.992, valid/num_kv_pairs/accuracy-16=0.967, valid/num_kv_pairs/accuracy-32=0.758, valid/num_kv_pairs/accuracy-64=0.345
valid/loss=0.927, valid/accuracy=0.813, valid/num_kv_pairs/accuracy-4=0.997, valid/num_kv_pairs/accuracy-8=0.992, valid/num_kv_pairs/accuracy-16=0.968, valid/num_kv_pairs/accuracy-32=0.761, valid/num_kv_pairs/accuracy-64=0.348
valid/loss=0.927, valid/accuracy=0.813, valid/num_kv_pairs/accuracy-4=0.996, valid/num_kv_pairs/accuracy-8=0.992, valid/num_kv_pairs/accuracy-16=0.967, valid/num_kv_pairs/accuracy-32=0.763, valid/num_kv_pairs/accuracy-64=0.349
valid/loss=0.928, valid/accuracy=0.814, valid/num_kv_pairs/accuracy-4=0.997, valid/num_kv_pairs/accuracy-8=0.993, valid/num_kv_pairs/accuracy-16=0.967, valid/num_kv_pairs/accuracy-32=0.764, valid/num_kv_pairs/accuracy-64=0.349
valid/loss=0.926, valid/accuracy=0.815, valid/num_kv_pairs/accuracy-4=0.997, valid/num_kv_pairs/accuracy-8=0.993, valid/num_kv_pairs/accuracy-16=0.967, valid/num_kv_pairs/accuracy-32=0.766, valid/num_kv_pairs/accuracy-64=0.35
valid/loss=0.924, valid/accuracy=0.815, valid/num_kv_pairs/accuracy-4=0.997, valid/num_kv_pairs/accuracy-8=0.993, valid/num_kv_pairs/accuracy-16=0.968, valid/num_kv_pairs/accuracy-32=0.768, valid/num_kv_pairs/accuracy-64=0.35
