    early_stopping_metric='valid/accuracy',
    early_stopping_threshold=0.99,
    run_id='smatgdn_d2_hd16_h2_sig_cread_m2blk_s3-dm32-lr1.0e-02'
valid/loss=5.2, valid/accuracy=0.343, valid/num_kv_pairs/accuracy-4=0.763, valid/num_kv_pairs/accuracy-8=0.595, valid/num_kv_pairs/accuracy-16=0.265, valid/num_kv_pairs/accuracy-32=0.0726, valid/num_kv_pairs/accuracy-64=0.0185
valid/loss=4.51, valid/accuracy=0.421, valid/num_kv_pairs/accuracy-4=0.843, valid/num_kv_pairs/accuracy-8=0.711, valid/num_kv_pairs/accuracy-16=0.398, valid/num_kv_pairs/accuracy-32=0.124, valid/num_kv_pairs/accuracy-64=0.029
valid/loss=4.13, valid/accuracy=0.458, valid/num_kv_pairs/accuracy-4=0.927, valid/num_kv_pairs/accuracy-8=0.781, valid/num_kv_pairs/accuracy-16=0.427, valid/num_kv_pairs/accuracy-32=0.125, valid/num_kv_pairs/accuracy-64=0.0298
valid/loss=4.19, valid/accuracy=0.449, valid/num_kv_pairs/accuracy-4=0.887, valid/num_kv_pairs/accuracy-8=0.77, valid/num_kv_pairs/accuracy-16=0.432, valid/num_kv_pairs/accuracy-32=0.125, valid/num_kv_pairs/accuracy-64=0.029
valid/loss=4.09, valid/accuracy=0.456, valid/num_kv_pairs/accuracy-4=0.925, valid/num_kv_pairs/accuracy-8=0.775, valid/num_kv_pairs/accuracy-16=0.424, valid/num_kv_pairs/accuracy-32=0.125, valid/num_kv_pairs/accuracy-64=0.0287
valid/loss=4.01, valid/accuracy=0.465, valid/num_kv_pairs/accuracy-4=0.923, valid/num_kv_pairs/accuracy-8=0.785, valid/num_kv_pairs/accuracy-16=0.455, valid/num_kv_pairs/accuracy-32=0.13, valid/num_kv_pairs/accuracy-64=0.03
valid/loss=3.96, valid/accuracy=0.46, valid/num_kv_pairs/accuracy-4=0.906, valid/num_kv_pairs/accuracy-8=0.785, valid/num_kv_pairs/accuracy-16=0.452, valid/num_kv_pairs/accuracy-32=0.13, valid/num_kv_pairs/accuracy-64=0.0288
valid/loss=4.02, valid/accuracy=0.444, valid/num_kv_pairs/accuracy-4=0.84, valid/num_kv_pairs/accuracy-8=0.77, valid/num_kv_pairs/accuracy-16=0.445, valid/num_kv_pairs/accuracy-32=0.135, valid/num_kv_pairs/accuracy-64=0.0318
valid/loss=4.03, valid/accuracy=0.448, valid/num_kv_pairs/accuracy-4=0.876, valid/num_kv_pairs/accuracy-8=0.753, valid/num_kv_pairs/accuracy-16=0.437, valid/num_kv_pairs/accuracy-32=0.139, valid/num_kv_pairs/accuracy-64=0.0328
valid/loss=4.01, valid/accuracy=0.447, valid/num_kv_pairs/accuracy-4=0.912, valid/num_kv_pairs/accuracy-8=0.763, valid/num_kv_pairs/accuracy-16=0.408, valid/num_kv_pairs/accuracy-32=0.121, valid/num_kv_pairs/accuracy-64=0.029
valid/loss=4.1, valid/accuracy=0.446, valid/num_kv_pairs/accuracy-4=0.911, valid/num_kv_pairs/accuracy-8=0.766, valid/num_kv_pairs/accuracy-16=0.406, valid/num_kv_pairs/accuracy-32=0.119, valid/num_kv_pairs/accuracy-64=0.0292
valid/loss=4.12, valid/accuracy=0.445, valid/num_kv_pairs/accuracy-4=0.898, valid/num_kv_pairs/accuracy-8=0.769, valid/num_kv_pairs/accuracy-16=0.406, valid/num_kv_pairs/accuracy-32=0.124, valid/num_kv_pairs/accuracy-64=0.0294
valid/loss=4.08, valid/accuracy=0.445, valid/num_kv_pairs/accuracy-4=0.894, valid/num_kv_pairs/accuracy-8=0.768, valid/num_kv_pairs/accuracy-16=0.419, valid/num_kv_pairs/accuracy-32=0.117, valid/num_kv_pairs/accuracy-64=0.0291
valid/loss=4.07, valid/accuracy=0.448, valid/num_kv_pairs/accuracy-4=0.906, valid/num_kv_pairs/accuracy-8=0.775, valid/num_kv_pairs/accuracy-16=0.412, valid/num_kv_pairs/accuracy-32=0.118, valid/num_kv_pairs/accuracy-64=0.0291
valid/loss=4.02, valid/accuracy=0.443, valid/num_kv_pairs/accuracy-4=0.89, valid/num_kv_pairs/accuracy-8=0.761, valid/num_kv_pairs/accuracy-16=0.412, valid/num_kv_pairs/accuracy-32=0.122, valid/num_kv_pairs/accuracy-64=0.0295
valid/loss=4.05, valid/accuracy=0.446, valid/num_kv_pairs/accuracy-4=0.91, valid/num_kv_pairs/accuracy-8=0.767, valid/num_kv_pairs/accuracy-16=0.406, valid/num_kv_pairs/accuracy-32=0.12, valid/num_kv_pairs/accuracy-64=0.0292
valid/loss=3.94, valid/accuracy=0.449, valid/num_kv_pairs/accuracy-4=0.913, valid/num_kv_pairs/accuracy-8=0.772, valid/num_kv_pairs/accuracy-16=0.408, valid/num_kv_pairs/accuracy-32=0.121, valid/num_kv_pairs/accuracy-64=0.0297
valid/loss=3.94, valid/accuracy=0.451, valid/num_kv_pairs/accuracy-4=0.912, valid/num_kv_pairs/accuracy-8=0.776, valid/num_kv_pairs/accuracy-16=0.417, valid/num_kv_pairs/accuracy-32=0.12, valid/num_kv_pairs/accuracy-64=0.0297
valid/loss=4, valid/accuracy=0.454, valid/num_kv_pairs/accuracy-4=0.921, valid/num_kv_pairs/accuracy-8=0.781, valid/num_kv_pairs/accuracy-16=0.416, valid/num_kv_pairs/accuracy-32=0.12, valid/num_kv_pairs/accuracy-64=0.0295
valid/loss=3.98, valid/accuracy=0.454, valid/num_kv_pairs/accuracy-4=0.913, valid/num_kv_pairs/accuracy-8=0.782, valid/num_kv_pairs/accuracy-16=0.424, valid/num_kv_pairs/accuracy-32=0.12, valid/num_kv_pairs/accuracy-64=0.0287
valid/loss=4.17, valid/accuracy=0.433, valid/num_kv_pairs/accuracy-4=0.855, valid/num_kv_pairs/accuracy-8=0.734, valid/num_kv_pairs/accuracy-16=0.427, valid/num_kv_pairs/accuracy-32=0.121, valid/num_kv_pairs/accuracy-64=0.0294
valid/loss=4.41, valid/accuracy=0.405, valid/num_kv_pairs/accuracy-4=0.793, valid/num_kv_pairs/accuracy-8=0.688, valid/num_kv_pairs/accuracy-16=0.397, valid/num_kv_pairs/accuracy-32=0.115, valid/num_kv_pairs/accuracy-64=0.0284
valid/loss=4.18, valid/accuracy=0.46, valid/num_kv_pairs/accuracy-4=0.929, valid/num_kv_pairs/accuracy-8=0.798, valid/num_kv_pairs/accuracy-16=0.42, valid/num_kv_pairs/accuracy-32=0.121, valid/num_kv_pairs/accuracy-64=0.0291
valid/loss=3.92, valid/accuracy=0.45, valid/num_kv_pairs/accuracy-4=0.891, valid/num_kv_pairs/accuracy-8=0.765, valid/num_kv_pairs/accuracy-16=0.436, valid/num_kv_pairs/accuracy-32=0.127, valid/num_kv_pairs/accuracy-64=0.0294
valid/loss=4.16, valid/accuracy=0.407, valid/num_kv_pairs/accuracy-4=0.77, valid/num_kv_pairs/accuracy-8=0.683, valid/num_kv_pairs/accuracy-16=0.429, valid/num_kv_pairs/accuracy-32=0.124, valid/num_kv_pairs/accuracy-64=0.0295
valid/loss=3.57, valid/accuracy=0.462, valid/num_kv_pairs/accuracy-4=0.921, valid/num_kv_pairs/accuracy-8=0.801, valid/num_kv_pairs/accuracy-16=0.434, valid/num_kv_pairs/accuracy-32=0.127, valid/num_kv_pairs/accuracy-64=0.0291
valid/loss=3.44, valid/accuracy=0.467, valid/num_kv_pairs/accuracy-4=0.935, valid/num_kv_pairs/accuracy-8=0.805, valid/num_kv_pairs/accuracy-16=0.439, valid/num_kv_pairs/accuracy-32=0.126, valid/num_kv_pairs/accuracy-64=0.029
valid/loss=3.41, valid/accuracy=0.467, valid/num_kv_pairs/accuracy-4=0.939, valid/num_kv_pairs/accuracy-8=0.797, valid/num_kv_pairs/accuracy-16=0.441, valid/num_kv_pairs/accuracy-32=0.128, valid/num_kv_pairs/accuracy-64=0.0294
valid/loss=3.36, valid/accuracy=0.47, valid/num_kv_pairs/accuracy-4=0.939, valid/num_kv_pairs/accuracy-8=0.804, valid/num_kv_pairs/accuracy-16=0.449, valid/num_kv_pairs/accuracy-32=0.129, valid/num_kv_pairs/accuracy-64=0.0295
valid/loss=3.31, valid/accuracy=0.475, valid/num_kv_pairs/accuracy-4=0.935, valid/num_kv_pairs/accuracy-8=0.812, valid/num_kv_pairs/accuracy-16=0.465, valid/num_kv_pairs/accuracy-32=0.132, valid/num_kv_pairs/accuracy-64=0.0296
valid/loss=3.12, valid/accuracy=0.503, valid/num_kv_pairs/accuracy-4=0.981, valid/num_kv_pairs/accuracy-8=0.867, valid/num_kv_pairs/accuracy-16=0.501, valid/num_kv_pairs/accuracy-32=0.136, valid/num_kv_pairs/accuracy-64=0.03
valid/loss=3.05, valid/accuracy=0.509, valid/num_kv_pairs/accuracy-4=0.981, valid/num_kv_pairs/accuracy-8=0.878, valid/num_kv_pairs/accuracy-16=0.52, valid/num_kv_pairs/accuracy-32=0.138, valid/num_kv_pairs/accuracy-64=0.029
