    early_stopping_metric='valid/accuracy',
    early_stopping_threshold=0.99,
    run_id='smatgdn_d1_hd16_sig_cread_m2blk_s1-dm16-lr1.0e-02'
valid/loss=4.56, valid/accuracy=0.366, valid/num_kv_pairs/accuracy-4=0.791, valid/num_kv_pairs/accuracy-8=0.594, valid/num_kv_pairs/accuracy-16=0.325, valid/num_kv_pairs/accuracy-32=0.101, valid/num_kv_pairs/accuracy-64=0.0201
valid/loss=3.04, valid/accuracy=0.571, valid/num_kv_pairs/accuracy-4=0.917, valid/num_kv_pairs/accuracy-8=0.838, valid/num_kv_pairs/accuracy-16=0.643, valid/num_kv_pairs/accuracy-32=0.348, valid/num_kv_pairs/accuracy-64=0.106
valid/loss=2.7, valid/accuracy=0.616, valid/num_kv_pairs/accuracy-4=0.921, valid/num_kv_pairs/accuracy-8=0.88, valid/num_kv_pairs/accuracy-16=0.732, valid/num_kv_pairs/accuracy-32=0.422, valid/num_kv_pairs/accuracy-64=0.123
valid/loss=2.56, valid/accuracy=0.638, valid/num_kv_pairs/accuracy-4=0.954, valid/num_kv_pairs/accuracy-8=0.904, valid/num_kv_pairs/accuracy-16=0.76, valid/num_kv_pairs/accuracy-32=0.438, valid/num_kv_pairs/accuracy-64=0.133
valid/loss=2.47, valid/accuracy=0.655, valid/num_kv_pairs/accuracy-4=0.966, valid/num_kv_pairs/accuracy-8=0.922, valid/num_kv_pairs/accuracy-16=0.786, valid/num_kv_pairs/accuracy-32=0.463, valid/num_kv_pairs/accuracy-64=0.14
valid/loss=2.36, valid/accuracy=0.671, valid/num_kv_pairs/accuracy-4=0.967, valid/num_kv_pairs/accuracy-8=0.943, valid/num_kv_pairs/accuracy-16=0.82, valid/num_kv_pairs/accuracy-32=0.483, valid/num_kv_pairs/accuracy-64=0.139
valid/loss=2.29, valid/accuracy=0.677, valid/num_kv_pairs/accuracy-4=0.973, valid/num_kv_pairs/accuracy-8=0.95, valid/num_kv_pairs/accuracy-16=0.83, valid/num_kv_pairs/accuracy-32=0.495, valid/num_kv_pairs/accuracy-64=0.135
valid/loss=2.22, valid/accuracy=0.684, valid/num_kv_pairs/accuracy-4=0.979, valid/num_kv_pairs/accuracy-8=0.955, valid/num_kv_pairs/accuracy-16=0.836, valid/num_kv_pairs/accuracy-32=0.507, valid/num_kv_pairs/accuracy-64=0.143
valid/loss=2.18, valid/accuracy=0.689, valid/num_kv_pairs/accuracy-4=0.977, valid/num_kv_pairs/accuracy-8=0.958, valid/num_kv_pairs/accuracy-16=0.847, valid/num_kv_pairs/accuracy-32=0.52, valid/num_kv_pairs/accuracy-64=0.143
valid/loss=2.16, valid/accuracy=0.687, valid/num_kv_pairs/accuracy-4=0.981, valid/num_kv_pairs/accuracy-8=0.954, valid/num_kv_pairs/accuracy-16=0.843, valid/num_kv_pairs/accuracy-32=0.513, valid/num_kv_pairs/accuracy-64=0.144
valid/loss=2.14, valid/accuracy=0.691, valid/num_kv_pairs/accuracy-4=0.98, valid/num_kv_pairs/accuracy-8=0.96, valid/num_kv_pairs/accuracy-16=0.847, valid/num_kv_pairs/accuracy-32=0.522, valid/num_kv_pairs/accuracy-64=0.145
valid/loss=2.1, valid/accuracy=0.692, valid/num_kv_pairs/accuracy-4=0.982, valid/num_kv_pairs/accuracy-8=0.962, valid/num_kv_pairs/accuracy-16=0.85, valid/num_kv_pairs/accuracy-32=0.526, valid/num_kv_pairs/accuracy-64=0.142
valid/loss=2.08, valid/accuracy=0.694, valid/num_kv_pairs/accuracy-4=0.982, valid/num_kv_pairs/accuracy-8=0.964, valid/num_kv_pairs/accuracy-16=0.854, valid/num_kv_pairs/accuracy-32=0.527, valid/num_kv_pairs/accuracy-64=0.144
valid/loss=2.05, valid/accuracy=0.695, valid/num_kv_pairs/accuracy-4=0.979, valid/num_kv_pairs/accuracy-8=0.963, valid/num_kv_pairs/accuracy-16=0.855, valid/num_kv_pairs/accuracy-32=0.53, valid/num_kv_pairs/accuracy-64=0.147
valid/loss=2.04, valid/accuracy=0.697, valid/num_kv_pairs/accuracy-4=0.979, valid/num_kv_pairs/accuracy-8=0.965, valid/num_kv_pairs/accuracy-16=0.86, valid/num_kv_pairs/accuracy-32=0.536, valid/num_kv_pairs/accuracy-64=0.148
valid/loss=2.02, valid/accuracy=0.696, valid/num_kv_pairs/accuracy-4=0.979, valid/num_kv_pairs/accuracy-8=0.961, valid/num_kv_pairs/accuracy-16=0.856, valid/num_kv_pairs/accuracy-32=0.533, valid/num_kv_pairs/accuracy-64=0.151
valid/loss=2, valid/accuracy=0.695, valid/num_kv_pairs/accuracy-4=0.978, valid/num_kv_pairs/accuracy-8=0.967, valid/num_kv_pairs/accuracy-16=0.852, valid/num_kv_pairs/accuracy-32=0.532, valid/num_kv_pairs/accuracy-64=0.148
valid/loss=1.97, valid/accuracy=0.698, valid/num_kv_pairs/accuracy-4=0.975, valid/num_kv_pairs/accuracy-8=0.967, valid/num_kv_pairs/accuracy-16=0.856, valid/num_kv_pairs/accuracy-32=0.543, valid/num_kv_pairs/accuracy-64=0.149
valid/loss=1.94, valid/accuracy=0.701, valid/num_kv_pairs/accuracy-4=0.98, valid/num_kv_pairs/accuracy-8=0.968, valid/num_kv_pairs/accuracy-16=0.861, valid/num_kv_pairs/accuracy-32=0.546, valid/num_kv_pairs/accuracy-64=0.151
valid/loss=1.9, valid/accuracy=0.704, valid/num_kv_pairs/accuracy-4=0.979, valid/num_kv_pairs/accuracy-8=0.971, valid/num_kv_pairs/accuracy-16=0.867, valid/num_kv_pairs/accuracy-32=0.55, valid/num_kv_pairs/accuracy-64=0.153
valid/loss=1.88, valid/accuracy=0.706, valid/num_kv_pairs/accuracy-4=0.982, valid/num_kv_pairs/accuracy-8=0.968, valid/num_kv_pairs/accuracy-16=0.872, valid/num_kv_pairs/accuracy-32=0.556, valid/num_kv_pairs/accuracy-64=0.152
Valid Epoch 21/32:   0%|          | 0/160 [00:00<?, ?it/s, acc=-, loss=-]Valid Epoch 21/32:   6%|▌         | 9/160 [00:00<00:01, 87.01it/s, acc=-, loss=-]Valid Epoch 21/32:  11%|█▏        | 18/160 [00:00<00:01, 78.80it/s, acc=-, loss=-]Valid Epoch 21/32:  16%|█▋        | 26/160 [00:00<00:01, 74.22it/s, acc=-, loss=-]Valid Epoch 21/32:  21%|██▏       | 34/160 [00:00<00:01, 71.35it/s, acc=-, loss=-]Valid Epoch 21/32:  26%|██▋       | 42/160 [00:00<00:01, 70.41it/s, acc=-, loss=-]Valid Epoch 21/32:  31%|███▏      | 50/160 [00:00<00:01, 69.28it/s, acc=-, loss=-]Valid Epoch 21/32:  36%|███▌      | 57/160 [00:00<00:01, 69.32it/s, acc=-, loss=-]Valid Epoch 21/32:  41%|████      | 65/160 [00:00<00:01, 71.84it/s, acc=-, loss=-]Valid Epoch 21/32:  49%|████▉     | 78/160 [00:01<00:00, 86.32it/s, acc=-, loss=-]Valid Epoch 21/32:  56%|█████▋    | 90/160 [00:01<00:00, 95.38it/s, acc=-, loss=-]Valid Epoch 21/32:  64%|██████▍   | 102/160 [00:01<00:00, 102.55it/s, acc=-, loss=-]Valid Epoch 21/32:  71%|███████▏  | 114/160 [00:01<00:00, 106.08it/s, acc=-, loss=-]Valid Epoch 21/32:  79%|███████▉  | 126/160 [00:01<00:00, 109.92it/s, acc=-, loss=-]Valid Epoch 21/32:  86%|████████▋ | 138/160 [00:01<00:00, 109.64it/s, acc=-, loss=-]Valid Epoch 21/32:  94%|█████████▍| 150/160 [00:01<00:00, 111.73it/s, acc=-, loss=-]Valid Epoch 21/32: 100%|██████████| 160/160 [00:01<00:00, 111.73it/s, valid/loss=1.85, valid/accuracy=0.707, valid/num_kv_pairs/accuracy-4=0.988, valid/num_kv_pairs/accuracy-8=0.972, valid/num_kv_pairs/accuracy-16=0.87, valid/num_kv_pairs/accuracy-32=0.555, valid/num_kv_pairs/accuracy-64=0.152]Valid Epoch 21/32: 100%|██████████| 160/160 [00:01<00:00, 92.65it/s, valid/loss=1.85, valid/accuracy=0.707, valid/num_kv_pairs/accuracy-4=0.988, valid/num_kv_pairs/accuracy-8=0.972, valid/num_kv_pairs/accuracy-16=0.87, valid/num_kv_pairs/accuracy-32=0.555, valid/num_kv_pairs/accuracy-64=0.152] 
valid/loss=1.83, valid/accuracy=0.71, valid/num_kv_pairs/accuracy-4=0.988, valid/num_kv_pairs/accuracy-8=0.974, valid/num_kv_pairs/accuracy-16=0.875, valid/num_kv_pairs/accuracy-32=0.558, valid/num_kv_pairs/accuracy-64=0.153
valid/loss=1.82, valid/accuracy=0.71, valid/num_kv_pairs/accuracy-4=0.988, valid/num_kv_pairs/accuracy-8=0.973, valid/num_kv_pairs/accuracy-16=0.879, valid/num_kv_pairs/accuracy-32=0.559, valid/num_kv_pairs/accuracy-64=0.151
valid/loss=1.79, valid/accuracy=0.713, valid/num_kv_pairs/accuracy-4=0.988, valid/num_kv_pairs/accuracy-8=0.975, valid/num_kv_pairs/accuracy-16=0.882, valid/num_kv_pairs/accuracy-32=0.568, valid/num_kv_pairs/accuracy-64=0.153
valid/loss=1.78, valid/accuracy=0.715, valid/num_kv_pairs/accuracy-4=0.99, valid/num_kv_pairs/accuracy-8=0.975, valid/num_kv_pairs/accuracy-16=0.882, valid/num_kv_pairs/accuracy-32=0.571, valid/num_kv_pairs/accuracy-64=0.155
valid/loss=1.77, valid/accuracy=0.715, valid/num_kv_pairs/accuracy-4=0.992, valid/num_kv_pairs/accuracy-8=0.975, valid/num_kv_pairs/accuracy-16=0.881, valid/num_kv_pairs/accuracy-32=0.572, valid/num_kv_pairs/accuracy-64=0.157
valid/loss=1.75, valid/accuracy=0.718, valid/num_kv_pairs/accuracy-4=0.994, valid/num_kv_pairs/accuracy-8=0.977, valid/num_kv_pairs/accuracy-16=0.885, valid/num_kv_pairs/accuracy-32=0.575, valid/num_kv_pairs/accuracy-64=0.156
valid/loss=1.73, valid/accuracy=0.718, valid/num_kv_pairs/accuracy-4=0.995, valid/num_kv_pairs/accuracy-8=0.975, valid/num_kv_pairs/accuracy-16=0.888, valid/num_kv_pairs/accuracy-32=0.577, valid/num_kv_pairs/accuracy-64=0.156
valid/loss=1.7, valid/accuracy=0.721, valid/num_kv_pairs/accuracy-4=0.994, valid/num_kv_pairs/accuracy-8=0.978, valid/num_kv_pairs/accuracy-16=0.891, valid/num_kv_pairs/accuracy-32=0.582, valid/num_kv_pairs/accuracy-64=0.158
valid/loss=1.68, valid/accuracy=0.724, valid/num_kv_pairs/accuracy-4=0.996, valid/num_kv_pairs/accuracy-8=0.981, valid/num_kv_pairs/accuracy-16=0.899, valid/num_kv_pairs/accuracy-32=0.587, valid/num_kv_pairs/accuracy-64=0.158
valid/loss=1.62, valid/accuracy=0.731, valid/num_kv_pairs/accuracy-4=0.998, valid/num_kv_pairs/accuracy-8=0.987, valid/num_kv_pairs/accuracy-16=0.917, valid/num_kv_pairs/accuracy-32=0.595, valid/num_kv_pairs/accuracy-64=0.159
