    early_stopping_metric='valid/accuracy',
    early_stopping_threshold=0.99,
    run_id='smat_d1_mr3_hd8_sig_m2blk_s2-dm16-lr1.0e-02'
valid/loss=2.26, valid/accuracy=0.649, valid/num_kv_pairs/accuracy-4=0.901, valid/num_kv_pairs/accuracy-8=0.843, valid/num_kv_pairs/accuracy-16=0.711, valid/num_kv_pairs/accuracy-32=0.511, valid/num_kv_pairs/accuracy-64=0.28
valid/loss=8.41, valid/accuracy=0.000156, valid/num_kv_pairs/accuracy-4=0, valid/num_kv_pairs/accuracy-8=0, valid/num_kv_pairs/accuracy-16=0.000313, valid/num_kv_pairs/accuracy-32=0.00025, valid/num_kv_pairs/accuracy-64=0.000219
valid/loss=2.02, valid/accuracy=0.697, valid/num_kv_pairs/accuracy-4=0.894, valid/num_kv_pairs/accuracy-8=0.856, valid/num_kv_pairs/accuracy-16=0.781, valid/num_kv_pairs/accuracy-32=0.6, valid/num_kv_pairs/accuracy-64=0.353
valid/loss=1.34, valid/accuracy=0.762, valid/num_kv_pairs/accuracy-4=0.941, valid/num_kv_pairs/accuracy-8=0.915, valid/num_kv_pairs/accuracy-16=0.832, valid/num_kv_pairs/accuracy-32=0.681, valid/num_kv_pairs/accuracy-64=0.442
valid/loss=1.24, valid/accuracy=0.776, valid/num_kv_pairs/accuracy-4=0.959, valid/num_kv_pairs/accuracy-8=0.92, valid/num_kv_pairs/accuracy-16=0.843, valid/num_kv_pairs/accuracy-32=0.7, valid/num_kv_pairs/accuracy-64=0.46
valid/loss=1.16, valid/accuracy=0.797, valid/num_kv_pairs/accuracy-4=0.956, valid/num_kv_pairs/accuracy-8=0.938, valid/num_kv_pairs/accuracy-16=0.88, valid/num_kv_pairs/accuracy-32=0.73, valid/num_kv_pairs/accuracy-64=0.48
valid/loss=1.1, valid/accuracy=0.807, valid/num_kv_pairs/accuracy-4=0.958, valid/num_kv_pairs/accuracy-8=0.95, valid/num_kv_pairs/accuracy-16=0.887, valid/num_kv_pairs/accuracy-32=0.751, valid/num_kv_pairs/accuracy-64=0.488
valid/loss=1.04, valid/accuracy=0.812, valid/num_kv_pairs/accuracy-4=0.97, valid/num_kv_pairs/accuracy-8=0.948, valid/num_kv_pairs/accuracy-16=0.891, valid/num_kv_pairs/accuracy-32=0.755, valid/num_kv_pairs/accuracy-64=0.496
valid/loss=1.02, valid/accuracy=0.815, valid/num_kv_pairs/accuracy-4=0.97, valid/num_kv_pairs/accuracy-8=0.956, valid/num_kv_pairs/accuracy-16=0.896, valid/num_kv_pairs/accuracy-32=0.758, valid/num_kv_pairs/accuracy-64=0.497
valid/loss=0.993, valid/accuracy=0.819, valid/num_kv_pairs/accuracy-4=0.978, valid/num_kv_pairs/accuracy-8=0.956, valid/num_kv_pairs/accuracy-16=0.9, valid/num_kv_pairs/accuracy-32=0.762, valid/num_kv_pairs/accuracy-64=0.502
valid/loss=0.994, valid/accuracy=0.818, valid/num_kv_pairs/accuracy-4=0.978, valid/num_kv_pairs/accuracy-8=0.953, valid/num_kv_pairs/accuracy-16=0.901, valid/num_kv_pairs/accuracy-32=0.762, valid/num_kv_pairs/accuracy-64=0.496
valid/loss=0.997, valid/accuracy=0.817, valid/num_kv_pairs/accuracy-4=0.977, valid/num_kv_pairs/accuracy-8=0.952, valid/num_kv_pairs/accuracy-16=0.898, valid/num_kv_pairs/accuracy-32=0.763, valid/num_kv_pairs/accuracy-64=0.497
valid/loss=0.953, valid/accuracy=0.824, valid/num_kv_pairs/accuracy-4=0.976, valid/num_kv_pairs/accuracy-8=0.958, valid/num_kv_pairs/accuracy-16=0.902, valid/num_kv_pairs/accuracy-32=0.771, valid/num_kv_pairs/accuracy-64=0.511
valid/loss=0.939, valid/accuracy=0.825, valid/num_kv_pairs/accuracy-4=0.977, valid/num_kv_pairs/accuracy-8=0.959, valid/num_kv_pairs/accuracy-16=0.901, valid/num_kv_pairs/accuracy-32=0.777, valid/num_kv_pairs/accuracy-64=0.51
valid/loss=0.92, valid/accuracy=0.83, valid/num_kv_pairs/accuracy-4=0.981, valid/num_kv_pairs/accuracy-8=0.963, valid/num_kv_pairs/accuracy-16=0.904, valid/num_kv_pairs/accuracy-32=0.785, valid/num_kv_pairs/accuracy-64=0.515
valid/loss=0.909, valid/accuracy=0.83, valid/num_kv_pairs/accuracy-4=0.984, valid/num_kv_pairs/accuracy-8=0.958, valid/num_kv_pairs/accuracy-16=0.909, valid/num_kv_pairs/accuracy-32=0.782, valid/num_kv_pairs/accuracy-64=0.516
valid/loss=0.912, valid/accuracy=0.828, valid/num_kv_pairs/accuracy-4=0.982, valid/num_kv_pairs/accuracy-8=0.955, valid/num_kv_pairs/accuracy-16=0.908, valid/num_kv_pairs/accuracy-32=0.777, valid/num_kv_pairs/accuracy-64=0.519
valid/loss=0.869, valid/accuracy=0.836, valid/num_kv_pairs/accuracy-4=0.988, valid/num_kv_pairs/accuracy-8=0.964, valid/num_kv_pairs/accuracy-16=0.918, valid/num_kv_pairs/accuracy-32=0.789, valid/num_kv_pairs/accuracy-64=0.519
valid/loss=0.84, valid/accuracy=0.84, valid/num_kv_pairs/accuracy-4=0.986, valid/num_kv_pairs/accuracy-8=0.966, valid/num_kv_pairs/accuracy-16=0.922, valid/num_kv_pairs/accuracy-32=0.801, valid/num_kv_pairs/accuracy-64=0.525
valid/loss=0.824, valid/accuracy=0.842, valid/num_kv_pairs/accuracy-4=0.989, valid/num_kv_pairs/accuracy-8=0.966, valid/num_kv_pairs/accuracy-16=0.922, valid/num_kv_pairs/accuracy-32=0.803, valid/num_kv_pairs/accuracy-64=0.529
valid/loss=0.794, valid/accuracy=0.846, valid/num_kv_pairs/accuracy-4=0.99, valid/num_kv_pairs/accuracy-8=0.97, valid/num_kv_pairs/accuracy-16=0.93, valid/num_kv_pairs/accuracy-32=0.809, valid/num_kv_pairs/accuracy-64=0.53
valid/loss=0.775, valid/accuracy=0.848, valid/num_kv_pairs/accuracy-4=0.99, valid/num_kv_pairs/accuracy-8=0.97, valid/num_kv_pairs/accuracy-16=0.934, valid/num_kv_pairs/accuracy-32=0.813, valid/num_kv_pairs/accuracy-64=0.532
valid/loss=0.765, valid/accuracy=0.849, valid/num_kv_pairs/accuracy-4=0.99, valid/num_kv_pairs/accuracy-8=0.971, valid/num_kv_pairs/accuracy-16=0.935, valid/num_kv_pairs/accuracy-32=0.816, valid/num_kv_pairs/accuracy-64=0.53
valid/loss=0.754, valid/accuracy=0.85, valid/num_kv_pairs/accuracy-4=0.99, valid/num_kv_pairs/accuracy-8=0.974, valid/num_kv_pairs/accuracy-16=0.939, valid/num_kv_pairs/accuracy-32=0.818, valid/num_kv_pairs/accuracy-64=0.527
srun: Job step aborted: Waiting up to 32 seconds for job step to finish.
[2026-09-08T23:50:52.954] error: *** STEP 3116675.9 ON gh034 CANCELLED AT 2026-09-08T23:50:52 DUE to SIGNAL Terminated ***
srun: error: gh034: task 0: Terminated
