    early_stopping_metric='valid/accuracy',
    early_stopping_threshold=0.99,
    run_id='smat_d1_mr3_hd16_ds16_sig_delta_cread_m2blk_s2-dm16-lr1.0e-02'
valid/loss=5.08, valid/accuracy=0.293, valid/num_kv_pairs/accuracy-4=0.673, valid/num_kv_pairs/accuracy-8=0.48, valid/num_kv_pairs/accuracy-16=0.235, valid/num_kv_pairs/accuracy-32=0.0664, valid/num_kv_pairs/accuracy-64=0.0105
valid/loss=8.88, valid/accuracy=0.067, valid/num_kv_pairs/accuracy-4=0.0712, valid/num_kv_pairs/accuracy-8=0.0781, valid/num_kv_pairs/accuracy-16=0.081, valid/num_kv_pairs/accuracy-32=0.0875, valid/num_kv_pairs/accuracy-64=0.0172
valid/loss=4.82, valid/accuracy=0.31, valid/num_kv_pairs/accuracy-4=0.704, valid/num_kv_pairs/accuracy-8=0.504, valid/num_kv_pairs/accuracy-16=0.262, valid/num_kv_pairs/accuracy-32=0.0712, valid/num_kv_pairs/accuracy-64=0.0116
valid/loss=4.72, valid/accuracy=0.314, valid/num_kv_pairs/accuracy-4=0.706, valid/num_kv_pairs/accuracy-8=0.505, valid/num_kv_pairs/accuracy-16=0.262, valid/num_kv_pairs/accuracy-32=0.0796, valid/num_kv_pairs/accuracy-64=0.0165
valid/loss=4.38, valid/accuracy=0.359, valid/num_kv_pairs/accuracy-4=0.758, valid/num_kv_pairs/accuracy-8=0.565, valid/num_kv_pairs/accuracy-16=0.334, valid/num_kv_pairs/accuracy-32=0.115, valid/num_kv_pairs/accuracy-64=0.0219
valid/loss=4.22, valid/accuracy=0.368, valid/num_kv_pairs/accuracy-4=0.762, valid/num_kv_pairs/accuracy-8=0.576, valid/num_kv_pairs/accuracy-16=0.351, valid/num_kv_pairs/accuracy-32=0.127, valid/num_kv_pairs/accuracy-64=0.0252
valid/loss=4.12, valid/accuracy=0.37, valid/num_kv_pairs/accuracy-4=0.747, valid/num_kv_pairs/accuracy-8=0.585, valid/num_kv_pairs/accuracy-16=0.361, valid/num_kv_pairs/accuracy-32=0.133, valid/num_kv_pairs/accuracy-64=0.0263
valid/loss=4, valid/accuracy=0.387, valid/num_kv_pairs/accuracy-4=0.758, valid/num_kv_pairs/accuracy-8=0.603, valid/num_kv_pairs/accuracy-16=0.387, valid/num_kv_pairs/accuracy-32=0.152, valid/num_kv_pairs/accuracy-64=0.0339
valid/loss=3.97, valid/accuracy=0.385, valid/num_kv_pairs/accuracy-4=0.75, valid/num_kv_pairs/accuracy-8=0.606, valid/num_kv_pairs/accuracy-16=0.383, valid/num_kv_pairs/accuracy-32=0.15, valid/num_kv_pairs/accuracy-64=0.034
valid/loss=3.94, valid/accuracy=0.387, valid/num_kv_pairs/accuracy-4=0.757, valid/num_kv_pairs/accuracy-8=0.607, valid/num_kv_pairs/accuracy-16=0.384, valid/num_kv_pairs/accuracy-32=0.153, valid/num_kv_pairs/accuracy-64=0.0332
valid/loss=3.94, valid/accuracy=0.387, valid/num_kv_pairs/accuracy-4=0.759, valid/num_kv_pairs/accuracy-8=0.608, valid/num_kv_pairs/accuracy-16=0.385, valid/num_kv_pairs/accuracy-32=0.152, valid/num_kv_pairs/accuracy-64=0.0336
valid/loss=3.92, valid/accuracy=0.389, valid/num_kv_pairs/accuracy-4=0.771, valid/num_kv_pairs/accuracy-8=0.605, valid/num_kv_pairs/accuracy-16=0.387, valid/num_kv_pairs/accuracy-32=0.151, valid/num_kv_pairs/accuracy-64=0.0327
valid/loss=3.89, valid/accuracy=0.389, valid/num_kv_pairs/accuracy-4=0.763, valid/num_kv_pairs/accuracy-8=0.608, valid/num_kv_pairs/accuracy-16=0.386, valid/num_kv_pairs/accuracy-32=0.153, valid/num_kv_pairs/accuracy-64=0.033
valid/loss=3.87, valid/accuracy=0.389, valid/num_kv_pairs/accuracy-4=0.768, valid/num_kv_pairs/accuracy-8=0.605, valid/num_kv_pairs/accuracy-16=0.386, valid/num_kv_pairs/accuracy-32=0.152, valid/num_kv_pairs/accuracy-64=0.0327
valid/loss=3.86, valid/accuracy=0.388, valid/num_kv_pairs/accuracy-4=0.767, valid/num_kv_pairs/accuracy-8=0.601, valid/num_kv_pairs/accuracy-16=0.386, valid/num_kv_pairs/accuracy-32=0.153, valid/num_kv_pairs/accuracy-64=0.0317
valid/loss=3.83, valid/accuracy=0.391, valid/num_kv_pairs/accuracy-4=0.774, valid/num_kv_pairs/accuracy-8=0.603, valid/num_kv_pairs/accuracy-16=0.388, valid/num_kv_pairs/accuracy-32=0.155, valid/num_kv_pairs/accuracy-64=0.0331
valid/loss=3.83, valid/accuracy=0.391, valid/num_kv_pairs/accuracy-4=0.778, valid/num_kv_pairs/accuracy-8=0.604, valid/num_kv_pairs/accuracy-16=0.387, valid/num_kv_pairs/accuracy-32=0.154, valid/num_kv_pairs/accuracy-64=0.0331
valid/loss=3.81, valid/accuracy=0.391, valid/num_kv_pairs/accuracy-4=0.776, valid/num_kv_pairs/accuracy-8=0.606, valid/num_kv_pairs/accuracy-16=0.387, valid/num_kv_pairs/accuracy-32=0.154, valid/num_kv_pairs/accuracy-64=0.0329
valid/loss=3.82, valid/accuracy=0.391, valid/num_kv_pairs/accuracy-4=0.777, valid/num_kv_pairs/accuracy-8=0.606, valid/num_kv_pairs/accuracy-16=0.387, valid/num_kv_pairs/accuracy-32=0.153, valid/num_kv_pairs/accuracy-64=0.0326
valid/loss=3.81, valid/accuracy=0.39, valid/num_kv_pairs/accuracy-4=0.773, valid/num_kv_pairs/accuracy-8=0.603, valid/num_kv_pairs/accuracy-16=0.388, valid/num_kv_pairs/accuracy-32=0.154, valid/num_kv_pairs/accuracy-64=0.0318
valid/loss=3.81, valid/accuracy=0.39, valid/num_kv_pairs/accuracy-4=0.773, valid/num_kv_pairs/accuracy-8=0.603, valid/num_kv_pairs/accuracy-16=0.39, valid/num_kv_pairs/accuracy-32=0.154, valid/num_kv_pairs/accuracy-64=0.0323
valid/loss=3.81, valid/accuracy=0.391, valid/num_kv_pairs/accuracy-4=0.772, valid/num_kv_pairs/accuracy-8=0.605, valid/num_kv_pairs/accuracy-16=0.392, valid/num_kv_pairs/accuracy-32=0.153, valid/num_kv_pairs/accuracy-64=0.0323
valid/loss=3.8, valid/accuracy=0.391, valid/num_kv_pairs/accuracy-4=0.772, valid/num_kv_pairs/accuracy-8=0.604, valid/num_kv_pairs/accuracy-16=0.39, valid/num_kv_pairs/accuracy-32=0.154, valid/num_kv_pairs/accuracy-64=0.0323
valid/loss=3.8, valid/accuracy=0.391, valid/num_kv_pairs/accuracy-4=0.774, valid/num_kv_pairs/accuracy-8=0.603, valid/num_kv_pairs/accuracy-16=0.391, valid/num_kv_pairs/accuracy-32=0.155, valid/num_kv_pairs/accuracy-64=0.0312
valid/loss=3.8, valid/accuracy=0.391, valid/num_kv_pairs/accuracy-4=0.776, valid/num_kv_pairs/accuracy-8=0.604, valid/num_kv_pairs/accuracy-16=0.39, valid/num_kv_pairs/accuracy-32=0.155, valid/num_kv_pairs/accuracy-64=0.0311
valid/loss=3.8, valid/accuracy=0.392, valid/num_kv_pairs/accuracy-4=0.776, valid/num_kv_pairs/accuracy-8=0.606, valid/num_kv_pairs/accuracy-16=0.391, valid/num_kv_pairs/accuracy-32=0.154, valid/num_kv_pairs/accuracy-64=0.0309
valid/loss=3.79, valid/accuracy=0.393, valid/num_kv_pairs/accuracy-4=0.779, valid/num_kv_pairs/accuracy-8=0.608, valid/num_kv_pairs/accuracy-16=0.391, valid/num_kv_pairs/accuracy-32=0.154, valid/num_kv_pairs/accuracy-64=0.0312
valid/loss=3.8, valid/accuracy=0.394, valid/num_kv_pairs/accuracy-4=0.784, valid/num_kv_pairs/accuracy-8=0.608, valid/num_kv_pairs/accuracy-16=0.391, valid/num_kv_pairs/accuracy-32=0.155, valid/num_kv_pairs/accuracy-64=0.0312
valid/loss=3.79, valid/accuracy=0.395, valid/num_kv_pairs/accuracy-4=0.787, valid/num_kv_pairs/accuracy-8=0.61, valid/num_kv_pairs/accuracy-16=0.394, valid/num_kv_pairs/accuracy-32=0.155, valid/num_kv_pairs/accuracy-64=0.031
valid/loss=3.78, valid/accuracy=0.398, valid/num_kv_pairs/accuracy-4=0.793, valid/num_kv_pairs/accuracy-8=0.614, valid/num_kv_pairs/accuracy-16=0.394, valid/num_kv_pairs/accuracy-32=0.155, valid/num_kv_pairs/accuracy-64=0.0314
valid/loss=3.76, valid/accuracy=0.4, valid/num_kv_pairs/accuracy-4=0.802, valid/num_kv_pairs/accuracy-8=0.618, valid/num_kv_pairs/accuracy-16=0.395, valid/num_kv_pairs/accuracy-32=0.155, valid/num_kv_pairs/accuracy-64=0.031
valid/loss=3.75, valid/accuracy=0.406, valid/num_kv_pairs/accuracy-4=0.82, valid/num_kv_pairs/accuracy-8=0.625, valid/num_kv_pairs/accuracy-16=0.397, valid/num_kv_pairs/accuracy-32=0.156, valid/num_kv_pairs/accuracy-64=0.0309
