PyTorch 2.11.0 for DeltaAI (CUDA 13.0, Python 3.12)
Includes: transformers, accelerate, datasets, peft, lightning,
          timm, bitsandbytes, diffusers, mpi4py, tensorboard,
          wandb, jupyter, scipy, scikit-learn, opencv, nvitop
New in this build (sm_90 source builds):
  flash-attn, transformer_engine, xformers, apex, mamba-ssm,
  triton, torch-geometric, cupy-cuda13x, tensorrt, flashinfer
Known: transformer_engine and cupy currently fail at import due to
  a cu13 libcublasLt / cython ABI mismatch on this stack — use the
  other attention paths (flash-attn, xformers) and stock torch CUDA
  until an upstream fix lands.

For documentation and examples:
  https://docs.ncsa.illinois.edu/systems/deltaai/

Run setup-kernel prior to launching OOD job.

Quick start (on a compute node):
  module load python/miniforge3_pytorch/2.11.0
  conda activate base
  python -c "import torch; print(torch.cuda.is_available())"

CUDA extensions: CUDA_HOME, nvcc, and CMAKE_PREFIX_PATH come from the
auto-loaded cuda/13.1.1 module.

A conda environment has been detected
CONDA_PREFIX=/sw/user/python/miniforge3-pytorch-2.5.0 
Consider running 'conda deactivate' before loading this module.
CUDA Toolkit 13.1.1 loaded
Includes GPUDirect Storage (GDS) libraries
Requires NVIDIA driver 590+
Using gcc-native/14 (default in Cray PE 25.09)
host: gh018.hsn.cm.delta.internal.ncsa.edu   started: Wed Sep  9 12:47:29 AM CDT 2026
name, memory.total [MiB], driver_version
NVIDIA GH200 120GB, 97871 MiB, 595.71.05
torch 2.11.0+cu130 cuda True
triton 3.5.1

==== smoke ====
smat_d2_mr3_hd16_ds16_sig_delta_cread_m2blk pool delta heads 2 d_state 16
Traceback (most recent call last):
  File "/u/archerdw/smat_attention/deltaai/logs/smoke_cread.py", line 9, in <module>
    print(f"T={T} finite {torch.isfinite(y).all().item()} tau.grad {mx.mx.tau.grad is not None and torch.isfinite(mx.tau.grad).all().item()}")
                                                                    ^^^^^
  File "/sw/user/python/miniforge3-pytorch-2.11.0/lib/python3.12/site-packages/torch/nn/modules/module.py", line 1968, in __getattr__
    raise AttributeError(
AttributeError: 'SmatMamba2MR' object has no attribute 'mx'
SMOKE FAILED -- holding allocation
[2026-09-09T01:27:49.035] error: *** JOB 3116992 ON gh018 CANCELLED AT 2026-09-09T01:27:49 DUE to SIGNAL Terminated ***
