    early_stopping_metric='valid/accuracy',
    early_stopping_threshold=0.99,
    run_id='smatgdn_d3_hd16_h2_sig_cread_m2blk_s4-dm32-lr1.0e-02'
valid/loss=2.34, valid/accuracy=0.71, valid/num_kv_pairs/accuracy-4=0.537, valid/num_kv_pairs/accuracy-8=0.505, valid/num_kv_pairs/accuracy-16=0.803, valid/num_kv_pairs/accuracy-32=0.881, valid/num_kv_pairs/accuracy-64=0.822
valid/loss=0.363, valid/accuracy=0.94, valid/num_kv_pairs/accuracy-4=0.969, valid/num_kv_pairs/accuracy-8=0.879, valid/num_kv_pairs/accuracy-16=0.941, valid/num_kv_pairs/accuracy-32=0.972, valid/num_kv_pairs/accuracy-64=0.939
valid/loss=3.04, valid/accuracy=0.754, valid/num_kv_pairs/accuracy-4=0.4, valid/num_kv_pairs/accuracy-8=0.439, valid/num_kv_pairs/accuracy-16=0.969, valid/num_kv_pairs/accuracy-32=0.99, valid/num_kv_pairs/accuracy-64=0.973
valid/loss=2.12, valid/accuracy=0.791, valid/num_kv_pairs/accuracy-4=0.536, valid/num_kv_pairs/accuracy-8=0.474, valid/num_kv_pairs/accuracy-16=0.974, valid/num_kv_pairs/accuracy-32=0.992, valid/num_kv_pairs/accuracy-64=0.978
valid/loss=2.41, valid/accuracy=0.788, valid/num_kv_pairs/accuracy-4=0.507, valid/num_kv_pairs/accuracy-8=0.488, valid/num_kv_pairs/accuracy-16=0.973, valid/num_kv_pairs/accuracy-32=0.993, valid/num_kv_pairs/accuracy-64=0.978
valid/loss=0.601, valid/accuracy=0.901, valid/num_kv_pairs/accuracy-4=0.865, valid/num_kv_pairs/accuracy-8=0.711, valid/num_kv_pairs/accuracy-16=0.967, valid/num_kv_pairs/accuracy-32=0.99, valid/num_kv_pairs/accuracy-64=0.974
valid/loss=2.33, valid/accuracy=0.802, valid/num_kv_pairs/accuracy-4=0.56, valid/num_kv_pairs/accuracy-8=0.504, valid/num_kv_pairs/accuracy-16=0.973, valid/num_kv_pairs/accuracy-32=0.993, valid/num_kv_pairs/accuracy-64=0.979
valid/loss=1.91, valid/accuracy=0.823, valid/num_kv_pairs/accuracy-4=0.606, valid/num_kv_pairs/accuracy-8=0.564, valid/num_kv_pairs/accuracy-16=0.973, valid/num_kv_pairs/accuracy-32=0.992, valid/num_kv_pairs/accuracy-64=0.978
valid/loss=0.333, valid/accuracy=0.948, valid/num_kv_pairs/accuracy-4=0.901, valid/num_kv_pairs/accuracy-8=0.904, valid/num_kv_pairs/accuracy-16=0.974, valid/num_kv_pairs/accuracy-32=0.99, valid/num_kv_pairs/accuracy-64=0.97
valid/loss=0.122, valid/accuracy=0.976, valid/num_kv_pairs/accuracy-4=0.992, valid/num_kv_pairs/accuracy-8=0.951, valid/num_kv_pairs/accuracy-16=0.976, valid/num_kv_pairs/accuracy-32=0.991, valid/num_kv_pairs/accuracy-64=0.973
valid/loss=3.39, valid/accuracy=0.753, valid/num_kv_pairs/accuracy-4=0.376, valid/num_kv_pairs/accuracy-8=0.436, valid/num_kv_pairs/accuracy-16=0.979, valid/num_kv_pairs/accuracy-32=0.994, valid/num_kv_pairs/accuracy-64=0.98
valid/loss=4.13, valid/accuracy=0.733, valid/num_kv_pairs/accuracy-4=0.31, valid/num_kv_pairs/accuracy-8=0.42, valid/num_kv_pairs/accuracy-16=0.971, valid/num_kv_pairs/accuracy-32=0.992, valid/num_kv_pairs/accuracy-64=0.974
valid/loss=2.86, valid/accuracy=0.768, valid/num_kv_pairs/accuracy-4=0.442, valid/num_kv_pairs/accuracy-8=0.464, valid/num_kv_pairs/accuracy-16=0.969, valid/num_kv_pairs/accuracy-32=0.989, valid/num_kv_pairs/accuracy-64=0.974
valid/loss=0.122, valid/accuracy=0.977, valid/num_kv_pairs/accuracy-4=0.988, valid/num_kv_pairs/accuracy-8=0.96, valid/num_kv_pairs/accuracy-16=0.977, valid/num_kv_pairs/accuracy-32=0.992, valid/num_kv_pairs/accuracy-64=0.97
valid/loss=0.184, valid/accuracy=0.964, valid/num_kv_pairs/accuracy-4=0.96, valid/num_kv_pairs/accuracy-8=0.921, valid/num_kv_pairs/accuracy-16=0.975, valid/num_kv_pairs/accuracy-32=0.992, valid/num_kv_pairs/accuracy-64=0.971
valid/loss=0.176, valid/accuracy=0.965, valid/num_kv_pairs/accuracy-4=0.974, valid/num_kv_pairs/accuracy-8=0.916, valid/num_kv_pairs/accuracy-16=0.974, valid/num_kv_pairs/accuracy-32=0.99, valid/num_kv_pairs/accuracy-64=0.973
valid/loss=0.14, valid/accuracy=0.972, valid/num_kv_pairs/accuracy-4=0.985, valid/num_kv_pairs/accuracy-8=0.939, valid/num_kv_pairs/accuracy-16=0.976, valid/num_kv_pairs/accuracy-32=0.991, valid/num_kv_pairs/accuracy-64=0.971
valid/loss=0.242, valid/accuracy=0.954, valid/num_kv_pairs/accuracy-4=0.955, valid/num_kv_pairs/accuracy-8=0.882, valid/num_kv_pairs/accuracy-16=0.971, valid/num_kv_pairs/accuracy-32=0.99, valid/num_kv_pairs/accuracy-64=0.973
valid/loss=0.18, valid/accuracy=0.965, valid/num_kv_pairs/accuracy-4=0.977, valid/num_kv_pairs/accuracy-8=0.91, valid/num_kv_pairs/accuracy-16=0.972, valid/num_kv_pairs/accuracy-32=0.991, valid/num_kv_pairs/accuracy-64=0.974
valid/loss=0.118, valid/accuracy=0.976, valid/num_kv_pairs/accuracy-4=0.989, valid/num_kv_pairs/accuracy-8=0.952, valid/num_kv_pairs/accuracy-16=0.975, valid/num_kv_pairs/accuracy-32=0.991, valid/num_kv_pairs/accuracy-64=0.973
valid/loss=0.512, valid/accuracy=0.927, valid/num_kv_pairs/accuracy-4=0.898, valid/num_kv_pairs/accuracy-8=0.796, valid/num_kv_pairs/accuracy-16=0.971, valid/num_kv_pairs/accuracy-32=0.991, valid/num_kv_pairs/accuracy-64=0.977
valid/loss=0.504, valid/accuracy=0.922, valid/num_kv_pairs/accuracy-4=0.888, valid/num_kv_pairs/accuracy-8=0.787, valid/num_kv_pairs/accuracy-16=0.969, valid/num_kv_pairs/accuracy-32=0.991, valid/num_kv_pairs/accuracy-64=0.977
valid/loss=0.227, valid/accuracy=0.959, valid/num_kv_pairs/accuracy-4=0.968, valid/num_kv_pairs/accuracy-8=0.887, valid/num_kv_pairs/accuracy-16=0.972, valid/num_kv_pairs/accuracy-32=0.992, valid/num_kv_pairs/accuracy-64=0.976
valid/loss=0.237, valid/accuracy=0.956, valid/num_kv_pairs/accuracy-4=0.964, valid/num_kv_pairs/accuracy-8=0.874, valid/num_kv_pairs/accuracy-16=0.972, valid/num_kv_pairs/accuracy-32=0.992, valid/num_kv_pairs/accuracy-64=0.976
valid/loss=0.145, valid/accuracy=0.974, valid/num_kv_pairs/accuracy-4=0.969, valid/num_kv_pairs/accuracy-8=0.957, valid/num_kv_pairs/accuracy-16=0.976, valid/num_kv_pairs/accuracy-32=0.992, valid/num_kv_pairs/accuracy-64=0.975
valid/loss=0.0989, valid/accuracy=0.979, valid/num_kv_pairs/accuracy-4=0.995, valid/num_kv_pairs/accuracy-8=0.959, valid/num_kv_pairs/accuracy-16=0.979, valid/num_kv_pairs/accuracy-32=0.992, valid/num_kv_pairs/accuracy-64=0.972
valid/loss=0.101, valid/accuracy=0.982, valid/num_kv_pairs/accuracy-4=0.988, valid/num_kv_pairs/accuracy-8=0.978, valid/num_kv_pairs/accuracy-16=0.98, valid/num_kv_pairs/accuracy-32=0.992, valid/num_kv_pairs/accuracy-64=0.97
valid/loss=0.0791, valid/accuracy=0.984, valid/num_kv_pairs/accuracy-4=0.998, valid/num_kv_pairs/accuracy-8=0.982, valid/num_kv_pairs/accuracy-16=0.983, valid/num_kv_pairs/accuracy-32=0.992, valid/num_kv_pairs/accuracy-64=0.965
valid/loss=0.07, valid/accuracy=0.986, valid/num_kv_pairs/accuracy-4=1, valid/num_kv_pairs/accuracy-8=0.99, valid/num_kv_pairs/accuracy-16=0.983, valid/num_kv_pairs/accuracy-32=0.993, valid/num_kv_pairs/accuracy-64=0.963
valid/loss=0.0684, valid/accuracy=0.986, valid/num_kv_pairs/accuracy-4=1, valid/num_kv_pairs/accuracy-8=0.993, valid/num_kv_pairs/accuracy-16=0.984, valid/num_kv_pairs/accuracy-32=0.993, valid/num_kv_pairs/accuracy-64=0.961
valid/loss=0.0705, valid/accuracy=0.986, valid/num_kv_pairs/accuracy-4=1, valid/num_kv_pairs/accuracy-8=0.995, valid/num_kv_pairs/accuracy-16=0.985, valid/num_kv_pairs/accuracy-32=0.992, valid/num_kv_pairs/accuracy-64=0.956
valid/loss=0.0793, valid/accuracy=0.984, valid/num_kv_pairs/accuracy-4=1, valid/num_kv_pairs/accuracy-8=0.995, valid/num_kv_pairs/accuracy-16=0.985, valid/num_kv_pairs/accuracy-32=0.99, valid/num_kv_pairs/accuracy-64=0.949
