    early_stopping_metric='valid/accuracy',
    early_stopping_threshold=0.99,
    run_id='smat_d1_mr3_hd16_ds16_sig_m2blk-dm32-lr1.0e-02'
valid/loss=3.22, valid/accuracy=0.445, valid/num_kv_pairs/accuracy-4=0.819, valid/num_kv_pairs/accuracy-8=0.669, valid/num_kv_pairs/accuracy-16=0.458, valid/num_kv_pairs/accuracy-32=0.218, valid/num_kv_pairs/accuracy-64=0.0632
valid/loss=2.6, valid/accuracy=0.559, valid/num_kv_pairs/accuracy-4=0.889, valid/num_kv_pairs/accuracy-8=0.797, valid/num_kv_pairs/accuracy-16=0.633, valid/num_kv_pairs/accuracy-32=0.354, valid/num_kv_pairs/accuracy-64=0.121
valid/loss=1.92, valid/accuracy=0.671, valid/num_kv_pairs/accuracy-4=0.957, valid/num_kv_pairs/accuracy-8=0.923, valid/num_kv_pairs/accuracy-16=0.802, valid/num_kv_pairs/accuracy-32=0.501, valid/num_kv_pairs/accuracy-64=0.173
valid/loss=1.81, valid/accuracy=0.685, valid/num_kv_pairs/accuracy-4=0.97, valid/num_kv_pairs/accuracy-8=0.933, valid/num_kv_pairs/accuracy-16=0.82, valid/num_kv_pairs/accuracy-32=0.518, valid/num_kv_pairs/accuracy-64=0.182
valid/loss=1.74, valid/accuracy=0.69, valid/num_kv_pairs/accuracy-4=0.966, valid/num_kv_pairs/accuracy-8=0.928, valid/num_kv_pairs/accuracy-16=0.815, valid/num_kv_pairs/accuracy-32=0.539, valid/num_kv_pairs/accuracy-64=0.203
valid/loss=1.66, valid/accuracy=0.697, valid/num_kv_pairs/accuracy-4=0.965, valid/num_kv_pairs/accuracy-8=0.928, valid/num_kv_pairs/accuracy-16=0.823, valid/num_kv_pairs/accuracy-32=0.553, valid/num_kv_pairs/accuracy-64=0.215
valid/loss=1.59, valid/accuracy=0.704, valid/num_kv_pairs/accuracy-4=0.974, valid/num_kv_pairs/accuracy-8=0.936, valid/num_kv_pairs/accuracy-16=0.83, valid/num_kv_pairs/accuracy-32=0.563, valid/num_kv_pairs/accuracy-64=0.22
valid/loss=1.45, valid/accuracy=0.729, valid/num_kv_pairs/accuracy-4=0.978, valid/num_kv_pairs/accuracy-8=0.948, valid/num_kv_pairs/accuracy-16=0.866, valid/num_kv_pairs/accuracy-32=0.608, valid/num_kv_pairs/accuracy-64=0.246
valid/loss=1.32, valid/accuracy=0.749, valid/num_kv_pairs/accuracy-4=0.983, valid/num_kv_pairs/accuracy-8=0.959, valid/num_kv_pairs/accuracy-16=0.882, valid/num_kv_pairs/accuracy-32=0.648, valid/num_kv_pairs/accuracy-64=0.271
valid/loss=1.27, valid/accuracy=0.754, valid/num_kv_pairs/accuracy-4=0.984, valid/num_kv_pairs/accuracy-8=0.96, valid/num_kv_pairs/accuracy-16=0.887, valid/num_kv_pairs/accuracy-32=0.663, valid/num_kv_pairs/accuracy-64=0.278
valid/loss=1.24, valid/accuracy=0.761, valid/num_kv_pairs/accuracy-4=0.988, valid/num_kv_pairs/accuracy-8=0.963, valid/num_kv_pairs/accuracy-16=0.889, valid/num_kv_pairs/accuracy-32=0.674, valid/num_kv_pairs/accuracy-64=0.29
valid/loss=1.11, valid/accuracy=0.784, valid/num_kv_pairs/accuracy-4=0.992, valid/num_kv_pairs/accuracy-8=0.972, valid/num_kv_pairs/accuracy-16=0.914, valid/num_kv_pairs/accuracy-32=0.715, valid/num_kv_pairs/accuracy-64=0.328
valid/loss=1.05, valid/accuracy=0.793, valid/num_kv_pairs/accuracy-4=0.991, valid/num_kv_pairs/accuracy-8=0.977, valid/num_kv_pairs/accuracy-16=0.922, valid/num_kv_pairs/accuracy-32=0.734, valid/num_kv_pairs/accuracy-64=0.341
valid/loss=1.01, valid/accuracy=0.8, valid/num_kv_pairs/accuracy-4=0.994, valid/num_kv_pairs/accuracy-8=0.979, valid/num_kv_pairs/accuracy-16=0.932, valid/num_kv_pairs/accuracy-32=0.743, valid/num_kv_pairs/accuracy-64=0.352
valid/loss=1.01, valid/accuracy=0.798, valid/num_kv_pairs/accuracy-4=0.991, valid/num_kv_pairs/accuracy-8=0.978, valid/num_kv_pairs/accuracy-16=0.928, valid/num_kv_pairs/accuracy-32=0.745, valid/num_kv_pairs/accuracy-64=0.35
valid/loss=1, valid/accuracy=0.801, valid/num_kv_pairs/accuracy-4=0.993, valid/num_kv_pairs/accuracy-8=0.977, valid/num_kv_pairs/accuracy-16=0.929, valid/num_kv_pairs/accuracy-32=0.748, valid/num_kv_pairs/accuracy-64=0.358
valid/loss=1, valid/accuracy=0.801, valid/num_kv_pairs/accuracy-4=0.992, valid/num_kv_pairs/accuracy-8=0.978, valid/num_kv_pairs/accuracy-16=0.928, valid/num_kv_pairs/accuracy-32=0.75, valid/num_kv_pairs/accuracy-64=0.355
valid/loss=0.914, valid/accuracy=0.816, valid/num_kv_pairs/accuracy-4=0.994, valid/num_kv_pairs/accuracy-8=0.981, valid/num_kv_pairs/accuracy-16=0.943, valid/num_kv_pairs/accuracy-32=0.775, valid/num_kv_pairs/accuracy-64=0.387
valid/loss=0.909, valid/accuracy=0.817, valid/num_kv_pairs/accuracy-4=0.993, valid/num_kv_pairs/accuracy-8=0.982, valid/num_kv_pairs/accuracy-16=0.944, valid/num_kv_pairs/accuracy-32=0.779, valid/num_kv_pairs/accuracy-64=0.387
valid/loss=0.903, valid/accuracy=0.818, valid/num_kv_pairs/accuracy-4=0.995, valid/num_kv_pairs/accuracy-8=0.982, valid/num_kv_pairs/accuracy-16=0.941, valid/num_kv_pairs/accuracy-32=0.78, valid/num_kv_pairs/accuracy-64=0.391
valid/loss=0.899, valid/accuracy=0.819, valid/num_kv_pairs/accuracy-4=0.994, valid/num_kv_pairs/accuracy-8=0.982, valid/num_kv_pairs/accuracy-16=0.944, valid/num_kv_pairs/accuracy-32=0.783, valid/num_kv_pairs/accuracy-64=0.392
valid/loss=0.894, valid/accuracy=0.819, valid/num_kv_pairs/accuracy-4=0.993, valid/num_kv_pairs/accuracy-8=0.981, valid/num_kv_pairs/accuracy-16=0.945, valid/num_kv_pairs/accuracy-32=0.785, valid/num_kv_pairs/accuracy-64=0.393
valid/loss=0.892, valid/accuracy=0.82, valid/num_kv_pairs/accuracy-4=0.994, valid/num_kv_pairs/accuracy-8=0.982, valid/num_kv_pairs/accuracy-16=0.945, valid/num_kv_pairs/accuracy-32=0.785, valid/num_kv_pairs/accuracy-64=0.394
valid/loss=0.884, valid/accuracy=0.821, valid/num_kv_pairs/accuracy-4=0.994, valid/num_kv_pairs/accuracy-8=0.983, valid/num_kv_pairs/accuracy-16=0.945, valid/num_kv_pairs/accuracy-32=0.787, valid/num_kv_pairs/accuracy-64=0.397
valid/loss=0.876, valid/accuracy=0.822, valid/num_kv_pairs/accuracy-4=0.993, valid/num_kv_pairs/accuracy-8=0.984, valid/num_kv_pairs/accuracy-16=0.946, valid/num_kv_pairs/accuracy-32=0.79, valid/num_kv_pairs/accuracy-64=0.398
valid/loss=0.871, valid/accuracy=0.824, valid/num_kv_pairs/accuracy-4=0.994, valid/num_kv_pairs/accuracy-8=0.984, valid/num_kv_pairs/accuracy-16=0.949, valid/num_kv_pairs/accuracy-32=0.792, valid/num_kv_pairs/accuracy-64=0.4
valid/loss=0.866, valid/accuracy=0.825, valid/num_kv_pairs/accuracy-4=0.994, valid/num_kv_pairs/accuracy-8=0.985, valid/num_kv_pairs/accuracy-16=0.949, valid/num_kv_pairs/accuracy-32=0.795, valid/num_kv_pairs/accuracy-64=0.401
valid/loss=0.861, valid/accuracy=0.825, valid/num_kv_pairs/accuracy-4=0.994, valid/num_kv_pairs/accuracy-8=0.985, valid/num_kv_pairs/accuracy-16=0.95, valid/num_kv_pairs/accuracy-32=0.796, valid/num_kv_pairs/accuracy-64=0.401
valid/loss=0.857, valid/accuracy=0.826, valid/num_kv_pairs/accuracy-4=0.994, valid/num_kv_pairs/accuracy-8=0.986, valid/num_kv_pairs/accuracy-16=0.951, valid/num_kv_pairs/accuracy-32=0.798, valid/num_kv_pairs/accuracy-64=0.401
valid/loss=0.852, valid/accuracy=0.827, valid/num_kv_pairs/accuracy-4=0.995, valid/num_kv_pairs/accuracy-8=0.987, valid/num_kv_pairs/accuracy-16=0.953, valid/num_kv_pairs/accuracy-32=0.8, valid/num_kv_pairs/accuracy-64=0.402
valid/loss=0.85, valid/accuracy=0.828, valid/num_kv_pairs/accuracy-4=0.994, valid/num_kv_pairs/accuracy-8=0.987, valid/num_kv_pairs/accuracy-16=0.954, valid/num_kv_pairs/accuracy-32=0.801, valid/num_kv_pairs/accuracy-64=0.401
valid/loss=0.852, valid/accuracy=0.828, valid/num_kv_pairs/accuracy-4=0.995, valid/num_kv_pairs/accuracy-8=0.987, valid/num_kv_pairs/accuracy-16=0.955, valid/num_kv_pairs/accuracy-32=0.802, valid/num_kv_pairs/accuracy-64=0.4
