    early_stopping_metric='valid/accuracy',
    early_stopping_threshold=0.99,
    run_id='smatgdn_d3_hd16_h1_sig_cread_m2blk-dm16-lr1.0e-02'
valid/loss=6.97, valid/accuracy=0.0852, valid/num_kv_pairs/accuracy-4=0.189, valid/num_kv_pairs/accuracy-8=0.115, valid/num_kv_pairs/accuracy-16=0.0779, valid/num_kv_pairs/accuracy-32=0.0345, valid/num_kv_pairs/accuracy-64=0.00956
valid/loss=6.58, valid/accuracy=0.13, valid/num_kv_pairs/accuracy-4=0.273, valid/num_kv_pairs/accuracy-8=0.165, valid/num_kv_pairs/accuracy-16=0.115, valid/num_kv_pairs/accuracy-32=0.0697, valid/num_kv_pairs/accuracy-64=0.0252
valid/loss=3.34, valid/accuracy=0.653, valid/num_kv_pairs/accuracy-4=0.781, valid/num_kv_pairs/accuracy-8=0.655, valid/num_kv_pairs/accuracy-16=0.624, valid/num_kv_pairs/accuracy-32=0.663, valid/num_kv_pairs/accuracy-64=0.542
valid/loss=2.52, valid/accuracy=0.718, valid/num_kv_pairs/accuracy-4=0.851, valid/num_kv_pairs/accuracy-8=0.715, valid/num_kv_pairs/accuracy-16=0.69, valid/num_kv_pairs/accuracy-32=0.714, valid/num_kv_pairs/accuracy-64=0.619
valid/loss=2.38, valid/accuracy=0.734, valid/num_kv_pairs/accuracy-4=0.886, valid/num_kv_pairs/accuracy-8=0.74, valid/num_kv_pairs/accuracy-16=0.699, valid/num_kv_pairs/accuracy-32=0.724, valid/num_kv_pairs/accuracy-64=0.619
valid/loss=2.3, valid/accuracy=0.739, valid/num_kv_pairs/accuracy-4=0.877, valid/num_kv_pairs/accuracy-8=0.731, valid/num_kv_pairs/accuracy-16=0.705, valid/num_kv_pairs/accuracy-32=0.739, valid/num_kv_pairs/accuracy-64=0.646
valid/loss=2.02, valid/accuracy=0.776, valid/num_kv_pairs/accuracy-4=0.898, valid/num_kv_pairs/accuracy-8=0.767, valid/num_kv_pairs/accuracy-16=0.753, valid/num_kv_pairs/accuracy-32=0.784, valid/num_kv_pairs/accuracy-64=0.68
valid/loss=2, valid/accuracy=0.78, valid/num_kv_pairs/accuracy-4=0.91, valid/num_kv_pairs/accuracy-8=0.772, valid/num_kv_pairs/accuracy-16=0.751, valid/num_kv_pairs/accuracy-32=0.783, valid/num_kv_pairs/accuracy-64=0.683
valid/loss=1.94, valid/accuracy=0.784, valid/num_kv_pairs/accuracy-4=0.909, valid/num_kv_pairs/accuracy-8=0.778, valid/num_kv_pairs/accuracy-16=0.755, valid/num_kv_pairs/accuracy-32=0.792, valid/num_kv_pairs/accuracy-64=0.686
valid/loss=1.91, valid/accuracy=0.787, valid/num_kv_pairs/accuracy-4=0.9, valid/num_kv_pairs/accuracy-8=0.785, valid/num_kv_pairs/accuracy-16=0.76, valid/num_kv_pairs/accuracy-32=0.799, valid/num_kv_pairs/accuracy-64=0.693
valid/loss=1.82, valid/accuracy=0.798, valid/num_kv_pairs/accuracy-4=0.917, valid/num_kv_pairs/accuracy-8=0.788, valid/num_kv_pairs/accuracy-16=0.768, valid/num_kv_pairs/accuracy-32=0.806, valid/num_kv_pairs/accuracy-64=0.709
valid/loss=1.77, valid/accuracy=0.803, valid/num_kv_pairs/accuracy-4=0.918, valid/num_kv_pairs/accuracy-8=0.797, valid/num_kv_pairs/accuracy-16=0.779, valid/num_kv_pairs/accuracy-32=0.811, valid/num_kv_pairs/accuracy-64=0.712
valid/loss=1.63, valid/accuracy=0.822, valid/num_kv_pairs/accuracy-4=0.935, valid/num_kv_pairs/accuracy-8=0.827, valid/num_kv_pairs/accuracy-16=0.787, valid/num_kv_pairs/accuracy-32=0.827, valid/num_kv_pairs/accuracy-64=0.732
valid/loss=1.5, valid/accuracy=0.837, valid/num_kv_pairs/accuracy-4=0.949, valid/num_kv_pairs/accuracy-8=0.838, valid/num_kv_pairs/accuracy-16=0.811, valid/num_kv_pairs/accuracy-32=0.836, valid/num_kv_pairs/accuracy-64=0.75
valid/loss=1.18, valid/accuracy=0.867, valid/num_kv_pairs/accuracy-4=0.955, valid/num_kv_pairs/accuracy-8=0.855, valid/num_kv_pairs/accuracy-16=0.847, valid/num_kv_pairs/accuracy-32=0.873, valid/num_kv_pairs/accuracy-64=0.807
valid/loss=1.3, valid/accuracy=0.854, valid/num_kv_pairs/accuracy-4=0.885, valid/num_kv_pairs/accuracy-8=0.825, valid/num_kv_pairs/accuracy-16=0.855, valid/num_kv_pairs/accuracy-32=0.883, valid/num_kv_pairs/accuracy-64=0.819
valid/loss=1.15, valid/accuracy=0.881, valid/num_kv_pairs/accuracy-4=0.932, valid/num_kv_pairs/accuracy-8=0.855, valid/num_kv_pairs/accuracy-16=0.878, valid/num_kv_pairs/accuracy-32=0.899, valid/num_kv_pairs/accuracy-64=0.841
valid/loss=1.11, valid/accuracy=0.885, valid/num_kv_pairs/accuracy-4=0.946, valid/num_kv_pairs/accuracy-8=0.866, valid/num_kv_pairs/accuracy-16=0.873, valid/num_kv_pairs/accuracy-32=0.898, valid/num_kv_pairs/accuracy-64=0.84
valid/loss=1.01, valid/accuracy=0.891, valid/num_kv_pairs/accuracy-4=0.955, valid/num_kv_pairs/accuracy-8=0.882, valid/num_kv_pairs/accuracy-16=0.878, valid/num_kv_pairs/accuracy-32=0.9, valid/num_kv_pairs/accuracy-64=0.84
valid/loss=0.948, valid/accuracy=0.896, valid/num_kv_pairs/accuracy-4=0.961, valid/num_kv_pairs/accuracy-8=0.892, valid/num_kv_pairs/accuracy-16=0.881, valid/num_kv_pairs/accuracy-32=0.9, valid/num_kv_pairs/accuracy-64=0.847
valid/loss=0.904, valid/accuracy=0.902, valid/num_kv_pairs/accuracy-4=0.966, valid/num_kv_pairs/accuracy-8=0.905, valid/num_kv_pairs/accuracy-16=0.886, valid/num_kv_pairs/accuracy-32=0.903, valid/num_kv_pairs/accuracy-64=0.849
valid/loss=0.886, valid/accuracy=0.902, valid/num_kv_pairs/accuracy-4=0.969, valid/num_kv_pairs/accuracy-8=0.909, valid/num_kv_pairs/accuracy-16=0.884, valid/num_kv_pairs/accuracy-32=0.902, valid/num_kv_pairs/accuracy-64=0.847
valid/loss=0.871, valid/accuracy=0.903, valid/num_kv_pairs/accuracy-4=0.969, valid/num_kv_pairs/accuracy-8=0.915, valid/num_kv_pairs/accuracy-16=0.884, valid/num_kv_pairs/accuracy-32=0.902, valid/num_kv_pairs/accuracy-64=0.847
valid/loss=0.849, valid/accuracy=0.906, valid/num_kv_pairs/accuracy-4=0.975, valid/num_kv_pairs/accuracy-8=0.921, valid/num_kv_pairs/accuracy-16=0.883, valid/num_kv_pairs/accuracy-32=0.902, valid/num_kv_pairs/accuracy-64=0.85
valid/loss=0.836, valid/accuracy=0.908, valid/num_kv_pairs/accuracy-4=0.976, valid/num_kv_pairs/accuracy-8=0.923, valid/num_kv_pairs/accuracy-16=0.885, valid/num_kv_pairs/accuracy-32=0.903, valid/num_kv_pairs/accuracy-64=0.852
valid/loss=0.813, valid/accuracy=0.91, valid/num_kv_pairs/accuracy-4=0.979, valid/num_kv_pairs/accuracy-8=0.93, valid/num_kv_pairs/accuracy-16=0.886, valid/num_kv_pairs/accuracy-32=0.903, valid/num_kv_pairs/accuracy-64=0.852
valid/loss=0.798, valid/accuracy=0.912, valid/num_kv_pairs/accuracy-4=0.981, valid/num_kv_pairs/accuracy-8=0.934, valid/num_kv_pairs/accuracy-16=0.886, valid/num_kv_pairs/accuracy-32=0.905, valid/num_kv_pairs/accuracy-64=0.853
valid/loss=0.792, valid/accuracy=0.912, valid/num_kv_pairs/accuracy-4=0.983, valid/num_kv_pairs/accuracy-8=0.938, valid/num_kv_pairs/accuracy-16=0.884, valid/num_kv_pairs/accuracy-32=0.904, valid/num_kv_pairs/accuracy-64=0.851
valid/loss=0.773, valid/accuracy=0.914, valid/num_kv_pairs/accuracy-4=0.983, valid/num_kv_pairs/accuracy-8=0.943, valid/num_kv_pairs/accuracy-16=0.884, valid/num_kv_pairs/accuracy-32=0.905, valid/num_kv_pairs/accuracy-64=0.853
valid/loss=0.759, valid/accuracy=0.915, valid/num_kv_pairs/accuracy-4=0.985, valid/num_kv_pairs/accuracy-8=0.946, valid/num_kv_pairs/accuracy-16=0.883, valid/num_kv_pairs/accuracy-32=0.905, valid/num_kv_pairs/accuracy-64=0.853
valid/loss=0.748, valid/accuracy=0.915, valid/num_kv_pairs/accuracy-4=0.987, valid/num_kv_pairs/accuracy-8=0.952, valid/num_kv_pairs/accuracy-16=0.882, valid/num_kv_pairs/accuracy-32=0.905, valid/num_kv_pairs/accuracy-64=0.852
valid/loss=0.752, valid/accuracy=0.914, valid/num_kv_pairs/accuracy-4=0.987, valid/num_kv_pairs/accuracy-8=0.953, valid/num_kv_pairs/accuracy-16=0.878, valid/num_kv_pairs/accuracy-32=0.904, valid/num_kv_pairs/accuracy-64=0.849
