    early_stopping_metric='valid/accuracy',
    early_stopping_threshold=0.99,
    run_id='smatgdn_d2_hd16_h2_sig_cread_m2blk_s1-dm32-lr1.0e-02'
valid/loss=4.11, valid/accuracy=0.5, valid/num_kv_pairs/accuracy-4=0.667, valid/num_kv_pairs/accuracy-8=0.53, valid/num_kv_pairs/accuracy-16=0.624, valid/num_kv_pairs/accuracy-32=0.442, valid/num_kv_pairs/accuracy-64=0.236
valid/loss=2.14, valid/accuracy=0.742, valid/num_kv_pairs/accuracy-4=0.907, valid/num_kv_pairs/accuracy-8=0.835, valid/num_kv_pairs/accuracy-16=0.846, valid/num_kv_pairs/accuracy-32=0.687, valid/num_kv_pairs/accuracy-64=0.434
valid/loss=2.25, valid/accuracy=0.714, valid/num_kv_pairs/accuracy-4=0.884, valid/num_kv_pairs/accuracy-8=0.785, valid/num_kv_pairs/accuracy-16=0.827, valid/num_kv_pairs/accuracy-32=0.654, valid/num_kv_pairs/accuracy-64=0.418
valid/loss=2.06, valid/accuracy=0.743, valid/num_kv_pairs/accuracy-4=0.939, valid/num_kv_pairs/accuracy-8=0.861, valid/num_kv_pairs/accuracy-16=0.84, valid/num_kv_pairs/accuracy-32=0.645, valid/num_kv_pairs/accuracy-64=0.429
valid/loss=2.02, valid/accuracy=0.742, valid/num_kv_pairs/accuracy-4=0.941, valid/num_kv_pairs/accuracy-8=0.867, valid/num_kv_pairs/accuracy-16=0.835, valid/num_kv_pairs/accuracy-32=0.64, valid/num_kv_pairs/accuracy-64=0.429
valid/loss=2.06, valid/accuracy=0.739, valid/num_kv_pairs/accuracy-4=0.923, valid/num_kv_pairs/accuracy-8=0.859, valid/num_kv_pairs/accuracy-16=0.841, valid/num_kv_pairs/accuracy-32=0.645, valid/num_kv_pairs/accuracy-64=0.43
valid/loss=2.08, valid/accuracy=0.732, valid/num_kv_pairs/accuracy-4=0.93, valid/num_kv_pairs/accuracy-8=0.854, valid/num_kv_pairs/accuracy-16=0.831, valid/num_kv_pairs/accuracy-32=0.622, valid/num_kv_pairs/accuracy-64=0.423
valid/loss=2.13, valid/accuracy=0.73, valid/num_kv_pairs/accuracy-4=0.91, valid/num_kv_pairs/accuracy-8=0.847, valid/num_kv_pairs/accuracy-16=0.833, valid/num_kv_pairs/accuracy-32=0.63, valid/num_kv_pairs/accuracy-64=0.428
valid/loss=2.05, valid/accuracy=0.732, valid/num_kv_pairs/accuracy-4=0.911, valid/num_kv_pairs/accuracy-8=0.844, valid/num_kv_pairs/accuracy-16=0.842, valid/num_kv_pairs/accuracy-32=0.632, valid/num_kv_pairs/accuracy-64=0.43
valid/loss=2.03, valid/accuracy=0.736, valid/num_kv_pairs/accuracy-4=0.934, valid/num_kv_pairs/accuracy-8=0.857, valid/num_kv_pairs/accuracy-16=0.841, valid/num_kv_pairs/accuracy-32=0.625, valid/num_kv_pairs/accuracy-64=0.424
valid/loss=2.03, valid/accuracy=0.734, valid/num_kv_pairs/accuracy-4=0.929, valid/num_kv_pairs/accuracy-8=0.854, valid/num_kv_pairs/accuracy-16=0.834, valid/num_kv_pairs/accuracy-32=0.625, valid/num_kv_pairs/accuracy-64=0.427
valid/loss=2, valid/accuracy=0.734, valid/num_kv_pairs/accuracy-4=0.92, valid/num_kv_pairs/accuracy-8=0.854, valid/num_kv_pairs/accuracy-16=0.841, valid/num_kv_pairs/accuracy-32=0.63, valid/num_kv_pairs/accuracy-64=0.426
valid/loss=2.04, valid/accuracy=0.735, valid/num_kv_pairs/accuracy-4=0.925, valid/num_kv_pairs/accuracy-8=0.858, valid/num_kv_pairs/accuracy-16=0.84, valid/num_kv_pairs/accuracy-32=0.634, valid/num_kv_pairs/accuracy-64=0.419
valid/loss=2, valid/accuracy=0.739, valid/num_kv_pairs/accuracy-4=0.936, valid/num_kv_pairs/accuracy-8=0.868, valid/num_kv_pairs/accuracy-16=0.838, valid/num_kv_pairs/accuracy-32=0.627, valid/num_kv_pairs/accuracy-64=0.425
valid/loss=1.98, valid/accuracy=0.739, valid/num_kv_pairs/accuracy-4=0.93, valid/num_kv_pairs/accuracy-8=0.869, valid/num_kv_pairs/accuracy-16=0.839, valid/num_kv_pairs/accuracy-32=0.628, valid/num_kv_pairs/accuracy-64=0.428
valid/loss=1.96, valid/accuracy=0.743, valid/num_kv_pairs/accuracy-4=0.946, valid/num_kv_pairs/accuracy-8=0.874, valid/num_kv_pairs/accuracy-16=0.848, valid/num_kv_pairs/accuracy-32=0.628, valid/num_kv_pairs/accuracy-64=0.42
valid/loss=1.95, valid/accuracy=0.741, valid/num_kv_pairs/accuracy-4=0.935, valid/num_kv_pairs/accuracy-8=0.871, valid/num_kv_pairs/accuracy-16=0.845, valid/num_kv_pairs/accuracy-32=0.626, valid/num_kv_pairs/accuracy-64=0.428
valid/loss=1.89, valid/accuracy=0.744, valid/num_kv_pairs/accuracy-4=0.958, valid/num_kv_pairs/accuracy-8=0.88, valid/num_kv_pairs/accuracy-16=0.84, valid/num_kv_pairs/accuracy-32=0.621, valid/num_kv_pairs/accuracy-64=0.423
valid/loss=1.85, valid/accuracy=0.749, valid/num_kv_pairs/accuracy-4=0.963, valid/num_kv_pairs/accuracy-8=0.892, valid/num_kv_pairs/accuracy-16=0.841, valid/num_kv_pairs/accuracy-32=0.627, valid/num_kv_pairs/accuracy-64=0.423
valid/loss=1.83, valid/accuracy=0.758, valid/num_kv_pairs/accuracy-4=0.968, valid/num_kv_pairs/accuracy-8=0.895, valid/num_kv_pairs/accuracy-16=0.848, valid/num_kv_pairs/accuracy-32=0.645, valid/num_kv_pairs/accuracy-64=0.433
valid/loss=1.82, valid/accuracy=0.763, valid/num_kv_pairs/accuracy-4=0.964, valid/num_kv_pairs/accuracy-8=0.895, valid/num_kv_pairs/accuracy-16=0.852, valid/num_kv_pairs/accuracy-32=0.659, valid/num_kv_pairs/accuracy-64=0.446
valid/loss=1.83, valid/accuracy=0.767, valid/num_kv_pairs/accuracy-4=0.961, valid/num_kv_pairs/accuracy-8=0.899, valid/num_kv_pairs/accuracy-16=0.856, valid/num_kv_pairs/accuracy-32=0.672, valid/num_kv_pairs/accuracy-64=0.448
valid/loss=1.82, valid/accuracy=0.773, valid/num_kv_pairs/accuracy-4=0.962, valid/num_kv_pairs/accuracy-8=0.901, valid/num_kv_pairs/accuracy-16=0.861, valid/num_kv_pairs/accuracy-32=0.688, valid/num_kv_pairs/accuracy-64=0.454
valid/loss=1.8, valid/accuracy=0.78, valid/num_kv_pairs/accuracy-4=0.975, valid/num_kv_pairs/accuracy-8=0.907, valid/num_kv_pairs/accuracy-16=0.864, valid/num_kv_pairs/accuracy-32=0.7, valid/num_kv_pairs/accuracy-64=0.455
valid/loss=1.79, valid/accuracy=0.784, valid/num_kv_pairs/accuracy-4=0.977, valid/num_kv_pairs/accuracy-8=0.91, valid/num_kv_pairs/accuracy-16=0.869, valid/num_kv_pairs/accuracy-32=0.709, valid/num_kv_pairs/accuracy-64=0.455
valid/loss=1.8, valid/accuracy=0.785, valid/num_kv_pairs/accuracy-4=0.973, valid/num_kv_pairs/accuracy-8=0.91, valid/num_kv_pairs/accuracy-16=0.87, valid/num_kv_pairs/accuracy-32=0.711, valid/num_kv_pairs/accuracy-64=0.461
valid/loss=1.81, valid/accuracy=0.784, valid/num_kv_pairs/accuracy-4=0.964, valid/num_kv_pairs/accuracy-8=0.908, valid/num_kv_pairs/accuracy-16=0.875, valid/num_kv_pairs/accuracy-32=0.712, valid/num_kv_pairs/accuracy-64=0.462
valid/loss=1.8, valid/accuracy=0.786, valid/num_kv_pairs/accuracy-4=0.967, valid/num_kv_pairs/accuracy-8=0.912, valid/num_kv_pairs/accuracy-16=0.873, valid/num_kv_pairs/accuracy-32=0.714, valid/num_kv_pairs/accuracy-64=0.463
valid/loss=1.79, valid/accuracy=0.782, valid/num_kv_pairs/accuracy-4=0.953, valid/num_kv_pairs/accuracy-8=0.91, valid/num_kv_pairs/accuracy-16=0.873, valid/num_kv_pairs/accuracy-32=0.717, valid/num_kv_pairs/accuracy-64=0.456
valid/loss=1.76, valid/accuracy=0.779, valid/num_kv_pairs/accuracy-4=0.946, valid/num_kv_pairs/accuracy-8=0.91, valid/num_kv_pairs/accuracy-16=0.873, valid/num_kv_pairs/accuracy-32=0.718, valid/num_kv_pairs/accuracy-64=0.446
valid/loss=1.76, valid/accuracy=0.771, valid/num_kv_pairs/accuracy-4=0.942, valid/num_kv_pairs/accuracy-8=0.893, valid/num_kv_pairs/accuracy-16=0.86, valid/num_kv_pairs/accuracy-32=0.714, valid/num_kv_pairs/accuracy-64=0.445
valid/loss=1.56, valid/accuracy=0.795, valid/num_kv_pairs/accuracy-4=0.987, valid/num_kv_pairs/accuracy-8=0.941, valid/num_kv_pairs/accuracy-16=0.888, valid/num_kv_pairs/accuracy-32=0.73, valid/num_kv_pairs/accuracy-64=0.431
