    early_stopping_metric='valid/accuracy',
    early_stopping_threshold=0.99,
    run_id='smatgdn_d2_hd16_h2_sig_cread_m2blk_s4-dm32-lr1.0e-02'
valid/loss=2.02, valid/accuracy=0.712, valid/num_kv_pairs/accuracy-4=0.737, valid/num_kv_pairs/accuracy-8=0.702, valid/num_kv_pairs/accuracy-16=0.905, valid/num_kv_pairs/accuracy-32=0.76, valid/num_kv_pairs/accuracy-64=0.453
valid/loss=1.06, valid/accuracy=0.851, valid/num_kv_pairs/accuracy-4=0.944, valid/num_kv_pairs/accuracy-8=0.901, valid/num_kv_pairs/accuracy-16=0.956, valid/num_kv_pairs/accuracy-32=0.876, valid/num_kv_pairs/accuracy-64=0.579
valid/loss=0.674, valid/accuracy=0.888, valid/num_kv_pairs/accuracy-4=0.991, valid/num_kv_pairs/accuracy-8=0.957, valid/num_kv_pairs/accuracy-16=0.977, valid/num_kv_pairs/accuracy-32=0.898, valid/num_kv_pairs/accuracy-64=0.617
valid/loss=0.622, valid/accuracy=0.895, valid/num_kv_pairs/accuracy-4=0.992, valid/num_kv_pairs/accuracy-8=0.966, valid/num_kv_pairs/accuracy-16=0.982, valid/num_kv_pairs/accuracy-32=0.908, valid/num_kv_pairs/accuracy-64=0.625
valid/loss=0.586, valid/accuracy=0.9, valid/num_kv_pairs/accuracy-4=0.995, valid/num_kv_pairs/accuracy-8=0.968, valid/num_kv_pairs/accuracy-16=0.984, valid/num_kv_pairs/accuracy-32=0.917, valid/num_kv_pairs/accuracy-64=0.634
valid/loss=0.578, valid/accuracy=0.901, valid/num_kv_pairs/accuracy-4=0.997, valid/num_kv_pairs/accuracy-8=0.971, valid/num_kv_pairs/accuracy-16=0.986, valid/num_kv_pairs/accuracy-32=0.914, valid/num_kv_pairs/accuracy-64=0.638
valid/loss=0.596, valid/accuracy=0.898, valid/num_kv_pairs/accuracy-4=0.992, valid/num_kv_pairs/accuracy-8=0.963, valid/num_kv_pairs/accuracy-16=0.983, valid/num_kv_pairs/accuracy-32=0.91, valid/num_kv_pairs/accuracy-64=0.643
valid/loss=0.59, valid/accuracy=0.9, valid/num_kv_pairs/accuracy-4=0.99, valid/num_kv_pairs/accuracy-8=0.964, valid/num_kv_pairs/accuracy-16=0.987, valid/num_kv_pairs/accuracy-32=0.92, valid/num_kv_pairs/accuracy-64=0.636
valid/loss=0.668, valid/accuracy=0.889, valid/num_kv_pairs/accuracy-4=0.982, valid/num_kv_pairs/accuracy-8=0.93, valid/num_kv_pairs/accuracy-16=0.98, valid/num_kv_pairs/accuracy-32=0.913, valid/num_kv_pairs/accuracy-64=0.641
valid/loss=0.676, valid/accuracy=0.894, valid/num_kv_pairs/accuracy-4=0.967, valid/num_kv_pairs/accuracy-8=0.936, valid/num_kv_pairs/accuracy-16=0.985, valid/num_kv_pairs/accuracy-32=0.926, valid/num_kv_pairs/accuracy-64=0.655
valid/loss=0.527, valid/accuracy=0.908, valid/num_kv_pairs/accuracy-4=0.995, valid/num_kv_pairs/accuracy-8=0.959, valid/num_kv_pairs/accuracy-16=0.988, valid/num_kv_pairs/accuracy-32=0.932, valid/num_kv_pairs/accuracy-64=0.668
valid/loss=0.585, valid/accuracy=0.899, valid/num_kv_pairs/accuracy-4=0.986, valid/num_kv_pairs/accuracy-8=0.957, valid/num_kv_pairs/accuracy-16=0.987, valid/num_kv_pairs/accuracy-32=0.923, valid/num_kv_pairs/accuracy-64=0.641
valid/loss=0.544, valid/accuracy=0.906, valid/num_kv_pairs/accuracy-4=0.993, valid/num_kv_pairs/accuracy-8=0.966, valid/num_kv_pairs/accuracy-16=0.99, valid/num_kv_pairs/accuracy-32=0.929, valid/num_kv_pairs/accuracy-64=0.652
valid/loss=0.528, valid/accuracy=0.908, valid/num_kv_pairs/accuracy-4=0.996, valid/num_kv_pairs/accuracy-8=0.971, valid/num_kv_pairs/accuracy-16=0.989, valid/num_kv_pairs/accuracy-32=0.931, valid/num_kv_pairs/accuracy-64=0.653
valid/loss=0.505, valid/accuracy=0.911, valid/num_kv_pairs/accuracy-4=0.992, valid/num_kv_pairs/accuracy-8=0.955, valid/num_kv_pairs/accuracy-16=0.989, valid/num_kv_pairs/accuracy-32=0.942, valid/num_kv_pairs/accuracy-64=0.678
valid/loss=0.491, valid/accuracy=0.915, valid/num_kv_pairs/accuracy-4=0.995, valid/num_kv_pairs/accuracy-8=0.969, valid/num_kv_pairs/accuracy-16=0.989, valid/num_kv_pairs/accuracy-32=0.942, valid/num_kv_pairs/accuracy-64=0.682
valid/loss=0.48, valid/accuracy=0.915, valid/num_kv_pairs/accuracy-4=0.996, valid/num_kv_pairs/accuracy-8=0.971, valid/num_kv_pairs/accuracy-16=0.989, valid/num_kv_pairs/accuracy-32=0.939, valid/num_kv_pairs/accuracy-64=0.68
valid/loss=0.475, valid/accuracy=0.917, valid/num_kv_pairs/accuracy-4=0.998, valid/num_kv_pairs/accuracy-8=0.976, valid/num_kv_pairs/accuracy-16=0.99, valid/num_kv_pairs/accuracy-32=0.94, valid/num_kv_pairs/accuracy-64=0.683
valid/loss=0.48, valid/accuracy=0.915, valid/num_kv_pairs/accuracy-4=0.994, valid/num_kv_pairs/accuracy-8=0.966, valid/num_kv_pairs/accuracy-16=0.989, valid/num_kv_pairs/accuracy-32=0.944, valid/num_kv_pairs/accuracy-64=0.683
valid/loss=1.52, valid/accuracy=0.799, valid/num_kv_pairs/accuracy-4=0.768, valid/num_kv_pairs/accuracy-8=0.609, valid/num_kv_pairs/accuracy-16=0.99, valid/num_kv_pairs/accuracy-32=0.948, valid/num_kv_pairs/accuracy-64=0.683
valid/loss=0.649, valid/accuracy=0.888, valid/num_kv_pairs/accuracy-4=0.953, valid/num_kv_pairs/accuracy-8=0.866, valid/num_kv_pairs/accuracy-16=0.99, valid/num_kv_pairs/accuracy-32=0.946, valid/num_kv_pairs/accuracy-64=0.685
valid/loss=1.1, valid/accuracy=0.848, valid/num_kv_pairs/accuracy-4=0.845, valid/num_kv_pairs/accuracy-8=0.769, valid/num_kv_pairs/accuracy-16=0.991, valid/num_kv_pairs/accuracy-32=0.948, valid/num_kv_pairs/accuracy-64=0.686
valid/loss=2.32, valid/accuracy=0.761, valid/num_kv_pairs/accuracy-4=0.611, valid/num_kv_pairs/accuracy-8=0.565, valid/num_kv_pairs/accuracy-16=0.992, valid/num_kv_pairs/accuracy-32=0.95, valid/num_kv_pairs/accuracy-64=0.688
valid/loss=1.53, valid/accuracy=0.816, valid/num_kv_pairs/accuracy-4=0.744, valid/num_kv_pairs/accuracy-8=0.717, valid/num_kv_pairs/accuracy-16=0.99, valid/num_kv_pairs/accuracy-32=0.941, valid/num_kv_pairs/accuracy-64=0.685
valid/loss=1.13, valid/accuracy=0.843, valid/num_kv_pairs/accuracy-4=0.856, valid/num_kv_pairs/accuracy-8=0.725, valid/num_kv_pairs/accuracy-16=0.991, valid/num_kv_pairs/accuracy-32=0.949, valid/num_kv_pairs/accuracy-64=0.693
valid/loss=0.481, valid/accuracy=0.918, valid/num_kv_pairs/accuracy-4=0.991, valid/num_kv_pairs/accuracy-8=0.966, valid/num_kv_pairs/accuracy-16=0.992, valid/num_kv_pairs/accuracy-32=0.947, valid/num_kv_pairs/accuracy-64=0.693
valid/loss=0.466, valid/accuracy=0.92, valid/num_kv_pairs/accuracy-4=0.993, valid/num_kv_pairs/accuracy-8=0.972, valid/num_kv_pairs/accuracy-16=0.992, valid/num_kv_pairs/accuracy-32=0.949, valid/num_kv_pairs/accuracy-64=0.696
valid/loss=0.452, valid/accuracy=0.923, valid/num_kv_pairs/accuracy-4=0.995, valid/num_kv_pairs/accuracy-8=0.979, valid/num_kv_pairs/accuracy-16=0.992, valid/num_kv_pairs/accuracy-32=0.951, valid/num_kv_pairs/accuracy-64=0.697
valid/loss=0.439, valid/accuracy=0.925, valid/num_kv_pairs/accuracy-4=0.999, valid/num_kv_pairs/accuracy-8=0.986, valid/num_kv_pairs/accuracy-16=0.992, valid/num_kv_pairs/accuracy-32=0.952, valid/num_kv_pairs/accuracy-64=0.699
valid/loss=0.435, valid/accuracy=0.926, valid/num_kv_pairs/accuracy-4=0.999, valid/num_kv_pairs/accuracy-8=0.987, valid/num_kv_pairs/accuracy-16=0.992, valid/num_kv_pairs/accuracy-32=0.951, valid/num_kv_pairs/accuracy-64=0.7
valid/loss=0.434, valid/accuracy=0.926, valid/num_kv_pairs/accuracy-4=1, valid/num_kv_pairs/accuracy-8=0.992, valid/num_kv_pairs/accuracy-16=0.992, valid/num_kv_pairs/accuracy-32=0.949, valid/num_kv_pairs/accuracy-64=0.698
valid/loss=0.45, valid/accuracy=0.924, valid/num_kv_pairs/accuracy-4=1, valid/num_kv_pairs/accuracy-8=0.996, valid/num_kv_pairs/accuracy-16=0.993, valid/num_kv_pairs/accuracy-32=0.944, valid/num_kv_pairs/accuracy-64=0.687
