    early_stopping_metric='valid/accuracy',
    early_stopping_threshold=0.99,
    run_id='smatgdn_d2_hd16_sig_cread_m2blk_s1-dm64-lr1.0e-02'
valid/loss=0.548, valid/accuracy=0.907, valid/num_kv_pairs/accuracy-4=0.979, valid/num_kv_pairs/accuracy-8=0.979, valid/num_kv_pairs/accuracy-16=0.979, valid/num_kv_pairs/accuracy-32=0.929, valid/num_kv_pairs/accuracy-64=0.671
valid/loss=0.315, valid/accuracy=0.94, valid/num_kv_pairs/accuracy-4=0.99, valid/num_kv_pairs/accuracy-8=0.996, valid/num_kv_pairs/accuracy-16=0.991, valid/num_kv_pairs/accuracy-32=0.969, valid/num_kv_pairs/accuracy-64=0.752
valid/loss=0.28, valid/accuracy=0.945, valid/num_kv_pairs/accuracy-4=0.999, valid/num_kv_pairs/accuracy-8=0.999, valid/num_kv_pairs/accuracy-16=0.991, valid/num_kv_pairs/accuracy-32=0.973, valid/num_kv_pairs/accuracy-64=0.765
valid/loss=0.275, valid/accuracy=0.946, valid/num_kv_pairs/accuracy-4=0.996, valid/num_kv_pairs/accuracy-8=0.998, valid/num_kv_pairs/accuracy-16=0.992, valid/num_kv_pairs/accuracy-32=0.974, valid/num_kv_pairs/accuracy-64=0.77
valid/loss=0.263, valid/accuracy=0.948, valid/num_kv_pairs/accuracy-4=0.999, valid/num_kv_pairs/accuracy-8=0.999, valid/num_kv_pairs/accuracy-16=0.993, valid/num_kv_pairs/accuracy-32=0.974, valid/num_kv_pairs/accuracy-64=0.773
valid/loss=0.258, valid/accuracy=0.949, valid/num_kv_pairs/accuracy-4=0.998, valid/num_kv_pairs/accuracy-8=0.999, valid/num_kv_pairs/accuracy-16=0.992, valid/num_kv_pairs/accuracy-32=0.977, valid/num_kv_pairs/accuracy-64=0.777
valid/loss=0.248, valid/accuracy=0.951, valid/num_kv_pairs/accuracy-4=0.999, valid/num_kv_pairs/accuracy-8=0.999, valid/num_kv_pairs/accuracy-16=0.993, valid/num_kv_pairs/accuracy-32=0.978, valid/num_kv_pairs/accuracy-64=0.784
valid/loss=0.248, valid/accuracy=0.95, valid/num_kv_pairs/accuracy-4=0.999, valid/num_kv_pairs/accuracy-8=0.999, valid/num_kv_pairs/accuracy-16=0.991, valid/num_kv_pairs/accuracy-32=0.977, valid/num_kv_pairs/accuracy-64=0.785
valid/loss=0.239, valid/accuracy=0.952, valid/num_kv_pairs/accuracy-4=0.996, valid/num_kv_pairs/accuracy-8=0.998, valid/num_kv_pairs/accuracy-16=0.993, valid/num_kv_pairs/accuracy-32=0.981, valid/num_kv_pairs/accuracy-64=0.792
valid/loss=0.234, valid/accuracy=0.953, valid/num_kv_pairs/accuracy-4=0.999, valid/num_kv_pairs/accuracy-8=0.999, valid/num_kv_pairs/accuracy-16=0.992, valid/num_kv_pairs/accuracy-32=0.981, valid/num_kv_pairs/accuracy-64=0.793
valid/loss=0.233, valid/accuracy=0.953, valid/num_kv_pairs/accuracy-4=0.998, valid/num_kv_pairs/accuracy-8=0.998, valid/num_kv_pairs/accuracy-16=0.993, valid/num_kv_pairs/accuracy-32=0.983, valid/num_kv_pairs/accuracy-64=0.793
valid/loss=0.24, valid/accuracy=0.952, valid/num_kv_pairs/accuracy-4=0.99, valid/num_kv_pairs/accuracy-8=0.993, valid/num_kv_pairs/accuracy-16=0.993, valid/num_kv_pairs/accuracy-32=0.982, valid/num_kv_pairs/accuracy-64=0.801
valid/loss=0.221, valid/accuracy=0.954, valid/num_kv_pairs/accuracy-4=0.991, valid/num_kv_pairs/accuracy-8=0.994, valid/num_kv_pairs/accuracy-16=0.994, valid/num_kv_pairs/accuracy-32=0.984, valid/num_kv_pairs/accuracy-64=0.809
valid/loss=0.2, valid/accuracy=0.958, valid/num_kv_pairs/accuracy-4=0.998, valid/num_kv_pairs/accuracy-8=0.999, valid/num_kv_pairs/accuracy-16=0.996, valid/num_kv_pairs/accuracy-32=0.984, valid/num_kv_pairs/accuracy-64=0.816
valid/loss=0.189, valid/accuracy=0.96, valid/num_kv_pairs/accuracy-4=0.999, valid/num_kv_pairs/accuracy-8=1, valid/num_kv_pairs/accuracy-16=0.995, valid/num_kv_pairs/accuracy-32=0.984, valid/num_kv_pairs/accuracy-64=0.823
valid/loss=0.189, valid/accuracy=0.96, valid/num_kv_pairs/accuracy-4=0.999, valid/num_kv_pairs/accuracy-8=0.999, valid/num_kv_pairs/accuracy-16=0.995, valid/num_kv_pairs/accuracy-32=0.984, valid/num_kv_pairs/accuracy-64=0.824
valid/loss=0.187, valid/accuracy=0.961, valid/num_kv_pairs/accuracy-4=0.999, valid/num_kv_pairs/accuracy-8=0.999, valid/num_kv_pairs/accuracy-16=0.996, valid/num_kv_pairs/accuracy-32=0.986, valid/num_kv_pairs/accuracy-64=0.824
valid/loss=0.18, valid/accuracy=0.962, valid/num_kv_pairs/accuracy-4=0.999, valid/num_kv_pairs/accuracy-8=1, valid/num_kv_pairs/accuracy-16=0.995, valid/num_kv_pairs/accuracy-32=0.986, valid/num_kv_pairs/accuracy-64=0.83
valid/loss=0.178, valid/accuracy=0.963, valid/num_kv_pairs/accuracy-4=0.999, valid/num_kv_pairs/accuracy-8=1, valid/num_kv_pairs/accuracy-16=0.995, valid/num_kv_pairs/accuracy-32=0.987, valid/num_kv_pairs/accuracy-64=0.834
valid/loss=0.179, valid/accuracy=0.962, valid/num_kv_pairs/accuracy-4=0.999, valid/num_kv_pairs/accuracy-8=0.999, valid/num_kv_pairs/accuracy-16=0.996, valid/num_kv_pairs/accuracy-32=0.986, valid/num_kv_pairs/accuracy-64=0.832
valid/loss=0.177, valid/accuracy=0.963, valid/num_kv_pairs/accuracy-4=0.999, valid/num_kv_pairs/accuracy-8=1, valid/num_kv_pairs/accuracy-16=0.995, valid/num_kv_pairs/accuracy-32=0.986, valid/num_kv_pairs/accuracy-64=0.834
valid/loss=0.177, valid/accuracy=0.963, valid/num_kv_pairs/accuracy-4=0.999, valid/num_kv_pairs/accuracy-8=0.999, valid/num_kv_pairs/accuracy-16=0.996, valid/num_kv_pairs/accuracy-32=0.986, valid/num_kv_pairs/accuracy-64=0.837
valid/loss=0.179, valid/accuracy=0.963, valid/num_kv_pairs/accuracy-4=0.998, valid/num_kv_pairs/accuracy-8=1, valid/num_kv_pairs/accuracy-16=0.996, valid/num_kv_pairs/accuracy-32=0.986, valid/num_kv_pairs/accuracy-64=0.835
valid/loss=0.175, valid/accuracy=0.964, valid/num_kv_pairs/accuracy-4=0.998, valid/num_kv_pairs/accuracy-8=1, valid/num_kv_pairs/accuracy-16=0.997, valid/num_kv_pairs/accuracy-32=0.987, valid/num_kv_pairs/accuracy-64=0.838
valid/loss=0.172, valid/accuracy=0.964, valid/num_kv_pairs/accuracy-4=0.998, valid/num_kv_pairs/accuracy-8=1, valid/num_kv_pairs/accuracy-16=0.996, valid/num_kv_pairs/accuracy-32=0.987, valid/num_kv_pairs/accuracy-64=0.839
valid/loss=0.169, valid/accuracy=0.965, valid/num_kv_pairs/accuracy-4=0.999, valid/num_kv_pairs/accuracy-8=1, valid/num_kv_pairs/accuracy-16=0.998, valid/num_kv_pairs/accuracy-32=0.988, valid/num_kv_pairs/accuracy-64=0.843
valid/loss=0.166, valid/accuracy=0.966, valid/num_kv_pairs/accuracy-4=0.999, valid/num_kv_pairs/accuracy-8=1, valid/num_kv_pairs/accuracy-16=0.997, valid/num_kv_pairs/accuracy-32=0.988, valid/num_kv_pairs/accuracy-64=0.846
valid/loss=0.163, valid/accuracy=0.967, valid/num_kv_pairs/accuracy-4=0.999, valid/num_kv_pairs/accuracy-8=1, valid/num_kv_pairs/accuracy-16=0.998, valid/num_kv_pairs/accuracy-32=0.988, valid/num_kv_pairs/accuracy-64=0.85
valid/loss=0.16, valid/accuracy=0.967, valid/num_kv_pairs/accuracy-4=0.999, valid/num_kv_pairs/accuracy-8=1, valid/num_kv_pairs/accuracy-16=0.997, valid/num_kv_pairs/accuracy-32=0.988, valid/num_kv_pairs/accuracy-64=0.852
valid/loss=0.158, valid/accuracy=0.968, valid/num_kv_pairs/accuracy-4=0.999, valid/num_kv_pairs/accuracy-8=1, valid/num_kv_pairs/accuracy-16=0.997, valid/num_kv_pairs/accuracy-32=0.989, valid/num_kv_pairs/accuracy-64=0.853
valid/loss=0.157, valid/accuracy=0.968, valid/num_kv_pairs/accuracy-4=0.999, valid/num_kv_pairs/accuracy-8=1, valid/num_kv_pairs/accuracy-16=0.997, valid/num_kv_pairs/accuracy-32=0.989, valid/num_kv_pairs/accuracy-64=0.854
valid/loss=0.159, valid/accuracy=0.967, valid/num_kv_pairs/accuracy-4=1, valid/num_kv_pairs/accuracy-8=1, valid/num_kv_pairs/accuracy-16=0.997, valid/num_kv_pairs/accuracy-32=0.988, valid/num_kv_pairs/accuracy-64=0.852
