    early_stopping_metric='valid/accuracy',
    early_stopping_threshold=0.99,
    run_id='smat_d1_mr3_hd16_ds16_sig_delta_cread_m2blk_s2-dm32-lr1.0e-02'
valid/loss=7.44, valid/accuracy=0.023, valid/num_kv_pairs/accuracy-4=0.0767, valid/num_kv_pairs/accuracy-8=0.0225, valid/num_kv_pairs/accuracy-16=0.00912, valid/num_kv_pairs/accuracy-32=0.00444, valid/num_kv_pairs/accuracy-64=0.00217
valid/loss=7.2, valid/accuracy=0.0445, valid/num_kv_pairs/accuracy-4=0.153, valid/num_kv_pairs/accuracy-8=0.044, valid/num_kv_pairs/accuracy-16=0.016, valid/num_kv_pairs/accuracy-32=0.00634, valid/num_kv_pairs/accuracy-64=0.00331
valid/loss=4.72, valid/accuracy=0.279, valid/num_kv_pairs/accuracy-4=0.668, valid/num_kv_pairs/accuracy-8=0.432, valid/num_kv_pairs/accuracy-16=0.204, valid/num_kv_pairs/accuracy-32=0.07, valid/num_kv_pairs/accuracy-64=0.0192
valid/loss=2.67, valid/accuracy=0.527, valid/num_kv_pairs/accuracy-4=0.875, valid/num_kv_pairs/accuracy-8=0.78, valid/num_kv_pairs/accuracy-16=0.578, valid/num_kv_pairs/accuracy-32=0.301, valid/num_kv_pairs/accuracy-64=0.0989
valid/loss=2.33, valid/accuracy=0.579, valid/num_kv_pairs/accuracy-4=0.909, valid/num_kv_pairs/accuracy-8=0.84, valid/num_kv_pairs/accuracy-16=0.645, valid/num_kv_pairs/accuracy-32=0.371, valid/num_kv_pairs/accuracy-64=0.132
valid/loss=2.27, valid/accuracy=0.587, valid/num_kv_pairs/accuracy-4=0.917, valid/num_kv_pairs/accuracy-8=0.845, valid/num_kv_pairs/accuracy-16=0.663, valid/num_kv_pairs/accuracy-32=0.38, valid/num_kv_pairs/accuracy-64=0.13
valid/loss=2.25, valid/accuracy=0.592, valid/num_kv_pairs/accuracy-4=0.93, valid/num_kv_pairs/accuracy-8=0.846, valid/num_kv_pairs/accuracy-16=0.672, valid/num_kv_pairs/accuracy-32=0.382, valid/num_kv_pairs/accuracy-64=0.13
valid/loss=2.2, valid/accuracy=0.602, valid/num_kv_pairs/accuracy-4=0.935, valid/num_kv_pairs/accuracy-8=0.858, valid/num_kv_pairs/accuracy-16=0.692, valid/num_kv_pairs/accuracy-32=0.393, valid/num_kv_pairs/accuracy-64=0.133
valid/loss=2.09, valid/accuracy=0.621, valid/num_kv_pairs/accuracy-4=0.947, valid/num_kv_pairs/accuracy-8=0.869, valid/num_kv_pairs/accuracy-16=0.713, valid/num_kv_pairs/accuracy-32=0.428, valid/num_kv_pairs/accuracy-64=0.15
valid/loss=2.06, valid/accuracy=0.628, valid/num_kv_pairs/accuracy-4=0.947, valid/num_kv_pairs/accuracy-8=0.888, valid/num_kv_pairs/accuracy-16=0.718, valid/num_kv_pairs/accuracy-32=0.435, valid/num_kv_pairs/accuracy-64=0.153
valid/loss=2.02, valid/accuracy=0.641, valid/num_kv_pairs/accuracy-4=0.96, valid/num_kv_pairs/accuracy-8=0.903, valid/num_kv_pairs/accuracy-16=0.741, valid/num_kv_pairs/accuracy-32=0.45, valid/num_kv_pairs/accuracy-64=0.153
valid/loss=2.02, valid/accuracy=0.638, valid/num_kv_pairs/accuracy-4=0.952, valid/num_kv_pairs/accuracy-8=0.898, valid/num_kv_pairs/accuracy-16=0.74, valid/num_kv_pairs/accuracy-32=0.447, valid/num_kv_pairs/accuracy-64=0.154
valid/loss=2.02, valid/accuracy=0.644, valid/num_kv_pairs/accuracy-4=0.957, valid/num_kv_pairs/accuracy-8=0.906, valid/num_kv_pairs/accuracy-16=0.752, valid/num_kv_pairs/accuracy-32=0.45, valid/num_kv_pairs/accuracy-64=0.156
valid/loss=2, valid/accuracy=0.645, valid/num_kv_pairs/accuracy-4=0.951, valid/num_kv_pairs/accuracy-8=0.907, valid/num_kv_pairs/accuracy-16=0.759, valid/num_kv_pairs/accuracy-32=0.454, valid/num_kv_pairs/accuracy-64=0.154
valid/loss=1.97, valid/accuracy=0.651, valid/num_kv_pairs/accuracy-4=0.958, valid/num_kv_pairs/accuracy-8=0.917, valid/num_kv_pairs/accuracy-16=0.766, valid/num_kv_pairs/accuracy-32=0.461, valid/num_kv_pairs/accuracy-64=0.154
valid/loss=1.96, valid/accuracy=0.651, valid/num_kv_pairs/accuracy-4=0.956, valid/num_kv_pairs/accuracy-8=0.921, valid/num_kv_pairs/accuracy-16=0.768, valid/num_kv_pairs/accuracy-32=0.459, valid/num_kv_pairs/accuracy-64=0.152
valid/loss=1.95, valid/accuracy=0.653, valid/num_kv_pairs/accuracy-4=0.961, valid/num_kv_pairs/accuracy-8=0.918, valid/num_kv_pairs/accuracy-16=0.773, valid/num_kv_pairs/accuracy-32=0.462, valid/num_kv_pairs/accuracy-64=0.151
valid/loss=1.92, valid/accuracy=0.656, valid/num_kv_pairs/accuracy-4=0.965, valid/num_kv_pairs/accuracy-8=0.929, valid/num_kv_pairs/accuracy-16=0.774, valid/num_kv_pairs/accuracy-32=0.462, valid/num_kv_pairs/accuracy-64=0.149
valid/loss=1.91, valid/accuracy=0.655, valid/num_kv_pairs/accuracy-4=0.964, valid/num_kv_pairs/accuracy-8=0.926, valid/num_kv_pairs/accuracy-16=0.777, valid/num_kv_pairs/accuracy-32=0.46, valid/num_kv_pairs/accuracy-64=0.15
valid/loss=1.9, valid/accuracy=0.656, valid/num_kv_pairs/accuracy-4=0.968, valid/num_kv_pairs/accuracy-8=0.929, valid/num_kv_pairs/accuracy-16=0.779, valid/num_kv_pairs/accuracy-32=0.457, valid/num_kv_pairs/accuracy-64=0.15
valid/loss=1.88, valid/accuracy=0.658, valid/num_kv_pairs/accuracy-4=0.971, valid/num_kv_pairs/accuracy-8=0.929, valid/num_kv_pairs/accuracy-16=0.781, valid/num_kv_pairs/accuracy-32=0.46, valid/num_kv_pairs/accuracy-64=0.149
valid/loss=1.87, valid/accuracy=0.659, valid/num_kv_pairs/accuracy-4=0.975, valid/num_kv_pairs/accuracy-8=0.934, valid/num_kv_pairs/accuracy-16=0.78, valid/num_kv_pairs/accuracy-32=0.46, valid/num_kv_pairs/accuracy-64=0.149
valid/loss=1.85, valid/accuracy=0.662, valid/num_kv_pairs/accuracy-4=0.976, valid/num_kv_pairs/accuracy-8=0.936, valid/num_kv_pairs/accuracy-16=0.787, valid/num_kv_pairs/accuracy-32=0.462, valid/num_kv_pairs/accuracy-64=0.149
valid/loss=1.85, valid/accuracy=0.663, valid/num_kv_pairs/accuracy-4=0.973, valid/num_kv_pairs/accuracy-8=0.937, valid/num_kv_pairs/accuracy-16=0.792, valid/num_kv_pairs/accuracy-32=0.465, valid/num_kv_pairs/accuracy-64=0.147
valid/loss=1.83, valid/accuracy=0.667, valid/num_kv_pairs/accuracy-4=0.977, valid/num_kv_pairs/accuracy-8=0.941, valid/num_kv_pairs/accuracy-16=0.798, valid/num_kv_pairs/accuracy-32=0.47, valid/num_kv_pairs/accuracy-64=0.149
valid/loss=1.82, valid/accuracy=0.67, valid/num_kv_pairs/accuracy-4=0.975, valid/num_kv_pairs/accuracy-8=0.945, valid/num_kv_pairs/accuracy-16=0.804, valid/num_kv_pairs/accuracy-32=0.476, valid/num_kv_pairs/accuracy-64=0.148
valid/loss=1.81, valid/accuracy=0.673, valid/num_kv_pairs/accuracy-4=0.979, valid/num_kv_pairs/accuracy-8=0.948, valid/num_kv_pairs/accuracy-16=0.81, valid/num_kv_pairs/accuracy-32=0.48, valid/num_kv_pairs/accuracy-64=0.149
valid/loss=1.8, valid/accuracy=0.678, valid/num_kv_pairs/accuracy-4=0.983, valid/num_kv_pairs/accuracy-8=0.953, valid/num_kv_pairs/accuracy-16=0.817, valid/num_kv_pairs/accuracy-32=0.486, valid/num_kv_pairs/accuracy-64=0.15
valid/loss=1.79, valid/accuracy=0.681, valid/num_kv_pairs/accuracy-4=0.985, valid/num_kv_pairs/accuracy-8=0.957, valid/num_kv_pairs/accuracy-16=0.824, valid/num_kv_pairs/accuracy-32=0.488, valid/num_kv_pairs/accuracy-64=0.152
valid/loss=1.78, valid/accuracy=0.682, valid/num_kv_pairs/accuracy-4=0.987, valid/num_kv_pairs/accuracy-8=0.959, valid/num_kv_pairs/accuracy-16=0.827, valid/num_kv_pairs/accuracy-32=0.488, valid/num_kv_pairs/accuracy-64=0.149
valid/loss=1.76, valid/accuracy=0.683, valid/num_kv_pairs/accuracy-4=0.991, valid/num_kv_pairs/accuracy-8=0.961, valid/num_kv_pairs/accuracy-16=0.828, valid/num_kv_pairs/accuracy-32=0.487, valid/num_kv_pairs/accuracy-64=0.147
valid/loss=1.75, valid/accuracy=0.684, valid/num_kv_pairs/accuracy-4=0.993, valid/num_kv_pairs/accuracy-8=0.963, valid/num_kv_pairs/accuracy-16=0.83, valid/num_kv_pairs/accuracy-32=0.488, valid/num_kv_pairs/accuracy-64=0.146
