    early_stopping_metric='valid/accuracy',
    early_stopping_threshold=0.99,
    run_id='smat_d3_mr3_hd16_ds16_sig_delta_cread_m2blk-dm16-lr1.0e-02'
valid/loss=4.88, valid/accuracy=0.545, valid/num_kv_pairs/accuracy-4=0.29, valid/num_kv_pairs/accuracy-8=0.36, valid/num_kv_pairs/accuracy-16=0.602, valid/num_kv_pairs/accuracy-32=0.777, valid/num_kv_pairs/accuracy-64=0.694
valid/loss=3.67, valid/accuracy=0.617, valid/num_kv_pairs/accuracy-4=0.432, valid/num_kv_pairs/accuracy-8=0.417, valid/num_kv_pairs/accuracy-16=0.671, valid/num_kv_pairs/accuracy-32=0.818, valid/num_kv_pairs/accuracy-64=0.745
valid/loss=3.76, valid/accuracy=0.635, valid/num_kv_pairs/accuracy-4=0.42, valid/num_kv_pairs/accuracy-8=0.413, valid/num_kv_pairs/accuracy-16=0.72, valid/num_kv_pairs/accuracy-32=0.843, valid/num_kv_pairs/accuracy-64=0.778
valid/loss=3.08, valid/accuracy=0.629, valid/num_kv_pairs/accuracy-4=0.392, valid/num_kv_pairs/accuracy-8=0.429, valid/num_kv_pairs/accuracy-16=0.71, valid/num_kv_pairs/accuracy-32=0.842, valid/num_kv_pairs/accuracy-64=0.773
valid/loss=2.79, valid/accuracy=0.66, valid/num_kv_pairs/accuracy-4=0.482, valid/num_kv_pairs/accuracy-8=0.473, valid/num_kv_pairs/accuracy-16=0.721, valid/num_kv_pairs/accuracy-32=0.848, valid/num_kv_pairs/accuracy-64=0.778
valid/loss=4.38, valid/accuracy=0.521, valid/num_kv_pairs/accuracy-4=0.313, valid/num_kv_pairs/accuracy-8=0.386, valid/num_kv_pairs/accuracy-16=0.714, valid/num_kv_pairs/accuracy-32=0.751, valid/num_kv_pairs/accuracy-64=0.438
valid/loss=3.26, valid/accuracy=0.605, valid/num_kv_pairs/accuracy-4=0.275, valid/num_kv_pairs/accuracy-8=0.407, valid/num_kv_pairs/accuracy-16=0.713, valid/num_kv_pairs/accuracy-32=0.846, valid/num_kv_pairs/accuracy-64=0.785
valid/loss=3.21, valid/accuracy=0.611, valid/num_kv_pairs/accuracy-4=0.264, valid/num_kv_pairs/accuracy-8=0.409, valid/num_kv_pairs/accuracy-16=0.744, valid/num_kv_pairs/accuracy-32=0.856, valid/num_kv_pairs/accuracy-64=0.785
valid/loss=2.95, valid/accuracy=0.631, valid/num_kv_pairs/accuracy-4=0.286, valid/num_kv_pairs/accuracy-8=0.417, valid/num_kv_pairs/accuracy-16=0.767, valid/num_kv_pairs/accuracy-32=0.873, valid/num_kv_pairs/accuracy-64=0.81
valid/loss=2.17, valid/accuracy=0.731, valid/num_kv_pairs/accuracy-4=0.62, valid/num_kv_pairs/accuracy-8=0.574, valid/num_kv_pairs/accuracy-16=0.776, valid/num_kv_pairs/accuracy-32=0.874, valid/num_kv_pairs/accuracy-64=0.814
valid/loss=3.17, valid/accuracy=0.62, valid/num_kv_pairs/accuracy-4=0.255, valid/num_kv_pairs/accuracy-8=0.398, valid/num_kv_pairs/accuracy-16=0.771, valid/num_kv_pairs/accuracy-32=0.871, valid/num_kv_pairs/accuracy-64=0.803
valid/loss=3.12, valid/accuracy=0.623, valid/num_kv_pairs/accuracy-4=0.254, valid/num_kv_pairs/accuracy-8=0.401, valid/num_kv_pairs/accuracy-16=0.773, valid/num_kv_pairs/accuracy-32=0.878, valid/num_kv_pairs/accuracy-64=0.811
valid/loss=3.08, valid/accuracy=0.624, valid/num_kv_pairs/accuracy-4=0.259, valid/num_kv_pairs/accuracy-8=0.405, valid/num_kv_pairs/accuracy-16=0.774, valid/num_kv_pairs/accuracy-32=0.874, valid/num_kv_pairs/accuracy-64=0.808
valid/loss=3.04, valid/accuracy=0.626, valid/num_kv_pairs/accuracy-4=0.262, valid/num_kv_pairs/accuracy-8=0.408, valid/num_kv_pairs/accuracy-16=0.772, valid/num_kv_pairs/accuracy-32=0.877, valid/num_kv_pairs/accuracy-64=0.811
valid/loss=3, valid/accuracy=0.629, valid/num_kv_pairs/accuracy-4=0.272, valid/num_kv_pairs/accuracy-8=0.409, valid/num_kv_pairs/accuracy-16=0.777, valid/num_kv_pairs/accuracy-32=0.879, valid/num_kv_pairs/accuracy-64=0.808
valid/loss=2.94, valid/accuracy=0.631, valid/num_kv_pairs/accuracy-4=0.271, valid/num_kv_pairs/accuracy-8=0.417, valid/num_kv_pairs/accuracy-16=0.773, valid/num_kv_pairs/accuracy-32=0.88, valid/num_kv_pairs/accuracy-64=0.812
valid/loss=2.53, valid/accuracy=0.663, valid/num_kv_pairs/accuracy-4=0.379, valid/num_kv_pairs/accuracy-8=0.47, valid/num_kv_pairs/accuracy-16=0.778, valid/num_kv_pairs/accuracy-32=0.878, valid/num_kv_pairs/accuracy-64=0.813
valid/loss=2.64, valid/accuracy=0.648, valid/num_kv_pairs/accuracy-4=0.33, valid/num_kv_pairs/accuracy-8=0.438, valid/num_kv_pairs/accuracy-16=0.778, valid/num_kv_pairs/accuracy-32=0.88, valid/num_kv_pairs/accuracy-64=0.815
valid/loss=2.36, valid/accuracy=0.69, valid/num_kv_pairs/accuracy-4=0.479, valid/num_kv_pairs/accuracy-8=0.506, valid/num_kv_pairs/accuracy-16=0.774, valid/num_kv_pairs/accuracy-32=0.879, valid/num_kv_pairs/accuracy-64=0.813
valid/loss=2.33, valid/accuracy=0.688, valid/num_kv_pairs/accuracy-4=0.464, valid/num_kv_pairs/accuracy-8=0.505, valid/num_kv_pairs/accuracy-16=0.777, valid/num_kv_pairs/accuracy-32=0.877, valid/num_kv_pairs/accuracy-64=0.816
valid/loss=2.28, valid/accuracy=0.694, valid/num_kv_pairs/accuracy-4=0.498, valid/num_kv_pairs/accuracy-8=0.509, valid/num_kv_pairs/accuracy-16=0.772, valid/num_kv_pairs/accuracy-32=0.878, valid/num_kv_pairs/accuracy-64=0.811
valid/loss=2.16, valid/accuracy=0.708, valid/num_kv_pairs/accuracy-4=0.546, valid/num_kv_pairs/accuracy-8=0.53, valid/num_kv_pairs/accuracy-16=0.775, valid/num_kv_pairs/accuracy-32=0.877, valid/num_kv_pairs/accuracy-64=0.813
valid/loss=2.13, valid/accuracy=0.715, valid/num_kv_pairs/accuracy-4=0.576, valid/num_kv_pairs/accuracy-8=0.534, valid/num_kv_pairs/accuracy-16=0.777, valid/num_kv_pairs/accuracy-32=0.878, valid/num_kv_pairs/accuracy-64=0.81
valid/loss=2.08, valid/accuracy=0.724, valid/num_kv_pairs/accuracy-4=0.611, valid/num_kv_pairs/accuracy-8=0.548, valid/num_kv_pairs/accuracy-16=0.776, valid/num_kv_pairs/accuracy-32=0.876, valid/num_kv_pairs/accuracy-64=0.81
valid/loss=2.05, valid/accuracy=0.73, valid/num_kv_pairs/accuracy-4=0.625, valid/num_kv_pairs/accuracy-8=0.558, valid/num_kv_pairs/accuracy-16=0.776, valid/num_kv_pairs/accuracy-32=0.877, valid/num_kv_pairs/accuracy-64=0.815
valid/loss=2.04, valid/accuracy=0.734, valid/num_kv_pairs/accuracy-4=0.634, valid/num_kv_pairs/accuracy-8=0.561, valid/num_kv_pairs/accuracy-16=0.779, valid/num_kv_pairs/accuracy-32=0.88, valid/num_kv_pairs/accuracy-64=0.814
valid/loss=1.97, valid/accuracy=0.741, valid/num_kv_pairs/accuracy-4=0.659, valid/num_kv_pairs/accuracy-8=0.574, valid/num_kv_pairs/accuracy-16=0.776, valid/num_kv_pairs/accuracy-32=0.879, valid/num_kv_pairs/accuracy-64=0.815
valid/loss=1.9, valid/accuracy=0.75, valid/num_kv_pairs/accuracy-4=0.69, valid/num_kv_pairs/accuracy-8=0.59, valid/num_kv_pairs/accuracy-16=0.777, valid/num_kv_pairs/accuracy-32=0.879, valid/num_kv_pairs/accuracy-64=0.813
valid/loss=1.78, valid/accuracy=0.769, valid/num_kv_pairs/accuracy-4=0.753, valid/num_kv_pairs/accuracy-8=0.623, valid/num_kv_pairs/accuracy-16=0.778, valid/num_kv_pairs/accuracy-32=0.879, valid/num_kv_pairs/accuracy-64=0.811
valid/loss=1.67, valid/accuracy=0.789, valid/num_kv_pairs/accuracy-4=0.817, valid/num_kv_pairs/accuracy-8=0.666, valid/num_kv_pairs/accuracy-16=0.779, valid/num_kv_pairs/accuracy-32=0.878, valid/num_kv_pairs/accuracy-64=0.807
valid/loss=1.6, valid/accuracy=0.801, valid/num_kv_pairs/accuracy-4=0.854, valid/num_kv_pairs/accuracy-8=0.706, valid/num_kv_pairs/accuracy-16=0.776, valid/num_kv_pairs/accuracy-32=0.874, valid/num_kv_pairs/accuracy-64=0.794
valid/loss=1.59, valid/accuracy=0.803, valid/num_kv_pairs/accuracy-4=0.873, valid/num_kv_pairs/accuracy-8=0.728, valid/num_kv_pairs/accuracy-16=0.771, valid/num_kv_pairs/accuracy-32=0.868, valid/num_kv_pairs/accuracy-64=0.775
