    early_stopping_metric='valid/accuracy',
    early_stopping_threshold=0.99,
    run_id='smat_d3_mr3_hd16_ds16_sig_delta_cread_m2blk_s4-dm16-lr1.0e-02'
valid/loss=5.7, valid/accuracy=0.22, valid/num_kv_pairs/accuracy-4=0.619, valid/num_kv_pairs/accuracy-8=0.327, valid/num_kv_pairs/accuracy-16=0.122, valid/num_kv_pairs/accuracy-32=0.0267, valid/num_kv_pairs/accuracy-64=0.00684
valid/loss=7.65, valid/accuracy=0.304, valid/num_kv_pairs/accuracy-4=0.095, valid/num_kv_pairs/accuracy-8=0.115, valid/num_kv_pairs/accuracy-16=0.248, valid/num_kv_pairs/accuracy-32=0.553, valid/num_kv_pairs/accuracy-64=0.511
valid/loss=4.57, valid/accuracy=0.566, valid/num_kv_pairs/accuracy-4=0.518, valid/num_kv_pairs/accuracy-8=0.46, valid/num_kv_pairs/accuracy-16=0.629, valid/num_kv_pairs/accuracy-32=0.685, valid/num_kv_pairs/accuracy-64=0.538
valid/loss=4.64, valid/accuracy=0.554, valid/num_kv_pairs/accuracy-4=0.372, valid/num_kv_pairs/accuracy-8=0.367, valid/num_kv_pairs/accuracy-16=0.668, valid/num_kv_pairs/accuracy-32=0.751, valid/num_kv_pairs/accuracy-64=0.613
valid/loss=6.04, valid/accuracy=0.295, valid/num_kv_pairs/accuracy-4=0.0673, valid/num_kv_pairs/accuracy-8=0.0586, valid/num_kv_pairs/accuracy-16=0.119, valid/num_kv_pairs/accuracy-32=0.531, valid/num_kv_pairs/accuracy-64=0.701
valid/loss=5.6, valid/accuracy=0.34, valid/num_kv_pairs/accuracy-4=0.174, valid/num_kv_pairs/accuracy-8=0.166, valid/num_kv_pairs/accuracy-16=0.145, valid/num_kv_pairs/accuracy-32=0.499, valid/num_kv_pairs/accuracy-64=0.715
valid/loss=5.16, valid/accuracy=0.397, valid/num_kv_pairs/accuracy-4=0.257, valid/num_kv_pairs/accuracy-8=0.208, valid/num_kv_pairs/accuracy-16=0.256, valid/num_kv_pairs/accuracy-32=0.55, valid/num_kv_pairs/accuracy-64=0.715
valid/loss=7.65, valid/accuracy=0.304, valid/num_kv_pairs/accuracy-4=0.00975, valid/num_kv_pairs/accuracy-8=0.0226, valid/num_kv_pairs/accuracy-16=0.183, valid/num_kv_pairs/accuracy-32=0.584, valid/num_kv_pairs/accuracy-64=0.722
valid/loss=5.1, valid/accuracy=0.412, valid/num_kv_pairs/accuracy-4=0.326, valid/num_kv_pairs/accuracy-8=0.237, valid/num_kv_pairs/accuracy-16=0.237, valid/num_kv_pairs/accuracy-32=0.541, valid/num_kv_pairs/accuracy-64=0.718
valid/loss=5, valid/accuracy=0.432, valid/num_kv_pairs/accuracy-4=0.312, valid/num_kv_pairs/accuracy-8=0.239, valid/num_kv_pairs/accuracy-16=0.318, valid/num_kv_pairs/accuracy-32=0.582, valid/num_kv_pairs/accuracy-64=0.71
valid/loss=4.67, valid/accuracy=0.442, valid/num_kv_pairs/accuracy-4=0.366, valid/num_kv_pairs/accuracy-8=0.278, valid/num_kv_pairs/accuracy-16=0.277, valid/num_kv_pairs/accuracy-32=0.58, valid/num_kv_pairs/accuracy-64=0.708
valid/loss=4.61, valid/accuracy=0.441, valid/num_kv_pairs/accuracy-4=0.349, valid/num_kv_pairs/accuracy-8=0.276, valid/num_kv_pairs/accuracy-16=0.288, valid/num_kv_pairs/accuracy-32=0.579, valid/num_kv_pairs/accuracy-64=0.712
valid/loss=5.06, valid/accuracy=0.399, valid/num_kv_pairs/accuracy-4=0.344, valid/num_kv_pairs/accuracy-8=0.256, valid/num_kv_pairs/accuracy-16=0.197, valid/num_kv_pairs/accuracy-32=0.492, valid/num_kv_pairs/accuracy-64=0.708
valid/loss=4.53, valid/accuracy=0.454, valid/num_kv_pairs/accuracy-4=0.395, valid/num_kv_pairs/accuracy-8=0.311, valid/num_kv_pairs/accuracy-16=0.266, valid/num_kv_pairs/accuracy-32=0.572, valid/num_kv_pairs/accuracy-64=0.726
valid/loss=4.5, valid/accuracy=0.439, valid/num_kv_pairs/accuracy-4=0.376, valid/num_kv_pairs/accuracy-8=0.308, valid/num_kv_pairs/accuracy-16=0.233, valid/num_kv_pairs/accuracy-32=0.553, valid/num_kv_pairs/accuracy-64=0.727
valid/loss=3.95, valid/accuracy=0.478, valid/num_kv_pairs/accuracy-4=0.447, valid/num_kv_pairs/accuracy-8=0.351, valid/num_kv_pairs/accuracy-16=0.301, valid/num_kv_pairs/accuracy-32=0.587, valid/num_kv_pairs/accuracy-64=0.704
valid/loss=4.23, valid/accuracy=0.458, valid/num_kv_pairs/accuracy-4=0.403, valid/num_kv_pairs/accuracy-8=0.334, valid/num_kv_pairs/accuracy-16=0.27, valid/num_kv_pairs/accuracy-32=0.555, valid/num_kv_pairs/accuracy-64=0.729
valid/loss=3.81, valid/accuracy=0.505, valid/num_kv_pairs/accuracy-4=0.483, valid/num_kv_pairs/accuracy-8=0.371, valid/num_kv_pairs/accuracy-16=0.357, valid/num_kv_pairs/accuracy-32=0.6, valid/num_kv_pairs/accuracy-64=0.716
valid/loss=3.72, valid/accuracy=0.516, valid/num_kv_pairs/accuracy-4=0.491, valid/num_kv_pairs/accuracy-8=0.425, valid/num_kv_pairs/accuracy-16=0.337, valid/num_kv_pairs/accuracy-32=0.598, valid/num_kv_pairs/accuracy-64=0.73
valid/loss=3.4, valid/accuracy=0.536, valid/num_kv_pairs/accuracy-4=0.538, valid/num_kv_pairs/accuracy-8=0.439, valid/num_kv_pairs/accuracy-16=0.357, valid/num_kv_pairs/accuracy-32=0.619, valid/num_kv_pairs/accuracy-64=0.727
valid/loss=3.59, valid/accuracy=0.516, valid/num_kv_pairs/accuracy-4=0.504, valid/num_kv_pairs/accuracy-8=0.43, valid/num_kv_pairs/accuracy-16=0.323, valid/num_kv_pairs/accuracy-32=0.585, valid/num_kv_pairs/accuracy-64=0.739
valid/loss=3.67, valid/accuracy=0.525, valid/num_kv_pairs/accuracy-4=0.611, valid/num_kv_pairs/accuracy-8=0.463, valid/num_kv_pairs/accuracy-16=0.249, valid/num_kv_pairs/accuracy-32=0.571, valid/num_kv_pairs/accuracy-64=0.732
valid/loss=3.18, valid/accuracy=0.566, valid/num_kv_pairs/accuracy-4=0.686, valid/num_kv_pairs/accuracy-8=0.523, valid/num_kv_pairs/accuracy-16=0.286, valid/num_kv_pairs/accuracy-32=0.612, valid/num_kv_pairs/accuracy-64=0.724
valid/loss=3.08, valid/accuracy=0.576, valid/num_kv_pairs/accuracy-4=0.696, valid/num_kv_pairs/accuracy-8=0.534, valid/num_kv_pairs/accuracy-16=0.309, valid/num_kv_pairs/accuracy-32=0.617, valid/num_kv_pairs/accuracy-64=0.724
valid/loss=2.88, valid/accuracy=0.598, valid/num_kv_pairs/accuracy-4=0.728, valid/num_kv_pairs/accuracy-8=0.558, valid/num_kv_pairs/accuracy-16=0.346, valid/num_kv_pairs/accuracy-32=0.636, valid/num_kv_pairs/accuracy-64=0.72
valid/loss=2.95, valid/accuracy=0.591, valid/num_kv_pairs/accuracy-4=0.735, valid/num_kv_pairs/accuracy-8=0.564, valid/num_kv_pairs/accuracy-16=0.307, valid/num_kv_pairs/accuracy-32=0.621, valid/num_kv_pairs/accuracy-64=0.731
valid/loss=2.9, valid/accuracy=0.599, valid/num_kv_pairs/accuracy-4=0.764, valid/num_kv_pairs/accuracy-8=0.58, valid/num_kv_pairs/accuracy-16=0.301, valid/num_kv_pairs/accuracy-32=0.619, valid/num_kv_pairs/accuracy-64=0.731
valid/loss=2.79, valid/accuracy=0.61, valid/num_kv_pairs/accuracy-4=0.791, valid/num_kv_pairs/accuracy-8=0.597, valid/num_kv_pairs/accuracy-16=0.308, valid/num_kv_pairs/accuracy-32=0.624, valid/num_kv_pairs/accuracy-64=0.729
valid/loss=2.75, valid/accuracy=0.612, valid/num_kv_pairs/accuracy-4=0.801, valid/num_kv_pairs/accuracy-8=0.602, valid/num_kv_pairs/accuracy-16=0.307, valid/num_kv_pairs/accuracy-32=0.624, valid/num_kv_pairs/accuracy-64=0.727
valid/loss=2.66, valid/accuracy=0.624, valid/num_kv_pairs/accuracy-4=0.823, valid/num_kv_pairs/accuracy-8=0.619, valid/num_kv_pairs/accuracy-16=0.325, valid/num_kv_pairs/accuracy-32=0.631, valid/num_kv_pairs/accuracy-64=0.723
valid/loss=2.48, valid/accuracy=0.644, valid/num_kv_pairs/accuracy-4=0.866, valid/num_kv_pairs/accuracy-8=0.667, valid/num_kv_pairs/accuracy-16=0.358, valid/num_kv_pairs/accuracy-32=0.631, valid/num_kv_pairs/accuracy-64=0.697
valid/loss=1.84, valid/accuracy=0.755, valid/num_kv_pairs/accuracy-4=0.91, valid/num_kv_pairs/accuracy-8=0.758, valid/num_kv_pairs/accuracy-16=0.643, valid/num_kv_pairs/accuracy-32=0.785, valid/num_kv_pairs/accuracy-64=0.676
