    early_stopping_metric='valid/accuracy',
    early_stopping_threshold=0.99,
    run_id='smat_d1_mr3_hd16_ds16_sig_delta_cread_m2blk_s1-dm32-lr1.0e-02'
valid/loss=3.13, valid/accuracy=0.455, valid/num_kv_pairs/accuracy-4=0.816, valid/num_kv_pairs/accuracy-8=0.685, valid/num_kv_pairs/accuracy-16=0.48, valid/num_kv_pairs/accuracy-32=0.23, valid/num_kv_pairs/accuracy-64=0.0654
valid/loss=2.66, valid/accuracy=0.589, valid/num_kv_pairs/accuracy-4=0.881, valid/num_kv_pairs/accuracy-8=0.834, valid/num_kv_pairs/accuracy-16=0.683, valid/num_kv_pairs/accuracy-32=0.405, valid/num_kv_pairs/accuracy-64=0.14
valid/loss=1.96, valid/accuracy=0.664, valid/num_kv_pairs/accuracy-4=0.965, valid/num_kv_pairs/accuracy-8=0.919, valid/num_kv_pairs/accuracy-16=0.788, valid/num_kv_pairs/accuracy-32=0.483, valid/num_kv_pairs/accuracy-64=0.164
valid/loss=1.69, valid/accuracy=0.7, valid/num_kv_pairs/accuracy-4=0.979, valid/num_kv_pairs/accuracy-8=0.947, valid/num_kv_pairs/accuracy-16=0.837, valid/num_kv_pairs/accuracy-32=0.549, valid/num_kv_pairs/accuracy-64=0.189
valid/loss=1.66, valid/accuracy=0.702, valid/num_kv_pairs/accuracy-4=0.975, valid/num_kv_pairs/accuracy-8=0.94, valid/num_kv_pairs/accuracy-16=0.836, valid/num_kv_pairs/accuracy-32=0.561, valid/num_kv_pairs/accuracy-64=0.199
valid/loss=1.47, valid/accuracy=0.731, valid/num_kv_pairs/accuracy-4=0.985, valid/num_kv_pairs/accuracy-8=0.96, valid/num_kv_pairs/accuracy-16=0.873, valid/num_kv_pairs/accuracy-32=0.61, valid/num_kv_pairs/accuracy-64=0.229
valid/loss=1.35, valid/accuracy=0.748, valid/num_kv_pairs/accuracy-4=0.987, valid/num_kv_pairs/accuracy-8=0.964, valid/num_kv_pairs/accuracy-16=0.888, valid/num_kv_pairs/accuracy-32=0.645, valid/num_kv_pairs/accuracy-64=0.258
valid/loss=1.26, valid/accuracy=0.76, valid/num_kv_pairs/accuracy-4=0.987, valid/num_kv_pairs/accuracy-8=0.968, valid/num_kv_pairs/accuracy-16=0.901, valid/num_kv_pairs/accuracy-32=0.663, valid/num_kv_pairs/accuracy-64=0.28
valid/loss=1.23, valid/accuracy=0.766, valid/num_kv_pairs/accuracy-4=0.985, valid/num_kv_pairs/accuracy-8=0.969, valid/num_kv_pairs/accuracy-16=0.908, valid/num_kv_pairs/accuracy-32=0.68, valid/num_kv_pairs/accuracy-64=0.289
valid/loss=1.19, valid/accuracy=0.774, valid/num_kv_pairs/accuracy-4=0.987, valid/num_kv_pairs/accuracy-8=0.976, valid/num_kv_pairs/accuracy-16=0.913, valid/num_kv_pairs/accuracy-32=0.698, valid/num_kv_pairs/accuracy-64=0.294
valid/loss=1.15, valid/accuracy=0.781, valid/num_kv_pairs/accuracy-4=0.993, valid/num_kv_pairs/accuracy-8=0.977, valid/num_kv_pairs/accuracy-16=0.926, valid/num_kv_pairs/accuracy-32=0.709, valid/num_kv_pairs/accuracy-64=0.303
valid/loss=1.15, valid/accuracy=0.782, valid/num_kv_pairs/accuracy-4=0.993, valid/num_kv_pairs/accuracy-8=0.979, valid/num_kv_pairs/accuracy-16=0.925, valid/num_kv_pairs/accuracy-32=0.712, valid/num_kv_pairs/accuracy-64=0.303
valid/loss=1.13, valid/accuracy=0.783, valid/num_kv_pairs/accuracy-4=0.991, valid/num_kv_pairs/accuracy-8=0.981, valid/num_kv_pairs/accuracy-16=0.927, valid/num_kv_pairs/accuracy-32=0.709, valid/num_kv_pairs/accuracy-64=0.308
valid/loss=1.12, valid/accuracy=0.784, valid/num_kv_pairs/accuracy-4=0.992, valid/num_kv_pairs/accuracy-8=0.979, valid/num_kv_pairs/accuracy-16=0.925, valid/num_kv_pairs/accuracy-32=0.714, valid/num_kv_pairs/accuracy-64=0.309
valid/loss=1.11, valid/accuracy=0.785, valid/num_kv_pairs/accuracy-4=0.992, valid/num_kv_pairs/accuracy-8=0.98, valid/num_kv_pairs/accuracy-16=0.928, valid/num_kv_pairs/accuracy-32=0.716, valid/num_kv_pairs/accuracy-64=0.312
valid/loss=1.09, valid/accuracy=0.79, valid/num_kv_pairs/accuracy-4=0.992, valid/num_kv_pairs/accuracy-8=0.979, valid/num_kv_pairs/accuracy-16=0.93, valid/num_kv_pairs/accuracy-32=0.726, valid/num_kv_pairs/accuracy-64=0.321
valid/loss=1.08, valid/accuracy=0.791, valid/num_kv_pairs/accuracy-4=0.992, valid/num_kv_pairs/accuracy-8=0.979, valid/num_kv_pairs/accuracy-16=0.931, valid/num_kv_pairs/accuracy-32=0.729, valid/num_kv_pairs/accuracy-64=0.325
valid/loss=1.07, valid/accuracy=0.792, valid/num_kv_pairs/accuracy-4=0.992, valid/num_kv_pairs/accuracy-8=0.979, valid/num_kv_pairs/accuracy-16=0.927, valid/num_kv_pairs/accuracy-32=0.731, valid/num_kv_pairs/accuracy-64=0.331
valid/loss=1.06, valid/accuracy=0.794, valid/num_kv_pairs/accuracy-4=0.992, valid/num_kv_pairs/accuracy-8=0.98, valid/num_kv_pairs/accuracy-16=0.93, valid/num_kv_pairs/accuracy-32=0.733, valid/num_kv_pairs/accuracy-64=0.333
valid/loss=1.04, valid/accuracy=0.795, valid/num_kv_pairs/accuracy-4=0.992, valid/num_kv_pairs/accuracy-8=0.978, valid/num_kv_pairs/accuracy-16=0.931, valid/num_kv_pairs/accuracy-32=0.737, valid/num_kv_pairs/accuracy-64=0.338
valid/loss=1.04, valid/accuracy=0.797, valid/num_kv_pairs/accuracy-4=0.993, valid/num_kv_pairs/accuracy-8=0.981, valid/num_kv_pairs/accuracy-16=0.932, valid/num_kv_pairs/accuracy-32=0.739, valid/num_kv_pairs/accuracy-64=0.34
valid/loss=1.03, valid/accuracy=0.798, valid/num_kv_pairs/accuracy-4=0.994, valid/num_kv_pairs/accuracy-8=0.982, valid/num_kv_pairs/accuracy-16=0.931, valid/num_kv_pairs/accuracy-32=0.74, valid/num_kv_pairs/accuracy-64=0.341
valid/loss=1.03, valid/accuracy=0.797, valid/num_kv_pairs/accuracy-4=0.992, valid/num_kv_pairs/accuracy-8=0.981, valid/num_kv_pairs/accuracy-16=0.93, valid/num_kv_pairs/accuracy-32=0.742, valid/num_kv_pairs/accuracy-64=0.343
valid/loss=1.02, valid/accuracy=0.799, valid/num_kv_pairs/accuracy-4=0.992, valid/num_kv_pairs/accuracy-8=0.982, valid/num_kv_pairs/accuracy-16=0.932, valid/num_kv_pairs/accuracy-32=0.745, valid/num_kv_pairs/accuracy-64=0.344
valid/loss=1.01, valid/accuracy=0.8, valid/num_kv_pairs/accuracy-4=0.993, valid/num_kv_pairs/accuracy-8=0.981, valid/num_kv_pairs/accuracy-16=0.931, valid/num_kv_pairs/accuracy-32=0.748, valid/num_kv_pairs/accuracy-64=0.347
valid/loss=1.01, valid/accuracy=0.801, valid/num_kv_pairs/accuracy-4=0.993, valid/num_kv_pairs/accuracy-8=0.982, valid/num_kv_pairs/accuracy-16=0.931, valid/num_kv_pairs/accuracy-32=0.749, valid/num_kv_pairs/accuracy-64=0.349
valid/loss=1, valid/accuracy=0.801, valid/num_kv_pairs/accuracy-4=0.994, valid/num_kv_pairs/accuracy-8=0.981, valid/num_kv_pairs/accuracy-16=0.931, valid/num_kv_pairs/accuracy-32=0.751, valid/num_kv_pairs/accuracy-64=0.351
valid/loss=0.998, valid/accuracy=0.803, valid/num_kv_pairs/accuracy-4=0.995, valid/num_kv_pairs/accuracy-8=0.981, valid/num_kv_pairs/accuracy-16=0.934, valid/num_kv_pairs/accuracy-32=0.754, valid/num_kv_pairs/accuracy-64=0.352
valid/loss=0.991, valid/accuracy=0.804, valid/num_kv_pairs/accuracy-4=0.995, valid/num_kv_pairs/accuracy-8=0.982, valid/num_kv_pairs/accuracy-16=0.935, valid/num_kv_pairs/accuracy-32=0.755, valid/num_kv_pairs/accuracy-64=0.353
valid/loss=0.986, valid/accuracy=0.805, valid/num_kv_pairs/accuracy-4=0.995, valid/num_kv_pairs/accuracy-8=0.983, valid/num_kv_pairs/accuracy-16=0.937, valid/num_kv_pairs/accuracy-32=0.757, valid/num_kv_pairs/accuracy-64=0.353
valid/loss=0.98, valid/accuracy=0.806, valid/num_kv_pairs/accuracy-4=0.996, valid/num_kv_pairs/accuracy-8=0.984, valid/num_kv_pairs/accuracy-16=0.939, valid/num_kv_pairs/accuracy-32=0.758, valid/num_kv_pairs/accuracy-64=0.352
valid/loss=0.975, valid/accuracy=0.807, valid/num_kv_pairs/accuracy-4=0.996, valid/num_kv_pairs/accuracy-8=0.985, valid/num_kv_pairs/accuracy-16=0.942, valid/num_kv_pairs/accuracy-32=0.761, valid/num_kv_pairs/accuracy-64=0.353
