    early_stopping_metric='valid/accuracy',
    early_stopping_threshold=0.99,
    run_id='smatgdn_d1_hd16_h1_sig_cread_m2blk_s4-dm16-lr1.0e-02'
valid/loss=4.51, valid/accuracy=0.376, valid/num_kv_pairs/accuracy-4=0.779, valid/num_kv_pairs/accuracy-8=0.606, valid/num_kv_pairs/accuracy-16=0.349, valid/num_kv_pairs/accuracy-32=0.119, valid/num_kv_pairs/accuracy-64=0.0284
valid/loss=4.33, valid/accuracy=0.38, valid/num_kv_pairs/accuracy-4=0.801, valid/num_kv_pairs/accuracy-8=0.61, valid/num_kv_pairs/accuracy-16=0.348, valid/num_kv_pairs/accuracy-32=0.113, valid/num_kv_pairs/accuracy-64=0.026
valid/loss=4.32, valid/accuracy=0.385, valid/num_kv_pairs/accuracy-4=0.805, valid/num_kv_pairs/accuracy-8=0.62, valid/num_kv_pairs/accuracy-16=0.354, valid/num_kv_pairs/accuracy-32=0.118, valid/num_kv_pairs/accuracy-64=0.0292
valid/loss=4.31, valid/accuracy=0.391, valid/num_kv_pairs/accuracy-4=0.811, valid/num_kv_pairs/accuracy-8=0.638, valid/num_kv_pairs/accuracy-16=0.358, valid/num_kv_pairs/accuracy-32=0.118, valid/num_kv_pairs/accuracy-64=0.0301
valid/loss=4.27, valid/accuracy=0.401, valid/num_kv_pairs/accuracy-4=0.835, valid/num_kv_pairs/accuracy-8=0.658, valid/num_kv_pairs/accuracy-16=0.367, valid/num_kv_pairs/accuracy-32=0.118, valid/num_kv_pairs/accuracy-64=0.0295
valid/loss=4.24, valid/accuracy=0.41, valid/num_kv_pairs/accuracy-4=0.848, valid/num_kv_pairs/accuracy-8=0.679, valid/num_kv_pairs/accuracy-16=0.376, valid/num_kv_pairs/accuracy-32=0.119, valid/num_kv_pairs/accuracy-64=0.0282
valid/loss=4.15, valid/accuracy=0.409, valid/num_kv_pairs/accuracy-4=0.826, valid/num_kv_pairs/accuracy-8=0.674, valid/num_kv_pairs/accuracy-16=0.387, valid/num_kv_pairs/accuracy-32=0.126, valid/num_kv_pairs/accuracy-64=0.0306
valid/loss=4.11, valid/accuracy=0.418, valid/num_kv_pairs/accuracy-4=0.834, valid/num_kv_pairs/accuracy-8=0.69, valid/num_kv_pairs/accuracy-16=0.41, valid/num_kv_pairs/accuracy-32=0.127, valid/num_kv_pairs/accuracy-64=0.0296
valid/loss=4.08, valid/accuracy=0.417, valid/num_kv_pairs/accuracy-4=0.842, valid/num_kv_pairs/accuracy-8=0.687, valid/num_kv_pairs/accuracy-16=0.394, valid/num_kv_pairs/accuracy-32=0.128, valid/num_kv_pairs/accuracy-64=0.0327
valid/loss=4.09, valid/accuracy=0.418, valid/num_kv_pairs/accuracy-4=0.86, valid/num_kv_pairs/accuracy-8=0.689, valid/num_kv_pairs/accuracy-16=0.388, valid/num_kv_pairs/accuracy-32=0.122, valid/num_kv_pairs/accuracy-64=0.0319
valid/loss=4.05, valid/accuracy=0.427, valid/num_kv_pairs/accuracy-4=0.871, valid/num_kv_pairs/accuracy-8=0.71, valid/num_kv_pairs/accuracy-16=0.401, valid/num_kv_pairs/accuracy-32=0.123, valid/num_kv_pairs/accuracy-64=0.0323
valid/loss=4.05, valid/accuracy=0.436, valid/num_kv_pairs/accuracy-4=0.871, valid/num_kv_pairs/accuracy-8=0.726, valid/num_kv_pairs/accuracy-16=0.422, valid/num_kv_pairs/accuracy-32=0.129, valid/num_kv_pairs/accuracy-64=0.0326
valid/loss=3.99, valid/accuracy=0.435, valid/num_kv_pairs/accuracy-4=0.889, valid/num_kv_pairs/accuracy-8=0.725, valid/num_kv_pairs/accuracy-16=0.404, valid/num_kv_pairs/accuracy-32=0.125, valid/num_kv_pairs/accuracy-64=0.0325
valid/loss=3.94, valid/accuracy=0.441, valid/num_kv_pairs/accuracy-4=0.901, valid/num_kv_pairs/accuracy-8=0.739, valid/num_kv_pairs/accuracy-16=0.413, valid/num_kv_pairs/accuracy-32=0.12, valid/num_kv_pairs/accuracy-64=0.0313
valid/loss=3.92, valid/accuracy=0.445, valid/num_kv_pairs/accuracy-4=0.902, valid/num_kv_pairs/accuracy-8=0.744, valid/num_kv_pairs/accuracy-16=0.423, valid/num_kv_pairs/accuracy-32=0.124, valid/num_kv_pairs/accuracy-64=0.0317
valid/loss=3.83, valid/accuracy=0.448, valid/num_kv_pairs/accuracy-4=0.909, valid/num_kv_pairs/accuracy-8=0.754, valid/num_kv_pairs/accuracy-16=0.421, valid/num_kv_pairs/accuracy-32=0.123, valid/num_kv_pairs/accuracy-64=0.0302
valid/loss=3.76, valid/accuracy=0.457, valid/num_kv_pairs/accuracy-4=0.922, valid/num_kv_pairs/accuracy-8=0.773, valid/num_kv_pairs/accuracy-16=0.435, valid/num_kv_pairs/accuracy-32=0.124, valid/num_kv_pairs/accuracy-64=0.0307
valid/loss=3.7, valid/accuracy=0.469, valid/num_kv_pairs/accuracy-4=0.929, valid/num_kv_pairs/accuracy-8=0.799, valid/num_kv_pairs/accuracy-16=0.456, valid/num_kv_pairs/accuracy-32=0.129, valid/num_kv_pairs/accuracy-64=0.0304
valid/loss=3.66, valid/accuracy=0.48, valid/num_kv_pairs/accuracy-4=0.945, valid/num_kv_pairs/accuracy-8=0.821, valid/num_kv_pairs/accuracy-16=0.472, valid/num_kv_pairs/accuracy-32=0.131, valid/num_kv_pairs/accuracy-64=0.0305
valid/loss=3.58, valid/accuracy=0.484, valid/num_kv_pairs/accuracy-4=0.959, valid/num_kv_pairs/accuracy-8=0.829, valid/num_kv_pairs/accuracy-16=0.474, valid/num_kv_pairs/accuracy-32=0.129, valid/num_kv_pairs/accuracy-64=0.0299
valid/loss=3.54, valid/accuracy=0.489, valid/num_kv_pairs/accuracy-4=0.962, valid/num_kv_pairs/accuracy-8=0.838, valid/num_kv_pairs/accuracy-16=0.486, valid/num_kv_pairs/accuracy-32=0.129, valid/num_kv_pairs/accuracy-64=0.0287
valid/loss=3.5, valid/accuracy=0.491, valid/num_kv_pairs/accuracy-4=0.964, valid/num_kv_pairs/accuracy-8=0.844, valid/num_kv_pairs/accuracy-16=0.491, valid/num_kv_pairs/accuracy-32=0.129, valid/num_kv_pairs/accuracy-64=0.0282
valid/loss=3.45, valid/accuracy=0.497, valid/num_kv_pairs/accuracy-4=0.966, valid/num_kv_pairs/accuracy-8=0.855, valid/num_kv_pairs/accuracy-16=0.503, valid/num_kv_pairs/accuracy-32=0.131, valid/num_kv_pairs/accuracy-64=0.0284
valid/loss=3.42, valid/accuracy=0.506, valid/num_kv_pairs/accuracy-4=0.972, valid/num_kv_pairs/accuracy-8=0.875, valid/num_kv_pairs/accuracy-16=0.519, valid/num_kv_pairs/accuracy-32=0.133, valid/num_kv_pairs/accuracy-64=0.0287
valid/loss=3.35, valid/accuracy=0.51, valid/num_kv_pairs/accuracy-4=0.976, valid/num_kv_pairs/accuracy-8=0.879, valid/num_kv_pairs/accuracy-16=0.53, valid/num_kv_pairs/accuracy-32=0.134, valid/num_kv_pairs/accuracy-64=0.0285
valid/loss=3.27, valid/accuracy=0.518, valid/num_kv_pairs/accuracy-4=0.98, valid/num_kv_pairs/accuracy-8=0.897, valid/num_kv_pairs/accuracy-16=0.551, valid/num_kv_pairs/accuracy-32=0.134, valid/num_kv_pairs/accuracy-64=0.0276
valid/loss=3.2, valid/accuracy=0.524, valid/num_kv_pairs/accuracy-4=0.983, valid/num_kv_pairs/accuracy-8=0.911, valid/num_kv_pairs/accuracy-16=0.566, valid/num_kv_pairs/accuracy-32=0.135, valid/num_kv_pairs/accuracy-64=0.0272
valid/loss=3.14, valid/accuracy=0.528, valid/num_kv_pairs/accuracy-4=0.984, valid/num_kv_pairs/accuracy-8=0.919, valid/num_kv_pairs/accuracy-16=0.575, valid/num_kv_pairs/accuracy-32=0.136, valid/num_kv_pairs/accuracy-64=0.0273
valid/loss=3.07, valid/accuracy=0.53, valid/num_kv_pairs/accuracy-4=0.984, valid/num_kv_pairs/accuracy-8=0.921, valid/num_kv_pairs/accuracy-16=0.583, valid/num_kv_pairs/accuracy-32=0.136, valid/num_kv_pairs/accuracy-64=0.0272
valid/loss=3, valid/accuracy=0.533, valid/num_kv_pairs/accuracy-4=0.985, valid/num_kv_pairs/accuracy-8=0.927, valid/num_kv_pairs/accuracy-16=0.589, valid/num_kv_pairs/accuracy-32=0.137, valid/num_kv_pairs/accuracy-64=0.0272
valid/loss=2.92, valid/accuracy=0.538, valid/num_kv_pairs/accuracy-4=0.988, valid/num_kv_pairs/accuracy-8=0.934, valid/num_kv_pairs/accuracy-16=0.605, valid/num_kv_pairs/accuracy-32=0.138, valid/num_kv_pairs/accuracy-64=0.0269
valid/loss=2.84, valid/accuracy=0.548, valid/num_kv_pairs/accuracy-4=0.992, valid/num_kv_pairs/accuracy-8=0.949, valid/num_kv_pairs/accuracy-16=0.633, valid/num_kv_pairs/accuracy-32=0.139, valid/num_kv_pairs/accuracy-64=0.0271
