    early_stopping_metric='valid/accuracy',
    early_stopping_threshold=0.99,
    run_id='smatgdn_d3_hd16_h2_sig_cread_m2blk-dm64-lr1.0e-02'
valid/loss=8.29, valid/accuracy=0.000394, valid/num_kv_pairs/accuracy-4=0.0005, valid/num_kv_pairs/accuracy-8=0.0005, valid/num_kv_pairs/accuracy-16=0.000313, valid/num_kv_pairs/accuracy-32=0.000313, valid/num_kv_pairs/accuracy-64=0.000344
valid/loss=4.34, valid/accuracy=0.555, valid/num_kv_pairs/accuracy-4=0.379, valid/num_kv_pairs/accuracy-8=0.377, valid/num_kv_pairs/accuracy-16=0.615, valid/num_kv_pairs/accuracy-32=0.757, valid/num_kv_pairs/accuracy-64=0.65
valid/loss=3.48, valid/accuracy=0.627, valid/num_kv_pairs/accuracy-4=0.326, valid/num_kv_pairs/accuracy-8=0.388, valid/num_kv_pairs/accuracy-16=0.753, valid/num_kv_pairs/accuracy-32=0.86, valid/num_kv_pairs/accuracy-64=0.806
valid/loss=3.07, valid/accuracy=0.671, valid/num_kv_pairs/accuracy-4=0.357, valid/num_kv_pairs/accuracy-8=0.413, valid/num_kv_pairs/accuracy-16=0.822, valid/num_kv_pairs/accuracy-32=0.904, valid/num_kv_pairs/accuracy-64=0.858
valid/loss=1.28, valid/accuracy=0.837, valid/num_kv_pairs/accuracy-4=0.869, valid/num_kv_pairs/accuracy-8=0.635, valid/num_kv_pairs/accuracy-16=0.87, valid/num_kv_pairs/accuracy-32=0.933, valid/num_kv_pairs/accuracy-64=0.878
valid/loss=0.867, valid/accuracy=0.878, valid/num_kv_pairs/accuracy-4=0.918, valid/num_kv_pairs/accuracy-8=0.742, valid/num_kv_pairs/accuracy-16=0.888, valid/num_kv_pairs/accuracy-32=0.942, valid/num_kv_pairs/accuracy-64=0.901
valid/loss=0.974, valid/accuracy=0.865, valid/num_kv_pairs/accuracy-4=0.872, valid/num_kv_pairs/accuracy-8=0.698, valid/num_kv_pairs/accuracy-16=0.899, valid/num_kv_pairs/accuracy-32=0.949, valid/num_kv_pairs/accuracy-64=0.907
valid/loss=2.58, valid/accuracy=0.726, valid/num_kv_pairs/accuracy-4=0.435, valid/num_kv_pairs/accuracy-8=0.448, valid/num_kv_pairs/accuracy-16=0.896, valid/num_kv_pairs/accuracy-32=0.943, valid/num_kv_pairs/accuracy-64=0.908
valid/loss=0.986, valid/accuracy=0.865, valid/num_kv_pairs/accuracy-4=0.872, valid/num_kv_pairs/accuracy-8=0.65, valid/num_kv_pairs/accuracy-16=0.923, valid/num_kv_pairs/accuracy-32=0.963, valid/num_kv_pairs/accuracy-64=0.918
valid/loss=1.68, valid/accuracy=0.814, valid/num_kv_pairs/accuracy-4=0.632, valid/num_kv_pairs/accuracy-8=0.552, valid/num_kv_pairs/accuracy-16=0.957, valid/num_kv_pairs/accuracy-32=0.983, valid/num_kv_pairs/accuracy-64=0.947
valid/loss=0.53, valid/accuracy=0.918, valid/num_kv_pairs/accuracy-4=0.912, valid/num_kv_pairs/accuracy-8=0.766, valid/num_kv_pairs/accuracy-16=0.967, valid/num_kv_pairs/accuracy-32=0.987, valid/num_kv_pairs/accuracy-64=0.957
valid/loss=1.58, valid/accuracy=0.824, valid/num_kv_pairs/accuracy-4=0.657, valid/num_kv_pairs/accuracy-8=0.552, valid/num_kv_pairs/accuracy-16=0.966, valid/num_kv_pairs/accuracy-32=0.985, valid/num_kv_pairs/accuracy-64=0.961
valid/loss=3.16, valid/accuracy=0.724, valid/num_kv_pairs/accuracy-4=0.33, valid/num_kv_pairs/accuracy-8=0.417, valid/num_kv_pairs/accuracy-16=0.945, valid/num_kv_pairs/accuracy-32=0.974, valid/num_kv_pairs/accuracy-64=0.956
valid/loss=0.878, valid/accuracy=0.865, valid/num_kv_pairs/accuracy-4=0.782, valid/num_kv_pairs/accuracy-8=0.619, valid/num_kv_pairs/accuracy-16=0.973, valid/num_kv_pairs/accuracy-32=0.988, valid/num_kv_pairs/accuracy-64=0.961
valid/loss=1.93, valid/accuracy=0.806, valid/num_kv_pairs/accuracy-4=0.562, valid/num_kv_pairs/accuracy-8=0.588, valid/num_kv_pairs/accuracy-16=0.945, valid/num_kv_pairs/accuracy-32=0.977, valid/num_kv_pairs/accuracy-64=0.96
valid/loss=2.21, valid/accuracy=0.778, valid/num_kv_pairs/accuracy-4=0.56, valid/num_kv_pairs/accuracy-8=0.48, valid/num_kv_pairs/accuracy-16=0.934, valid/num_kv_pairs/accuracy-32=0.97, valid/num_kv_pairs/accuracy-64=0.946
valid/loss=1.12, valid/accuracy=0.826, valid/num_kv_pairs/accuracy-4=0.724, valid/num_kv_pairs/accuracy-8=0.561, valid/num_kv_pairs/accuracy-16=0.932, valid/num_kv_pairs/accuracy-32=0.968, valid/num_kv_pairs/accuracy-64=0.943
valid/loss=3.28, valid/accuracy=0.726, valid/num_kv_pairs/accuracy-4=0.354, valid/num_kv_pairs/accuracy-8=0.43, valid/num_kv_pairs/accuracy-16=0.932, valid/num_kv_pairs/accuracy-32=0.969, valid/num_kv_pairs/accuracy-64=0.945
valid/loss=2.18, valid/accuracy=0.778, valid/num_kv_pairs/accuracy-4=0.537, valid/num_kv_pairs/accuracy-8=0.491, valid/num_kv_pairs/accuracy-16=0.94, valid/num_kv_pairs/accuracy-32=0.973, valid/num_kv_pairs/accuracy-64=0.948
valid/loss=1.76, valid/accuracy=0.816, valid/num_kv_pairs/accuracy-4=0.634, valid/num_kv_pairs/accuracy-8=0.591, valid/num_kv_pairs/accuracy-16=0.936, valid/num_kv_pairs/accuracy-32=0.972, valid/num_kv_pairs/accuracy-64=0.946
valid/loss=0.247, valid/accuracy=0.958, valid/num_kv_pairs/accuracy-4=0.963, valid/num_kv_pairs/accuracy-8=0.956, valid/num_kv_pairs/accuracy-16=0.952, valid/num_kv_pairs/accuracy-32=0.971, valid/num_kv_pairs/accuracy-64=0.947
valid/loss=0.304, valid/accuracy=0.951, valid/num_kv_pairs/accuracy-4=0.947, valid/num_kv_pairs/accuracy-8=0.942, valid/num_kv_pairs/accuracy-16=0.945, valid/num_kv_pairs/accuracy-32=0.972, valid/num_kv_pairs/accuracy-64=0.946
valid/loss=0.417, valid/accuracy=0.934, valid/num_kv_pairs/accuracy-4=0.935, valid/num_kv_pairs/accuracy-8=0.869, valid/num_kv_pairs/accuracy-16=0.943, valid/num_kv_pairs/accuracy-32=0.973, valid/num_kv_pairs/accuracy-64=0.947
valid/loss=0.416, valid/accuracy=0.935, valid/num_kv_pairs/accuracy-4=0.942, valid/num_kv_pairs/accuracy-8=0.868, valid/num_kv_pairs/accuracy-16=0.942, valid/num_kv_pairs/accuracy-32=0.974, valid/num_kv_pairs/accuracy-64=0.947
valid/loss=0.211, valid/accuracy=0.961, valid/num_kv_pairs/accuracy-4=0.986, valid/num_kv_pairs/accuracy-8=0.951, valid/num_kv_pairs/accuracy-16=0.947, valid/num_kv_pairs/accuracy-32=0.975, valid/num_kv_pairs/accuracy-64=0.947
valid/loss=0.184, valid/accuracy=0.965, valid/num_kv_pairs/accuracy-4=0.993, valid/num_kv_pairs/accuracy-8=0.965, valid/num_kv_pairs/accuracy-16=0.947, valid/num_kv_pairs/accuracy-32=0.974, valid/num_kv_pairs/accuracy-64=0.946
valid/loss=0.162, valid/accuracy=0.969, valid/num_kv_pairs/accuracy-4=0.996, valid/num_kv_pairs/accuracy-8=0.977, valid/num_kv_pairs/accuracy-16=0.954, valid/num_kv_pairs/accuracy-32=0.973, valid/num_kv_pairs/accuracy-64=0.947
valid/loss=0.151, valid/accuracy=0.971, valid/num_kv_pairs/accuracy-4=0.998, valid/num_kv_pairs/accuracy-8=0.978, valid/num_kv_pairs/accuracy-16=0.96, valid/num_kv_pairs/accuracy-32=0.973, valid/num_kv_pairs/accuracy-64=0.949
valid/loss=0.142, valid/accuracy=0.973, valid/num_kv_pairs/accuracy-4=0.998, valid/num_kv_pairs/accuracy-8=0.983, valid/num_kv_pairs/accuracy-16=0.963, valid/num_kv_pairs/accuracy-32=0.973, valid/num_kv_pairs/accuracy-64=0.948
valid/loss=0.128, valid/accuracy=0.976, valid/num_kv_pairs/accuracy-4=0.998, valid/num_kv_pairs/accuracy-8=0.989, valid/num_kv_pairs/accuracy-16=0.97, valid/num_kv_pairs/accuracy-32=0.974, valid/num_kv_pairs/accuracy-64=0.948
valid/loss=0.115, valid/accuracy=0.979, valid/num_kv_pairs/accuracy-4=1, valid/num_kv_pairs/accuracy-8=0.995, valid/num_kv_pairs/accuracy-16=0.978, valid/num_kv_pairs/accuracy-32=0.973, valid/num_kv_pairs/accuracy-64=0.947
valid/loss=0.13, valid/accuracy=0.976, valid/num_kv_pairs/accuracy-4=1, valid/num_kv_pairs/accuracy-8=0.997, valid/num_kv_pairs/accuracy-16=0.981, valid/num_kv_pairs/accuracy-32=0.973, valid/num_kv_pairs/accuracy-64=0.931
