    early_stopping_metric='valid/accuracy',
    early_stopping_threshold=0.99,
    run_id='smatgdn_d1_hd16_sig_cread_m2blk_s2-dm16-lr1.0e-02'
valid/loss=4.49, valid/accuracy=0.376, valid/num_kv_pairs/accuracy-4=0.802, valid/num_kv_pairs/accuracy-8=0.609, valid/num_kv_pairs/accuracy-16=0.336, valid/num_kv_pairs/accuracy-32=0.112, valid/num_kv_pairs/accuracy-64=0.0223
valid/loss=3.71, valid/accuracy=0.471, valid/num_kv_pairs/accuracy-4=0.854, valid/num_kv_pairs/accuracy-8=0.731, valid/num_kv_pairs/accuracy-16=0.5, valid/num_kv_pairs/accuracy-32=0.213, valid/num_kv_pairs/accuracy-64=0.057
valid/loss=2.77, valid/accuracy=0.583, valid/num_kv_pairs/accuracy-4=0.946, valid/num_kv_pairs/accuracy-8=0.873, valid/num_kv_pairs/accuracy-16=0.675, valid/num_kv_pairs/accuracy-32=0.337, valid/num_kv_pairs/accuracy-64=0.086
valid/loss=2.72, valid/accuracy=0.59, valid/num_kv_pairs/accuracy-4=0.951, valid/num_kv_pairs/accuracy-8=0.882, valid/num_kv_pairs/accuracy-16=0.689, valid/num_kv_pairs/accuracy-32=0.342, valid/num_kv_pairs/accuracy-64=0.0882
valid/loss=2.59, valid/accuracy=0.6, valid/num_kv_pairs/accuracy-4=0.958, valid/num_kv_pairs/accuracy-8=0.899, valid/num_kv_pairs/accuracy-16=0.701, valid/num_kv_pairs/accuracy-32=0.353, valid/num_kv_pairs/accuracy-64=0.0885
valid/loss=2.57, valid/accuracy=0.602, valid/num_kv_pairs/accuracy-4=0.967, valid/num_kv_pairs/accuracy-8=0.896, valid/num_kv_pairs/accuracy-16=0.704, valid/num_kv_pairs/accuracy-32=0.356, valid/num_kv_pairs/accuracy-64=0.0883
valid/loss=2.55, valid/accuracy=0.602, valid/num_kv_pairs/accuracy-4=0.967, valid/num_kv_pairs/accuracy-8=0.898, valid/num_kv_pairs/accuracy-16=0.702, valid/num_kv_pairs/accuracy-32=0.355, valid/num_kv_pairs/accuracy-64=0.0884
valid/loss=2.57, valid/accuracy=0.598, valid/num_kv_pairs/accuracy-4=0.958, valid/num_kv_pairs/accuracy-8=0.892, valid/num_kv_pairs/accuracy-16=0.703, valid/num_kv_pairs/accuracy-32=0.349, valid/num_kv_pairs/accuracy-64=0.0873
valid/loss=2.51, valid/accuracy=0.6, valid/num_kv_pairs/accuracy-4=0.956, valid/num_kv_pairs/accuracy-8=0.9, valid/num_kv_pairs/accuracy-16=0.696, valid/num_kv_pairs/accuracy-32=0.359, valid/num_kv_pairs/accuracy-64=0.0896
valid/loss=2.51, valid/accuracy=0.598, valid/num_kv_pairs/accuracy-4=0.956, valid/num_kv_pairs/accuracy-8=0.898, valid/num_kv_pairs/accuracy-16=0.698, valid/num_kv_pairs/accuracy-32=0.351, valid/num_kv_pairs/accuracy-64=0.0903
valid/loss=2.49, valid/accuracy=0.603, valid/num_kv_pairs/accuracy-4=0.954, valid/num_kv_pairs/accuracy-8=0.902, valid/num_kv_pairs/accuracy-16=0.712, valid/num_kv_pairs/accuracy-32=0.356, valid/num_kv_pairs/accuracy-64=0.0904
valid/loss=2.46, valid/accuracy=0.602, valid/num_kv_pairs/accuracy-4=0.958, valid/num_kv_pairs/accuracy-8=0.903, valid/num_kv_pairs/accuracy-16=0.707, valid/num_kv_pairs/accuracy-32=0.353, valid/num_kv_pairs/accuracy-64=0.0896
valid/loss=2.5, valid/accuracy=0.601, valid/num_kv_pairs/accuracy-4=0.96, valid/num_kv_pairs/accuracy-8=0.901, valid/num_kv_pairs/accuracy-16=0.702, valid/num_kv_pairs/accuracy-32=0.351, valid/num_kv_pairs/accuracy-64=0.0902
valid/loss=2.49, valid/accuracy=0.602, valid/num_kv_pairs/accuracy-4=0.955, valid/num_kv_pairs/accuracy-8=0.903, valid/num_kv_pairs/accuracy-16=0.705, valid/num_kv_pairs/accuracy-32=0.355, valid/num_kv_pairs/accuracy-64=0.0895
valid/loss=2.49, valid/accuracy=0.602, valid/num_kv_pairs/accuracy-4=0.958, valid/num_kv_pairs/accuracy-8=0.899, valid/num_kv_pairs/accuracy-16=0.707, valid/num_kv_pairs/accuracy-32=0.356, valid/num_kv_pairs/accuracy-64=0.089
valid/loss=2.46, valid/accuracy=0.603, valid/num_kv_pairs/accuracy-4=0.965, valid/num_kv_pairs/accuracy-8=0.906, valid/num_kv_pairs/accuracy-16=0.708, valid/num_kv_pairs/accuracy-32=0.35, valid/num_kv_pairs/accuracy-64=0.0882
valid/loss=2.47, valid/accuracy=0.604, valid/num_kv_pairs/accuracy-4=0.964, valid/num_kv_pairs/accuracy-8=0.905, valid/num_kv_pairs/accuracy-16=0.711, valid/num_kv_pairs/accuracy-32=0.351, valid/num_kv_pairs/accuracy-64=0.0878
valid/loss=2.45, valid/accuracy=0.603, valid/num_kv_pairs/accuracy-4=0.965, valid/num_kv_pairs/accuracy-8=0.903, valid/num_kv_pairs/accuracy-16=0.712, valid/num_kv_pairs/accuracy-32=0.35, valid/num_kv_pairs/accuracy-64=0.0865
valid/loss=2.43, valid/accuracy=0.603, valid/num_kv_pairs/accuracy-4=0.965, valid/num_kv_pairs/accuracy-8=0.901, valid/num_kv_pairs/accuracy-16=0.715, valid/num_kv_pairs/accuracy-32=0.346, valid/num_kv_pairs/accuracy-64=0.0865
valid/loss=2.4, valid/accuracy=0.605, valid/num_kv_pairs/accuracy-4=0.969, valid/num_kv_pairs/accuracy-8=0.905, valid/num_kv_pairs/accuracy-16=0.713, valid/num_kv_pairs/accuracy-32=0.349, valid/num_kv_pairs/accuracy-64=0.0871
valid/loss=2.42, valid/accuracy=0.603, valid/num_kv_pairs/accuracy-4=0.964, valid/num_kv_pairs/accuracy-8=0.906, valid/num_kv_pairs/accuracy-16=0.709, valid/num_kv_pairs/accuracy-32=0.351, valid/num_kv_pairs/accuracy-64=0.0859
Valid Epoch 21/32:   0%|          | 0/160 [00:00<?, ?it/s, acc=-, loss=-]Valid Epoch 21/32:   6%|▋         | 10/160 [00:00<00:01, 99.00it/s, acc=-, loss=-]Valid Epoch 21/32:  12%|█▎        | 20/160 [00:00<00:01, 93.64it/s, acc=-, loss=-]Valid Epoch 21/32:  19%|█▉        | 30/160 [00:00<00:01, 96.20it/s, acc=-, loss=-]Valid Epoch 21/32:  26%|██▌       | 41/160 [00:00<00:01, 96.83it/s, acc=-, loss=-]Valid Epoch 21/32:  32%|███▏      | 51/160 [00:00<00:01, 97.44it/s, acc=-, loss=-]Valid Epoch 21/32:  38%|███▊      | 61/160 [00:00<00:01, 97.79it/s, acc=-, loss=-]Valid Epoch 21/32:  44%|████▍     | 71/160 [00:00<00:00, 98.35it/s, acc=-, loss=-]Valid Epoch 21/32:  51%|█████▏    | 82/160 [00:00<00:00, 100.56it/s, acc=-, loss=-]Valid Epoch 21/32:  58%|█████▊    | 93/160 [00:00<00:00, 101.01it/s, acc=-, loss=-]Valid Epoch 21/32:  65%|██████▌   | 104/160 [00:01<00:00, 102.56it/s, acc=-, loss=-]Valid Epoch 21/32:  72%|███████▏  | 115/160 [00:01<00:00, 101.42it/s, acc=-, loss=-]Valid Epoch 21/32:  79%|███████▉  | 126/160 [00:01<00:00, 102.42it/s, acc=-, loss=-]Valid Epoch 21/32:  86%|████████▌ | 137/160 [00:01<00:00, 101.38it/s, acc=-, loss=-]Valid Epoch 21/32:  92%|█████████▎| 148/160 [00:01<00:00, 101.47it/s, acc=-, loss=-]Valid Epoch 21/32:  99%|█████████▉| 159/160 [00:01<00:00, 102.73it/s, acc=-, loss=-]Valid Epoch 21/32: 100%|██████████| 160/160 [00:01<00:00, 102.73it/s, valid/loss=2.4, valid/accuracy=0.605, valid/num_kv_pairs/accuracy-4=0.968, valid/num_kv_pairs/accuracy-8=0.908, valid/num_kv_pairs/accuracy-16=0.713, valid/num_kv_pairs/accuracy-32=0.35, valid/num_kv_pairs/accuracy-64=0.0874]Valid Epoch 21/32: 100%|██████████| 160/160 [00:01<00:00, 99.83it/s, valid/loss=2.4, valid/accuracy=0.605, valid/num_kv_pairs/accuracy-4=0.968, valid/num_kv_pairs/accuracy-8=0.908, valid/num_kv_pairs/accuracy-16=0.713, valid/num_kv_pairs/accuracy-32=0.35, valid/num_kv_pairs/accuracy-64=0.0874] 
valid/loss=2.39, valid/accuracy=0.605, valid/num_kv_pairs/accuracy-4=0.969, valid/num_kv_pairs/accuracy-8=0.907, valid/num_kv_pairs/accuracy-16=0.717, valid/num_kv_pairs/accuracy-32=0.348, valid/num_kv_pairs/accuracy-64=0.0855
valid/loss=2.36, valid/accuracy=0.608, valid/num_kv_pairs/accuracy-4=0.97, valid/num_kv_pairs/accuracy-8=0.914, valid/num_kv_pairs/accuracy-16=0.721, valid/num_kv_pairs/accuracy-32=0.35, valid/num_kv_pairs/accuracy-64=0.0869
valid/loss=2.35, valid/accuracy=0.609, valid/num_kv_pairs/accuracy-4=0.971, valid/num_kv_pairs/accuracy-8=0.915, valid/num_kv_pairs/accuracy-16=0.722, valid/num_kv_pairs/accuracy-32=0.349, valid/num_kv_pairs/accuracy-64=0.0865
valid/loss=2.35, valid/accuracy=0.609, valid/num_kv_pairs/accuracy-4=0.973, valid/num_kv_pairs/accuracy-8=0.915, valid/num_kv_pairs/accuracy-16=0.722, valid/num_kv_pairs/accuracy-32=0.348, valid/num_kv_pairs/accuracy-64=0.0861
valid/loss=2.31, valid/accuracy=0.614, valid/num_kv_pairs/accuracy-4=0.973, valid/num_kv_pairs/accuracy-8=0.919, valid/num_kv_pairs/accuracy-16=0.731, valid/num_kv_pairs/accuracy-32=0.356, valid/num_kv_pairs/accuracy-64=0.0893
valid/loss=2.27, valid/accuracy=0.618, valid/num_kv_pairs/accuracy-4=0.972, valid/num_kv_pairs/accuracy-8=0.925, valid/num_kv_pairs/accuracy-16=0.74, valid/num_kv_pairs/accuracy-32=0.363, valid/num_kv_pairs/accuracy-64=0.0914
valid/loss=2.25, valid/accuracy=0.622, valid/num_kv_pairs/accuracy-4=0.976, valid/num_kv_pairs/accuracy-8=0.932, valid/num_kv_pairs/accuracy-16=0.747, valid/num_kv_pairs/accuracy-32=0.366, valid/num_kv_pairs/accuracy-64=0.0912
valid/loss=2.21, valid/accuracy=0.625, valid/num_kv_pairs/accuracy-4=0.976, valid/num_kv_pairs/accuracy-8=0.937, valid/num_kv_pairs/accuracy-16=0.755, valid/num_kv_pairs/accuracy-32=0.368, valid/num_kv_pairs/accuracy-64=0.0908
valid/loss=2.17, valid/accuracy=0.63, valid/num_kv_pairs/accuracy-4=0.981, valid/num_kv_pairs/accuracy-8=0.945, valid/num_kv_pairs/accuracy-16=0.765, valid/num_kv_pairs/accuracy-32=0.369, valid/num_kv_pairs/accuracy-64=0.0908
valid/loss=2.1, valid/accuracy=0.637, valid/num_kv_pairs/accuracy-4=0.986, valid/num_kv_pairs/accuracy-8=0.956, valid/num_kv_pairs/accuracy-16=0.781, valid/num_kv_pairs/accuracy-32=0.37, valid/num_kv_pairs/accuracy-64=0.0916
