PyTorch 2.11.0 for DeltaAI (CUDA 13.0, Python 3.12)
Includes: transformers, accelerate, datasets, peft, lightning,
          timm, bitsandbytes, diffusers, mpi4py, tensorboard,
          wandb, jupyter, scipy, scikit-learn, opencv, nvitop
New in this build (sm_90 source builds):
  flash-attn, transformer_engine, xformers, apex, mamba-ssm,
  triton, torch-geometric, cupy-cuda13x, tensorrt, flashinfer
Known: transformer_engine and cupy currently fail at import due to
  a cu13 libcublasLt / cython ABI mismatch on this stack — use the
  other attention paths (flash-attn, xformers) and stock torch CUDA
  until an upstream fix lands.

For documentation and examples:
  https://docs.ncsa.illinois.edu/systems/deltaai/

Run setup-kernel prior to launching OOD job.

Quick start (on a compute node):
  module load python/miniforge3_pytorch/2.11.0
  conda activate base
  python -c "import torch; print(torch.cuda.is_available())"

CUDA extensions: CUDA_HOME, nvcc, and CMAKE_PREFIX_PATH come from the
auto-loaded cuda/13.1.1 module.

A conda environment has been detected
CONDA_PREFIX=/sw/user/python/miniforge3-pytorch-2.5.0 
Consider running 'conda deactivate' before loading this module.
CUDA Toolkit 13.1.1 loaded
Includes GPUDirect Storage (GDS) libraries
Requires NVIDIA driver 590+
Using gcc-native/14 (default in Cray PE 25.09)
host: gh088.hsn.cm.delta.internal.ncsa.edu   started: Wed Sep  9 11:04:55 AM CDT 2026
name, memory.total [MiB], driver_version
NVIDIA GH200 120GB, 97871 MiB, 595.71.05
NVIDIA GH200 120GB, 97871 MiB, 595.71.05
NVIDIA GH200 120GB, 97871 MiB, 595.71.05
NVIDIA GH200 120GB, 97871 MiB, 595.71.05
torch 2.11.0+cu130 cuda True
triton 3.5.1

heads 2 expand_v 1
smatgdn_d3_hd16_h2_sig_cread_m2blk heads 2 r 16 p 16 params total 273968 mixer 5848 gdn-only 5652
T=64 finite True tau.grad True
T=128 finite True tau.grad True
T=256 finite True tau.grad True
lambda->0 equals fla GDN forward: 0.0
SMOKE OK
triton 3.7.1
GPU 0: NVIDIA GH200 120GB (UUID: GPU-1c415fcc-ec26-022a-0292-bdcb7335959b)
GPU 1: NVIDIA GH200 120GB (UUID: GPU-5aef588e-f18a-6472-2511-c7c868a67dfe)
GPU 2: NVIDIA GH200 120GB (UUID: GPU-5dd90272-ae0e-de85-6840-753cadff16dd)
GPU 3: NVIDIA GH200 120GB (UUID: GPU-2cd76649-e421-3624-cdc1-bb690c9684fd)
launched 15 runs over 4 GPUs: Wed Sep  9 11:06:21 AM CDT 2026
done: Wed Sep  9 11:25:25 AM CDT 2026
