    early_stopping_metric='valid/accuracy',
    early_stopping_threshold=0.99,
    run_id='smatgdn_d1_hd16_h1_sig_cread_m2blk_s3-dm16-lr1.0e-02'
valid/loss=4.87, valid/accuracy=0.312, valid/num_kv_pairs/accuracy-4=0.699, valid/num_kv_pairs/accuracy-8=0.505, valid/num_kv_pairs/accuracy-16=0.26, valid/num_kv_pairs/accuracy-32=0.0764, valid/num_kv_pairs/accuracy-64=0.0201
valid/loss=4.74, valid/accuracy=0.313, valid/num_kv_pairs/accuracy-4=0.683, valid/num_kv_pairs/accuracy-8=0.503, valid/num_kv_pairs/accuracy-16=0.269, valid/num_kv_pairs/accuracy-32=0.0866, valid/num_kv_pairs/accuracy-64=0.0218
valid/loss=4.5, valid/accuracy=0.409, valid/num_kv_pairs/accuracy-4=0.851, valid/num_kv_pairs/accuracy-8=0.686, valid/num_kv_pairs/accuracy-16=0.371, valid/num_kv_pairs/accuracy-32=0.115, valid/num_kv_pairs/accuracy-64=0.0248
valid/loss=4.61, valid/accuracy=0.397, valid/num_kv_pairs/accuracy-4=0.835, valid/num_kv_pairs/accuracy-8=0.656, valid/num_kv_pairs/accuracy-16=0.361, valid/num_kv_pairs/accuracy-32=0.111, valid/num_kv_pairs/accuracy-64=0.0247
valid/loss=4.67, valid/accuracy=0.454, valid/num_kv_pairs/accuracy-4=0.875, valid/num_kv_pairs/accuracy-8=0.782, valid/num_kv_pairs/accuracy-16=0.467, valid/num_kv_pairs/accuracy-32=0.123, valid/num_kv_pairs/accuracy-64=0.0252
valid/loss=4.38, valid/accuracy=0.504, valid/num_kv_pairs/accuracy-4=0.975, valid/num_kv_pairs/accuracy-8=0.86, valid/num_kv_pairs/accuracy-16=0.521, valid/num_kv_pairs/accuracy-32=0.135, valid/num_kv_pairs/accuracy-64=0.028
valid/loss=4.25, valid/accuracy=0.49, valid/num_kv_pairs/accuracy-4=0.96, valid/num_kv_pairs/accuracy-8=0.839, valid/num_kv_pairs/accuracy-16=0.488, valid/num_kv_pairs/accuracy-32=0.133, valid/num_kv_pairs/accuracy-64=0.0288
valid/loss=4.21, valid/accuracy=0.483, valid/num_kv_pairs/accuracy-4=0.928, valid/num_kv_pairs/accuracy-8=0.812, valid/num_kv_pairs/accuracy-16=0.504, valid/num_kv_pairs/accuracy-32=0.141, valid/num_kv_pairs/accuracy-64=0.03
valid/loss=4.11, valid/accuracy=0.46, valid/num_kv_pairs/accuracy-4=0.917, valid/num_kv_pairs/accuracy-8=0.764, valid/num_kv_pairs/accuracy-16=0.451, valid/num_kv_pairs/accuracy-32=0.136, valid/num_kv_pairs/accuracy-64=0.0308
valid/loss=4.05, valid/accuracy=0.439, valid/num_kv_pairs/accuracy-4=0.87, valid/num_kv_pairs/accuracy-8=0.734, valid/num_kv_pairs/accuracy-16=0.426, valid/num_kv_pairs/accuracy-32=0.134, valid/num_kv_pairs/accuracy-64=0.0309
valid/loss=4.01, valid/accuracy=0.422, valid/num_kv_pairs/accuracy-4=0.86, valid/num_kv_pairs/accuracy-8=0.695, valid/num_kv_pairs/accuracy-16=0.396, valid/num_kv_pairs/accuracy-32=0.128, valid/num_kv_pairs/accuracy-64=0.0318
valid/loss=3.96, valid/accuracy=0.42, valid/num_kv_pairs/accuracy-4=0.857, valid/num_kv_pairs/accuracy-8=0.685, valid/num_kv_pairs/accuracy-16=0.395, valid/num_kv_pairs/accuracy-32=0.132, valid/num_kv_pairs/accuracy-64=0.0329
valid/loss=3.93, valid/accuracy=0.419, valid/num_kv_pairs/accuracy-4=0.853, valid/num_kv_pairs/accuracy-8=0.684, valid/num_kv_pairs/accuracy-16=0.394, valid/num_kv_pairs/accuracy-32=0.132, valid/num_kv_pairs/accuracy-64=0.0333
valid/loss=4, valid/accuracy=0.404, valid/num_kv_pairs/accuracy-4=0.841, valid/num_kv_pairs/accuracy-8=0.651, valid/num_kv_pairs/accuracy-16=0.369, valid/num_kv_pairs/accuracy-32=0.129, valid/num_kv_pairs/accuracy-64=0.0321
valid/loss=3.84, valid/accuracy=0.412, valid/num_kv_pairs/accuracy-4=0.838, valid/num_kv_pairs/accuracy-8=0.672, valid/num_kv_pairs/accuracy-16=0.384, valid/num_kv_pairs/accuracy-32=0.133, valid/num_kv_pairs/accuracy-64=0.0343
valid/loss=3.76, valid/accuracy=0.409, valid/num_kv_pairs/accuracy-4=0.843, valid/num_kv_pairs/accuracy-8=0.662, valid/num_kv_pairs/accuracy-16=0.377, valid/num_kv_pairs/accuracy-32=0.128, valid/num_kv_pairs/accuracy-64=0.0337
valid/loss=3.75, valid/accuracy=0.408, valid/num_kv_pairs/accuracy-4=0.843, valid/num_kv_pairs/accuracy-8=0.658, valid/num_kv_pairs/accuracy-16=0.375, valid/num_kv_pairs/accuracy-32=0.131, valid/num_kv_pairs/accuracy-64=0.0323
valid/loss=3.7, valid/accuracy=0.417, valid/num_kv_pairs/accuracy-4=0.851, valid/num_kv_pairs/accuracy-8=0.679, valid/num_kv_pairs/accuracy-16=0.385, valid/num_kv_pairs/accuracy-32=0.137, valid/num_kv_pairs/accuracy-64=0.0345
valid/loss=3.64, valid/accuracy=0.425, valid/num_kv_pairs/accuracy-4=0.87, valid/num_kv_pairs/accuracy-8=0.697, valid/num_kv_pairs/accuracy-16=0.392, valid/num_kv_pairs/accuracy-32=0.132, valid/num_kv_pairs/accuracy-64=0.0325
valid/loss=3.59, valid/accuracy=0.449, valid/num_kv_pairs/accuracy-4=0.904, valid/num_kv_pairs/accuracy-8=0.744, valid/num_kv_pairs/accuracy-16=0.426, valid/num_kv_pairs/accuracy-32=0.138, valid/num_kv_pairs/accuracy-64=0.0318
valid/loss=3.53, valid/accuracy=0.452, valid/num_kv_pairs/accuracy-4=0.916, valid/num_kv_pairs/accuracy-8=0.75, valid/num_kv_pairs/accuracy-16=0.428, valid/num_kv_pairs/accuracy-32=0.137, valid/num_kv_pairs/accuracy-64=0.0318
valid/loss=3.51, valid/accuracy=0.469, valid/num_kv_pairs/accuracy-4=0.926, valid/num_kv_pairs/accuracy-8=0.783, valid/num_kv_pairs/accuracy-16=0.465, valid/num_kv_pairs/accuracy-32=0.14, valid/num_kv_pairs/accuracy-64=0.0318
valid/loss=3.41, valid/accuracy=0.481, valid/num_kv_pairs/accuracy-4=0.945, valid/num_kv_pairs/accuracy-8=0.815, valid/num_kv_pairs/accuracy-16=0.475, valid/num_kv_pairs/accuracy-32=0.14, valid/num_kv_pairs/accuracy-64=0.0308
valid/loss=3.43, valid/accuracy=0.495, valid/num_kv_pairs/accuracy-4=0.961, valid/num_kv_pairs/accuracy-8=0.843, valid/num_kv_pairs/accuracy-16=0.5, valid/num_kv_pairs/accuracy-32=0.14, valid/num_kv_pairs/accuracy-64=0.0295
valid/loss=3.4, valid/accuracy=0.506, valid/num_kv_pairs/accuracy-4=0.965, valid/num_kv_pairs/accuracy-8=0.862, valid/num_kv_pairs/accuracy-16=0.534, valid/num_kv_pairs/accuracy-32=0.141, valid/num_kv_pairs/accuracy-64=0.0279
valid/loss=3.35, valid/accuracy=0.513, valid/num_kv_pairs/accuracy-4=0.968, valid/num_kv_pairs/accuracy-8=0.875, valid/num_kv_pairs/accuracy-16=0.556, valid/num_kv_pairs/accuracy-32=0.141, valid/num_kv_pairs/accuracy-64=0.026
valid/loss=3.22, valid/accuracy=0.523, valid/num_kv_pairs/accuracy-4=0.975, valid/num_kv_pairs/accuracy-8=0.896, valid/num_kv_pairs/accuracy-16=0.581, valid/num_kv_pairs/accuracy-32=0.139, valid/num_kv_pairs/accuracy-64=0.0245
valid/loss=3.08, valid/accuracy=0.53, valid/num_kv_pairs/accuracy-4=0.981, valid/num_kv_pairs/accuracy-8=0.907, valid/num_kv_pairs/accuracy-16=0.599, valid/num_kv_pairs/accuracy-32=0.137, valid/num_kv_pairs/accuracy-64=0.0242
valid/loss=2.94, valid/accuracy=0.555, valid/num_kv_pairs/accuracy-4=0.995, valid/num_kv_pairs/accuracy-8=0.951, valid/num_kv_pairs/accuracy-16=0.659, valid/num_kv_pairs/accuracy-32=0.147, valid/num_kv_pairs/accuracy-64=0.0243
valid/loss=2.88, valid/accuracy=0.552, valid/num_kv_pairs/accuracy-4=0.993, valid/num_kv_pairs/accuracy-8=0.945, valid/num_kv_pairs/accuracy-16=0.654, valid/num_kv_pairs/accuracy-32=0.145, valid/num_kv_pairs/accuracy-64=0.0239
valid/loss=2.77, valid/accuracy=0.562, valid/num_kv_pairs/accuracy-4=0.997, valid/num_kv_pairs/accuracy-8=0.965, valid/num_kv_pairs/accuracy-16=0.677, valid/num_kv_pairs/accuracy-32=0.147, valid/num_kv_pairs/accuracy-64=0.0238
valid/loss=2.69, valid/accuracy=0.568, valid/num_kv_pairs/accuracy-4=0.998, valid/num_kv_pairs/accuracy-8=0.976, valid/num_kv_pairs/accuracy-16=0.695, valid/num_kv_pairs/accuracy-32=0.146, valid/num_kv_pairs/accuracy-64=0.024
