    early_stopping_metric='valid/accuracy',
    early_stopping_threshold=0.99,
    run_id='smatgdn_d2_hd16_sig_cread_m2blk_s2-dm32-lr1.0e-02'
valid/loss=8.18, valid/accuracy=0.00121, valid/num_kv_pairs/accuracy-4=0.00275, valid/num_kv_pairs/accuracy-8=0.000875, valid/num_kv_pairs/accuracy-16=0.00106, valid/num_kv_pairs/accuracy-32=0.000594, valid/num_kv_pairs/accuracy-64=0.000766
valid/loss=7.67, valid/accuracy=0.0191, valid/num_kv_pairs/accuracy-4=0.0578, valid/num_kv_pairs/accuracy-8=0.0181, valid/num_kv_pairs/accuracy-16=0.0111, valid/num_kv_pairs/accuracy-32=0.00616, valid/num_kv_pairs/accuracy-64=0.00256
valid/loss=0.617, valid/accuracy=0.883, valid/num_kv_pairs/accuracy-4=0.999, valid/num_kv_pairs/accuracy-8=0.994, valid/num_kv_pairs/accuracy-16=0.987, valid/num_kv_pairs/accuracy-32=0.899, valid/num_kv_pairs/accuracy-64=0.538
valid/loss=0.43, valid/accuracy=0.916, valid/num_kv_pairs/accuracy-4=1, valid/num_kv_pairs/accuracy-8=0.997, valid/num_kv_pairs/accuracy-16=0.994, valid/num_kv_pairs/accuracy-32=0.94, valid/num_kv_pairs/accuracy-64=0.647
valid/loss=0.358, valid/accuracy=0.928, valid/num_kv_pairs/accuracy-4=0.999, valid/num_kv_pairs/accuracy-8=0.997, valid/num_kv_pairs/accuracy-16=0.994, valid/num_kv_pairs/accuracy-32=0.957, valid/num_kv_pairs/accuracy-64=0.691
valid/loss=0.341, valid/accuracy=0.931, valid/num_kv_pairs/accuracy-4=0.998, valid/num_kv_pairs/accuracy-8=0.995, valid/num_kv_pairs/accuracy-16=0.996, valid/num_kv_pairs/accuracy-32=0.96, valid/num_kv_pairs/accuracy-64=0.705
valid/loss=0.329, valid/accuracy=0.932, valid/num_kv_pairs/accuracy-4=0.998, valid/num_kv_pairs/accuracy-8=0.997, valid/num_kv_pairs/accuracy-16=0.997, valid/num_kv_pairs/accuracy-32=0.959, valid/num_kv_pairs/accuracy-64=0.709
valid/loss=0.323, valid/accuracy=0.934, valid/num_kv_pairs/accuracy-4=1, valid/num_kv_pairs/accuracy-8=0.997, valid/num_kv_pairs/accuracy-16=0.997, valid/num_kv_pairs/accuracy-32=0.959, valid/num_kv_pairs/accuracy-64=0.717
valid/loss=0.315, valid/accuracy=0.935, valid/num_kv_pairs/accuracy-4=1, valid/num_kv_pairs/accuracy-8=0.997, valid/num_kv_pairs/accuracy-16=0.997, valid/num_kv_pairs/accuracy-32=0.962, valid/num_kv_pairs/accuracy-64=0.72
valid/loss=0.309, valid/accuracy=0.936, valid/num_kv_pairs/accuracy-4=0.999, valid/num_kv_pairs/accuracy-8=0.997, valid/num_kv_pairs/accuracy-16=0.996, valid/num_kv_pairs/accuracy-32=0.963, valid/num_kv_pairs/accuracy-64=0.724
valid/loss=0.307, valid/accuracy=0.936, valid/num_kv_pairs/accuracy-4=1, valid/num_kv_pairs/accuracy-8=0.997, valid/num_kv_pairs/accuracy-16=0.997, valid/num_kv_pairs/accuracy-32=0.963, valid/num_kv_pairs/accuracy-64=0.725
valid/loss=0.309, valid/accuracy=0.937, valid/num_kv_pairs/accuracy-4=1, valid/num_kv_pairs/accuracy-8=0.998, valid/num_kv_pairs/accuracy-16=0.996, valid/num_kv_pairs/accuracy-32=0.962, valid/num_kv_pairs/accuracy-64=0.73
valid/loss=0.306, valid/accuracy=0.937, valid/num_kv_pairs/accuracy-4=1, valid/num_kv_pairs/accuracy-8=0.997, valid/num_kv_pairs/accuracy-16=0.996, valid/num_kv_pairs/accuracy-32=0.965, valid/num_kv_pairs/accuracy-64=0.725
valid/loss=0.306, valid/accuracy=0.937, valid/num_kv_pairs/accuracy-4=1, valid/num_kv_pairs/accuracy-8=0.998, valid/num_kv_pairs/accuracy-16=0.997, valid/num_kv_pairs/accuracy-32=0.965, valid/num_kv_pairs/accuracy-64=0.727
valid/loss=0.295, valid/accuracy=0.938, valid/num_kv_pairs/accuracy-4=1, valid/num_kv_pairs/accuracy-8=0.999, valid/num_kv_pairs/accuracy-16=0.997, valid/num_kv_pairs/accuracy-32=0.965, valid/num_kv_pairs/accuracy-64=0.73
valid/loss=0.301, valid/accuracy=0.938, valid/num_kv_pairs/accuracy-4=1, valid/num_kv_pairs/accuracy-8=0.999, valid/num_kv_pairs/accuracy-16=0.998, valid/num_kv_pairs/accuracy-32=0.963, valid/num_kv_pairs/accuracy-64=0.729
valid/loss=0.296, valid/accuracy=0.938, valid/num_kv_pairs/accuracy-4=0.999, valid/num_kv_pairs/accuracy-8=0.998, valid/num_kv_pairs/accuracy-16=0.997, valid/num_kv_pairs/accuracy-32=0.965, valid/num_kv_pairs/accuracy-64=0.731
valid/loss=0.293, valid/accuracy=0.939, valid/num_kv_pairs/accuracy-4=1, valid/num_kv_pairs/accuracy-8=0.998, valid/num_kv_pairs/accuracy-16=0.998, valid/num_kv_pairs/accuracy-32=0.967, valid/num_kv_pairs/accuracy-64=0.734
valid/loss=0.289, valid/accuracy=0.94, valid/num_kv_pairs/accuracy-4=1, valid/num_kv_pairs/accuracy-8=0.998, valid/num_kv_pairs/accuracy-16=0.998, valid/num_kv_pairs/accuracy-32=0.968, valid/num_kv_pairs/accuracy-64=0.736
valid/loss=0.287, valid/accuracy=0.94, valid/num_kv_pairs/accuracy-4=1, valid/num_kv_pairs/accuracy-8=0.999, valid/num_kv_pairs/accuracy-16=0.998, valid/num_kv_pairs/accuracy-32=0.967, valid/num_kv_pairs/accuracy-64=0.738
valid/loss=0.281, valid/accuracy=0.942, valid/num_kv_pairs/accuracy-4=1, valid/num_kv_pairs/accuracy-8=0.998, valid/num_kv_pairs/accuracy-16=0.998, valid/num_kv_pairs/accuracy-32=0.969, valid/num_kv_pairs/accuracy-64=0.744
valid/loss=0.278, valid/accuracy=0.942, valid/num_kv_pairs/accuracy-4=1, valid/num_kv_pairs/accuracy-8=0.998, valid/num_kv_pairs/accuracy-16=0.999, valid/num_kv_pairs/accuracy-32=0.971, valid/num_kv_pairs/accuracy-64=0.743
valid/loss=0.274, valid/accuracy=0.944, valid/num_kv_pairs/accuracy-4=1, valid/num_kv_pairs/accuracy-8=0.999, valid/num_kv_pairs/accuracy-16=0.999, valid/num_kv_pairs/accuracy-32=0.972, valid/num_kv_pairs/accuracy-64=0.748
valid/loss=0.27, valid/accuracy=0.944, valid/num_kv_pairs/accuracy-4=1, valid/num_kv_pairs/accuracy-8=0.999, valid/num_kv_pairs/accuracy-16=0.998, valid/num_kv_pairs/accuracy-32=0.973, valid/num_kv_pairs/accuracy-64=0.749
valid/loss=0.266, valid/accuracy=0.945, valid/num_kv_pairs/accuracy-4=1, valid/num_kv_pairs/accuracy-8=0.999, valid/num_kv_pairs/accuracy-16=0.999, valid/num_kv_pairs/accuracy-32=0.974, valid/num_kv_pairs/accuracy-64=0.753
valid/loss=0.262, valid/accuracy=0.946, valid/num_kv_pairs/accuracy-4=1, valid/num_kv_pairs/accuracy-8=0.999, valid/num_kv_pairs/accuracy-16=0.999, valid/num_kv_pairs/accuracy-32=0.974, valid/num_kv_pairs/accuracy-64=0.756
valid/loss=0.26, valid/accuracy=0.947, valid/num_kv_pairs/accuracy-4=1, valid/num_kv_pairs/accuracy-8=0.999, valid/num_kv_pairs/accuracy-16=0.999, valid/num_kv_pairs/accuracy-32=0.975, valid/num_kv_pairs/accuracy-64=0.76
valid/loss=0.256, valid/accuracy=0.947, valid/num_kv_pairs/accuracy-4=1, valid/num_kv_pairs/accuracy-8=0.999, valid/num_kv_pairs/accuracy-16=0.999, valid/num_kv_pairs/accuracy-32=0.975, valid/num_kv_pairs/accuracy-64=0.761
valid/loss=0.254, valid/accuracy=0.947, valid/num_kv_pairs/accuracy-4=1, valid/num_kv_pairs/accuracy-8=0.999, valid/num_kv_pairs/accuracy-16=0.999, valid/num_kv_pairs/accuracy-32=0.975, valid/num_kv_pairs/accuracy-64=0.764
valid/loss=0.251, valid/accuracy=0.948, valid/num_kv_pairs/accuracy-4=1, valid/num_kv_pairs/accuracy-8=0.999, valid/num_kv_pairs/accuracy-16=0.999, valid/num_kv_pairs/accuracy-32=0.976, valid/num_kv_pairs/accuracy-64=0.766
valid/loss=0.25, valid/accuracy=0.948, valid/num_kv_pairs/accuracy-4=1, valid/num_kv_pairs/accuracy-8=0.999, valid/num_kv_pairs/accuracy-16=0.999, valid/num_kv_pairs/accuracy-32=0.977, valid/num_kv_pairs/accuracy-64=0.766
valid/loss=0.249, valid/accuracy=0.948, valid/num_kv_pairs/accuracy-4=1, valid/num_kv_pairs/accuracy-8=0.999, valid/num_kv_pairs/accuracy-16=0.999, valid/num_kv_pairs/accuracy-32=0.978, valid/num_kv_pairs/accuracy-64=0.765
