    early_stopping_metric='valid/accuracy',
    early_stopping_threshold=0.99,
    run_id='smatgdn_d1_hd16_sig_cread_m2blk-dm16-lr1.0e-02'
valid/loss=5.7, valid/accuracy=0.262, valid/num_kv_pairs/accuracy-4=0.608, valid/num_kv_pairs/accuracy-8=0.441, valid/num_kv_pairs/accuracy-16=0.192, valid/num_kv_pairs/accuracy-32=0.0572, valid/num_kv_pairs/accuracy-64=0.0145
valid/loss=4.85, valid/accuracy=0.343, valid/num_kv_pairs/accuracy-4=0.664, valid/num_kv_pairs/accuracy-8=0.568, valid/num_kv_pairs/accuracy-16=0.335, valid/num_kv_pairs/accuracy-32=0.118, valid/num_kv_pairs/accuracy-64=0.031
valid/loss=4.59, valid/accuracy=0.352, valid/num_kv_pairs/accuracy-4=0.721, valid/num_kv_pairs/accuracy-8=0.581, valid/num_kv_pairs/accuracy-16=0.31, valid/num_kv_pairs/accuracy-32=0.116, valid/num_kv_pairs/accuracy-64=0.0317
valid/loss=4.39, valid/accuracy=0.372, valid/num_kv_pairs/accuracy-4=0.694, valid/num_kv_pairs/accuracy-8=0.628, valid/num_kv_pairs/accuracy-16=0.375, valid/num_kv_pairs/accuracy-32=0.127, valid/num_kv_pairs/accuracy-64=0.0357
valid/loss=4.15, valid/accuracy=0.436, valid/num_kv_pairs/accuracy-4=0.819, valid/num_kv_pairs/accuracy-8=0.745, valid/num_kv_pairs/accuracy-16=0.444, valid/num_kv_pairs/accuracy-32=0.139, valid/num_kv_pairs/accuracy-64=0.0354
valid/loss=4.04, valid/accuracy=0.426, valid/num_kv_pairs/accuracy-4=0.809, valid/num_kv_pairs/accuracy-8=0.702, valid/num_kv_pairs/accuracy-16=0.433, valid/num_kv_pairs/accuracy-32=0.149, valid/num_kv_pairs/accuracy-64=0.0376
valid/loss=3.29, valid/accuracy=0.585, valid/num_kv_pairs/accuracy-4=0.858, valid/num_kv_pairs/accuracy-8=0.881, valid/num_kv_pairs/accuracy-16=0.729, valid/num_kv_pairs/accuracy-32=0.358, valid/num_kv_pairs/accuracy-64=0.101
valid/loss=2.72, valid/accuracy=0.638, valid/num_kv_pairs/accuracy-4=0.904, valid/num_kv_pairs/accuracy-8=0.924, valid/num_kv_pairs/accuracy-16=0.808, valid/num_kv_pairs/accuracy-32=0.443, valid/num_kv_pairs/accuracy-64=0.109
valid/loss=2.51, valid/accuracy=0.66, valid/num_kv_pairs/accuracy-4=0.902, valid/num_kv_pairs/accuracy-8=0.919, valid/num_kv_pairs/accuracy-16=0.849, valid/num_kv_pairs/accuracy-32=0.506, valid/num_kv_pairs/accuracy-64=0.125
valid/loss=2.3, valid/accuracy=0.683, valid/num_kv_pairs/accuracy-4=0.926, valid/num_kv_pairs/accuracy-8=0.947, valid/num_kv_pairs/accuracy-16=0.865, valid/num_kv_pairs/accuracy-32=0.54, valid/num_kv_pairs/accuracy-64=0.136
valid/loss=2.4, valid/accuracy=0.67, valid/num_kv_pairs/accuracy-4=0.9, valid/num_kv_pairs/accuracy-8=0.921, valid/num_kv_pairs/accuracy-16=0.854, valid/num_kv_pairs/accuracy-32=0.541, valid/num_kv_pairs/accuracy-64=0.136
valid/loss=2.28, valid/accuracy=0.678, valid/num_kv_pairs/accuracy-4=0.907, valid/num_kv_pairs/accuracy-8=0.934, valid/num_kv_pairs/accuracy-16=0.866, valid/num_kv_pairs/accuracy-32=0.544, valid/num_kv_pairs/accuracy-64=0.137
valid/loss=2.28, valid/accuracy=0.677, valid/num_kv_pairs/accuracy-4=0.904, valid/num_kv_pairs/accuracy-8=0.938, valid/num_kv_pairs/accuracy-16=0.873, valid/num_kv_pairs/accuracy-32=0.537, valid/num_kv_pairs/accuracy-64=0.132
valid/loss=2.19, valid/accuracy=0.687, valid/num_kv_pairs/accuracy-4=0.94, valid/num_kv_pairs/accuracy-8=0.955, valid/num_kv_pairs/accuracy-16=0.875, valid/num_kv_pairs/accuracy-32=0.53, valid/num_kv_pairs/accuracy-64=0.137
valid/loss=2.14, valid/accuracy=0.691, valid/num_kv_pairs/accuracy-4=0.934, valid/num_kv_pairs/accuracy-8=0.958, valid/num_kv_pairs/accuracy-16=0.878, valid/num_kv_pairs/accuracy-32=0.546, valid/num_kv_pairs/accuracy-64=0.138
valid/loss=2.09, valid/accuracy=0.694, valid/num_kv_pairs/accuracy-4=0.946, valid/num_kv_pairs/accuracy-8=0.966, valid/num_kv_pairs/accuracy-16=0.879, valid/num_kv_pairs/accuracy-32=0.54, valid/num_kv_pairs/accuracy-64=0.138
valid/loss=2.07, valid/accuracy=0.694, valid/num_kv_pairs/accuracy-4=0.947, valid/num_kv_pairs/accuracy-8=0.965, valid/num_kv_pairs/accuracy-16=0.871, valid/num_kv_pairs/accuracy-32=0.545, valid/num_kv_pairs/accuracy-64=0.141
valid/loss=2.06, valid/accuracy=0.696, valid/num_kv_pairs/accuracy-4=0.946, valid/num_kv_pairs/accuracy-8=0.966, valid/num_kv_pairs/accuracy-16=0.877, valid/num_kv_pairs/accuracy-32=0.548, valid/num_kv_pairs/accuracy-64=0.145
valid/loss=2.05, valid/accuracy=0.695, valid/num_kv_pairs/accuracy-4=0.939, valid/num_kv_pairs/accuracy-8=0.962, valid/num_kv_pairs/accuracy-16=0.879, valid/num_kv_pairs/accuracy-32=0.551, valid/num_kv_pairs/accuracy-64=0.146
valid/loss=2.01, valid/accuracy=0.7, valid/num_kv_pairs/accuracy-4=0.946, valid/num_kv_pairs/accuracy-8=0.969, valid/num_kv_pairs/accuracy-16=0.882, valid/num_kv_pairs/accuracy-32=0.555, valid/num_kv_pairs/accuracy-64=0.15
valid/loss=1.96, valid/accuracy=0.703, valid/num_kv_pairs/accuracy-4=0.952, valid/num_kv_pairs/accuracy-8=0.972, valid/num_kv_pairs/accuracy-16=0.884, valid/num_kv_pairs/accuracy-32=0.556, valid/num_kv_pairs/accuracy-64=0.148
valid/loss=1.97, valid/accuracy=0.703, valid/num_kv_pairs/accuracy-4=0.946, valid/num_kv_pairs/accuracy-8=0.974, valid/num_kv_pairs/accuracy-16=0.886, valid/num_kv_pairs/accuracy-32=0.56, valid/num_kv_pairs/accuracy-64=0.147
Valid Epoch 22/32:   0%|          | 0/160 [00:00<?, ?it/s, acc=-, loss=-]Valid Epoch 22/32:   8%|▊         | 12/160 [00:00<00:01, 110.14it/s, acc=-, loss=-]Valid Epoch 22/32:  15%|█▌        | 24/160 [00:00<00:01, 110.62it/s, acc=-, loss=-]Valid Epoch 22/32:  22%|██▎       | 36/160 [00:00<00:01, 111.92it/s, acc=-, loss=-]Valid Epoch 22/32:  30%|███       | 48/160 [00:00<00:01, 103.01it/s, acc=-, loss=-]Valid Epoch 22/32:  37%|███▋      | 59/160 [00:00<00:01, 96.25it/s, acc=-, loss=-] Valid Epoch 22/32:  43%|████▎     | 69/160 [00:00<00:00, 93.83it/s, acc=-, loss=-]Valid Epoch 22/32:  49%|████▉     | 79/160 [00:00<00:00, 91.07it/s, acc=-, loss=-]Valid Epoch 22/32:  56%|█████▋    | 90/160 [00:00<00:00, 94.10it/s, acc=-, loss=-]Valid Epoch 22/32:  63%|██████▎   | 101/160 [00:01<00:00, 97.40it/s, acc=-, loss=-]Valid Epoch 22/32:  69%|██████▉   | 111/160 [00:01<00:00, 96.16it/s, acc=-, loss=-]Valid Epoch 22/32:  76%|███████▋  | 122/160 [00:01<00:00, 98.49it/s, acc=-, loss=-]Valid Epoch 22/32:  83%|████████▎ | 133/160 [00:01<00:00, 100.87it/s, acc=-, loss=-]Valid Epoch 22/32:  90%|█████████ | 144/160 [00:01<00:00, 102.31it/s, acc=-, loss=-]Valid Epoch 22/32:  97%|█████████▋| 155/160 [00:01<00:00, 102.83it/s, acc=-, loss=-]Valid Epoch 22/32: 100%|██████████| 160/160 [00:01<00:00, 102.83it/s, valid/loss=1.96, valid/accuracy=0.704, valid/num_kv_pairs/accuracy-4=0.949, valid/num_kv_pairs/accuracy-8=0.974, valid/num_kv_pairs/accuracy-16=0.891, valid/num_kv_pairs/accuracy-32=0.56, valid/num_kv_pairs/accuracy-64=0.145]Valid Epoch 22/32: 100%|██████████| 160/160 [00:01<00:00, 99.78it/s, valid/loss=1.96, valid/accuracy=0.704, valid/num_kv_pairs/accuracy-4=0.949, valid/num_kv_pairs/accuracy-8=0.974, valid/num_kv_pairs/accuracy-16=0.891, valid/num_kv_pairs/accuracy-32=0.56, valid/num_kv_pairs/accuracy-64=0.145] 
valid/loss=1.93, valid/accuracy=0.707, valid/num_kv_pairs/accuracy-4=0.954, valid/num_kv_pairs/accuracy-8=0.975, valid/num_kv_pairs/accuracy-16=0.893, valid/num_kv_pairs/accuracy-32=0.567, valid/num_kv_pairs/accuracy-64=0.146
valid/loss=1.93, valid/accuracy=0.707, valid/num_kv_pairs/accuracy-4=0.952, valid/num_kv_pairs/accuracy-8=0.975, valid/num_kv_pairs/accuracy-16=0.894, valid/num_kv_pairs/accuracy-32=0.573, valid/num_kv_pairs/accuracy-64=0.143
valid/loss=1.91, valid/accuracy=0.709, valid/num_kv_pairs/accuracy-4=0.957, valid/num_kv_pairs/accuracy-8=0.976, valid/num_kv_pairs/accuracy-16=0.897, valid/num_kv_pairs/accuracy-32=0.574, valid/num_kv_pairs/accuracy-64=0.143
valid/loss=1.88, valid/accuracy=0.711, valid/num_kv_pairs/accuracy-4=0.961, valid/num_kv_pairs/accuracy-8=0.978, valid/num_kv_pairs/accuracy-16=0.898, valid/num_kv_pairs/accuracy-32=0.575, valid/num_kv_pairs/accuracy-64=0.142
valid/loss=1.87, valid/accuracy=0.712, valid/num_kv_pairs/accuracy-4=0.963, valid/num_kv_pairs/accuracy-8=0.979, valid/num_kv_pairs/accuracy-16=0.9, valid/num_kv_pairs/accuracy-32=0.577, valid/num_kv_pairs/accuracy-64=0.141
valid/loss=1.85, valid/accuracy=0.712, valid/num_kv_pairs/accuracy-4=0.964, valid/num_kv_pairs/accuracy-8=0.977, valid/num_kv_pairs/accuracy-16=0.901, valid/num_kv_pairs/accuracy-32=0.578, valid/num_kv_pairs/accuracy-64=0.141
valid/loss=1.84, valid/accuracy=0.713, valid/num_kv_pairs/accuracy-4=0.964, valid/num_kv_pairs/accuracy-8=0.978, valid/num_kv_pairs/accuracy-16=0.903, valid/num_kv_pairs/accuracy-32=0.581, valid/num_kv_pairs/accuracy-64=0.141
valid/loss=1.8, valid/accuracy=0.717, valid/num_kv_pairs/accuracy-4=0.965, valid/num_kv_pairs/accuracy-8=0.981, valid/num_kv_pairs/accuracy-16=0.91, valid/num_kv_pairs/accuracy-32=0.589, valid/num_kv_pairs/accuracy-64=0.141
valid/loss=1.76, valid/accuracy=0.721, valid/num_kv_pairs/accuracy-4=0.969, valid/num_kv_pairs/accuracy-8=0.983, valid/num_kv_pairs/accuracy-16=0.917, valid/num_kv_pairs/accuracy-32=0.595, valid/num_kv_pairs/accuracy-64=0.14
