    early_stopping_metric='valid/accuracy',
    early_stopping_threshold=0.99,
    run_id='smat_d3_mr3_hd16_ds16_sig_delta_cread_m2blk_s2-dm16-lr1.0e-02'
valid/loss=7.56, valid/accuracy=0.272, valid/num_kv_pairs/accuracy-4=0.0025, valid/num_kv_pairs/accuracy-8=0.00912, valid/num_kv_pairs/accuracy-16=0.127, valid/num_kv_pairs/accuracy-32=0.559, valid/num_kv_pairs/accuracy-64=0.662
valid/loss=4.77, valid/accuracy=0.527, valid/num_kv_pairs/accuracy-4=0.319, valid/num_kv_pairs/accuracy-8=0.343, valid/num_kv_pairs/accuracy-16=0.61, valid/num_kv_pairs/accuracy-32=0.74, valid/num_kv_pairs/accuracy-64=0.624
valid/loss=4.81, valid/accuracy=0.587, valid/num_kv_pairs/accuracy-4=0.332, valid/num_kv_pairs/accuracy-8=0.366, valid/num_kv_pairs/accuracy-16=0.714, valid/num_kv_pairs/accuracy-32=0.81, valid/num_kv_pairs/accuracy-64=0.711
valid/loss=3.95, valid/accuracy=0.612, valid/num_kv_pairs/accuracy-4=0.336, valid/num_kv_pairs/accuracy-8=0.378, valid/num_kv_pairs/accuracy-16=0.733, valid/num_kv_pairs/accuracy-32=0.841, valid/num_kv_pairs/accuracy-64=0.77
valid/loss=4.14, valid/accuracy=0.624, valid/num_kv_pairs/accuracy-4=0.33, valid/num_kv_pairs/accuracy-8=0.382, valid/num_kv_pairs/accuracy-16=0.756, valid/num_kv_pairs/accuracy-32=0.861, valid/num_kv_pairs/accuracy-64=0.792
valid/loss=3.66, valid/accuracy=0.655, valid/num_kv_pairs/accuracy-4=0.417, valid/num_kv_pairs/accuracy-8=0.417, valid/num_kv_pairs/accuracy-16=0.761, valid/num_kv_pairs/accuracy-32=0.87, valid/num_kv_pairs/accuracy-64=0.808
valid/loss=2.92, valid/accuracy=0.68, valid/num_kv_pairs/accuracy-4=0.529, valid/num_kv_pairs/accuracy-8=0.449, valid/num_kv_pairs/accuracy-16=0.749, valid/num_kv_pairs/accuracy-32=0.863, valid/num_kv_pairs/accuracy-64=0.808
valid/loss=2.63, valid/accuracy=0.704, valid/num_kv_pairs/accuracy-4=0.586, valid/num_kv_pairs/accuracy-8=0.477, valid/num_kv_pairs/accuracy-16=0.764, valid/num_kv_pairs/accuracy-32=0.875, valid/num_kv_pairs/accuracy-64=0.815
valid/loss=2.25, valid/accuracy=0.735, valid/num_kv_pairs/accuracy-4=0.668, valid/num_kv_pairs/accuracy-8=0.523, valid/num_kv_pairs/accuracy-16=0.776, valid/num_kv_pairs/accuracy-32=0.883, valid/num_kv_pairs/accuracy-64=0.825
valid/loss=2.19, valid/accuracy=0.742, valid/num_kv_pairs/accuracy-4=0.68, valid/num_kv_pairs/accuracy-8=0.541, valid/num_kv_pairs/accuracy-16=0.781, valid/num_kv_pairs/accuracy-32=0.881, valid/num_kv_pairs/accuracy-64=0.827
valid/loss=1.92, valid/accuracy=0.76, valid/num_kv_pairs/accuracy-4=0.742, valid/num_kv_pairs/accuracy-8=0.566, valid/num_kv_pairs/accuracy-16=0.773, valid/num_kv_pairs/accuracy-32=0.884, valid/num_kv_pairs/accuracy-64=0.834
valid/loss=1.99, valid/accuracy=0.755, valid/num_kv_pairs/accuracy-4=0.711, valid/num_kv_pairs/accuracy-8=0.553, valid/num_kv_pairs/accuracy-16=0.779, valid/num_kv_pairs/accuracy-32=0.889, valid/num_kv_pairs/accuracy-64=0.841
valid/loss=2, valid/accuracy=0.754, valid/num_kv_pairs/accuracy-4=0.709, valid/num_kv_pairs/accuracy-8=0.545, valid/num_kv_pairs/accuracy-16=0.784, valid/num_kv_pairs/accuracy-32=0.891, valid/num_kv_pairs/accuracy-64=0.842
valid/loss=1.95, valid/accuracy=0.758, valid/num_kv_pairs/accuracy-4=0.724, valid/num_kv_pairs/accuracy-8=0.548, valid/num_kv_pairs/accuracy-16=0.784, valid/num_kv_pairs/accuracy-32=0.891, valid/num_kv_pairs/accuracy-64=0.843
valid/loss=1.93, valid/accuracy=0.764, valid/num_kv_pairs/accuracy-4=0.728, valid/num_kv_pairs/accuracy-8=0.557, valid/num_kv_pairs/accuracy-16=0.79, valid/num_kv_pairs/accuracy-32=0.896, valid/num_kv_pairs/accuracy-64=0.847
valid/loss=1.76, valid/accuracy=0.775, valid/num_kv_pairs/accuracy-4=0.753, valid/num_kv_pairs/accuracy-8=0.594, valid/num_kv_pairs/accuracy-16=0.79, valid/num_kv_pairs/accuracy-32=0.893, valid/num_kv_pairs/accuracy-64=0.847
valid/loss=1.88, valid/accuracy=0.766, valid/num_kv_pairs/accuracy-4=0.724, valid/num_kv_pairs/accuracy-8=0.568, valid/num_kv_pairs/accuracy-16=0.794, valid/num_kv_pairs/accuracy-32=0.894, valid/num_kv_pairs/accuracy-64=0.848
valid/loss=1.77, valid/accuracy=0.777, valid/num_kv_pairs/accuracy-4=0.755, valid/num_kv_pairs/accuracy-8=0.586, valid/num_kv_pairs/accuracy-16=0.797, valid/num_kv_pairs/accuracy-32=0.898, valid/num_kv_pairs/accuracy-64=0.847
valid/loss=1.7, valid/accuracy=0.783, valid/num_kv_pairs/accuracy-4=0.776, valid/num_kv_pairs/accuracy-8=0.598, valid/num_kv_pairs/accuracy-16=0.796, valid/num_kv_pairs/accuracy-32=0.897, valid/num_kv_pairs/accuracy-64=0.848
valid/loss=1.72, valid/accuracy=0.781, valid/num_kv_pairs/accuracy-4=0.771, valid/num_kv_pairs/accuracy-8=0.591, valid/num_kv_pairs/accuracy-16=0.797, valid/num_kv_pairs/accuracy-32=0.898, valid/num_kv_pairs/accuracy-64=0.849
valid/loss=1.7, valid/accuracy=0.78, valid/num_kv_pairs/accuracy-4=0.768, valid/num_kv_pairs/accuracy-8=0.587, valid/num_kv_pairs/accuracy-16=0.798, valid/num_kv_pairs/accuracy-32=0.899, valid/num_kv_pairs/accuracy-64=0.849
valid/loss=1.71, valid/accuracy=0.78, valid/num_kv_pairs/accuracy-4=0.782, valid/num_kv_pairs/accuracy-8=0.576, valid/num_kv_pairs/accuracy-16=0.798, valid/num_kv_pairs/accuracy-32=0.897, valid/num_kv_pairs/accuracy-64=0.848
valid/loss=1.69, valid/accuracy=0.783, valid/num_kv_pairs/accuracy-4=0.787, valid/num_kv_pairs/accuracy-8=0.582, valid/num_kv_pairs/accuracy-16=0.798, valid/num_kv_pairs/accuracy-32=0.898, valid/num_kv_pairs/accuracy-64=0.847
valid/loss=1.69, valid/accuracy=0.78, valid/num_kv_pairs/accuracy-4=0.778, valid/num_kv_pairs/accuracy-8=0.578, valid/num_kv_pairs/accuracy-16=0.798, valid/num_kv_pairs/accuracy-32=0.898, valid/num_kv_pairs/accuracy-64=0.849
valid/loss=1.72, valid/accuracy=0.777, valid/num_kv_pairs/accuracy-4=0.767, valid/num_kv_pairs/accuracy-8=0.57, valid/num_kv_pairs/accuracy-16=0.798, valid/num_kv_pairs/accuracy-32=0.899, valid/num_kv_pairs/accuracy-64=0.849
valid/loss=1.68, valid/accuracy=0.779, valid/num_kv_pairs/accuracy-4=0.776, valid/num_kv_pairs/accuracy-8=0.572, valid/num_kv_pairs/accuracy-16=0.801, valid/num_kv_pairs/accuracy-32=0.899, valid/num_kv_pairs/accuracy-64=0.848
valid/loss=1.67, valid/accuracy=0.779, valid/num_kv_pairs/accuracy-4=0.773, valid/num_kv_pairs/accuracy-8=0.57, valid/num_kv_pairs/accuracy-16=0.803, valid/num_kv_pairs/accuracy-32=0.898, valid/num_kv_pairs/accuracy-64=0.849
valid/loss=1.66, valid/accuracy=0.78, valid/num_kv_pairs/accuracy-4=0.776, valid/num_kv_pairs/accuracy-8=0.573, valid/num_kv_pairs/accuracy-16=0.803, valid/num_kv_pairs/accuracy-32=0.899, valid/num_kv_pairs/accuracy-64=0.848
valid/loss=1.67, valid/accuracy=0.779, valid/num_kv_pairs/accuracy-4=0.78, valid/num_kv_pairs/accuracy-8=0.568, valid/num_kv_pairs/accuracy-16=0.804, valid/num_kv_pairs/accuracy-32=0.898, valid/num_kv_pairs/accuracy-64=0.846
valid/loss=1.59, valid/accuracy=0.788, valid/num_kv_pairs/accuracy-4=0.808, valid/num_kv_pairs/accuracy-8=0.59, valid/num_kv_pairs/accuracy-16=0.805, valid/num_kv_pairs/accuracy-32=0.895, valid/num_kv_pairs/accuracy-64=0.842
valid/loss=1.57, valid/accuracy=0.794, valid/num_kv_pairs/accuracy-4=0.828, valid/num_kv_pairs/accuracy-8=0.607, valid/num_kv_pairs/accuracy-16=0.804, valid/num_kv_pairs/accuracy-32=0.891, valid/num_kv_pairs/accuracy-64=0.838
valid/loss=1.19, valid/accuracy=0.822, valid/num_kv_pairs/accuracy-4=0.91, valid/num_kv_pairs/accuracy-8=0.71, valid/num_kv_pairs/accuracy-16=0.796, valid/num_kv_pairs/accuracy-32=0.876, valid/num_kv_pairs/accuracy-64=0.817
