    early_stopping_metric='valid/accuracy',
    early_stopping_threshold=0.99,
    run_id='smatgdn_d1_hd16_h2_sig_cread_m2blk-dm32-lr1.0e-02'
valid/loss=5.39, valid/accuracy=0.293, valid/num_kv_pairs/accuracy-4=0.674, valid/num_kv_pairs/accuracy-8=0.47, valid/num_kv_pairs/accuracy-16=0.234, valid/num_kv_pairs/accuracy-32=0.0702, valid/num_kv_pairs/accuracy-64=0.0176
valid/loss=2.08, valid/accuracy=0.65, valid/num_kv_pairs/accuracy-4=0.978, valid/num_kv_pairs/accuracy-8=0.937, valid/num_kv_pairs/accuracy-16=0.782, valid/num_kv_pairs/accuracy-32=0.429, valid/num_kv_pairs/accuracy-64=0.124
valid/loss=1.91, valid/accuracy=0.69, valid/num_kv_pairs/accuracy-4=0.985, valid/num_kv_pairs/accuracy-8=0.958, valid/num_kv_pairs/accuracy-16=0.838, valid/num_kv_pairs/accuracy-32=0.511, valid/num_kv_pairs/accuracy-64=0.158
valid/loss=1.83, valid/accuracy=0.701, valid/num_kv_pairs/accuracy-4=0.985, valid/num_kv_pairs/accuracy-8=0.96, valid/num_kv_pairs/accuracy-16=0.862, valid/num_kv_pairs/accuracy-32=0.53, valid/num_kv_pairs/accuracy-64=0.169
valid/loss=1.75, valid/accuracy=0.711, valid/num_kv_pairs/accuracy-4=0.99, valid/num_kv_pairs/accuracy-8=0.971, valid/num_kv_pairs/accuracy-16=0.869, valid/num_kv_pairs/accuracy-32=0.548, valid/num_kv_pairs/accuracy-64=0.174
valid/loss=1.74, valid/accuracy=0.713, valid/num_kv_pairs/accuracy-4=0.99, valid/num_kv_pairs/accuracy-8=0.969, valid/num_kv_pairs/accuracy-16=0.879, valid/num_kv_pairs/accuracy-32=0.553, valid/num_kv_pairs/accuracy-64=0.173
Valid Epoch 6/32:   0%|          | 0/160 [00:00<?, ?it/s, acc=-, loss=-]Valid Epoch 6/32:   5%|▌         | 8/160 [00:00<00:02, 68.15it/s, acc=-, loss=-]Valid Epoch 6/32:  10%|█         | 16/160 [00:00<00:02, 71.91it/s, acc=-, loss=-]Valid Epoch 6/32:  15%|█▌        | 24/160 [00:00<00:01, 73.16it/s, acc=-, loss=-]Valid Epoch 6/32:  20%|██        | 32/160 [00:00<00:01, 72.19it/s, acc=-, loss=-]Valid Epoch 6/32:  25%|██▌       | 40/160 [00:00<00:01, 69.30it/s, acc=-, loss=-]Valid Epoch 6/32:  29%|██▉       | 47/160 [00:00<00:01, 68.39it/s, acc=-, loss=-]Valid Epoch 6/32:  34%|███▍      | 55/160 [00:00<00:01, 70.55it/s, acc=-, loss=-]Valid Epoch 6/32:  39%|███▉      | 63/160 [00:00<00:01, 68.82it/s, acc=-, loss=-]Valid Epoch 6/32:  45%|████▌     | 72/160 [00:01<00:01, 74.30it/s, acc=-, loss=-]Valid Epoch 6/32:  52%|█████▎    | 84/160 [00:01<00:00, 87.12it/s, acc=-, loss=-]Valid Epoch 6/32:  61%|██████    | 97/160 [00:01<00:00, 98.15it/s, acc=-, loss=-]Valid Epoch 6/32:  68%|██████▊   | 109/160 [00:01<00:00, 102.87it/s, acc=-, loss=-]Valid Epoch 6/32:  76%|███████▌  | 121/160 [00:01<00:00, 107.10it/s, acc=-, loss=-]Valid Epoch 6/32:  83%|████████▎ | 133/160 [00:01<00:00, 110.49it/s, acc=-, loss=-]Valid Epoch 6/32:  91%|█████████ | 145/160 [00:01<00:00, 111.21it/s, acc=-, loss=-]Valid Epoch 6/32:  98%|█████████▊| 157/160 [00:01<00:00, 112.18it/s, acc=-, loss=-]Valid Epoch 6/32: 100%|██████████| 160/160 [00:01<00:00, 112.18it/s, valid/loss=1.72, valid/accuracy=0.714, valid/num_kv_pairs/accuracy-4=0.984, valid/num_kv_pairs/accuracy-8=0.969, valid/num_kv_pairs/accuracy-16=0.878, valid/num_kv_pairs/accuracy-32=0.559, valid/num_kv_pairs/accuracy-64=0.179]Valid Epoch 6/32: 100%|██████████| 160/160 [00:01<00:00, 90.83it/s, valid/loss=1.72, valid/accuracy=0.714, valid/num_kv_pairs/accuracy-4=0.984, valid/num_kv_pairs/accuracy-8=0.969, valid/num_kv_pairs/accuracy-16=0.878, valid/num_kv_pairs/accuracy-32=0.559, valid/num_kv_pairs/accuracy-64=0.179] 
valid/loss=1.69, valid/accuracy=0.718, valid/num_kv_pairs/accuracy-4=0.985, valid/num_kv_pairs/accuracy-8=0.968, valid/num_kv_pairs/accuracy-16=0.879, valid/num_kv_pairs/accuracy-32=0.571, valid/num_kv_pairs/accuracy-64=0.185
valid/loss=1.67, valid/accuracy=0.721, valid/num_kv_pairs/accuracy-4=0.99, valid/num_kv_pairs/accuracy-8=0.97, valid/num_kv_pairs/accuracy-16=0.886, valid/num_kv_pairs/accuracy-32=0.572, valid/num_kv_pairs/accuracy-64=0.186
valid/loss=1.73, valid/accuracy=0.712, valid/num_kv_pairs/accuracy-4=0.993, valid/num_kv_pairs/accuracy-8=0.968, valid/num_kv_pairs/accuracy-16=0.872, valid/num_kv_pairs/accuracy-32=0.552, valid/num_kv_pairs/accuracy-64=0.176
valid/loss=1.72, valid/accuracy=0.714, valid/num_kv_pairs/accuracy-4=0.992, valid/num_kv_pairs/accuracy-8=0.968, valid/num_kv_pairs/accuracy-16=0.878, valid/num_kv_pairs/accuracy-32=0.554, valid/num_kv_pairs/accuracy-64=0.176
valid/loss=1.72, valid/accuracy=0.713, valid/num_kv_pairs/accuracy-4=0.99, valid/num_kv_pairs/accuracy-8=0.969, valid/num_kv_pairs/accuracy-16=0.876, valid/num_kv_pairs/accuracy-32=0.553, valid/num_kv_pairs/accuracy-64=0.177
valid/loss=1.7, valid/accuracy=0.715, valid/num_kv_pairs/accuracy-4=0.988, valid/num_kv_pairs/accuracy-8=0.974, valid/num_kv_pairs/accuracy-16=0.877, valid/num_kv_pairs/accuracy-32=0.562, valid/num_kv_pairs/accuracy-64=0.177
valid/loss=1.69, valid/accuracy=0.716, valid/num_kv_pairs/accuracy-4=0.993, valid/num_kv_pairs/accuracy-8=0.972, valid/num_kv_pairs/accuracy-16=0.881, valid/num_kv_pairs/accuracy-32=0.559, valid/num_kv_pairs/accuracy-64=0.177
valid/loss=1.67, valid/accuracy=0.716, valid/num_kv_pairs/accuracy-4=0.989, valid/num_kv_pairs/accuracy-8=0.974, valid/num_kv_pairs/accuracy-16=0.88, valid/num_kv_pairs/accuracy-32=0.561, valid/num_kv_pairs/accuracy-64=0.175
valid/loss=1.65, valid/accuracy=0.721, valid/num_kv_pairs/accuracy-4=0.99, valid/num_kv_pairs/accuracy-8=0.977, valid/num_kv_pairs/accuracy-16=0.887, valid/num_kv_pairs/accuracy-32=0.569, valid/num_kv_pairs/accuracy-64=0.18
valid/loss=1.62, valid/accuracy=0.724, valid/num_kv_pairs/accuracy-4=0.994, valid/num_kv_pairs/accuracy-8=0.978, valid/num_kv_pairs/accuracy-16=0.892, valid/num_kv_pairs/accuracy-32=0.577, valid/num_kv_pairs/accuracy-64=0.18
valid/loss=1.61, valid/accuracy=0.725, valid/num_kv_pairs/accuracy-4=0.994, valid/num_kv_pairs/accuracy-8=0.978, valid/num_kv_pairs/accuracy-16=0.895, valid/num_kv_pairs/accuracy-32=0.579, valid/num_kv_pairs/accuracy-64=0.18
valid/loss=1.61, valid/accuracy=0.724, valid/num_kv_pairs/accuracy-4=0.995, valid/num_kv_pairs/accuracy-8=0.977, valid/num_kv_pairs/accuracy-16=0.892, valid/num_kv_pairs/accuracy-32=0.577, valid/num_kv_pairs/accuracy-64=0.181
valid/loss=1.58, valid/accuracy=0.727, valid/num_kv_pairs/accuracy-4=0.994, valid/num_kv_pairs/accuracy-8=0.979, valid/num_kv_pairs/accuracy-16=0.898, valid/num_kv_pairs/accuracy-32=0.585, valid/num_kv_pairs/accuracy-64=0.182
valid/loss=1.56, valid/accuracy=0.73, valid/num_kv_pairs/accuracy-4=0.993, valid/num_kv_pairs/accuracy-8=0.979, valid/num_kv_pairs/accuracy-16=0.902, valid/num_kv_pairs/accuracy-32=0.593, valid/num_kv_pairs/accuracy-64=0.186
valid/loss=1.52, valid/accuracy=0.734, valid/num_kv_pairs/accuracy-4=0.994, valid/num_kv_pairs/accuracy-8=0.979, valid/num_kv_pairs/accuracy-16=0.904, valid/num_kv_pairs/accuracy-32=0.601, valid/num_kv_pairs/accuracy-64=0.19
valid/loss=1.5, valid/accuracy=0.737, valid/num_kv_pairs/accuracy-4=0.996, valid/num_kv_pairs/accuracy-8=0.982, valid/num_kv_pairs/accuracy-16=0.909, valid/num_kv_pairs/accuracy-32=0.606, valid/num_kv_pairs/accuracy-64=0.193
valid/loss=1.48, valid/accuracy=0.74, valid/num_kv_pairs/accuracy-4=0.996, valid/num_kv_pairs/accuracy-8=0.984, valid/num_kv_pairs/accuracy-16=0.911, valid/num_kv_pairs/accuracy-32=0.615, valid/num_kv_pairs/accuracy-64=0.196
valid/loss=1.43, valid/accuracy=0.746, valid/num_kv_pairs/accuracy-4=0.996, valid/num_kv_pairs/accuracy-8=0.984, valid/num_kv_pairs/accuracy-16=0.919, valid/num_kv_pairs/accuracy-32=0.628, valid/num_kv_pairs/accuracy-64=0.205
valid/loss=1.42, valid/accuracy=0.748, valid/num_kv_pairs/accuracy-4=0.997, valid/num_kv_pairs/accuracy-8=0.986, valid/num_kv_pairs/accuracy-16=0.921, valid/num_kv_pairs/accuracy-32=0.631, valid/num_kv_pairs/accuracy-64=0.205
valid/loss=1.4, valid/accuracy=0.749, valid/num_kv_pairs/accuracy-4=0.998, valid/num_kv_pairs/accuracy-8=0.987, valid/num_kv_pairs/accuracy-16=0.923, valid/num_kv_pairs/accuracy-32=0.633, valid/num_kv_pairs/accuracy-64=0.205
valid/loss=1.39, valid/accuracy=0.75, valid/num_kv_pairs/accuracy-4=0.998, valid/num_kv_pairs/accuracy-8=0.987, valid/num_kv_pairs/accuracy-16=0.926, valid/num_kv_pairs/accuracy-32=0.635, valid/num_kv_pairs/accuracy-64=0.206
valid/loss=1.38, valid/accuracy=0.752, valid/num_kv_pairs/accuracy-4=0.998, valid/num_kv_pairs/accuracy-8=0.989, valid/num_kv_pairs/accuracy-16=0.93, valid/num_kv_pairs/accuracy-32=0.638, valid/num_kv_pairs/accuracy-64=0.205
valid/loss=1.37, valid/accuracy=0.754, valid/num_kv_pairs/accuracy-4=0.999, valid/num_kv_pairs/accuracy-8=0.99, valid/num_kv_pairs/accuracy-16=0.932, valid/num_kv_pairs/accuracy-32=0.644, valid/num_kv_pairs/accuracy-64=0.205
valid/loss=1.36, valid/accuracy=0.755, valid/num_kv_pairs/accuracy-4=0.999, valid/num_kv_pairs/accuracy-8=0.99, valid/num_kv_pairs/accuracy-16=0.935, valid/num_kv_pairs/accuracy-32=0.646, valid/num_kv_pairs/accuracy-64=0.205
valid/loss=1.35, valid/accuracy=0.757, valid/num_kv_pairs/accuracy-4=0.999, valid/num_kv_pairs/accuracy-8=0.992, valid/num_kv_pairs/accuracy-16=0.942, valid/num_kv_pairs/accuracy-32=0.649, valid/num_kv_pairs/accuracy-64=0.203
