    early_stopping_metric='valid/accuracy',
    early_stopping_threshold=0.99,
    run_id='smatgdn_d1_hd16_sig_cread_m2blk_s1-dm32-lr1.0e-02'
valid/loss=7.22, valid/accuracy=0.0193, valid/num_kv_pairs/accuracy-4=0.0483, valid/num_kv_pairs/accuracy-8=0.0284, valid/num_kv_pairs/accuracy-16=0.0126, valid/num_kv_pairs/accuracy-32=0.00519, valid/num_kv_pairs/accuracy-64=0.0022
valid/loss=4.57, valid/accuracy=0.419, valid/num_kv_pairs/accuracy-4=0.902, valid/num_kv_pairs/accuracy-8=0.72, valid/num_kv_pairs/accuracy-16=0.362, valid/num_kv_pairs/accuracy-32=0.0932, valid/num_kv_pairs/accuracy-64=0.0205
valid/loss=4.42, valid/accuracy=0.459, valid/num_kv_pairs/accuracy-4=0.939, valid/num_kv_pairs/accuracy-8=0.781, valid/num_kv_pairs/accuracy-16=0.432, valid/num_kv_pairs/accuracy-32=0.118, valid/num_kv_pairs/accuracy-64=0.0242
valid/loss=4.42, valid/accuracy=0.462, valid/num_kv_pairs/accuracy-4=0.942, valid/num_kv_pairs/accuracy-8=0.779, valid/num_kv_pairs/accuracy-16=0.446, valid/num_kv_pairs/accuracy-32=0.118, valid/num_kv_pairs/accuracy-64=0.025
valid/loss=4.12, valid/accuracy=0.521, valid/num_kv_pairs/accuracy-4=0.98, valid/num_kv_pairs/accuracy-8=0.887, valid/num_kv_pairs/accuracy-16=0.55, valid/num_kv_pairs/accuracy-32=0.155, valid/num_kv_pairs/accuracy-64=0.0319
valid/loss=4.06, valid/accuracy=0.522, valid/num_kv_pairs/accuracy-4=0.968, valid/num_kv_pairs/accuracy-8=0.88, valid/num_kv_pairs/accuracy-16=0.568, valid/num_kv_pairs/accuracy-32=0.16, valid/num_kv_pairs/accuracy-64=0.0326
valid/loss=4.1, valid/accuracy=0.522, valid/num_kv_pairs/accuracy-4=0.976, valid/num_kv_pairs/accuracy-8=0.878, valid/num_kv_pairs/accuracy-16=0.563, valid/num_kv_pairs/accuracy-32=0.16, valid/num_kv_pairs/accuracy-64=0.0324
valid/loss=4, valid/accuracy=0.527, valid/num_kv_pairs/accuracy-4=0.98, valid/num_kv_pairs/accuracy-8=0.889, valid/num_kv_pairs/accuracy-16=0.573, valid/num_kv_pairs/accuracy-32=0.164, valid/num_kv_pairs/accuracy-64=0.032
valid/loss=4.06, valid/accuracy=0.532, valid/num_kv_pairs/accuracy-4=0.982, valid/num_kv_pairs/accuracy-8=0.902, valid/num_kv_pairs/accuracy-16=0.58, valid/num_kv_pairs/accuracy-32=0.163, valid/num_kv_pairs/accuracy-64=0.033
valid/loss=4.05, valid/accuracy=0.531, valid/num_kv_pairs/accuracy-4=0.978, valid/num_kv_pairs/accuracy-8=0.896, valid/num_kv_pairs/accuracy-16=0.584, valid/num_kv_pairs/accuracy-32=0.163, valid/num_kv_pairs/accuracy-64=0.0319
valid/loss=4.09, valid/accuracy=0.533, valid/num_kv_pairs/accuracy-4=0.975, valid/num_kv_pairs/accuracy-8=0.904, valid/num_kv_pairs/accuracy-16=0.589, valid/num_kv_pairs/accuracy-32=0.166, valid/num_kv_pairs/accuracy-64=0.0323
valid/loss=3.96, valid/accuracy=0.534, valid/num_kv_pairs/accuracy-4=0.975, valid/num_kv_pairs/accuracy-8=0.904, valid/num_kv_pairs/accuracy-16=0.593, valid/num_kv_pairs/accuracy-32=0.164, valid/num_kv_pairs/accuracy-64=0.0342
valid/loss=3.98, valid/accuracy=0.538, valid/num_kv_pairs/accuracy-4=0.978, valid/num_kv_pairs/accuracy-8=0.909, valid/num_kv_pairs/accuracy-16=0.603, valid/num_kv_pairs/accuracy-32=0.168, valid/num_kv_pairs/accuracy-64=0.0338
valid/loss=4.01, valid/accuracy=0.54, valid/num_kv_pairs/accuracy-4=0.982, valid/num_kv_pairs/accuracy-8=0.914, valid/num_kv_pairs/accuracy-16=0.603, valid/num_kv_pairs/accuracy-32=0.167, valid/num_kv_pairs/accuracy-64=0.0336
valid/loss=3.99, valid/accuracy=0.536, valid/num_kv_pairs/accuracy-4=0.979, valid/num_kv_pairs/accuracy-8=0.908, valid/num_kv_pairs/accuracy-16=0.588, valid/num_kv_pairs/accuracy-32=0.17, valid/num_kv_pairs/accuracy-64=0.0336
valid/loss=3.94, valid/accuracy=0.541, valid/num_kv_pairs/accuracy-4=0.979, valid/num_kv_pairs/accuracy-8=0.917, valid/num_kv_pairs/accuracy-16=0.607, valid/num_kv_pairs/accuracy-32=0.169, valid/num_kv_pairs/accuracy-64=0.0329
valid/loss=3.92, valid/accuracy=0.54, valid/num_kv_pairs/accuracy-4=0.978, valid/num_kv_pairs/accuracy-8=0.914, valid/num_kv_pairs/accuracy-16=0.606, valid/num_kv_pairs/accuracy-32=0.169, valid/num_kv_pairs/accuracy-64=0.0336
valid/loss=3.73, valid/accuracy=0.548, valid/num_kv_pairs/accuracy-4=0.981, valid/num_kv_pairs/accuracy-8=0.925, valid/num_kv_pairs/accuracy-16=0.628, valid/num_kv_pairs/accuracy-32=0.174, valid/num_kv_pairs/accuracy-64=0.0329
valid/loss=3.89, valid/accuracy=0.528, valid/num_kv_pairs/accuracy-4=0.969, valid/num_kv_pairs/accuracy-8=0.889, valid/num_kv_pairs/accuracy-16=0.584, valid/num_kv_pairs/accuracy-32=0.167, valid/num_kv_pairs/accuracy-64=0.0331
valid/loss=3.77, valid/accuracy=0.542, valid/num_kv_pairs/accuracy-4=0.978, valid/num_kv_pairs/accuracy-8=0.911, valid/num_kv_pairs/accuracy-16=0.61, valid/num_kv_pairs/accuracy-32=0.176, valid/num_kv_pairs/accuracy-64=0.0336
valid/loss=3.7, valid/accuracy=0.552, valid/num_kv_pairs/accuracy-4=0.987, valid/num_kv_pairs/accuracy-8=0.924, valid/num_kv_pairs/accuracy-16=0.635, valid/num_kv_pairs/accuracy-32=0.181, valid/num_kv_pairs/accuracy-64=0.0334
valid/loss=3.67, valid/accuracy=0.545, valid/num_kv_pairs/accuracy-4=0.981, valid/num_kv_pairs/accuracy-8=0.911, valid/num_kv_pairs/accuracy-16=0.623, valid/num_kv_pairs/accuracy-32=0.176, valid/num_kv_pairs/accuracy-64=0.0337
valid/loss=3.57, valid/accuracy=0.552, valid/num_kv_pairs/accuracy-4=0.986, valid/num_kv_pairs/accuracy-8=0.923, valid/num_kv_pairs/accuracy-16=0.638, valid/num_kv_pairs/accuracy-32=0.179, valid/num_kv_pairs/accuracy-64=0.0329
valid/loss=3.39, valid/accuracy=0.556, valid/num_kv_pairs/accuracy-4=0.987, valid/num_kv_pairs/accuracy-8=0.93, valid/num_kv_pairs/accuracy-16=0.649, valid/num_kv_pairs/accuracy-32=0.179, valid/num_kv_pairs/accuracy-64=0.0335
valid/loss=3.27, valid/accuracy=0.56, valid/num_kv_pairs/accuracy-4=0.987, valid/num_kv_pairs/accuracy-8=0.937, valid/num_kv_pairs/accuracy-16=0.659, valid/num_kv_pairs/accuracy-32=0.183, valid/num_kv_pairs/accuracy-64=0.0342
valid/loss=3.13, valid/accuracy=0.562, valid/num_kv_pairs/accuracy-4=0.988, valid/num_kv_pairs/accuracy-8=0.941, valid/num_kv_pairs/accuracy-16=0.665, valid/num_kv_pairs/accuracy-32=0.183, valid/num_kv_pairs/accuracy-64=0.0345
valid/loss=3.05, valid/accuracy=0.563, valid/num_kv_pairs/accuracy-4=0.989, valid/num_kv_pairs/accuracy-8=0.942, valid/num_kv_pairs/accuracy-16=0.667, valid/num_kv_pairs/accuracy-32=0.184, valid/num_kv_pairs/accuracy-64=0.0343
valid/loss=2.94, valid/accuracy=0.566, valid/num_kv_pairs/accuracy-4=0.99, valid/num_kv_pairs/accuracy-8=0.945, valid/num_kv_pairs/accuracy-16=0.676, valid/num_kv_pairs/accuracy-32=0.187, valid/num_kv_pairs/accuracy-64=0.0344
valid/loss=2.83, valid/accuracy=0.571, valid/num_kv_pairs/accuracy-4=0.991, valid/num_kv_pairs/accuracy-8=0.953, valid/num_kv_pairs/accuracy-16=0.689, valid/num_kv_pairs/accuracy-32=0.189, valid/num_kv_pairs/accuracy-64=0.0341
valid/loss=2.75, valid/accuracy=0.578, valid/num_kv_pairs/accuracy-4=0.994, valid/num_kv_pairs/accuracy-8=0.961, valid/num_kv_pairs/accuracy-16=0.709, valid/num_kv_pairs/accuracy-32=0.191, valid/num_kv_pairs/accuracy-64=0.0336
valid/loss=2.63, valid/accuracy=0.584, valid/num_kv_pairs/accuracy-4=0.996, valid/num_kv_pairs/accuracy-8=0.971, valid/num_kv_pairs/accuracy-16=0.729, valid/num_kv_pairs/accuracy-32=0.192, valid/num_kv_pairs/accuracy-64=0.0337
valid/loss=2.53, valid/accuracy=0.59, valid/num_kv_pairs/accuracy-4=0.997, valid/num_kv_pairs/accuracy-8=0.976, valid/num_kv_pairs/accuracy-16=0.749, valid/num_kv_pairs/accuracy-32=0.195, valid/num_kv_pairs/accuracy-64=0.0341
