    early_stopping_metric='valid/accuracy',
    early_stopping_threshold=0.99,
    run_id='smat_d1_mr3_hd16_ds16_sig_delta_cread_m2blk_s1-dm16-lr1.0e-02'
valid/loss=6.09, valid/accuracy=0.15, valid/num_kv_pairs/accuracy-4=0.242, valid/num_kv_pairs/accuracy-8=0.232, valid/num_kv_pairs/accuracy-16=0.186, valid/num_kv_pairs/accuracy-32=0.073, valid/num_kv_pairs/accuracy-64=0.0153
valid/loss=7.25, valid/accuracy=0.143, valid/num_kv_pairs/accuracy-4=0.16, valid/num_kv_pairs/accuracy-8=0.17, valid/num_kv_pairs/accuracy-16=0.215, valid/num_kv_pairs/accuracy-32=0.142, valid/num_kv_pairs/accuracy-64=0.0281
valid/loss=4.18, valid/accuracy=0.379, valid/num_kv_pairs/accuracy-4=0.756, valid/num_kv_pairs/accuracy-8=0.597, valid/num_kv_pairs/accuracy-16=0.382, valid/num_kv_pairs/accuracy-32=0.134, valid/num_kv_pairs/accuracy-64=0.0265
valid/loss=3.99, valid/accuracy=0.392, valid/num_kv_pairs/accuracy-4=0.769, valid/num_kv_pairs/accuracy-8=0.614, valid/num_kv_pairs/accuracy-16=0.401, valid/num_kv_pairs/accuracy-32=0.148, valid/num_kv_pairs/accuracy-64=0.0292
valid/loss=4.26, valid/accuracy=0.37, valid/num_kv_pairs/accuracy-4=0.734, valid/num_kv_pairs/accuracy-8=0.56, valid/num_kv_pairs/accuracy-16=0.374, valid/num_kv_pairs/accuracy-32=0.152, valid/num_kv_pairs/accuracy-64=0.0303
valid/loss=4.31, valid/accuracy=0.359, valid/num_kv_pairs/accuracy-4=0.676, valid/num_kv_pairs/accuracy-8=0.55, valid/num_kv_pairs/accuracy-16=0.386, valid/num_kv_pairs/accuracy-32=0.154, valid/num_kv_pairs/accuracy-64=0.031
valid/loss=4.04, valid/accuracy=0.391, valid/num_kv_pairs/accuracy-4=0.764, valid/num_kv_pairs/accuracy-8=0.606, valid/num_kv_pairs/accuracy-16=0.401, valid/num_kv_pairs/accuracy-32=0.153, valid/num_kv_pairs/accuracy-64=0.0297
valid/loss=3.93, valid/accuracy=0.399, valid/num_kv_pairs/accuracy-4=0.78, valid/num_kv_pairs/accuracy-8=0.627, valid/num_kv_pairs/accuracy-16=0.407, valid/num_kv_pairs/accuracy-32=0.151, valid/num_kv_pairs/accuracy-64=0.0288
valid/loss=3.81, valid/accuracy=0.417, valid/num_kv_pairs/accuracy-4=0.8, valid/num_kv_pairs/accuracy-8=0.652, valid/num_kv_pairs/accuracy-16=0.428, valid/num_kv_pairs/accuracy-32=0.167, valid/num_kv_pairs/accuracy-64=0.0351
valid/loss=3.83, valid/accuracy=0.411, valid/num_kv_pairs/accuracy-4=0.794, valid/num_kv_pairs/accuracy-8=0.637, valid/num_kv_pairs/accuracy-16=0.427, valid/num_kv_pairs/accuracy-32=0.166, valid/num_kv_pairs/accuracy-64=0.0332
valid/loss=3.79, valid/accuracy=0.411, valid/num_kv_pairs/accuracy-4=0.796, valid/num_kv_pairs/accuracy-8=0.639, valid/num_kv_pairs/accuracy-16=0.422, valid/num_kv_pairs/accuracy-32=0.166, valid/num_kv_pairs/accuracy-64=0.0336
valid/loss=3.97, valid/accuracy=0.418, valid/num_kv_pairs/accuracy-4=0.794, valid/num_kv_pairs/accuracy-8=0.643, valid/num_kv_pairs/accuracy-16=0.441, valid/num_kv_pairs/accuracy-32=0.178, valid/num_kv_pairs/accuracy-64=0.0357
valid/loss=3.87, valid/accuracy=0.43, valid/num_kv_pairs/accuracy-4=0.818, valid/num_kv_pairs/accuracy-8=0.667, valid/num_kv_pairs/accuracy-16=0.453, valid/num_kv_pairs/accuracy-32=0.179, valid/num_kv_pairs/accuracy-64=0.0351
valid/loss=3.92, valid/accuracy=0.427, valid/num_kv_pairs/accuracy-4=0.81, valid/num_kv_pairs/accuracy-8=0.656, valid/num_kv_pairs/accuracy-16=0.45, valid/num_kv_pairs/accuracy-32=0.181, valid/num_kv_pairs/accuracy-64=0.0354
valid/loss=3.91, valid/accuracy=0.43, valid/num_kv_pairs/accuracy-4=0.816, valid/num_kv_pairs/accuracy-8=0.663, valid/num_kv_pairs/accuracy-16=0.455, valid/num_kv_pairs/accuracy-32=0.181, valid/num_kv_pairs/accuracy-64=0.0365
valid/loss=4.09, valid/accuracy=0.419, valid/num_kv_pairs/accuracy-4=0.781, valid/num_kv_pairs/accuracy-8=0.642, valid/num_kv_pairs/accuracy-16=0.452, valid/num_kv_pairs/accuracy-32=0.186, valid/num_kv_pairs/accuracy-64=0.0365
valid/loss=4.04, valid/accuracy=0.428, valid/num_kv_pairs/accuracy-4=0.8, valid/num_kv_pairs/accuracy-8=0.659, valid/num_kv_pairs/accuracy-16=0.459, valid/num_kv_pairs/accuracy-32=0.184, valid/num_kv_pairs/accuracy-64=0.0366
valid/loss=4.04, valid/accuracy=0.425, valid/num_kv_pairs/accuracy-4=0.797, valid/num_kv_pairs/accuracy-8=0.652, valid/num_kv_pairs/accuracy-16=0.455, valid/num_kv_pairs/accuracy-32=0.185, valid/num_kv_pairs/accuracy-64=0.0364
valid/loss=4, valid/accuracy=0.423, valid/num_kv_pairs/accuracy-4=0.789, valid/num_kv_pairs/accuracy-8=0.648, valid/num_kv_pairs/accuracy-16=0.454, valid/num_kv_pairs/accuracy-32=0.186, valid/num_kv_pairs/accuracy-64=0.0365
valid/loss=3.92, valid/accuracy=0.42, valid/num_kv_pairs/accuracy-4=0.784, valid/num_kv_pairs/accuracy-8=0.644, valid/num_kv_pairs/accuracy-16=0.449, valid/num_kv_pairs/accuracy-32=0.186, valid/num_kv_pairs/accuracy-64=0.0361
valid/loss=3.86, valid/accuracy=0.406, valid/num_kv_pairs/accuracy-4=0.768, valid/num_kv_pairs/accuracy-8=0.619, valid/num_kv_pairs/accuracy-16=0.425, valid/num_kv_pairs/accuracy-32=0.181, valid/num_kv_pairs/accuracy-64=0.0365
valid/loss=3.83, valid/accuracy=0.405, valid/num_kv_pairs/accuracy-4=0.766, valid/num_kv_pairs/accuracy-8=0.619, valid/num_kv_pairs/accuracy-16=0.423, valid/num_kv_pairs/accuracy-32=0.18, valid/num_kv_pairs/accuracy-64=0.0367
valid/loss=3.81, valid/accuracy=0.406, valid/num_kv_pairs/accuracy-4=0.771, valid/num_kv_pairs/accuracy-8=0.619, valid/num_kv_pairs/accuracy-16=0.421, valid/num_kv_pairs/accuracy-32=0.181, valid/num_kv_pairs/accuracy-64=0.0362
valid/loss=3.78, valid/accuracy=0.406, valid/num_kv_pairs/accuracy-4=0.772, valid/num_kv_pairs/accuracy-8=0.62, valid/num_kv_pairs/accuracy-16=0.423, valid/num_kv_pairs/accuracy-32=0.18, valid/num_kv_pairs/accuracy-64=0.0361
valid/loss=3.76, valid/accuracy=0.405, valid/num_kv_pairs/accuracy-4=0.774, valid/num_kv_pairs/accuracy-8=0.62, valid/num_kv_pairs/accuracy-16=0.418, valid/num_kv_pairs/accuracy-32=0.178, valid/num_kv_pairs/accuracy-64=0.0354
valid/loss=3.74, valid/accuracy=0.406, valid/num_kv_pairs/accuracy-4=0.778, valid/num_kv_pairs/accuracy-8=0.623, valid/num_kv_pairs/accuracy-16=0.418, valid/num_kv_pairs/accuracy-32=0.176, valid/num_kv_pairs/accuracy-64=0.0351
valid/loss=3.71, valid/accuracy=0.407, valid/num_kv_pairs/accuracy-4=0.78, valid/num_kv_pairs/accuracy-8=0.626, valid/num_kv_pairs/accuracy-16=0.42, valid/num_kv_pairs/accuracy-32=0.175, valid/num_kv_pairs/accuracy-64=0.0349
valid/loss=3.68, valid/accuracy=0.411, valid/num_kv_pairs/accuracy-4=0.787, valid/num_kv_pairs/accuracy-8=0.633, valid/num_kv_pairs/accuracy-16=0.422, valid/num_kv_pairs/accuracy-32=0.175, valid/num_kv_pairs/accuracy-64=0.0351
valid/loss=3.65, valid/accuracy=0.412, valid/num_kv_pairs/accuracy-4=0.793, valid/num_kv_pairs/accuracy-8=0.636, valid/num_kv_pairs/accuracy-16=0.423, valid/num_kv_pairs/accuracy-32=0.174, valid/num_kv_pairs/accuracy-64=0.0349
valid/loss=3.61, valid/accuracy=0.414, valid/num_kv_pairs/accuracy-4=0.801, valid/num_kv_pairs/accuracy-8=0.639, valid/num_kv_pairs/accuracy-16=0.423, valid/num_kv_pairs/accuracy-32=0.172, valid/num_kv_pairs/accuracy-64=0.0343
valid/loss=3.59, valid/accuracy=0.415, valid/num_kv_pairs/accuracy-4=0.808, valid/num_kv_pairs/accuracy-8=0.641, valid/num_kv_pairs/accuracy-16=0.422, valid/num_kv_pairs/accuracy-32=0.17, valid/num_kv_pairs/accuracy-64=0.0335
valid/loss=3.58, valid/accuracy=0.418, valid/num_kv_pairs/accuracy-4=0.811, valid/num_kv_pairs/accuracy-8=0.647, valid/num_kv_pairs/accuracy-16=0.428, valid/num_kv_pairs/accuracy-32=0.171, valid/num_kv_pairs/accuracy-64=0.0334
