PyTorch 2.11.0 for DeltaAI (CUDA 13.0, Python 3.12)
Includes: transformers, accelerate, datasets, peft, lightning,
          timm, bitsandbytes, diffusers, mpi4py, tensorboard,
          wandb, jupyter, scipy, scikit-learn, opencv, nvitop
New in this build (sm_90 source builds):
  flash-attn, transformer_engine, xformers, apex, mamba-ssm,
  triton, torch-geometric, cupy-cuda13x, tensorrt, flashinfer
Known: transformer_engine and cupy currently fail at import due to
  a cu13 libcublasLt / cython ABI mismatch on this stack — use the
  other attention paths (flash-attn, xformers) and stock torch CUDA
  until an upstream fix lands.

For documentation and examples:
  https://docs.ncsa.illinois.edu/systems/deltaai/

Run setup-kernel prior to launching OOD job.

Quick start (on a compute node):
  module load python/miniforge3_pytorch/2.11.0
  conda activate base
  python -c "import torch; print(torch.cuda.is_available())"

CUDA extensions: CUDA_HOME, nvcc, and CMAKE_PREFIX_PATH come from the
auto-loaded cuda/13.1.1 module.

A conda environment has been detected
CONDA_PREFIX=/sw/user/python/miniforge3-pytorch-2.5.0 
Consider running 'conda deactivate' before loading this module.
CUDA Toolkit 13.1.1 loaded
Includes GPUDirect Storage (GDS) libraries
Requires NVIDIA driver 590+
Using gcc-native/14 (default in Cray PE 25.09)
host: gh012.hsn.cm.delta.internal.ncsa.edu   started: Tue Sep  8 03:10:59 PM CDT 2026
name, memory.total [MiB], driver_version
NVIDIA GH200 120GB, 97871 MiB, 595.71.05
torch 2.11.0+cu130 cuda True
triton 3.5.1

==== T=256 pairs=4 lr=0.001   arm: --arm mamba2   Tue Sep  8 03:11:02 PM CDT 2026 ====
{"run": "mamba2_T256_p4_zoo_dm16_s0_lr0.001", "arm": "mamba2", "d": 1, "T": 256, "n_pairs": 4, "n_queries": 64, "n_keys": 2048, "ctx_start": 0, "layers": 2, "d_model": 16, "heads": 1, "r": 64, "chunk": 64, "steps": 2500, "nb": 256, "lr": 0.001, "warmup": 100, "eval_every": 250, "eval_n": 512, "qk_norm": true, "short_conv": 0, "triton_bwd": false, "no_amp": false, "phi": "elu1", "decay": "off", "dt_min": 0.001, "dt_max": 0.1, "A_min": 1.0, "A_max": 16.0, "scan_kernel": "phi", "gate_wd": 0.1, "gate_lr_mult": 1.0, "wd": 0.1, "tag": "_lr0.001", "zoology": true, "n_P": 0, "early_stop": 0.99, "mask_bank": false, "vocab": 8192, "oracle_keep": false, "taylor_dim": 16, "pad_noise": false, "out": "results/mqar_zoogrid_dm16.csv", "device": "cuda", "seed": 0}
/sw/user/python/miniforge3-pytorch-2.11.0/lib/python3.12/site-packages/requests/__init__.py:113: RequestsDependencyWarning: urllib3 (2.7.0) or chardet (6.0.0.post1)/charset_normalizer (3.4.1) doesn't match a supported version!
  warnings.warn(
gate params: 2  (wd 0.1, lr x1.0, dt init [0.001, 0.1])
step   100  loss 8.6357  188 ms/step
step   200  loss 8.3805  29 ms/step
== eval step 250: acc 0.000  nll 8.351  noise share of normaliser per layer []
step   300  loss 8.3359  29 ms/step
step   400  loss 8.3382  28 ms/step
step   500  loss 8.3359  28 ms/step
== eval step 500: acc 0.000  nll 8.329  noise share of normaliser per layer []
step   600  loss 8.3296  28 ms/step
step   700  loss 8.3235  28 ms/step
== eval step 750: acc 0.000  nll 8.315  noise share of normaliser per layer []
step   800  loss 8.2827  28 ms/step
step   900  loss 8.2009  28 ms/step
step  1000  loss 8.1137  28 ms/step
== eval step 1000: acc 0.001  nll 8.114  noise share of normaliser per layer []
step  1100  loss 8.0571  28 ms/step
step  1200  loss 7.9947  28 ms/step
== eval step 1250: acc 0.003  nll 7.963  noise share of normaliser per layer []
step  1300  loss 7.9400  28 ms/step
step  1400  loss 7.8960  28 ms/step
step  1500  loss 7.8705  28 ms/step
== eval step 1500: acc 0.001  nll 7.854  noise share of normaliser per layer []
step  1600  loss 7.8187  28 ms/step
step  1700  loss 7.8086  28 ms/step
== eval step 1750: acc 0.005  nll 7.760  noise share of normaliser per layer []
step  1800  loss 7.7676  28 ms/step
step  1900  loss 7.7572  28 ms/step
step  2000  loss 7.7216  28 ms/step
== eval step 2000: acc 0.004  nll 7.734  noise share of normaliser per layer []
step  2100  loss 7.7172  28 ms/step
step  2200  loss 7.7236  28 ms/step
== eval step 2250: acc 0.008  nll 7.701  noise share of normaliser per layer []
step  2300  loss 7.7076  28 ms/step
step  2400  loss 7.7077  28 ms/step
step  2500  loss 7.7025  28 ms/step
== eval step 2500: acc 0.006  nll 7.706  noise share of normaliser per layer []
done: {"run": "mamba2_T256_p4_zoo_dm16_s0_lr0.001", "arm": "mamba2", "d": "", "n_pairs": 4, "n_queries": 64, "n_keys": 2048, "step": 2500, "train_loss": 7.702488899230957, "acc": 0.005859375, "nll": 7.70577734708786, "noise_share": "", "d_model": 16, "heads": 1, "r": 64, "n_P": 0, "seed": 0, "state_per_head": 1088, "params": 284902, "ms_per_step": 28.12615394592285, "elapsed_s": 87.82566380500793}
==== T=256 pairs=4 lr=0.001   arm: --arm mamba2smat --d 2 --mask-bank   Tue Sep  8 03:12:45 PM CDT 2026 ====
{"run": "mamba2smat_d2_T256_p4_zoo_bank_dm16_s0_lr0.001", "arm": "mamba2smat", "d": 2, "T": 256, "n_pairs": 4, "n_queries": 64, "n_keys": 2048, "ctx_start": 0, "layers": 2, "d_model": 16, "heads": 1, "r": 64, "chunk": 64, "steps": 2500, "nb": 256, "lr": 0.001, "warmup": 100, "eval_every": 250, "eval_n": 512, "qk_norm": true, "short_conv": 0, "triton_bwd": false, "no_amp": false, "phi": "elu1", "decay": "off", "dt_min": 0.001, "dt_max": 0.1, "A_min": 1.0, "A_max": 16.0, "scan_kernel": "phi", "gate_wd": 0.1, "gate_lr_mult": 1.0, "wd": 0.1, "tag": "_lr0.001", "zoology": true, "n_P": 0, "early_stop": 0.99, "mask_bank": true, "vocab": 8192, "oracle_keep": false, "taylor_dim": 16, "pad_noise": false, "out": "results/mqar_zoogrid_dm16.csv", "device": "cuda", "seed": 0}
mask n=128: pairs occupy [0,8), queries in [8,256)
/sw/user/python/miniforge3-pytorch-2.11.0/lib/python3.12/site-packages/requests/__init__.py:113: RequestsDependencyWarning: urllib3 (2.7.0) or chardet (6.0.0.post1)/charset_normalizer (3.4.1) doesn't match a supported version!
  warnings.warn(
gate params: 2  (wd 0.1, lr x1.0, dt init [0.001, 0.1])
step   100  loss 8.6365  196 ms/step
step   200  loss 8.3809  34 ms/step
== eval step 250: acc 0.000  nll 8.350  noise share of normaliser per layer []
step   300  loss 8.3357  34 ms/step
step   400  loss 8.3373  34 ms/step
step   500  loss 8.3366  34 ms/step
== eval step 500: acc 0.000  nll 8.329  noise share of normaliser per layer []
step   600  loss 8.3286  34 ms/step
step   700  loss 8.3263  34 ms/step
== eval step 750: acc 0.000  nll 8.322  noise share of normaliser per layer []
step   800  loss 8.3081  34 ms/step
step   900  loss 8.2343  34 ms/step
step  1000  loss 8.1392  34 ms/step
== eval step 1000: acc 0.003  nll 8.144  noise share of normaliser per layer []
step  1100  loss 8.0527  34 ms/step
step  1200  loss 7.9862  34 ms/step
== eval step 1250: acc 0.002  nll 7.937  noise share of normaliser per layer []
step  1300  loss 7.9045  34 ms/step
step  1400  loss 7.8528  34 ms/step
step  1500  loss 7.8112  34 ms/step
== eval step 1500: acc 0.004  nll 7.811  noise share of normaliser per layer []
step  1600  loss 7.8069  34 ms/step
step  1700  loss 7.7703  34 ms/step
== eval step 1750: acc 0.006  nll 7.726  noise share of normaliser per layer []
step  1800  loss 7.7107  34 ms/step
step  1900  loss 7.7369  34 ms/step
step  2000  loss 7.6876  34 ms/step
== eval step 2000: acc 0.008  nll 7.701  noise share of normaliser per layer []
step  2100  loss 7.6629  34 ms/step
step  2200  loss 7.6876  34 ms/step
== eval step 2250: acc 0.009  nll 7.670  noise share of normaliser per layer []
step  2300  loss 7.6882  34 ms/step
step  2400  loss 7.6769  34 ms/step
step  2500  loss 7.6615  34 ms/step
== eval step 2500: acc 0.006  nll 7.667  noise share of normaliser per layer []
done: {"run": "mamba2smat_d2_T256_p4_zoo_bank_dm16_s0_lr0.001", "arm": "mamba2smat", "d": 2, "n_pairs": 4, "n_queries": 64, "n_keys": 2048, "step": 2500, "train_loss": 7.661468982696533, "acc": 0.00634765625, "nll": 7.666632771492004, "noise_share": "", "d_model": 16, "heads": 1, "r": 64, "n_P": 0, "seed": 0, "state_per_head": 1088, "params": 287078, "ms_per_step": 34.28762912750244, "elapsed_s": 103.96175456047058}
==== T=256 pairs=4 lr=0.001   arm: --arm mamba2smat --d 3 --mask-bank   Tue Sep  8 03:14:42 PM CDT 2026 ====
{"run": "mamba2smat_d3_T256_p4_zoo_bank_dm16_s0_lr0.001", "arm": "mamba2smat", "d": 3, "T": 256, "n_pairs": 4, "n_queries": 64, "n_keys": 2048, "ctx_start": 0, "layers": 2, "d_model": 16, "heads": 1, "r": 64, "chunk": 64, "steps": 2500, "nb": 256, "lr": 0.001, "warmup": 100, "eval_every": 250, "eval_n": 512, "qk_norm": true, "short_conv": 0, "triton_bwd": false, "no_amp": false, "phi": "elu1", "decay": "off", "dt_min": 0.001, "dt_max": 0.1, "A_min": 1.0, "A_max": 16.0, "scan_kernel": "phi", "gate_wd": 0.1, "gate_lr_mult": 1.0, "wd": 0.1, "tag": "_lr0.001", "zoology": true, "n_P": 0, "early_stop": 0.99, "mask_bank": true, "vocab": 8192, "oracle_keep": false, "taylor_dim": 16, "pad_noise": false, "out": "results/mqar_zoogrid_dm16.csv", "device": "cuda", "seed": 0}
mask n=128: pairs occupy [0,8), queries in [8,256)
/sw/user/python/miniforge3-pytorch-2.11.0/lib/python3.12/site-packages/requests/__init__.py:113: RequestsDependencyWarning: urllib3 (2.7.0) or chardet (6.0.0.post1)/charset_normalizer (3.4.1) doesn't match a supported version!
  warnings.warn(
gate params: 2  (wd 0.1, lr x1.0, dt init [0.001, 0.1])
step   100  loss 8.6361  180 ms/step
step   200  loss 8.3809  36 ms/step
== eval step 250: acc 0.000  nll 8.350  noise share of normaliser per layer []
step   300  loss 8.3362  36 ms/step
step   400  loss 8.3378  36 ms/step
step   500  loss 8.3370  36 ms/step
== eval step 500: acc 0.000  nll 8.329  noise share of normaliser per layer []
step   600  loss 8.3285  36 ms/step
step   700  loss 8.3260  36 ms/step
== eval step 750: acc 0.000  nll 8.321  noise share of normaliser per layer []
step   800  loss 8.3072  36 ms/step
step   900  loss 8.2257  36 ms/step
step  1000  loss 8.1439  36 ms/step
== eval step 1000: acc 0.002  nll 8.144  noise share of normaliser per layer []
step  1100  loss 8.0493  36 ms/step
step  1200  loss 7.9930  36 ms/step
== eval step 1250: acc 0.003  nll 7.946  noise share of normaliser per layer []
step  1300  loss 7.9038  36 ms/step
step  1400  loss 7.8688  36 ms/step
step  1500  loss 7.8169  36 ms/step
== eval step 1500: acc 0.006  nll 7.814  noise share of normaliser per layer []
step  1600  loss 7.8011  36 ms/step
step  1700  loss 7.7688  36 ms/step
== eval step 1750: acc 0.005  nll 7.733  noise share of normaliser per layer []
step  1800  loss 7.7369  36 ms/step
step  1900  loss 7.7367  36 ms/step
step  2000  loss 7.7000  36 ms/step
== eval step 2000: acc 0.004  nll 7.691  noise share of normaliser per layer []
step  2100  loss 7.6969  36 ms/step
step  2200  loss 7.7031  36 ms/step
== eval step 2250: acc 0.008  nll 7.675  noise share of normaliser per layer []
step  2300  loss 7.7013  36 ms/step
step  2400  loss 7.6823  36 ms/step
step  2500  loss 7.6806  36 ms/step
== eval step 2500: acc 0.004  nll 7.694  noise share of normaliser per layer []
done: {"run": "mamba2smat_d3_T256_p4_zoo_bank_dm16_s0_lr0.001", "arm": "mamba2smat", "d": 3, "n_pairs": 4, "n_queries": 64, "n_keys": 2048, "step": 2500, "train_loss": 7.680556774139404, "acc": 0.00390625, "nll": 7.693943277001381, "noise_share": "", "d_model": 16, "heads": 1, "r": 64, "n_P": 0, "seed": 0, "state_per_head": 1088, "params": 287078, "ms_per_step": 36.23274040222168, "elapsed_s": 107.1285572052002}
==== T=256 pairs=4 lr=0.00316   arm: --arm mamba2   Tue Sep  8 03:16:43 PM CDT 2026 ====
{"run": "mamba2_T256_p4_zoo_dm16_s0_lr0.00316", "arm": "mamba2", "d": 1, "T": 256, "n_pairs": 4, "n_queries": 64, "n_keys": 2048, "ctx_start": 0, "layers": 2, "d_model": 16, "heads": 1, "r": 64, "chunk": 64, "steps": 2500, "nb": 256, "lr": 0.00316, "warmup": 100, "eval_every": 250, "eval_n": 512, "qk_norm": true, "short_conv": 0, "triton_bwd": false, "no_amp": false, "phi": "elu1", "decay": "off", "dt_min": 0.001, "dt_max": 0.1, "A_min": 1.0, "A_max": 16.0, "scan_kernel": "phi", "gate_wd": 0.1, "gate_lr_mult": 1.0, "wd": 0.1, "tag": "_lr0.00316", "zoology": true, "n_P": 0, "early_stop": 0.99, "mask_bank": false, "vocab": 8192, "oracle_keep": false, "taylor_dim": 16, "pad_noise": false, "out": "results/mqar_zoogrid_dm16.csv", "device": "cuda", "seed": 0}
/sw/user/python/miniforge3-pytorch-2.11.0/lib/python3.12/site-packages/requests/__init__.py:113: RequestsDependencyWarning: urllib3 (2.7.0) or chardet (6.0.0.post1)/charset_normalizer (3.4.1) doesn't match a supported version!
  warnings.warn(
gate params: 2  (wd 0.1, lr x1.0, dt init [0.001, 0.1])
step   100  loss 8.3867  173 ms/step
step   200  loss 8.3452  28 ms/step
== eval step 250: acc 0.000  nll 8.342  noise share of normaliser per layer []
step   300  loss 8.3316  28 ms/step
step   400  loss 8.3367  28 ms/step
step   500  loss 8.3372  28 ms/step
== eval step 500: acc 0.000  nll 8.332  noise share of normaliser per layer []
step   600  loss 8.3302  28 ms/step
step   700  loss 8.3266  28 ms/step
== eval step 750: acc 0.000  nll 8.311  noise share of normaliser per layer []
step   800  loss 8.3068  28 ms/step
step   900  loss 8.2764  28 ms/step
step  1000  loss 8.1106  28 ms/step
== eval step 1000: acc 0.000  nll 8.125  noise share of normaliser per layer []
step  1100  loss 8.0670  28 ms/step
step  1200  loss 8.0444  28 ms/step
== eval step 1250: acc 0.001  nll 8.035  noise share of normaliser per layer []
step  1300  loss 7.9762  28 ms/step
step  1400  loss 7.9065  28 ms/step
step  1500  loss 7.8324  28 ms/step
== eval step 1500: acc 0.004  nll 7.823  noise share of normaliser per layer []
step  1600  loss 7.7956  28 ms/step
step  1700  loss 7.7447  28 ms/step
== eval step 1750: acc 0.001  nll 7.731  noise share of normaliser per layer []
step  1800  loss 7.7096  28 ms/step
step  1900  loss 7.7063  28 ms/step
step  2000  loss 7.7165  28 ms/step
== eval step 2000: acc 0.002  nll 7.699  noise share of normaliser per layer []
step  2100  loss 7.6821  28 ms/step
step  2200  loss 7.6723  28 ms/step
== eval step 2250: acc 0.002  nll 7.680  noise share of normaliser per layer []
step  2300  loss 7.6551  28 ms/step
step  2400  loss 7.6559  28 ms/step
step  2500  loss 7.7057  28 ms/step
== eval step 2500: acc 0.002  nll 7.668  noise share of normaliser per layer []
done: {"run": "mamba2_T256_p4_zoo_dm16_s0_lr0.00316", "arm": "mamba2", "d": "", "n_pairs": 4, "n_queries": 64, "n_keys": 2048, "step": 2500, "train_loss": 7.705696105957031, "acc": 0.00244140625, "nll": 7.668039247393608, "noise_share": "", "d_model": 16, "heads": 1, "r": 64, "n_P": 0, "seed": 0, "state_per_head": 1088, "params": 284902, "ms_per_step": 28.135704040527344, "elapsed_s": 86.15083575248718}
==== T=256 pairs=4 lr=0.00316   arm: --arm mamba2smat --d 2 --mask-bank   Tue Sep  8 03:18:23 PM CDT 2026 ====
{"run": "mamba2smat_d2_T256_p4_zoo_bank_dm16_s0_lr0.00316", "arm": "mamba2smat", "d": 2, "T": 256, "n_pairs": 4, "n_queries": 64, "n_keys": 2048, "ctx_start": 0, "layers": 2, "d_model": 16, "heads": 1, "r": 64, "chunk": 64, "steps": 2500, "nb": 256, "lr": 0.00316, "warmup": 100, "eval_every": 250, "eval_n": 512, "qk_norm": true, "short_conv": 0, "triton_bwd": false, "no_amp": false, "phi": "elu1", "decay": "off", "dt_min": 0.001, "dt_max": 0.1, "A_min": 1.0, "A_max": 16.0, "scan_kernel": "phi", "gate_wd": 0.1, "gate_lr_mult": 1.0, "wd": 0.1, "tag": "_lr0.00316", "zoology": true, "n_P": 0, "early_stop": 0.99, "mask_bank": true, "vocab": 8192, "oracle_keep": false, "taylor_dim": 16, "pad_noise": false, "out": "results/mqar_zoogrid_dm16.csv", "device": "cuda", "seed": 0}
mask n=128: pairs occupy [0,8), queries in [8,256)
/sw/user/python/miniforge3-pytorch-2.11.0/lib/python3.12/site-packages/requests/__init__.py:113: RequestsDependencyWarning: urllib3 (2.7.0) or chardet (6.0.0.post1)/charset_normalizer (3.4.1) doesn't match a supported version!
  warnings.warn(
gate params: 2  (wd 0.1, lr x1.0, dt init [0.001, 0.1])
step   100  loss 8.3852  178 ms/step
step   200  loss 8.3462  34 ms/step
== eval step 250: acc 0.000  nll 8.340  noise share of normaliser per layer []
step   300  loss 8.3320  34 ms/step
step   400  loss 8.3362  34 ms/step
step   500  loss 8.3336  34 ms/step
== eval step 500: acc 0.000  nll 8.329  noise share of normaliser per layer []
step   600  loss 8.2470  34 ms/step
step   700  loss 8.1569  34 ms/step
== eval step 750: acc 0.000  nll 8.098  noise share of normaliser per layer []
step   800  loss 8.0105  34 ms/step
step   900  loss 7.8557  34 ms/step
step  1000  loss 7.7923  34 ms/step
== eval step 1000: acc 0.002  nll 7.759  noise share of normaliser per layer []
step  1100  loss 7.6357  34 ms/step
step  1200  loss 7.5455  34 ms/step
== eval step 1250: acc 0.009  nll 7.501  noise share of normaliser per layer []
step  1300  loss 7.4556  34 ms/step
step  1400  loss 7.5138  34 ms/step
step  1500  loss 7.4187  34 ms/step
== eval step 1500: acc 0.005  nll 7.408  noise share of normaliser per layer []
step  1600  loss 7.4038  34 ms/step
step  1700  loss 7.4105  34 ms/step
== eval step 1750: acc 0.008  nll 7.337  noise share of normaliser per layer []
step  1800  loss 7.3233  34 ms/step
step  1900  loss 7.2507  34 ms/step
step  2000  loss 7.2393  34 ms/step
== eval step 2000: acc 0.012  nll 7.242  noise share of normaliser per layer []
step  2100  loss 7.2637  34 ms/step
step  2200  loss 7.2436  34 ms/step
== eval step 2250: acc 0.011  nll 7.259  noise share of normaliser per layer []
step  2300  loss 7.2349  34 ms/step
step  2400  loss 7.2580  34 ms/step
step  2500  loss 7.2791  34 ms/step
== eval step 2500: acc 0.011  nll 7.237  noise share of normaliser per layer []
done: {"run": "mamba2smat_d2_T256_p4_zoo_bank_dm16_s0_lr0.00316", "arm": "mamba2smat", "d": 2, "n_pairs": 4, "n_queries": 64, "n_keys": 2048, "step": 2500, "train_loss": 7.279128551483154, "acc": 0.0107421875, "nll": 7.236812621355057, "noise_share": "", "d_model": 16, "heads": 1, "r": 64, "n_P": 0, "seed": 0, "state_per_head": 1088, "params": 287078, "ms_per_step": 33.99297523498535, "elapsed_s": 101.13626980781555}
==== T=256 pairs=4 lr=0.00316   arm: --arm mamba2smat --d 3 --mask-bank   Tue Sep  8 03:20:17 PM CDT 2026 ====
{"run": "mamba2smat_d3_T256_p4_zoo_bank_dm16_s0_lr0.00316", "arm": "mamba2smat", "d": 3, "T": 256, "n_pairs": 4, "n_queries": 64, "n_keys": 2048, "ctx_start": 0, "layers": 2, "d_model": 16, "heads": 1, "r": 64, "chunk": 64, "steps": 2500, "nb": 256, "lr": 0.00316, "warmup": 100, "eval_every": 250, "eval_n": 512, "qk_norm": true, "short_conv": 0, "triton_bwd": false, "no_amp": false, "phi": "elu1", "decay": "off", "dt_min": 0.001, "dt_max": 0.1, "A_min": 1.0, "A_max": 16.0, "scan_kernel": "phi", "gate_wd": 0.1, "gate_lr_mult": 1.0, "wd": 0.1, "tag": "_lr0.00316", "zoology": true, "n_P": 0, "early_stop": 0.99, "mask_bank": true, "vocab": 8192, "oracle_keep": false, "taylor_dim": 16, "pad_noise": false, "out": "results/mqar_zoogrid_dm16.csv", "device": "cuda", "seed": 0}
mask n=128: pairs occupy [0,8), queries in [8,256)
/sw/user/python/miniforge3-pytorch-2.11.0/lib/python3.12/site-packages/requests/__init__.py:113: RequestsDependencyWarning: urllib3 (2.7.0) or chardet (6.0.0.post1)/charset_normalizer (3.4.1) doesn't match a supported version!
  warnings.warn(
gate params: 2  (wd 0.1, lr x1.0, dt init [0.001, 0.1])
step   100  loss 8.3852  183 ms/step
step   200  loss 8.3461  36 ms/step
== eval step 250: acc 0.000  nll 8.340  noise share of normaliser per layer []
step   300  loss 8.3323  36 ms/step
step   400  loss 8.3363  36 ms/step
step   500  loss 8.3364  36 ms/step
== eval step 500: acc 0.000  nll 8.329  noise share of normaliser per layer []
step   600  loss 8.3280  36 ms/step
step   700  loss 8.2926  36 ms/step
== eval step 750: acc 0.000  nll 8.242  noise share of normaliser per layer []
step   800  loss 8.2245  36 ms/step
step   900  loss 8.2163  36 ms/step
step  1000  loss 8.2177  36 ms/step
== eval step 1000: acc 0.000  nll 8.214  noise share of normaliser per layer []
step  1100  loss 8.1962  36 ms/step
step  1200  loss 8.1939  36 ms/step
== eval step 1250: acc 0.000  nll 8.157  noise share of normaliser per layer []
step  1300  loss 8.1295  36 ms/step
step  1400  loss 8.0576  36 ms/step
step  1500  loss 8.0364  36 ms/step
== eval step 1500: acc 0.001  nll 8.025  noise share of normaliser per layer []
step  1600  loss 7.9931  36 ms/step
step  1700  loss 7.9649  36 ms/step
== eval step 1750: acc 0.000  nll 7.956  noise share of normaliser per layer []
step  1800  loss 7.9521  36 ms/step
step  1900  loss 7.9190  37 ms/step
step  2000  loss 7.9284  37 ms/step
== eval step 2000: acc 0.000  nll 7.937  noise share of normaliser per layer []
step  2100  loss 7.9371  37 ms/step
step  2200  loss 7.9363  38 ms/step
== eval step 2250: acc 0.000  nll 7.887  noise share of normaliser per layer []
step  2300  loss 7.8962  36 ms/step
step  2400  loss 7.8968  36 ms/step
step  2500  loss 7.9419  36 ms/step
== eval step 2500: acc 0.002  nll 7.915  noise share of normaliser per layer []
done: {"run": "mamba2smat_d3_T256_p4_zoo_bank_dm16_s0_lr0.00316", "arm": "mamba2smat", "d": 3, "n_pairs": 4, "n_queries": 64, "n_keys": 2048, "step": 2500, "train_loss": 7.941939353942871, "acc": 0.001953125, "nll": 7.915039122104645, "noise_share": "", "d_model": 16, "heads": 1, "r": 64, "n_P": 0, "seed": 0, "state_per_head": 1088, "params": 287078, "ms_per_step": 36.2930908203125, "elapsed_s": 107.70821809768677}
==== T=256 pairs=4 lr=0.01   arm: --arm mamba2   Tue Sep  8 03:22:18 PM CDT 2026 ====
{"run": "mamba2_T256_p4_zoo_dm16_s0_lr0.01", "arm": "mamba2", "d": 1, "T": 256, "n_pairs": 4, "n_queries": 64, "n_keys": 2048, "ctx_start": 0, "layers": 2, "d_model": 16, "heads": 1, "r": 64, "chunk": 64, "steps": 2500, "nb": 256, "lr": 0.01, "warmup": 100, "eval_every": 250, "eval_n": 512, "qk_norm": true, "short_conv": 0, "triton_bwd": false, "no_amp": false, "phi": "elu1", "decay": "off", "dt_min": 0.001, "dt_max": 0.1, "A_min": 1.0, "A_max": 16.0, "scan_kernel": "phi", "gate_wd": 0.1, "gate_lr_mult": 1.0, "wd": 0.1, "tag": "_lr0.01", "zoology": true, "n_P": 0, "early_stop": 0.99, "mask_bank": false, "vocab": 8192, "oracle_keep": false, "taylor_dim": 16, "pad_noise": false, "out": "results/mqar_zoogrid_dm16.csv", "device": "cuda", "seed": 0}
/sw/user/python/miniforge3-pytorch-2.11.0/lib/python3.12/site-packages/requests/__init__.py:113: RequestsDependencyWarning: urllib3 (2.7.0) or chardet (6.0.0.post1)/charset_normalizer (3.4.1) doesn't match a supported version!
  warnings.warn(
gate params: 2  (wd 0.1, lr x1.0, dt init [0.001, 0.1])
step   100  loss 8.3853  170 ms/step
step   200  loss 8.3426  28 ms/step
== eval step 250: acc 0.000  nll 8.341  noise share of normaliser per layer []
step   300  loss 8.3320  28 ms/step
step   400  loss 8.3385  28 ms/step
step   500  loss 8.3382  28 ms/step
== eval step 500: acc 0.000  nll 8.330  noise share of normaliser per layer []
step   600  loss 8.3303  29 ms/step
step   700  loss 8.3296  28 ms/step
== eval step 750: acc 0.000  nll 8.328  noise share of normaliser per layer []
step   800  loss 8.3277  28 ms/step
step   900  loss 8.3214  28 ms/step
step  1000  loss 8.3259  33 ms/step
== eval step 1000: acc 0.000  nll 8.324  noise share of normaliser per layer []
step  1100  loss 8.3204  30 ms/step
step  1200  loss 8.3238  30 ms/step
== eval step 1250: acc 0.001  nll 8.321  noise share of normaliser per layer []
step  1300  loss 8.3208  30 ms/step
step  1400  loss 8.3155  37 ms/step
step  1500  loss 8.2694  28 ms/step
== eval step 1500: acc 0.000  nll 8.258  noise share of normaliser per layer []
step  1600  loss 8.2030  28 ms/step
step  1700  loss 8.2018  29 ms/step
== eval step 1750: acc 0.000  nll 8.204  noise share of normaliser per layer []
step  1800  loss 8.1824  29 ms/step
step  1900  loss 8.1927  29 ms/step
step  2000  loss 8.2001  28 ms/step
== eval step 2000: acc 0.000  nll 8.170  noise share of normaliser per layer []
step  2100  loss 8.1615  31 ms/step
step  2200  loss 8.1783  32 ms/step
== eval step 2250: acc 0.000  nll 8.184  noise share of normaliser per layer []
step  2300  loss 8.1883  30 ms/step
step  2400  loss 8.1878  28 ms/step
step  2500  loss 8.1703  29 ms/step
== eval step 2500: acc 0.000  nll 8.193  noise share of normaliser per layer []
done: {"run": "mamba2_T256_p4_zoo_dm16_s0_lr0.01", "arm": "mamba2", "d": "", "n_pairs": 4, "n_queries": 64, "n_keys": 2048, "step": 2500, "train_loss": 8.170284271240234, "acc": 0.0, "nll": 8.192673712968826, "noise_share": "", "d_model": 16, "heads": 1, "r": 64, "n_P": 0, "seed": 0, "state_per_head": 1088, "params": 284902, "ms_per_step": 28.247299194335938, "elapsed_s": 89.15091681480408}
==== T=256 pairs=4 lr=0.01   arm: --arm mamba2smat --d 2 --mask-bank   Tue Sep  8 03:23:58 PM CDT 2026 ====
{"run": "mamba2smat_d2_T256_p4_zoo_bank_dm16_s0_lr0.01", "arm": "mamba2smat", "d": 2, "T": 256, "n_pairs": 4, "n_queries": 64, "n_keys": 2048, "ctx_start": 0, "layers": 2, "d_model": 16, "heads": 1, "r": 64, "chunk": 64, "steps": 2500, "nb": 256, "lr": 0.01, "warmup": 100, "eval_every": 250, "eval_n": 512, "qk_norm": true, "short_conv": 0, "triton_bwd": false, "no_amp": false, "phi": "elu1", "decay": "off", "dt_min": 0.001, "dt_max": 0.1, "A_min": 1.0, "A_max": 16.0, "scan_kernel": "phi", "gate_wd": 0.1, "gate_lr_mult": 1.0, "wd": 0.1, "tag": "_lr0.01", "zoology": true, "n_P": 0, "early_stop": 0.99, "mask_bank": true, "vocab": 8192, "oracle_keep": false, "taylor_dim": 16, "pad_noise": false, "out": "results/mqar_zoogrid_dm16.csv", "device": "cuda", "seed": 0}
mask n=128: pairs occupy [0,8), queries in [8,256)
/sw/user/python/miniforge3-pytorch-2.11.0/lib/python3.12/site-packages/requests/__init__.py:113: RequestsDependencyWarning: urllib3 (2.7.0) or chardet (6.0.0.post1)/charset_normalizer (3.4.1) doesn't match a supported version!
  warnings.warn(
gate params: 2  (wd 0.1, lr x1.0, dt init [0.001, 0.1])
step   100  loss 8.3812  204 ms/step
step   200  loss 8.3394  38 ms/step
== eval step 250: acc 0.000  nll 8.341  noise share of normaliser per layer []
step   300  loss 8.3328  34 ms/step
step   400  loss 8.3378  36 ms/step
step   500  loss 8.3380  34 ms/step
== eval step 500: acc 0.000  nll 8.330  noise share of normaliser per layer []
step   600  loss 8.3309  34 ms/step
step   700  loss 8.3272  34 ms/step
== eval step 750: acc 0.000  nll 8.328  noise share of normaliser per layer []
step   800  loss 8.3275  34 ms/step
[2026-09-08T15:24:57.819] error: *** JOB 3114298 ON gh012 CANCELLED AT 2026-09-08T15:24:57 DUE to SIGNAL Terminated ***
