PyTorch 2.11.0 for DeltaAI (CUDA 13.0, Python 3.12)
Includes: transformers, accelerate, datasets, peft, lightning,
          timm, bitsandbytes, diffusers, mpi4py, tensorboard,
          wandb, jupyter, scipy, scikit-learn, opencv, nvitop
New in this build (sm_90 source builds):
  flash-attn, transformer_engine, xformers, apex, mamba-ssm,
  triton, torch-geometric, cupy-cuda13x, tensorrt, flashinfer
Known: transformer_engine and cupy currently fail at import due to
  a cu13 libcublasLt / cython ABI mismatch on this stack — use the
  other attention paths (flash-attn, xformers) and stock torch CUDA
  until an upstream fix lands.

For documentation and examples:
  https://docs.ncsa.illinois.edu/systems/deltaai/

Run setup-kernel prior to launching OOD job.

Quick start (on a compute node):
  module load python/miniforge3_pytorch/2.11.0
  conda activate base
  python -c "import torch; print(torch.cuda.is_available())"

CUDA extensions: CUDA_HOME, nvcc, and CMAKE_PREFIX_PATH come from the
auto-loaded cuda/13.1.1 module.

A conda environment has been detected
CONDA_PREFIX=/sw/user/python/miniforge3-pytorch-2.5.0 
Consider running 'conda deactivate' before loading this module.
CUDA Toolkit 13.1.1 loaded
Includes GPUDirect Storage (GDS) libraries
Requires NVIDIA driver 590+
Using gcc-native/14 (default in Cray PE 25.09)
host: gh145.hsn.cm.delta.internal.ncsa.edu   started: Tue Sep  8 02:53:26 PM CDT 2026
name, memory.total [MiB], driver_version
NVIDIA GH200 120GB, 97871 MiB, 595.71.05
torch 2.11.0+cu130 cuda True
triton 3.5.1

==== T=64 pairs=4 lr=0.001   arm: --arm mamba2 --short-conv 0   Tue Sep  8 02:53:34 PM CDT 2026 ====
{"run": "mamba2_T64_p4_zoo_dm16_s0_lr0.001", "arm": "mamba2", "d": 1, "T": 64, "n_pairs": 4, "n_queries": 64, "n_keys": 2048, "ctx_start": 0, "layers": 2, "d_model": 16, "heads": 1, "r": 64, "chunk": 16, "steps": 12500, "nb": 256, "lr": 0.001, "warmup": 100, "eval_every": 500, "eval_n": 512, "qk_norm": false, "short_conv": 0, "triton_bwd": false, "no_amp": false, "phi": "elu1", "decay": "off", "dt_min": 0.001, "dt_max": 0.1, "A_min": 1.0, "A_max": 16.0, "scan_kernel": "phi", "gate_wd": 0.1, "gate_lr_mult": 1.0, "wd": 0.1, "tag": "_lr0.001", "zoology": true, "n_P": 0, "early_stop": 0.99, "mask_bank": false, "vocab": 8192, "oracle_keep": false, "taylor_dim": 16, "pad_noise": false, "out": "results/mqar_zoogrid_dm16.csv", "device": "cuda", "seed": 0}
/sw/user/python/miniforge3-pytorch-2.11.0/lib/python3.12/site-packages/requests/__init__.py:113: RequestsDependencyWarning: urllib3 (2.7.0) or chardet (6.0.0.post1)/charset_normalizer (3.4.1) doesn't match a supported version!
  warnings.warn(
gate params: 2  (wd 0.1, lr x1.0, dt init [0.001, 0.1])
step   100  loss 8.6427  218 ms/step
step   200  loss 8.3871  24 ms/step
step   300  loss 8.3467  24 ms/step
step   400  loss 8.3358  25 ms/step
step   500  loss 8.3246  25 ms/step
== eval step 500: acc 0.000  nll 8.327  noise share of normaliser per layer []
step   600  loss 8.2988  25 ms/step
step   700  loss 8.1280  25 ms/step
step   800  loss 7.9829  25 ms/step
step   900  loss 7.8339  25 ms/step
step  1000  loss 7.7067  26 ms/step
== eval step 1000: acc 0.008  nll 7.689  noise share of normaliser per layer []
step  1100  loss 7.5985  25 ms/step
step  1200  loss 7.4743  25 ms/step
step  1300  loss 7.3772  25 ms/step
step  1400  loss 7.2619  25 ms/step
step  1500  loss 7.1805  24 ms/step
== eval step 1500: acc 0.010  nll 7.197  noise share of normaliser per layer []
step  1600  loss 7.0869  25 ms/step
step  1700  loss 7.0311  25 ms/step
step  1800  loss 6.9638  24 ms/step
step  1900  loss 6.9155  25 ms/step
step  2000  loss 6.8324  32 ms/step
== eval step 2000: acc 0.023  nll 6.821  noise share of normaliser per layer []
step  2100  loss 6.7952  28 ms/step
step  2200  loss 6.6288  24 ms/step
step  2300  loss 6.6741  24 ms/step
step  2400  loss 6.5962  25 ms/step
step  2500  loss 6.2783  26 ms/step
== eval step 2500: acc 0.065  nll 6.273  noise share of normaliser per layer []
step  2600  loss 5.0541  25 ms/step
step  2700  loss 4.3327  25 ms/step
step  2800  loss 3.6095  25 ms/step
step  2900  loss 2.9652  25 ms/step
step  3000  loss 2.5524  25 ms/step
== eval step 3000: acc 0.894  nll 2.541  noise share of normaliser per layer []
step  3100  loss 2.1339  25 ms/step
step  3200  loss 1.8370  24 ms/step
step  3300  loss 1.5999  25 ms/step
step  3400  loss 1.3412  24 ms/step
step  3500  loss 1.1165  24 ms/step
== eval step 3500: acc 0.944  nll 1.153  noise share of normaliser per layer []
step  3600  loss 0.9852  24 ms/step
step  3700  loss 0.8867  25 ms/step
step  3800  loss 0.7352  24 ms/step
step  3900  loss 0.6549  25 ms/step
step  4000  loss 0.5272  25 ms/step
== eval step 4000: acc 0.972  nll 0.532  noise share of normaliser per layer []
step  4100  loss 0.4681  24 ms/step
step  4200  loss 0.4079  24 ms/step
step  4300  loss 0.3948  25 ms/step
step  4400  loss 0.3690  25 ms/step
step  4500  loss 0.3048  25 ms/step
== eval step 4500: acc 0.969  nll 0.346  noise share of normaliser per layer []
step  4600  loss 0.2968  24 ms/step
step  4700  loss 0.3185  25 ms/step
step  4800  loss 0.2757  25 ms/step
step  4900  loss 0.2718  25 ms/step
step  5000  loss 0.2114  25 ms/step
== eval step 5000: acc 0.984  nll 0.212  noise share of normaliser per layer []
step  5100  loss 0.1899  25 ms/step
step  5200  loss 0.1653  25 ms/step
step  5300  loss 0.1501  25 ms/step
step  5400  loss 0.2018  25 ms/step
step  5500  loss 0.1900  25 ms/step
== eval step 5500: acc 0.987  nll 0.164  noise share of normaliser per layer []
step  5600  loss 0.1629  25 ms/step
step  5700  loss 0.1668  25 ms/step
step  5800  loss 0.1810  25 ms/step
step  5900  loss 0.1376  24 ms/step
step  6000  loss 0.1367  25 ms/step
== eval step 6000: acc 0.989  nll 0.129  noise share of normaliser per layer []
step  6100  loss 0.1093  25 ms/step
step  6200  loss 0.0971  25 ms/step
step  6300  loss 0.1473  25 ms/step
step  6400  loss 0.1072  25 ms/step
step  6500  loss 0.1293  25 ms/step
== eval step 6500: acc 0.981  nll 0.157  noise share of normaliser per layer []
step  6600  loss 0.0962  24 ms/step
step  6700  loss 0.0942  25 ms/step
step  6800  loss 0.1371  25 ms/step
step  6900  loss 0.1244  25 ms/step
step  7000  loss 0.0881  25 ms/step
== eval step 7000: acc 0.988  nll 0.116  noise share of normaliser per layer []
step  7100  loss 0.1012  25 ms/step
step  7200  loss 0.0918  25 ms/step
step  7300  loss 0.0743  25 ms/step
step  7400  loss 0.0659  25 ms/step
step  7500  loss 0.0703  25 ms/step
== eval step 7500: acc 0.995  nll 0.073  noise share of normaliser per layer []
early stop at step 7500: acc 0.995
done: {"run": "mamba2_T64_p4_zoo_dm16_s0_lr0.001", "arm": "mamba2", "d": "", "n_pairs": 4, "n_queries": 64, "n_keys": 2048, "step": 7500, "train_loss": 0.0703027993440628, "acc": 0.99462890625, "nll": 0.07270995219005272, "noise_share": "", "d_model": 16, "heads": 1, "r": 64, "n_P": 0, "seed": 0, "state_per_head": 1088, "params": 281830, "ms_per_step": 24.527567386627197, "elapsed_s": 207.361909866333}
==== T=64 pairs=4 lr=0.001   arm: --arm smat --d 1   Tue Sep  8 02:57:22 PM CDT 2026 ====
{"run": "smat_d1_T64_p4_zoo_signed_dm16_s0_decaymamba2_lr0.001", "arm": "smat", "d": 1, "T": 64, "n_pairs": 4, "n_queries": 64, "n_keys": 2048, "ctx_start": 0, "layers": 2, "d_model": 16, "heads": 1, "r": 128, "chunk": 16, "steps": 12500, "nb": 256, "lr": 0.001, "warmup": 100, "eval_every": 500, "eval_n": 512, "qk_norm": true, "short_conv": 3, "triton_bwd": false, "no_amp": false, "phi": "elu1", "decay": "mamba2", "dt_min": 0.05, "dt_max": 0.5, "A_min": 1.0, "A_max": 2.0, "scan_kernel": "signed", "gate_wd": 0.0, "gate_lr_mult": 1.0, "wd": 0.1, "tag": "_lr0.001", "zoology": true, "n_P": 0, "early_stop": 0.99, "mask_bank": false, "vocab": 8192, "oracle_keep": false, "taylor_dim": 16, "pad_noise": false, "out": "results/mqar_zoogrid_dm16.csv", "device": "cuda", "seed": 0}
mask n=32: pairs occupy [0,8), queries in [8,64)
gate params: 36  (wd 0.0, lr x1.0, dt init [0.05, 0.5])
step   100  loss 8.6481  33 ms/step
step   200  loss 8.3893  30 ms/step
step   300  loss 8.3452  30 ms/step
step   400  loss 8.2514  30 ms/step
step   500  loss 8.1194  30 ms/step
== eval step 500: acc 0.004  nll 8.112  noise share of normaliser per layer [0.335 0.362]
step   600  loss 7.9807  30 ms/step
step   700  loss 7.8711  30 ms/step
step   800  loss 7.8064  30 ms/step
step   900  loss 7.7192  30 ms/step
step  1000  loss 7.6564  30 ms/step
== eval step 1000: acc 0.004  nll 7.644  noise share of normaliser per layer [0.342 0.357]
step  1100  loss 7.5506  30 ms/step
step  1200  loss 7.4908  30 ms/step
step  1300  loss 7.5061  30 ms/step
step  1400  loss 7.4269  30 ms/step
step  1500  loss 7.3835  30 ms/step
== eval step 1500: acc 0.008  nll 7.382  noise share of normaliser per layer [0.296 0.344]
step  1600  loss 7.3791  30 ms/step
step  1700  loss 7.3201  30 ms/step
step  1800  loss 7.3371  30 ms/step
step  1900  loss 7.2632  30 ms/step
step  2000  loss 7.2608  30 ms/step
== eval step 2000: acc 0.003  nll 7.304  noise share of normaliser per layer [0.325 0.393]
step  2100  loss 7.2982  30 ms/step
step  2200  loss 7.2778  30 ms/step
step  2300  loss 7.3253  30 ms/step
step  2400  loss 7.2544  30 ms/step
step  2500  loss 7.2898  30 ms/step
== eval step 2500: acc 0.005  nll 7.261  noise share of normaliser per layer [0.281 0.352]
step  2600  loss 7.2780  30 ms/step
step  2700  loss 7.2442  30 ms/step
step  2800  loss 7.3039  30 ms/step
step  2900  loss 7.2886  30 ms/step
step  3000  loss 7.2596  30 ms/step
== eval step 3000: acc 0.007  nll 7.237  noise share of normaliser per layer [0.328 0.420]
step  3100  loss 7.2945  30 ms/step
step  3200  loss 7.1845  30 ms/step
step  3300  loss 7.2385  30 ms/step
step  3400  loss 7.2564  30 ms/step
step  3500  loss 7.1884  30 ms/step
== eval step 3500: acc 0.007  nll 7.197  noise share of normaliser per layer [0.317 0.401]
step  3600  loss 7.2003  30 ms/step
step  3700  loss 7.1049  30 ms/step
step  3800  loss 6.9140  30 ms/step
step  3900  loss 6.7967  30 ms/step
step  4000  loss 6.6120  30 ms/step
== eval step 4000: acc 0.060  nll 6.608  noise share of normaliser per layer [0.303 0.376]
step  4100  loss 6.5091  30 ms/step
step  4200  loss 6.6043  30 ms/step
step  4300  loss 6.4426  30 ms/step
step  4400  loss 6.5384  30 ms/step
step  4500  loss 6.4452  30 ms/step
== eval step 4500: acc 0.091  nll 6.414  noise share of normaliser per layer [0.351 0.471]
step  4600  loss 6.4678  30 ms/step
step  4700  loss 6.3332  30 ms/step
step  4800  loss 6.3705  30 ms/step
step  4900  loss 6.2798  30 ms/step
step  5000  loss 6.3072  30 ms/step
== eval step 5000: acc 0.093  nll 6.370  noise share of normaliser per layer [0.359 0.485]
step  5100  loss 6.2835  30 ms/step
step  5200  loss 6.2680  30 ms/step
step  5300  loss 6.3313  30 ms/step
step  5400  loss 6.2889  30 ms/step
step  5500  loss 6.3618  30 ms/step
== eval step 5500: acc 0.107  nll 6.321  noise share of normaliser per layer [0.382 0.523]
step  5600  loss 6.3136  30 ms/step
step  5700  loss 6.2374  31 ms/step
step  5800  loss 6.3541  30 ms/step
step  5900  loss 6.2338  33 ms/step
step  6000  loss 6.1783  30 ms/step
== eval step 6000: acc 0.109  nll 6.197  noise share of normaliser per layer [0.410 0.572]
step  6100  loss 6.2424  30 ms/step
step  6200  loss 6.2402  31 ms/step
step  6300  loss 6.2180  30 ms/step
step  6400  loss 6.2036  30 ms/step
step  6500  loss 6.1660  30 ms/step
== eval step 6500: acc 0.107  nll 6.192  noise share of normaliser per layer [0.334 0.509]
step  6600  loss 6.1312  30 ms/step
step  6700  loss 6.1307  30 ms/step
step  6800  loss 6.1992  30 ms/step
step  6900  loss 6.1353  31 ms/step
step  7000  loss 6.1027  30 ms/step
== eval step 7000: acc 0.108  nll 6.080  noise share of normaliser per layer [0.369 0.549]
step  7100  loss 6.0679  30 ms/step
step  7200  loss 6.1717  30 ms/step
step  7300  loss 6.0566  30 ms/step
step  7400  loss 5.9803  30 ms/step
step  7500  loss 6.0597  30 ms/step
== eval step 7500: acc 0.112  nll 6.050  noise share of normaliser per layer [0.380 0.565]
step  7600  loss 6.1804  30 ms/step
step  7700  loss 6.0142  30 ms/step
step  7800  loss 5.9470  30 ms/step
step  7900  loss 6.0701  30 ms/step
step  8000  loss 5.9899  30 ms/step
== eval step 8000: acc 0.121  nll 6.008  noise share of normaliser per layer [0.351 0.558]
step  8100  loss 5.9822  32 ms/step
step  8200  loss 5.9723  32 ms/step
step  8300  loss 6.0100  30 ms/step
step  8400  loss 5.9402  30 ms/step
step  8500  loss 5.9364  30 ms/step
== eval step 8500: acc 0.120  nll 5.964  noise share of normaliser per layer [0.322 0.521]
step  8600  loss 5.9271  31 ms/step
step  8700  loss 5.9301  30 ms/step
step  8800  loss 5.8820  30 ms/step
step  8900  loss 5.9940  30 ms/step
step  9000  loss 5.9833  30 ms/step
== eval step 9000: acc 0.123  nll 5.913  noise share of normaliser per layer [0.408 0.587]
step  9100  loss 5.9727  30 ms/step
step  9200  loss 5.8626  30 ms/step
step  9300  loss 5.9514  30 ms/step
step  9400  loss 5.8979  30 ms/step
step  9500  loss 6.0043  30 ms/step
== eval step 9500: acc 0.108  nll 5.972  noise share of normaliser per layer [0.345 0.544]
step  9600  loss 5.9331  30 ms/step
step  9700  loss 5.9919  30 ms/step
step  9800  loss 5.8722  30 ms/step
step  9900  loss 5.9194  30 ms/step
step 10000  loss 5.8537  30 ms/step
== eval step 10000: acc 0.125  nll 5.885  noise share of normaliser per layer [0.296 0.471]
step 10100  loss 5.9604  30 ms/step
step 10200  loss 5.8982  32 ms/step
step 10300  loss 5.9265  32 ms/step
step 10400  loss 5.8190  30 ms/step
step 10500  loss 5.9745  30 ms/step
== eval step 10500: acc 0.136  nll 5.887  noise share of normaliser per layer [0.355 0.525]
step 10600  loss 5.9870  30 ms/step
step 10700  loss 5.8943  30 ms/step
step 10800  loss 5.9504  30 ms/step
step 10900  loss 5.8750  30 ms/step
step 11000  loss 5.9891  30 ms/step
== eval step 11000: acc 0.125  nll 5.928  noise share of normaliser per layer [0.415 0.581]
step 11100  loss 5.9490  30 ms/step
step 11200  loss 5.9111  30 ms/step
step 11300  loss 5.8688  30 ms/step
step 11400  loss 5.9271  30 ms/step
step 11500  loss 5.8954  30 ms/step
== eval step 11500: acc 0.119  nll 5.909  noise share of normaliser per layer [0.343 0.516]
step 11600  loss 5.9557  30 ms/step
step 11700  loss 5.8108  30 ms/step
step 11800  loss 5.7834  30 ms/step
step 11900  loss 5.8705  30 ms/step
step 12000  loss 5.8777  30 ms/step
== eval step 12000: acc 0.120  nll 5.923  noise share of normaliser per layer [0.339 0.525]
step 12100  loss 5.9078  30 ms/step
step 12200  loss 5.8703  30 ms/step
step 12300  loss 5.8708  30 ms/step
step 12400  loss 5.8056  30 ms/step
step 12500  loss 5.8568  30 ms/step
== eval step 12500: acc 0.115  nll 5.935  noise share of normaliser per layer [0.316 0.504]
done: {"run": "smat_d1_T64_p4_zoo_signed_dm16_s0_decaymamba2_lr0.001", "arm": "smat", "d": 1, "n_pairs": 4, "n_queries": 64, "n_keys": 2048, "step": 12500, "train_loss": 5.856759548187256, "acc": 0.115234375, "nll": 5.935278683900833, "noise_share": "0.316 0.504", "d_model": 16, "heads": 1, "r": 128, "n_P": 0, "seed": 0, "state_per_head": 2176, "params": 278180, "ms_per_step": 29.96090793609619, "elapsed_s": 381.7785940170288}
==== T=64 pairs=4 lr=0.00316   arm: --arm mamba2 --short-conv 0   Tue Sep  8 03:03:48 PM CDT 2026 ====
{"run": "mamba2_T64_p4_zoo_dm16_s0_lr0.00316", "arm": "mamba2", "d": 1, "T": 64, "n_pairs": 4, "n_queries": 64, "n_keys": 2048, "ctx_start": 0, "layers": 2, "d_model": 16, "heads": 1, "r": 64, "chunk": 16, "steps": 12500, "nb": 256, "lr": 0.00316, "warmup": 100, "eval_every": 500, "eval_n": 512, "qk_norm": false, "short_conv": 0, "triton_bwd": false, "no_amp": false, "phi": "elu1", "decay": "off", "dt_min": 0.001, "dt_max": 0.1, "A_min": 1.0, "A_max": 16.0, "scan_kernel": "phi", "gate_wd": 0.1, "gate_lr_mult": 1.0, "wd": 0.1, "tag": "_lr0.00316", "zoology": true, "n_P": 0, "early_stop": 0.99, "mask_bank": false, "vocab": 8192, "oracle_keep": false, "taylor_dim": 16, "pad_noise": false, "out": "results/mqar_zoogrid_dm16.csv", "device": "cuda", "seed": 0}
/sw/user/python/miniforge3-pytorch-2.11.0/lib/python3.12/site-packages/requests/__init__.py:113: RequestsDependencyWarning: urllib3 (2.7.0) or chardet (6.0.0.post1)/charset_normalizer (3.4.1) doesn't match a supported version!
  warnings.warn(
gate params: 2  (wd 0.1, lr x1.0, dt init [0.001, 0.1])
step   100  loss 8.4047  171 ms/step
step   200  loss 8.3530  25 ms/step
step   300  loss 8.3396  25 ms/step
step   400  loss 8.1994  25 ms/step
step   500  loss 7.9100  25 ms/step
== eval step 500: acc 0.002  nll 7.892  noise share of normaliser per layer []
step   600  loss 7.6937  25 ms/step
step   700  loss 7.4549  25 ms/step
step   800  loss 7.2587  25 ms/step
step   900  loss 7.1980  25 ms/step
step  1000  loss 6.9182  25 ms/step
== eval step 1000: acc 0.015  nll 6.930  noise share of normaliser per layer []
step  1100  loss 6.0021  25 ms/step
step  1200  loss 4.3921  25 ms/step
step  1300  loss 2.8892  25 ms/step
step  1400  loss 2.0034  25 ms/step
step  1500  loss 1.3743  25 ms/step
== eval step 1500: acc 0.900  nll 1.392  noise share of normaliser per layer []
step  1600  loss 0.9781  25 ms/step
step  1700  loss 0.7389  25 ms/step
step  1800  loss 0.5220  25 ms/step
step  1900  loss 0.3595  25 ms/step
step  2000  loss 0.3459  25 ms/step
== eval step 2000: acc 0.961  nll 0.331  noise share of normaliser per layer []
step  2100  loss 0.2785  25 ms/step
step  2200  loss 0.2467  25 ms/step
step  2300  loss 0.2631  25 ms/step
step  2400  loss 0.1996  25 ms/step
step  2500  loss 0.1710  25 ms/step
== eval step 2500: acc 0.964  nll 0.204  noise share of normaliser per layer []
step  2600  loss 0.1232  25 ms/step
step  2700  loss 0.2004  25 ms/step
step  2800  loss 0.1819  25 ms/step
step  2900  loss 0.1249  25 ms/step
step  3000  loss 0.1387  25 ms/step
== eval step 3000: acc 0.983  nll 0.113  noise share of normaliser per layer []
step  3100  loss 0.1336  25 ms/step
step  3200  loss 0.1449  25 ms/step
step  3300  loss 0.0825  25 ms/step
step  3400  loss 0.1142  25 ms/step
step  3500  loss 0.0956  25 ms/step
== eval step 3500: acc 0.988  nll 0.103  noise share of normaliser per layer []
step  3600  loss 0.0607  25 ms/step
step  3700  loss 0.0950  25 ms/step
step  3800  loss 0.0757  25 ms/step
step  3900  loss 0.0933  25 ms/step
step  4000  loss 0.1057  25 ms/step
== eval step 4000: acc 0.988  nll 0.089  noise share of normaliser per layer []
step  4100  loss 0.0716  25 ms/step
step  4200  loss 0.0712  25 ms/step
step  4300  loss 0.0728  25 ms/step
step  4400  loss 0.0604  26 ms/step
step  4500  loss 0.0757  26 ms/step
== eval step 4500: acc 0.991  nll 0.073  noise share of normaliser per layer []
early stop at step 4500: acc 0.991
done: {"run": "mamba2_T64_p4_zoo_dm16_s0_lr0.00316", "arm": "mamba2", "d": "", "n_pairs": 4, "n_queries": 64, "n_keys": 2048, "step": 4500, "train_loss": 0.07572311162948608, "acc": 0.9912109375, "nll": 0.07291236461605877, "noise_share": "", "d_model": 16, "heads": 1, "r": 64, "n_P": 0, "seed": 0, "state_per_head": 1088, "params": 281830, "ms_per_step": 25.40993642807007, "elapsed_s": 129.04451203346252}
==== T=64 pairs=4 lr=0.00316   arm: --arm smat --d 1   Tue Sep  8 03:06:10 PM CDT 2026 ====
{"run": "smat_d1_T64_p4_zoo_signed_dm16_s0_decaymamba2_lr0.00316", "arm": "smat", "d": 1, "T": 64, "n_pairs": 4, "n_queries": 64, "n_keys": 2048, "ctx_start": 0, "layers": 2, "d_model": 16, "heads": 1, "r": 128, "chunk": 16, "steps": 12500, "nb": 256, "lr": 0.00316, "warmup": 100, "eval_every": 500, "eval_n": 512, "qk_norm": true, "short_conv": 3, "triton_bwd": false, "no_amp": false, "phi": "elu1", "decay": "mamba2", "dt_min": 0.05, "dt_max": 0.5, "A_min": 1.0, "A_max": 2.0, "scan_kernel": "signed", "gate_wd": 0.0, "gate_lr_mult": 1.0, "wd": 0.1, "tag": "_lr0.00316", "zoology": true, "n_P": 0, "early_stop": 0.99, "mask_bank": false, "vocab": 8192, "oracle_keep": false, "taylor_dim": 16, "pad_noise": false, "out": "results/mqar_zoogrid_dm16.csv", "device": "cuda", "seed": 0}
mask n=32: pairs occupy [0,8), queries in [8,64)
gate params: 36  (wd 0.0, lr x1.0, dt init [0.05, 0.5])
step   100  loss 8.4053  34 ms/step
step   200  loss 8.3526  32 ms/step
step   300  loss 8.2908  31 ms/step
step   400  loss 7.9836  32 ms/step
step   500  loss 7.6885  32 ms/step
== eval step 500: acc 0.004  nll 7.674  noise share of normaliser per layer [0.345 0.416]
step   600  loss 7.4543  32 ms/step
step   700  loss 7.2715  31 ms/step
step   800  loss 7.1975  31 ms/step
step   900  loss 7.0935  31 ms/step
step  1000  loss 6.9781  31 ms/step
== eval step 1000: acc 0.012  nll 7.047  noise share of normaliser per layer [0.363 0.429]
step  1100  loss 7.0576  31 ms/step
step  1200  loss 6.9957  32 ms/step
step  1300  loss 7.0177  32 ms/step
step  1400  loss 6.8966  31 ms/step
step  1500  loss 6.9452  31 ms/step
== eval step 1500: acc 0.012  nll 6.869  noise share of normaliser per layer [0.332 0.375]
step  1600  loss 6.8435  31 ms/step
step  1700  loss 6.8120  31 ms/step
step  1800  loss 6.8244  31 ms/step
step  1900  loss 6.8020  31 ms/step
step  2000  loss 6.7008  31 ms/step
== eval step 2000: acc 0.020  nll 6.747  noise share of normaliser per layer [0.359 0.388]
step  2100  loss 6.7580  31 ms/step
step  2200  loss 6.5961  30 ms/step
step  2300  loss 6.6089  31 ms/step
step  2400  loss 6.6749  31 ms/step
step  2500  loss 6.5680  31 ms/step
== eval step 2500: acc 0.023  nll 6.610  noise share of normaliser per layer [0.318 0.343]
step  2600  loss 6.6568  31 ms/step
step  2700  loss 6.5390  31 ms/step
step  2800  loss 6.5642  31 ms/step
step  2900  loss 6.6357  31 ms/step
step  3000  loss 6.6034  31 ms/step
== eval step 3000: acc 0.021  nll 6.690  noise share of normaliser per layer [0.373 0.399]
step  3100  loss 6.5474  31 ms/step
step  3200  loss 6.6334  31 ms/step
step  3300  loss 6.6180  31 ms/step
step  3400  loss 6.5518  32 ms/step
step  3500  loss 6.6489  31 ms/step
== eval step 3500: acc 0.017  nll 6.644  noise share of normaliser per layer [0.365 0.388]
step  3600  loss 6.5808  31 ms/step
step  3700  loss 6.5976  31 ms/step
step  3800  loss 6.6292  31 ms/step
step  3900  loss 6.6134  31 ms/step
step  4000  loss 6.6367  32 ms/step
== eval step 4000: acc 0.022  nll 6.626  noise share of normaliser per layer [0.337 0.355]
step  4100  loss 6.5318  32 ms/step
step  4200  loss 6.6369  31 ms/step
step  4300  loss 6.6311  31 ms/step
step  4400  loss 6.6485  31 ms/step
step  4500  loss 6.6322  31 ms/step
== eval step 4500: acc 0.027  nll 6.591  noise share of normaliser per layer [0.382 0.400]
step  4600  loss 6.5916  33 ms/step
step  4700  loss 6.6622  35 ms/step
step  4800  loss 6.6238  34 ms/step
step  4900  loss 6.5563  34 ms/step
step  5000  loss 6.5735  34 ms/step
== eval step 5000: acc 0.021  nll 6.614  noise share of normaliser per layer [0.388 0.403]
step  5100  loss 6.4581  33 ms/step
step  5200  loss 6.5255  31 ms/step
step  5300  loss 6.6119  31 ms/step
step  5400  loss 6.5706  31 ms/step
step  5500  loss 6.5514  32 ms/step
== eval step 5500: acc 0.021  nll 6.647  noise share of normaliser per layer [0.414 0.426]
step  5600  loss 6.5588  32 ms/step
step  5700  loss 6.5842  32 ms/step
step  5800  loss 6.6058  32 ms/step
step  5900  loss 6.4957  31 ms/step
step  6000  loss 6.4872  31 ms/step
== eval step 6000: acc 0.029  nll 6.516  noise share of normaliser per layer [0.442 0.455]
step  6100  loss 6.4990  31 ms/step
step  6200  loss 6.5314  31 ms/step
step  6300  loss 6.4961  32 ms/step
step  6400  loss 6.5299  32 ms/step
step  6500  loss 6.4931  32 ms/step
== eval step 6500: acc 0.028  nll 6.510  noise share of normaliser per layer [0.362 0.372]
step  6600  loss 6.4486  31 ms/step
step  6700  loss 6.4900  31 ms/step
step  6800  loss 6.4864  31 ms/step
step  6900  loss 6.5132  31 ms/step
step  7000  loss 6.4782  32 ms/step
== eval step 7000: acc 0.034  nll 6.423  noise share of normaliser per layer [0.398 0.406]
step  7100  loss 6.4678  32 ms/step
step  7200  loss 6.5038  32 ms/step
step  7300  loss 6.4808  33 ms/step
step  7400  loss 6.3927  31 ms/step
step  7500  loss 6.4873  31 ms/step
== eval step 7500: acc 0.034  nll 6.493  noise share of normaliser per layer [0.411 0.418]
step  7600  loss 6.5575  31 ms/step
step  7700  loss 6.4502  31 ms/step
step  7800  loss 6.4554  30 ms/step
step  7900  loss 6.4712  31 ms/step
step  8000  loss 6.4308  31 ms/step
== eval step 8000: acc 0.037  nll 6.497  noise share of normaliser per layer [0.379 0.385]
step  8100  loss 6.4736  31 ms/step
step  8200  loss 6.5249  31 ms/step
step  8300  loss 6.4947  31 ms/step
step  8400  loss 6.3731  31 ms/step
step  8500  loss 6.5737  31 ms/step
== eval step 8500: acc 0.039  nll 6.505  noise share of normaliser per layer [0.348 0.353]
step  8600  loss 6.4794  31 ms/step
step  8700  loss 6.3805  32 ms/step
[2026-09-08T15:10:52.461] error: *** JOB 3114219 ON gh145 CANCELLED AT 2026-09-08T15:10:52 DUE to SIGNAL Terminated ***
