/sw/user/python/miniforge3-pytorch-2.11.0/lib/python3.12/site-packages/requests/__init__.py:113: RequestsDependencyWarning: urllib3 (2.7.0) or chardet (6.0.0.post1)/charset_normalizer (3.4.1) doesn't match a supported version!
  warnings.warn(
/u/archerdw/smat_attention/deltaai/results/paper_seeds_20260920/source/joint/zoology/mixers/mamba_ssm/ops/triton/ssd_combined.py:758: FutureWarning: `torch.cuda.amp.custom_fwd(args...)` is deprecated. Please use `torch.amp.custom_fwd(args..., device_type='cuda')` instead.
  @custom_fwd
/u/archerdw/smat_attention/deltaai/results/paper_seeds_20260920/source/joint/zoology/mixers/mamba_ssm/ops/triton/ssd_combined.py:836: FutureWarning: `torch.cuda.amp.custom_bwd(args...)` is deprecated. Please use `torch.amp.custom_bwd(args..., device_type='cuda')` instead.
  @custom_bwd
Skipping import of cpp extensions due to incompatible torch version 2.11.0+cu130 for torchao version 0.15.0             Please see https://github.com/pytorch/ao/issues/2919 for more info
hi mamba!
hi mamba!
hi mamba!
hi mamba!
hi mamba!
hi mamba!
hi mamba!
hi mamba!
hi mamba!
hi mamba!
hi mamba!
hi mamba!
hi mamba!
hi mamba!
hi mamba!
hi mamba!
hi mamba!
hi mamba!
hi mamba!
hi mamba!
hi mamba!
hi mamba!
hi mamba!
hi mamba!
hi mamba!
hi mamba!
hi mamba!
hi mamba!
hi mamba!
hi mamba!
hi mamba!
hi mamba!
hi mamba!
hi mamba!
hi mamba!
hi mamba!
hi mamba!
hi mamba!
hi mamba!
hi mamba!
hi mamba!
hi mamba!
hi mamba!
hi mamba!
hi mamba!
hi mamba!
hi mamba!
hi mamba!
hi mamba!
hi mamba!
hi mamba!
hi mamba!
hi mamba!
hi mamba!
TIMING {"family": "mamba2", "backend": "dense", "length": 64, "batch_size": 256, "mean_seconds": 0.009846164379268885, "median_seconds": 0.009846740984357893, "samples_seconds": [0.009875635034404695, 0.009781493921764195, 0.009846740984357893, 0.009740567998960614, 0.009986383956857026], "peak_memory_gb": 0.642719744, "parameters": 105984, "loss": 4.523380279541016, "gpu": "NVIDIA GH200 120GB"}
hi mamba!
hi mamba!
hi mamba!
hi mamba!
hi mamba!
hi mamba!
hi mamba!
hi mamba!
hi mamba!
hi mamba!
hi mamba!
hi mamba!
hi mamba!
hi mamba!
hi mamba!
hi mamba!
hi mamba!
hi mamba!
hi mamba!
hi mamba!
hi mamba!
hi mamba!
hi mamba!
hi mamba!
hi mamba!
hi mamba!
hi mamba!
hi mamba!
hi mamba!
hi mamba!
hi mamba!
hi mamba!
hi mamba!
hi mamba!
hi mamba!
hi mamba!
hi mamba!
hi mamba!
hi mamba!
hi mamba!
hi mamba!
hi mamba!
hi mamba!
hi mamba!
hi mamba!
hi mamba!
hi mamba!
hi mamba!
hi mamba!
hi mamba!
hi mamba!
hi mamba!
hi mamba!
hi mamba!
TIMING {"family": "mamba2", "backend": "dense", "length": 100, "batch_size": 256, "mean_seconds": 0.010302680218592286, "median_seconds": 0.010253638960421085, "samples_seconds": [0.010492191067896783, 0.010191816021688282, 0.010453472030349076, 0.010253638960421085, 0.010122283012606204], "peak_memory_gb": 1.321843712, "parameters": 105984, "loss": 4.467860221862793, "gpu": "NVIDIA GH200 120GB"}
hi mamba!
hi mamba!
hi mamba!
hi mamba!
hi mamba!
hi mamba!
hi mamba!
hi mamba!
hi mamba!
hi mamba!
hi mamba!
hi mamba!
hi mamba!
hi mamba!
hi mamba!
hi mamba!
hi mamba!
hi mamba!
hi mamba!
hi mamba!
hi mamba!
hi mamba!
hi mamba!
hi mamba!
hi mamba!
hi mamba!
hi mamba!
hi mamba!
hi mamba!
hi mamba!
hi mamba!
hi mamba!
hi mamba!
hi mamba!
hi mamba!
hi mamba!
hi mamba!
hi mamba!
hi mamba!
hi mamba!
hi mamba!
hi mamba!
hi mamba!
hi mamba!
hi mamba!
hi mamba!
hi mamba!
hi mamba!
hi mamba!
hi mamba!
hi mamba!
hi mamba!
hi mamba!
hi mamba!
TIMING {"family": "mamba2", "backend": "dense", "length": 772, "batch_size": 256, "mean_seconds": 0.28300347542390225, "median_seconds": 0.28308762004598975, "samples_seconds": [0.282858444028534, 0.2831069150706753, 0.28308762004598975, 0.28281543706543744, 0.28314896090887487], "peak_memory_gb": 9.29092864, "parameters": 105984, "loss": 4.399832725524902, "gpu": "NVIDIA GH200 120GB"}
hi mamba!
hi mamba!
hi mamba!
hi mamba!
hi mamba!
hi mamba!
hi mamba!
hi mamba!
hi mamba!
hi mamba!
hi mamba!
hi mamba!
hi mamba!
hi mamba!
hi mamba!
hi mamba!
hi mamba!
hi mamba!
hi mamba!
hi mamba!
hi mamba!
hi mamba!
hi mamba!
hi mamba!
hi mamba!
hi mamba!
hi mamba!
hi mamba!
hi mamba!
hi mamba!
hi mamba!
hi mamba!
hi mamba!
hi mamba!
hi mamba!
hi mamba!
hi mamba!
hi mamba!
hi mamba!
hi mamba!
hi mamba!
hi mamba!
hi mamba!
hi mamba!
hi mamba!
hi mamba!
hi mamba!
hi mamba!
hi mamba!
hi mamba!
hi mamba!
hi mamba!
hi mamba!
hi mamba!
TIMING {"family": "mamba2", "backend": "dense", "length": 1540, "batch_size": 256, "mean_seconds": 1.1468300370266662, "median_seconds": 1.1469394610030577, "samples_seconds": [1.1469394610030577, 1.14663054398261, 1.1470771830063313, 1.1464422930730507, 1.1470607040682808], "peak_memory_gb": 11.172329984, "parameters": 105984, "loss": 4.383203029632568, "gpu": "NVIDIA GH200 120GB"}
hi mamba!
hi mamba!
hi mamba!
hi mamba!
hi mamba!
hi mamba!
hi mamba!
hi mamba!
hi mamba!
hi mamba!
hi mamba!
hi mamba!
hi mamba!
hi mamba!
hi mamba!
hi mamba!
hi mamba!
hi mamba!
hi mamba!
hi mamba!
hi mamba!
hi mamba!
hi mamba!
hi mamba!
hi mamba!
hi mamba!
hi mamba!
hi mamba!
hi mamba!
hi mamba!
hi mamba!
hi mamba!
hi mamba!
hi mamba!
hi mamba!
hi mamba!
hi mamba!
hi mamba!
hi mamba!
hi mamba!
hi mamba!
hi mamba!
hi mamba!
hi mamba!
hi mamba!
hi mamba!
hi mamba!
hi mamba!
hi mamba!
hi mamba!
hi mamba!
hi mamba!
hi mamba!
hi mamba!
TIMING {"family": "mamba2", "backend": "dense", "length": 3076, "batch_size": 256, "mean_seconds": 5.124403882189654, "median_seconds": 5.112883682013489, "samples_seconds": [5.112459823023528, 5.112883682013489, 5.112263413961045, 5.1162009770050645, 5.168211514945142], "peak_memory_gb": 14.805659136, "parameters": 105984, "loss": 4.37593412399292, "gpu": "NVIDIA GH200 120GB"}
BENCHMARK_COMPLETE dense mamba2
/u/archerdw/triton371/triton/language/core.py:2284: UserWarning: tl.make_block_ptr is deprecated. Use TensorDescriptor or tl.make_tensor_descriptor instead.
  warn("tl.make_block_ptr is deprecated. Use TensorDescriptor or tl.make_tensor_descriptor instead.")
FORWARD mamba2 64 0.002599234925583005
CHECK {"family": "mamba2", "length": 64, "forward_error": 0.002599234925583005, "gradient_errors": [0.002668810775503516, 0.0026098687667399645, 0.00312818237580359, 3.4517006497480907e-07, 0.0]}
FORWARD mamba2 100 0.002937665209174156
CHECK {"family": "mamba2", "length": 100, "forward_error": 0.002937665209174156, "gradient_errors": [0.0028942504432052374, 0.003089059377089143, 0.00348498928360641, 0.0009029758512042463, 0.000959679193329066]}
FORWARD mamba2 256 0.0032026281114667654
CHECK {"family": "mamba2", "length": 256, "forward_error": 0.0032026281114667654, "gradient_errors": [0.003231867915019393, 0.0031986997928470373, 0.0035919100046157837, 0.0010818991577252746, 0.0009481757297180593]}
FORWARD mamba2 772 0.003369021462276578
CHECK {"family": "mamba2", "length": 772, "forward_error": 0.003369021462276578, "gradient_errors": [0.003404805902391672, 0.003528342815116048, 0.0038036340847611427, 0.0012928778305649757, 0.001281891716644168]}
FORWARD mamba2 1540 0.0034522716887295246
CHECK {"family": "mamba2", "length": 1540, "forward_error": 0.0034522716887295246, "gradient_errors": [0.0034240165259689093, 0.0034903748892247677, 0.0037937078159302473, 0.0013312624068930745, 0.0011768200201913714]}
FORWARD mamba2 3076 0.0034568868577480316
CHECK {"family": "mamba2", "length": 3076, "forward_error": 0.0034568868577480316, "gradient_errors": [0.003449474461376667, 0.003496699035167694, 0.003806646913290024, 0.0012944755144417286, 0.001230045803822577]}
ALL_OPERATOR_CHECKS_PASSED mamba2
/sw/user/python/miniforge3-pytorch-2.11.0/lib/python3.12/site-packages/requests/__init__.py:113: RequestsDependencyWarning: urllib3 (2.7.0) or chardet (6.0.0.post1)/charset_normalizer (3.4.1) doesn't match a supported version!
  warnings.warn(
/u/archerdw/smat_attention/deltaai/results/paper_seeds_20260920/source/joint/zoology/mixers/mamba_ssm/ops/triton/ssd_combined.py:758: FutureWarning: `torch.cuda.amp.custom_fwd(args...)` is deprecated. Please use `torch.amp.custom_fwd(args..., device_type='cuda')` instead.
  @custom_fwd
/u/archerdw/smat_attention/deltaai/results/paper_seeds_20260920/source/joint/zoology/mixers/mamba_ssm/ops/triton/ssd_combined.py:836: FutureWarning: `torch.cuda.amp.custom_bwd(args...)` is deprecated. Please use `torch.amp.custom_bwd(args..., device_type='cuda')` instead.
  @custom_bwd
Skipping import of cpp extensions due to incompatible torch version 2.11.0+cu130 for torchao version 0.15.0             Please see https://github.com/pytorch/ao/issues/2919 for more info
hi mamba!
hi mamba!
hi mamba!
hi mamba!
hi mamba!
hi mamba!
hi mamba!
hi mamba!
hi mamba!
hi mamba!
hi mamba!
hi mamba!
hi mamba!
hi mamba!
hi mamba!
hi mamba!
hi mamba!
hi mamba!
hi mamba!
hi mamba!
hi mamba!
hi mamba!
hi mamba!
hi mamba!
hi mamba!
hi mamba!
hi mamba!
hi mamba!
hi mamba!
hi mamba!
hi mamba!
hi mamba!
hi mamba!
hi mamba!
hi mamba!
hi mamba!
hi mamba!
hi mamba!
hi mamba!
hi mamba!
hi mamba!
hi mamba!
hi mamba!
hi mamba!
hi mamba!
hi mamba!
hi mamba!
hi mamba!
hi mamba!
hi mamba!
hi mamba!
hi mamba!
hi mamba!
hi mamba!
/u/archerdw/triton371/triton/language/core.py:2284: UserWarning: tl.make_block_ptr is deprecated. Use TensorDescriptor or tl.make_tensor_descriptor instead.
  warn("tl.make_block_ptr is deprecated. Use TensorDescriptor or tl.make_tensor_descriptor instead.")
Traceback (most recent call last):
  File "/u/archerdw/triton371/triton/language/core.py", line 43, in wrapper
    return fn(*args, **kwargs)
           ^^^^^^^^^^^^^^^^^^^
  File "/u/archerdw/triton371/triton/language/core.py", line 2090, in dot
    res = _semantic.dot(input, other, acc, input_precision, max_num_imprecise_acc, out_dtype)
          ^^^^^^^^^^^^^^^^^^^^^^^^^^^^^^^^^^^^^^^^^^^^^^^^^^^^^^^^^^^^^^^^^^^^^^^^^^^^^^^^^^^
  File "/u/archerdw/triton371/triton/language/semantic.py", line 1502, in dot
    assert lhs.dtype == rhs.dtype, f"Both operands must be same dtype. Got {lhs.dtype} and {rhs.dtype}"
           ^^^^^^^^^^^^^^^^^^^^^^
AssertionError: Both operands must be same dtype. Got bf16 and fp32

The above exception was the direct cause of the following exception:

Traceback (most recent call last):
  File "/u/archerdw/smat_attention/deltaai/paper_seeds/optimized_probe/benchmark.py", line 50, in <module>
    loss.backward()
  File "/sw/user/python/miniforge3-pytorch-2.11.0/lib/python3.12/site-packages/torch/_tensor.py", line 631, in backward
    torch.autograd.backward(
  File "/sw/user/python/miniforge3-pytorch-2.11.0/lib/python3.12/site-packages/torch/autograd/__init__.py", line 381, in backward
    _engine_run_backward(
  File "/sw/user/python/miniforge3-pytorch-2.11.0/lib/python3.12/site-packages/torch/autograd/graph.py", line 869, in _engine_run_backward
    return Variable._execution_engine.run_backward(  # Calls into the C++ engine to run the backward pass
           ^^^^^^^^^^^^^^^^^^^^^^^^^^^^^^^^^^^^^^^^^^^^^^^^^^^^^^^^^^^^^^^^^^^^^^^^^^^^^^^^^^^^^^^^^^^^^^
  File "/sw/user/python/miniforge3-pytorch-2.11.0/lib/python3.12/site-packages/torch/autograd/function.py", line 317, in apply
    return user_fn(self, *args)
           ^^^^^^^^^^^^^^^^^^^^
  File "/u/archerdw/smat_attention/deltaai/paper_seeds/optimized_probe/upstream/paper_legacy_fla/utils.py", line 83, in wrapper
    return fn(*contiguous_args, **contiguous_kwargs)
           ^^^^^^^^^^^^^^^^^^^^^^^^^^^^^^^^^^^^^^^^^
  File "/sw/user/python/miniforge3-pytorch-2.11.0/lib/python3.12/site-packages/torch/amp/autocast_mode.py", line 527, in decorate_bwd
    return bwd(*args, **kwargs)  # pyrefly: ignore [not-callable]
           ^^^^^^^^^^^^^^^^^^^^
  File "/u/archerdw/smat_attention/deltaai/paper_seeds/optimized_probe/upstream/hattention/kernel.py", line 189, in backward
    dq, dk, dv, dg, dl = chunkwise_bwd(  # type: ignore
                         ^^^^^^^^^^^^^^^^^^^^^^^^^^^^^^
  File "/u/archerdw/smat_attention/deltaai/paper_seeds/optimized_probe/upstream/hattention/autotune.py", line 26, in _run
    return autotuner.run(*args, **kwargs)
           ^^^^^^^^^^^^^^^^^^^^^^^^^^^^^^
  File "/u/archerdw/triton371/triton/runtime/autotuner.py", line 252, in run
    ret = self.fn.run(
          ^^^^^^^^^^^^
  File "/u/archerdw/smat_attention/deltaai/paper_seeds/optimized_probe/upstream/hattention/autotune.py", line 50, in run
    return self.fn(*args, **kwargs)
           ^^^^^^^^^^^^^^^^^^^^^^^^
  File "/u/archerdw/smat_attention/deltaai/paper_seeds/optimized_probe/upstream/hattention/chunkwise.py", line 1391, in chunkwise_bwd
    assert_contiguous(chunk_bwd_kernel_dqkwg[grid_dqkwg])(
  File "/u/archerdw/smat_attention/deltaai/paper_seeds/optimized_probe/upstream/hattention/chunkwise.py", line 30, in wrapper
    return fn(*args, **kwargs)
           ^^^^^^^^^^^^^^^^^^^
  File "/u/archerdw/triton371/triton/runtime/jit.py", line 370, in <lambda>
    return lambda *args, **kwargs: self.run(grid=grid, warmup=False, *args, **kwargs)
                                   ^^^^^^^^^^^^^^^^^^^^^^^^^^^^^^^^^^^^^^^^^^^^^^^^^^
  File "/u/archerdw/triton371/triton/runtime/autotuner.py", line 459, in run
    return self.fn.run(*args, **kwargs)
           ^^^^^^^^^^^^^^^^^^^^^^^^^^^^
  File "/u/archerdw/triton371/triton/runtime/autotuner.py", line 252, in run
    ret = self.fn.run(
          ^^^^^^^^^^^^
  File "/u/archerdw/triton371/triton/runtime/jit.py", line 739, in run
    kernel = self._do_compile(key, signature, device, constexprs, options, attrs, warmup)
             ^^^^^^^^^^^^^^^^^^^^^^^^^^^^^^^^^^^^^^^^^^^^^^^^^^^^^^^^^^^^^^^^^^^^^^^^^^^^
  File "/u/archerdw/triton371/triton/runtime/jit.py", line 884, in _do_compile
    kernel = self.compile(src, target=target, options=options.__dict__)
             ^^^^^^^^^^^^^^^^^^^^^^^^^^^^^^^^^^^^^^^^^^^^^^^^^^^^^^^^^^
  File "/u/archerdw/triton371/triton/compiler/compiler.py", line 307, in compile
    module = src.make_ir(target, options, codegen_fns, module_map, context)
             ^^^^^^^^^^^^^^^^^^^^^^^^^^^^^^^^^^^^^^^^^^^^^^^^^^^^^^^^^^^^^^
  File "/u/archerdw/triton371/triton/compiler/compiler.py", line 80, in make_ir
    return ast_to_ttir(self.fn, self, context=context, options=options, codegen_fns=codegen_fns,
           ^^^^^^^^^^^^^^^^^^^^^^^^^^^^^^^^^^^^^^^^^^^^^^^^^^^^^^^^^^^^^^^^^^^^^^^^^^^^^^^^^^^^^
triton.compiler.errors.CompilationError: at 124:20:
        p_h   = tl.make_block_ptr(h , (V, K), (1   , V), (i_v  * BV, i_k * BK), (BV, BK), (0, 1))
        p_do  = tl.make_block_ptr(do, (T, V), (s_vo, 1), (i_t  * BT, i_v * BV), (BT, BV), (1, 0))
        p_do3 = tl.make_block_ptr(do, (T, V), (s_vo, 1), (i_t3 * BT, i_v * BV), (BT, BV), (1, 0))
        p_dh  = tl.make_block_ptr(dh, (V, K), (1   , V), (i_v  * BV, i_k * BK), (BV, BK), (0, 1))

        # [BT, BV]
        b_v  = tl.load(p_v , boundary_check=(0, 1))
        b_do = tl.load(p_do, boundary_check=(0, 1))

        if USE_A:
            # [BT, BV] @ [BV, BT] -> [BT, BT]
            b_ds += tl.dot(b_do, tl.trans(b_v))
                    ^
Both operands must be same dtype. Got bf16 and fp32
