/sw/user/python/miniforge3-pytorch-2.11.0/lib/python3.12/site-packages/requests/__init__.py:113: RequestsDependencyWarning: urllib3 (2.7.0) or chardet (6.0.0.post1)/charset_normalizer (3.4.1) doesn't match a supported version!
  warnings.warn(
/u/archerdw/smat_attention/deltaai/results/paper_seeds_20260920/source/joint/zoology/mixers/mamba_ssm/ops/triton/ssd_combined.py:758: FutureWarning: `torch.cuda.amp.custom_fwd(args...)` is deprecated. Please use `torch.amp.custom_fwd(args..., device_type='cuda')` instead.
  @custom_fwd
/u/archerdw/smat_attention/deltaai/results/paper_seeds_20260920/source/joint/zoology/mixers/mamba_ssm/ops/triton/ssd_combined.py:836: FutureWarning: `torch.cuda.amp.custom_bwd(args...)` is deprecated. Please use `torch.amp.custom_bwd(args..., device_type='cuda')` instead.
  @custom_bwd
Skipping import of cpp extensions due to incompatible torch version 2.11.0+cu130 for torchao version 0.15.0             Please see https://github.com/pytorch/ao/issues/2919 for more info
hi mamba!
hi mamba!
hi mamba!
hi mamba!
hi mamba!
hi mamba!
hi mamba!
hi mamba!
hi mamba!
hi mamba!
hi mamba!
hi mamba!
hi mamba!
hi mamba!
hi mamba!
hi mamba!
hi mamba!
hi mamba!
hi mamba!
hi mamba!
hi mamba!
hi mamba!
hi mamba!
hi mamba!
hi mamba!
hi mamba!
hi mamba!
hi mamba!
hi mamba!
hi mamba!
hi mamba!
hi mamba!
hi mamba!
hi mamba!
hi mamba!
hi mamba!
hi mamba!
hi mamba!
hi mamba!
hi mamba!
hi mamba!
hi mamba!
hi mamba!
hi mamba!
hi mamba!
hi mamba!
hi mamba!
hi mamba!
hi mamba!
hi mamba!
hi mamba!
hi mamba!
hi mamba!
hi mamba!
hi mamba!
hi mamba!
hi mamba!
hi mamba!
hi mamba!
hi mamba!
hi mamba!
hi mamba!
hi mamba!
hi mamba!
hi mamba!
hi mamba!
hi mamba!
hi mamba!
hi mamba!
hi mamba!
hi mamba!
hi mamba!
hi mamba!
hi mamba!
hi mamba!
hi mamba!
hi mamba!
hi mamba!
MODEL_CHECK {"family": "gdn", "backend": "tree64", "checkpoint_steps": 22560, "length": 64, "logit_error": 0.0, "gradient_error": 1.202559474222653e-06, "dense_loss": 2.714728355407715, "optimized_loss": 2.714728355407715}
MODEL_CHECK {"family": "gdn", "backend": "tree64", "checkpoint_steps": 22560, "length": 100, "logit_error": 0.0, "gradient_error": 1.6492922441102564e-05, "dense_loss": 2.749166965484619, "optimized_loss": 2.749166965484619}
MODEL_CHECK {"family": "gdn", "backend": "tree64", "checkpoint_steps": 22560, "length": 772, "logit_error": 0.00041160648106597364, "gradient_error": 0.0005830848822370172, "dense_loss": 2.773033618927002, "optimized_loss": 2.772989273071289}
MODEL_CHECK {"family": "gdn", "backend": "tree64", "checkpoint_steps": 22560, "length": 1540, "logit_error": 0.0003112562117166817, "gradient_error": 0.0021792829502373934, "dense_loss": 2.773418664932251, "optimized_loss": 2.7733612060546875}
MODEL_CHECK {"family": "gdn", "backend": "tree64", "checkpoint_steps": 22560, "length": 3076, "logit_error": 0.0004655254597309977, "gradient_error": 0.0014104023575782776, "dense_loss": 2.771688938140869, "optimized_loss": 2.7716786861419678}
MODEL_CHECKS_PASSED tree64 gdn
FULL_VALIDATION dense {"accuracy": 0.0791255859375, "exact_accuracy": 0.0, "cells": {"c1-k4": {"accuracy": 0.11, "exact_accuracy": 0.0, "eval_loss": 2.6451076049804687}, "c2-k8": {"accuracy": 0.09, "exact_accuracy": 0.0, "eval_loss": 2.738380401611328}, "c8-k16": {"accuracy": 0.06720703125, "exact_accuracy": 0.0, "eval_loss": 2.771493377685547}, "c16-k16": {"accuracy": 0.06534375, "exact_accuracy": 0.0, "eval_loss": 2.7727706604003908}, "c32-k16": {"accuracy": 0.0630771484375, "exact_accuracy": 0.0, "eval_loss": 2.7732223510742187}}}
FULL_VALIDATION tree64 {"accuracy": 0.07916308593750002, "exact_accuracy": 0.0, "cells": {"c1-k4": {"accuracy": 0.11, "exact_accuracy": 0.0, "eval_loss": 2.6451047668457033}, "c2-k8": {"accuracy": 0.0900625, "exact_accuracy": 0.0, "eval_loss": 2.7383794860839843}, "c8-k16": {"accuracy": 0.067265625, "exact_accuracy": 0.0, "eval_loss": 2.7714964904785155}, "c16-k16": {"accuracy": 0.06538671875, "exact_accuracy": 0.0, "eval_loss": 2.7727720642089846}, "c32-k16": {"accuracy": 0.0631005859375, "exact_accuracy": 0.0, "eval_loss": 2.7732200622558594}}}
