/sw/user/python/miniforge3-pytorch-2.11.0/lib/python3.12/site-packages/requests/__init__.py:113: RequestsDependencyWarning: urllib3 (2.7.0) or chardet (6.0.0.post1)/charset_normalizer (3.4.1) doesn't match a supported version!
  warnings.warn(
/u/archerdw/smat_attention/deltaai/results/paper_seeds_20260920/source/joint/zoology/mixers/mamba_ssm/ops/triton/ssd_combined.py:758: FutureWarning: `torch.cuda.amp.custom_fwd(args...)` is deprecated. Please use `torch.amp.custom_fwd(args..., device_type='cuda')` instead.
  @custom_fwd
/u/archerdw/smat_attention/deltaai/results/paper_seeds_20260920/source/joint/zoology/mixers/mamba_ssm/ops/triton/ssd_combined.py:836: FutureWarning: `torch.cuda.amp.custom_bwd(args...)` is deprecated. Please use `torch.amp.custom_bwd(args..., device_type='cuda')` instead.
  @custom_bwd
Skipping import of cpp extensions due to incompatible torch version 2.11.0+cu130 for torchao version 0.15.0             Please see https://github.com/pytorch/ao/issues/2919 for more info
hi mamba!
hi mamba!
hi mamba!
hi mamba!
hi mamba!
hi mamba!
hi mamba!
hi mamba!
hi mamba!
hi mamba!
hi mamba!
hi mamba!
hi mamba!
hi mamba!
hi mamba!
hi mamba!
hi mamba!
hi mamba!
hi mamba!
hi mamba!
hi mamba!
hi mamba!
hi mamba!
hi mamba!
hi mamba!
hi mamba!
hi mamba!
hi mamba!
hi mamba!
hi mamba!
hi mamba!
hi mamba!
hi mamba!
hi mamba!
hi mamba!
hi mamba!
hi mamba!
hi mamba!
hi mamba!
hi mamba!
hi mamba!
hi mamba!
hi mamba!
hi mamba!
hi mamba!
hi mamba!
hi mamba!
hi mamba!
hi mamba!
hi mamba!
hi mamba!
hi mamba!
hi mamba!
hi mamba!
/u/archerdw/triton371/triton/language/core.py:2284: UserWarning: tl.make_block_ptr is deprecated. Use TensorDescriptor or tl.make_tensor_descriptor instead.
  warn("tl.make_block_ptr is deprecated. Use TensorDescriptor or tl.make_tensor_descriptor instead.")
MODEL_CHECK {"family": "mamba2", "backend": "upstream", "checkpoint_steps": 15510, "length": 64, "logit_error": 0.00619294261559844, "gradient_error": 0.013610207475721836, "dense_loss": 0.0019089283887296915, "optimized_loss": 0.0018949314253404737}
MODEL_CHECK {"family": "mamba2", "backend": "upstream", "checkpoint_steps": 15510, "length": 100, "logit_error": 0.004023428540676832, "gradient_error": 0.026196248829364777, "dense_loss": 0.05900483950972557, "optimized_loss": 0.05855381488800049}
MODEL_CHECK {"family": "mamba2", "backend": "upstream", "checkpoint_steps": 15510, "length": 772, "logit_error": 0.002801144728437066, "gradient_error": 0.024883557111024857, "dense_loss": 1.8543047904968262, "optimized_loss": 1.8545609712600708}
MODEL_CHECK {"family": "mamba2", "backend": "upstream", "checkpoint_steps": 15510, "length": 1540, "logit_error": 0.0023462676908820868, "gradient_error": 0.019155513495206833, "dense_loss": 2.295543909072876, "optimized_loss": 2.295546531677246}
MODEL_CHECK {"family": "mamba2", "backend": "upstream", "checkpoint_steps": 15510, "length": 3076, "logit_error": 0.002191532403230667, "gradient_error": 0.022441118955612183, "dense_loss": 2.538064479827881, "optimized_loss": 2.538058280944824}
MODEL_CHECKS_PASSED upstream mamba2
/sw/user/python/miniforge3-pytorch-2.11.0/lib/python3.12/site-packages/requests/__init__.py:113: RequestsDependencyWarning: urllib3 (2.7.0) or chardet (6.0.0.post1)/charset_normalizer (3.4.1) doesn't match a supported version!
  warnings.warn(
/u/archerdw/smat_attention/deltaai/results/paper_seeds_20260920/source/joint/zoology/mixers/mamba_ssm/ops/triton/ssd_combined.py:758: FutureWarning: `torch.cuda.amp.custom_fwd(args...)` is deprecated. Please use `torch.amp.custom_fwd(args..., device_type='cuda')` instead.
  @custom_fwd
/u/archerdw/smat_attention/deltaai/results/paper_seeds_20260920/source/joint/zoology/mixers/mamba_ssm/ops/triton/ssd_combined.py:836: FutureWarning: `torch.cuda.amp.custom_bwd(args...)` is deprecated. Please use `torch.amp.custom_bwd(args..., device_type='cuda')` instead.
  @custom_bwd
Skipping import of cpp extensions due to incompatible torch version 2.11.0+cu130 for torchao version 0.15.0             Please see https://github.com/pytorch/ao/issues/2919 for more info
hi mamba!
hi mamba!
hi mamba!
hi mamba!
hi mamba!
hi mamba!
hi mamba!
hi mamba!
hi mamba!
hi mamba!
hi mamba!
hi mamba!
hi mamba!
hi mamba!
hi mamba!
hi mamba!
hi mamba!
hi mamba!
hi mamba!
hi mamba!
hi mamba!
hi mamba!
hi mamba!
hi mamba!
hi mamba!
hi mamba!
hi mamba!
hi mamba!
hi mamba!
hi mamba!
hi mamba!
hi mamba!
hi mamba!
hi mamba!
hi mamba!
hi mamba!
hi mamba!
hi mamba!
hi mamba!
hi mamba!
hi mamba!
hi mamba!
hi mamba!
hi mamba!
hi mamba!
hi mamba!
hi mamba!
hi mamba!
hi mamba!
hi mamba!
hi mamba!
hi mamba!
hi mamba!
hi mamba!
MODEL_CHECK {"family": "mamba2", "backend": "tree64", "checkpoint_steps": 15510, "length": 64, "logit_error": 0.00019542327208910137, "gradient_error": 0.0002462466072756797, "dense_loss": 0.0019089283887296915, "optimized_loss": 0.0019089283887296915}
MODEL_CHECK {"family": "mamba2", "backend": "tree64", "checkpoint_steps": 15510, "length": 100, "logit_error": 0.0, "gradient_error": 6.974487041588873e-05, "dense_loss": 0.05900483950972557, "optimized_loss": 0.05900483950972557}
MODEL_CHECK {"family": "mamba2", "backend": "tree64", "checkpoint_steps": 15510, "length": 772, "logit_error": 0.0007508358685299754, "gradient_error": 0.008647073060274124, "dense_loss": 1.8543047904968262, "optimized_loss": 1.8542914390563965}
MODEL_CHECK {"family": "mamba2", "backend": "tree64", "checkpoint_steps": 15510, "length": 1540, "logit_error": 0.0007005708175711334, "gradient_error": 0.008480452932417393, "dense_loss": 2.295543909072876, "optimized_loss": 2.2955715656280518}
MODEL_CHECK {"family": "mamba2", "backend": "tree64", "checkpoint_steps": 15510, "length": 3076, "logit_error": 0.0007082966039888561, "gradient_error": 0.010472806170582771, "dense_loss": 2.538064479827881, "optimized_loss": 2.538245677947998}
MODEL_CHECKS_PASSED tree64 mamba2
/sw/user/python/miniforge3-pytorch-2.11.0/lib/python3.12/site-packages/requests/__init__.py:113: RequestsDependencyWarning: urllib3 (2.7.0) or chardet (6.0.0.post1)/charset_normalizer (3.4.1) doesn't match a supported version!
  warnings.warn(
/u/archerdw/smat_attention/deltaai/results/paper_seeds_20260920/source/joint/zoology/mixers/mamba_ssm/ops/triton/ssd_combined.py:758: FutureWarning: `torch.cuda.amp.custom_fwd(args...)` is deprecated. Please use `torch.amp.custom_fwd(args..., device_type='cuda')` instead.
  @custom_fwd
/u/archerdw/smat_attention/deltaai/results/paper_seeds_20260920/source/joint/zoology/mixers/mamba_ssm/ops/triton/ssd_combined.py:836: FutureWarning: `torch.cuda.amp.custom_bwd(args...)` is deprecated. Please use `torch.amp.custom_bwd(args..., device_type='cuda')` instead.
  @custom_bwd
Skipping import of cpp extensions due to incompatible torch version 2.11.0+cu130 for torchao version 0.15.0             Please see https://github.com/pytorch/ao/issues/2919 for more info
hi mamba!
hi mamba!
hi mamba!
hi mamba!
hi mamba!
hi mamba!
hi mamba!
hi mamba!
hi mamba!
hi mamba!
hi mamba!
hi mamba!
hi mamba!
hi mamba!
hi mamba!
hi mamba!
hi mamba!
hi mamba!
hi mamba!
hi mamba!
hi mamba!
hi mamba!
hi mamba!
hi mamba!
hi mamba!
hi mamba!
hi mamba!
hi mamba!
hi mamba!
hi mamba!
hi mamba!
hi mamba!
hi mamba!
hi mamba!
hi mamba!
hi mamba!
hi mamba!
hi mamba!
hi mamba!
hi mamba!
hi mamba!
hi mamba!
hi mamba!
hi mamba!
hi mamba!
hi mamba!
hi mamba!
hi mamba!
hi mamba!
hi mamba!
hi mamba!
hi mamba!
hi mamba!
hi mamba!
hi mamba!
hi mamba!
hi mamba!
hi mamba!
hi mamba!
hi mamba!
hi mamba!
hi mamba!
hi mamba!
hi mamba!
hi mamba!
hi mamba!
hi mamba!
hi mamba!
hi mamba!
hi mamba!
hi mamba!
hi mamba!
hi mamba!
hi mamba!
hi mamba!
hi mamba!
hi mamba!
hi mamba!
MODEL_CHECK {"family": "gdn", "backend": "tree64", "checkpoint_steps": 10575, "length": 64, "logit_error": 0.0, "gradient_error": 6.992370344960364e-07, "dense_loss": 0.008064717054367065, "optimized_loss": 0.008064717054367065}
MODEL_CHECK {"family": "gdn", "backend": "tree64", "checkpoint_steps": 10575, "length": 100, "logit_error": 0.0, "gradient_error": 6.95222697686404e-05, "dense_loss": 0.03552461415529251, "optimized_loss": 0.03552461415529251}
MODEL_CHECK {"family": "gdn", "backend": "tree64", "checkpoint_steps": 10575, "length": 772, "logit_error": 0.0004281856818124652, "gradient_error": 0.003794647054746747, "dense_loss": 2.158013343811035, "optimized_loss": 2.158090114593506}
MODEL_CHECK {"family": "gdn", "backend": "tree64", "checkpoint_steps": 10575, "length": 1540, "logit_error": 0.0005296596791595221, "gradient_error": 0.005589410196989775, "dense_loss": 2.4731733798980713, "optimized_loss": 2.4731292724609375}
MODEL_CHECK {"family": "gdn", "backend": "tree64", "checkpoint_steps": 10575, "length": 3076, "logit_error": 0.0005325237289071083, "gradient_error": 0.004542249720543623, "dense_loss": 2.6331119537353516, "optimized_loss": 2.6332576274871826}
MODEL_CHECKS_PASSED tree64 gdn
