FORWARD mamba2 64 0.0
CHECK {"family": "mamba2", "length": 64, "forward_error": 0.0, "gradient_errors": [0.0, 0.0, 0.0, 3.545039248820103e-07, 0.0]}
FORWARD mamba2 100 0.0
CHECK {"family": "mamba2", "length": 100, "forward_error": 0.0, "gradient_errors": [5.4313449737719566e-08, 5.6963704992085695e-05, 7.273047958733514e-05, 3.1571400427310436e-07, 0.0]}
FORWARD mamba2 256 8.926629379857332e-05
CHECK {"family": "mamba2", "length": 256, "forward_error": 8.926629379857332e-05, "gradient_errors": [1.2891908227175009e-05, 1.8300761439604685e-05, 4.212262410874246e-06, 8.313602393172914e-07, 1.1107625930151244e-10]}
FORWARD mamba2 772 1.9050552509725094e-05
CHECK {"family": "mamba2", "length": 772, "forward_error": 1.9050552509725094e-05, "gradient_errors": [2.3919132217997685e-05, 5.596256960416213e-05, 3.158992331009358e-05, 1.4770205325476127e-06, 3.791993367485702e-05]}
FORWARD mamba2 1540 3.507962537696585e-05
CHECK {"family": "mamba2", "length": 1540, "forward_error": 3.507962537696585e-05, "gradient_errors": [8.187330240616575e-05, 0.00010218906390946358, 7.766873022774234e-05, 2.0920531369483797e-06, 5.9984406107105315e-05]}
FORWARD mamba2 3076 0.00011837454076157883
CHECK {"family": "mamba2", "length": 3076, "forward_error": 0.00011837454076157883, "gradient_errors": [0.00011917977099074051, 0.00012542920012492687, 0.00010637252853484824, 3.9590386222698726e-06, 0.00011587809422053397]}
ALL_OPERATOR_CHECKS_PASSED mamba2
/sw/user/python/miniforge3-pytorch-2.11.0/lib/python3.12/site-packages/requests/__init__.py:113: RequestsDependencyWarning: urllib3 (2.7.0) or chardet (6.0.0.post1)/charset_normalizer (3.4.1) doesn't match a supported version!
  warnings.warn(
/u/archerdw/smat_attention/deltaai/results/paper_seeds_20260920/source/joint/zoology/mixers/mamba_ssm/ops/triton/ssd_combined.py:758: FutureWarning: `torch.cuda.amp.custom_fwd(args...)` is deprecated. Please use `torch.amp.custom_fwd(args..., device_type='cuda')` instead.
  @custom_fwd
/u/archerdw/smat_attention/deltaai/results/paper_seeds_20260920/source/joint/zoology/mixers/mamba_ssm/ops/triton/ssd_combined.py:836: FutureWarning: `torch.cuda.amp.custom_bwd(args...)` is deprecated. Please use `torch.amp.custom_bwd(args..., device_type='cuda')` instead.
  @custom_bwd
Skipping import of cpp extensions due to incompatible torch version 2.11.0+cu130 for torchao version 0.15.0             Please see https://github.com/pytorch/ao/issues/2919 for more info
hi mamba!
hi mamba!
hi mamba!
hi mamba!
hi mamba!
hi mamba!
hi mamba!
hi mamba!
hi mamba!
hi mamba!
hi mamba!
hi mamba!
hi mamba!
hi mamba!
hi mamba!
hi mamba!
hi mamba!
hi mamba!
hi mamba!
hi mamba!
hi mamba!
hi mamba!
hi mamba!
hi mamba!
hi mamba!
hi mamba!
hi mamba!
hi mamba!
hi mamba!
hi mamba!
hi mamba!
hi mamba!
hi mamba!
hi mamba!
hi mamba!
hi mamba!
hi mamba!
hi mamba!
hi mamba!
hi mamba!
hi mamba!
hi mamba!
hi mamba!
hi mamba!
hi mamba!
hi mamba!
hi mamba!
hi mamba!
hi mamba!
hi mamba!
hi mamba!
hi mamba!
hi mamba!
hi mamba!
TIMING {"family": "mamba2", "backend": "tree", "length": 64, "batch_size": 256, "mean_seconds": 0.18980394639074802, "median_seconds": 0.18992615095339715, "samples_seconds": [0.19118253397755325, 0.18992615095339715, 0.18816747819073498, 0.19030796480365098, 0.18943560402840376], "peak_memory_gb": 1.229620736, "parameters": 105984, "loss": 4.523552894592285, "gpu": "NVIDIA GH200 120GB"}
hi mamba!
hi mamba!
hi mamba!
hi mamba!
hi mamba!
hi mamba!
hi mamba!
hi mamba!
hi mamba!
hi mamba!
hi mamba!
hi mamba!
hi mamba!
hi mamba!
hi mamba!
hi mamba!
hi mamba!
hi mamba!
hi mamba!
hi mamba!
hi mamba!
hi mamba!
hi mamba!
hi mamba!
hi mamba!
hi mamba!
hi mamba!
hi mamba!
hi mamba!
hi mamba!
hi mamba!
hi mamba!
hi mamba!
hi mamba!
hi mamba!
hi mamba!
hi mamba!
hi mamba!
hi mamba!
hi mamba!
hi mamba!
hi mamba!
hi mamba!
hi mamba!
hi mamba!
hi mamba!
hi mamba!
hi mamba!
hi mamba!
hi mamba!
hi mamba!
hi mamba!
hi mamba!
hi mamba!
TIMING {"family": "mamba2", "backend": "tree", "length": 100, "batch_size": 256, "mean_seconds": 0.2101522826589644, "median_seconds": 0.20943379309028387, "samples_seconds": [0.20943379309028387, 0.21102789510041475, 0.21251489501446486, 0.2092091899830848, 0.2085756401065737], "peak_memory_gb": 1.864908288, "parameters": 105984, "loss": 4.46781063079834, "gpu": "NVIDIA GH200 120GB"}
hi mamba!
hi mamba!
hi mamba!
hi mamba!
hi mamba!
hi mamba!
hi mamba!
hi mamba!
hi mamba!
hi mamba!
hi mamba!
hi mamba!
hi mamba!
hi mamba!
hi mamba!
hi mamba!
hi mamba!
hi mamba!
hi mamba!
hi mamba!
hi mamba!
hi mamba!
hi mamba!
hi mamba!
hi mamba!
hi mamba!
hi mamba!
hi mamba!
hi mamba!
hi mamba!
hi mamba!
hi mamba!
hi mamba!
hi mamba!
hi mamba!
hi mamba!
hi mamba!
hi mamba!
hi mamba!
hi mamba!
hi mamba!
hi mamba!
hi mamba!
hi mamba!
hi mamba!
hi mamba!
hi mamba!
hi mamba!
hi mamba!
hi mamba!
hi mamba!
hi mamba!
hi mamba!
hi mamba!
TIMING {"family": "mamba2", "backend": "tree", "length": 772, "batch_size": 256, "mean_seconds": 0.5412283137440681, "median_seconds": 0.4974695290438831, "samples_seconds": [0.4944113369565457, 0.4974695290438831, 0.48456638283096254, 0.6995326369069517, 0.5301616829819977], "peak_memory_gb": 2.608566272, "parameters": 105984, "loss": 4.399801254272461, "gpu": "NVIDIA GH200 120GB"}
hi mamba!
hi mamba!
hi mamba!
hi mamba!
hi mamba!
hi mamba!
hi mamba!
hi mamba!
hi mamba!
hi mamba!
hi mamba!
hi mamba!
hi mamba!
hi mamba!
hi mamba!
hi mamba!
hi mamba!
hi mamba!
hi mamba!
hi mamba!
hi mamba!
hi mamba!
hi mamba!
hi mamba!
hi mamba!
hi mamba!
hi mamba!
hi mamba!
hi mamba!
hi mamba!
hi mamba!
hi mamba!
hi mamba!
hi mamba!
hi mamba!
hi mamba!
hi mamba!
hi mamba!
hi mamba!
hi mamba!
hi mamba!
hi mamba!
hi mamba!
hi mamba!
hi mamba!
hi mamba!
hi mamba!
hi mamba!
hi mamba!
hi mamba!
hi mamba!
hi mamba!
hi mamba!
hi mamba!
TIMING {"family": "mamba2", "backend": "tree", "length": 1540, "batch_size": 256, "mean_seconds": 0.5474687815178185, "median_seconds": 0.5482103868853301, "samples_seconds": [0.5415260859299451, 0.5482103868853301, 0.5481687248684466, 0.5488744340837002, 0.5505642758216709], "peak_memory_gb": 5.162569728, "parameters": 105984, "loss": 4.383193492889404, "gpu": "NVIDIA GH200 120GB"}
hi mamba!
hi mamba!
hi mamba!
hi mamba!
hi mamba!
hi mamba!
hi mamba!
hi mamba!
hi mamba!
hi mamba!
hi mamba!
hi mamba!
hi mamba!
hi mamba!
hi mamba!
hi mamba!
hi mamba!
hi mamba!
hi mamba!
hi mamba!
hi mamba!
hi mamba!
hi mamba!
hi mamba!
hi mamba!
hi mamba!
hi mamba!
hi mamba!
hi mamba!
hi mamba!
hi mamba!
hi mamba!
hi mamba!
hi mamba!
hi mamba!
hi mamba!
hi mamba!
hi mamba!
hi mamba!
hi mamba!
hi mamba!
hi mamba!
hi mamba!
hi mamba!
hi mamba!
hi mamba!
hi mamba!
hi mamba!
hi mamba!
hi mamba!
hi mamba!
hi mamba!
hi mamba!
hi mamba!
TIMING {"family": "mamba2", "backend": "tree", "length": 3076, "batch_size": 256, "mean_seconds": 0.8287869418505579, "median_seconds": 0.7863727291114628, "samples_seconds": [0.782857557060197, 0.9930842581670731, 0.7980979208368808, 0.7863727291114628, 0.7835222440771759], "peak_memory_gb": 10.295742464, "parameters": 105984, "loss": 4.375926494598389, "gpu": "NVIDIA GH200 120GB"}
BENCHMARK_COMPLETE tree mamba2
FORWARD gdn 64 1.4412581350597975e-08
CHECK {"family": "gdn", "length": 64, "forward_error": 1.4412581350597975e-08, "gradient_errors": [0.0, 8.070825430195327e-08, 1.9105518731521443e-06, 3.3322206149932754e-07, 0.0, 0.0]}
FORWARD gdn 100 1.5403969655380934e-06
CHECK {"family": "gdn", "length": 100, "forward_error": 1.5403969655380934e-06, "gradient_errors": [0.0, 3.313737397547811e-05, 0.00010744806058937684, 5.651976380249835e-07, 0.0, 0.0]}
FORWARD gdn 256 2.9657541745109484e-05
CHECK {"family": "gdn", "length": 256, "forward_error": 2.9657541745109484e-05, "gradient_errors": [3.268205182394013e-05, 7.789203664287925e-05, 1.5837415048736148e-05, 6.863508019705478e-07, 3.93555783375632e-05, 0.0]}
FORWARD gdn 772 4.5286069507710636e-05
CHECK {"family": "gdn", "length": 772, "forward_error": 4.5286069507710636e-05, "gradient_errors": [5.245711872703396e-05, 2.8412074243533425e-05, 2.2092892322689295e-05, 1.541380925118574e-06, 2.5126233595074154e-05, 4.925053144688718e-05]}
FORWARD gdn 1540 9.769166354089975e-05
CHECK {"family": "gdn", "length": 1540, "forward_error": 9.769166354089975e-05, "gradient_errors": [7.859720062697306e-05, 8.610563963884488e-05, 5.7472945627523586e-05, 2.245255700472626e-06, 0.00011471567995613441, 6.559637768077664e-06]}
FORWARD gdn 3076 0.00012386201706249267
CHECK {"family": "gdn", "length": 3076, "forward_error": 0.00012386201706249267, "gradient_errors": [0.00011481370165711269, 9.700296504888684e-05, 9.691857121651992e-05, 4.162652658123989e-06, 0.00016422416956629604, 0.00018533719412516803]}
ALL_OPERATOR_CHECKS_PASSED gdn
/sw/user/python/miniforge3-pytorch-2.11.0/lib/python3.12/site-packages/requests/__init__.py:113: RequestsDependencyWarning: urllib3 (2.7.0) or chardet (6.0.0.post1)/charset_normalizer (3.4.1) doesn't match a supported version!
  warnings.warn(
/u/archerdw/smat_attention/deltaai/results/paper_seeds_20260920/source/joint/zoology/mixers/mamba_ssm/ops/triton/ssd_combined.py:758: FutureWarning: `torch.cuda.amp.custom_fwd(args...)` is deprecated. Please use `torch.amp.custom_fwd(args..., device_type='cuda')` instead.
  @custom_fwd
/u/archerdw/smat_attention/deltaai/results/paper_seeds_20260920/source/joint/zoology/mixers/mamba_ssm/ops/triton/ssd_combined.py:836: FutureWarning: `torch.cuda.amp.custom_bwd(args...)` is deprecated. Please use `torch.amp.custom_bwd(args..., device_type='cuda')` instead.
  @custom_bwd
Skipping import of cpp extensions due to incompatible torch version 2.11.0+cu130 for torchao version 0.15.0             Please see https://github.com/pytorch/ao/issues/2919 for more info
hi mamba!
hi mamba!
hi mamba!
hi mamba!
hi mamba!
hi mamba!
hi mamba!
hi mamba!
hi mamba!
hi mamba!
hi mamba!
hi mamba!
hi mamba!
hi mamba!
hi mamba!
hi mamba!
hi mamba!
hi mamba!
hi mamba!
hi mamba!
hi mamba!
hi mamba!
hi mamba!
hi mamba!
hi mamba!
hi mamba!
hi mamba!
hi mamba!
hi mamba!
hi mamba!
hi mamba!
hi mamba!
hi mamba!
hi mamba!
hi mamba!
hi mamba!
hi mamba!
hi mamba!
hi mamba!
hi mamba!
hi mamba!
hi mamba!
hi mamba!
hi mamba!
hi mamba!
hi mamba!
hi mamba!
hi mamba!
hi mamba!
hi mamba!
hi mamba!
hi mamba!
hi mamba!
hi mamba!
hi mamba!
hi mamba!
hi mamba!
hi mamba!
hi mamba!
hi mamba!
hi mamba!
hi mamba!
hi mamba!
hi mamba!
hi mamba!
hi mamba!
hi mamba!
hi mamba!
hi mamba!
hi mamba!
hi mamba!
hi mamba!
hi mamba!
hi mamba!
hi mamba!
hi mamba!
hi mamba!
hi mamba!
TIMING {"family": "gdn", "backend": "tree", "length": 64, "batch_size": 256, "mean_seconds": 0.2666792984120548, "median_seconds": 0.2670403260271996, "samples_seconds": [0.2630625111050904, 0.26849916693754494, 0.2677733621094376, 0.26702112588100135, 0.2670403260271996], "peak_memory_gb": 0.944031232, "parameters": 61468, "loss": 5.3988542556762695, "gpu": "NVIDIA GH200 120GB"}
hi mamba!
hi mamba!
hi mamba!
hi mamba!
hi mamba!
hi mamba!
hi mamba!
hi mamba!
hi mamba!
hi mamba!
hi mamba!
hi mamba!
hi mamba!
hi mamba!
hi mamba!
hi mamba!
hi mamba!
hi mamba!
hi mamba!
hi mamba!
hi mamba!
hi mamba!
hi mamba!
hi mamba!
hi mamba!
hi mamba!
hi mamba!
hi mamba!
hi mamba!
hi mamba!
hi mamba!
hi mamba!
hi mamba!
hi mamba!
hi mamba!
hi mamba!
hi mamba!
hi mamba!
hi mamba!
hi mamba!
hi mamba!
hi mamba!
hi mamba!
hi mamba!
hi mamba!
hi mamba!
hi mamba!
hi mamba!
hi mamba!
hi mamba!
hi mamba!
hi mamba!
hi mamba!
hi mamba!
hi mamba!
hi mamba!
hi mamba!
hi mamba!
hi mamba!
hi mamba!
hi mamba!
hi mamba!
hi mamba!
hi mamba!
hi mamba!
hi mamba!
hi mamba!
hi mamba!
hi mamba!
hi mamba!
hi mamba!
hi mamba!
hi mamba!
hi mamba!
hi mamba!
hi mamba!
hi mamba!
hi mamba!
TIMING {"family": "gdn", "backend": "tree", "length": 100, "batch_size": 256, "mean_seconds": 0.30493373083882036, "median_seconds": 0.3042372891213745, "samples_seconds": [0.31149943196214736, 0.3065013240557164, 0.3042372891213745, 0.2995782440993935, 0.30285236495546997], "peak_memory_gb": 1.164750336, "parameters": 61468, "loss": 5.516200065612793, "gpu": "NVIDIA GH200 120GB"}
hi mamba!
hi mamba!
hi mamba!
hi mamba!
hi mamba!
hi mamba!
hi mamba!
hi mamba!
hi mamba!
hi mamba!
hi mamba!
hi mamba!
hi mamba!
hi mamba!
hi mamba!
hi mamba!
hi mamba!
hi mamba!
hi mamba!
hi mamba!
hi mamba!
hi mamba!
hi mamba!
hi mamba!
hi mamba!
hi mamba!
hi mamba!
hi mamba!
hi mamba!
hi mamba!
hi mamba!
hi mamba!
hi mamba!
hi mamba!
hi mamba!
hi mamba!
hi mamba!
hi mamba!
hi mamba!
hi mamba!
hi mamba!
hi mamba!
hi mamba!
hi mamba!
hi mamba!
hi mamba!
hi mamba!
hi mamba!
hi mamba!
hi mamba!
hi mamba!
hi mamba!
hi mamba!
hi mamba!
hi mamba!
hi mamba!
hi mamba!
hi mamba!
hi mamba!
hi mamba!
hi mamba!
hi mamba!
hi mamba!
hi mamba!
hi mamba!
hi mamba!
hi mamba!
hi mamba!
hi mamba!
hi mamba!
hi mamba!
hi mamba!
hi mamba!
hi mamba!
hi mamba!
hi mamba!
hi mamba!
hi mamba!
TIMING {"family": "gdn", "backend": "tree", "length": 772, "batch_size": 256, "mean_seconds": 0.724703500373289, "median_seconds": 0.7259771490935236, "samples_seconds": [0.7259771490935236, 0.7266657080035657, 0.7264112499542534, 0.723173159873113, 0.7212902349419892], "peak_memory_gb": 1.28248064, "parameters": 61468, "loss": 5.018649101257324, "gpu": "NVIDIA GH200 120GB"}
hi mamba!
hi mamba!
hi mamba!
hi mamba!
hi mamba!
hi mamba!
hi mamba!
hi mamba!
hi mamba!
hi mamba!
hi mamba!
hi mamba!
hi mamba!
hi mamba!
hi mamba!
hi mamba!
hi mamba!
hi mamba!
hi mamba!
hi mamba!
hi mamba!
hi mamba!
hi mamba!
hi mamba!
hi mamba!
hi mamba!
hi mamba!
hi mamba!
hi mamba!
hi mamba!
hi mamba!
hi mamba!
hi mamba!
hi mamba!
hi mamba!
hi mamba!
hi mamba!
hi mamba!
hi mamba!
hi mamba!
hi mamba!
hi mamba!
hi mamba!
hi mamba!
hi mamba!
hi mamba!
hi mamba!
hi mamba!
hi mamba!
hi mamba!
hi mamba!
hi mamba!
hi mamba!
hi mamba!
hi mamba!
hi mamba!
hi mamba!
hi mamba!
hi mamba!
hi mamba!
hi mamba!
hi mamba!
hi mamba!
hi mamba!
hi mamba!
hi mamba!
hi mamba!
hi mamba!
hi mamba!
hi mamba!
hi mamba!
hi mamba!
hi mamba!
hi mamba!
hi mamba!
hi mamba!
hi mamba!
hi mamba!
TIMING {"family": "gdn", "backend": "tree", "length": 1540, "batch_size": 256, "mean_seconds": 0.7976798127871007, "median_seconds": 0.7939024409279227, "samples_seconds": [0.8066278640180826, 0.8029865520074964, 0.7923076029401273, 0.7925746040418744, 0.7939024409279227], "peak_memory_gb": 2.492144128, "parameters": 61468, "loss": 4.919464588165283, "gpu": "NVIDIA GH200 120GB"}
hi mamba!
hi mamba!
hi mamba!
hi mamba!
hi mamba!
hi mamba!
hi mamba!
hi mamba!
hi mamba!
hi mamba!
hi mamba!
hi mamba!
hi mamba!
hi mamba!
hi mamba!
hi mamba!
hi mamba!
hi mamba!
hi mamba!
hi mamba!
hi mamba!
hi mamba!
hi mamba!
hi mamba!
hi mamba!
hi mamba!
hi mamba!
hi mamba!
hi mamba!
hi mamba!
hi mamba!
hi mamba!
hi mamba!
hi mamba!
hi mamba!
hi mamba!
hi mamba!
hi mamba!
hi mamba!
hi mamba!
hi mamba!
hi mamba!
hi mamba!
hi mamba!
hi mamba!
hi mamba!
hi mamba!
hi mamba!
hi mamba!
hi mamba!
hi mamba!
hi mamba!
hi mamba!
hi mamba!
hi mamba!
hi mamba!
hi mamba!
hi mamba!
hi mamba!
hi mamba!
hi mamba!
hi mamba!
hi mamba!
hi mamba!
hi mamba!
hi mamba!
hi mamba!
hi mamba!
hi mamba!
hi mamba!
hi mamba!
hi mamba!
hi mamba!
hi mamba!
hi mamba!
hi mamba!
hi mamba!
hi mamba!
TIMING {"family": "gdn", "backend": "tree", "length": 3076, "batch_size": 256, "mean_seconds": 0.8766772571951151, "median_seconds": 0.8769096480682492, "samples_seconds": [0.8769096480682492, 0.8737073969095945, 0.880068443948403, 0.88284549000673, 0.8698553070425987], "peak_memory_gb": 4.91750144, "parameters": 61468, "loss": 4.865839004516602, "gpu": "NVIDIA GH200 120GB"}
BENCHMARK_COMPLETE tree gdn
