FORWARD mamba2 64 0.0
CHECK {"family": "mamba2", "length": 64, "forward_error": 0.0, "gradient_errors": [0.0, 0.0, 0.0, 3.545039248820103e-07, 0.0]}
FORWARD mamba2 100 0.0
CHECK {"family": "mamba2", "length": 100, "forward_error": 0.0, "gradient_errors": [5.4313449737719566e-08, 5.6963704992085695e-05, 7.273047958733514e-05, 3.1571400427310436e-07, 0.0]}
FORWARD mamba2 256 8.926629379857332e-05
CHECK {"family": "mamba2", "length": 256, "forward_error": 8.926629379857332e-05, "gradient_errors": [1.2891908227175009e-05, 1.8300761439604685e-05, 4.212262410874246e-06, 8.313602393172914e-07, 1.1107625930151244e-10]}
FORWARD mamba2 772 1.9050552509725094e-05
CHECK {"family": "mamba2", "length": 772, "forward_error": 1.9050552509725094e-05, "gradient_errors": [2.3919132217997685e-05, 5.596256960416213e-05, 3.158992331009358e-05, 1.4770205325476127e-06, 3.791993367485702e-05]}
FORWARD mamba2 1540 3.507962537696585e-05
CHECK {"family": "mamba2", "length": 1540, "forward_error": 3.507962537696585e-05, "gradient_errors": [8.187330240616575e-05, 0.00010218906390946358, 7.766873022774234e-05, 2.0920531369483797e-06, 5.968196637695655e-05]}
FORWARD mamba2 3076 0.00011837454076157883
CHECK {"family": "mamba2", "length": 3076, "forward_error": 0.00011837454076157883, "gradient_errors": [0.00011917977099074051, 0.00012542920012492687, 0.00010637252853484824, 3.9590386222698726e-06, 0.00011587809422053397]}
ALL_OPERATOR_CHECKS_PASSED mamba2
/sw/user/python/miniforge3-pytorch-2.11.0/lib/python3.12/site-packages/requests/__init__.py:113: RequestsDependencyWarning: urllib3 (2.7.0) or chardet (6.0.0.post1)/charset_normalizer (3.4.1) doesn't match a supported version!
  warnings.warn(
/u/archerdw/smat_attention/deltaai/results/paper_seeds_20260920/source/joint/zoology/mixers/mamba_ssm/ops/triton/ssd_combined.py:758: FutureWarning: `torch.cuda.amp.custom_fwd(args...)` is deprecated. Please use `torch.amp.custom_fwd(args..., device_type='cuda')` instead.
  @custom_fwd
/u/archerdw/smat_attention/deltaai/results/paper_seeds_20260920/source/joint/zoology/mixers/mamba_ssm/ops/triton/ssd_combined.py:836: FutureWarning: `torch.cuda.amp.custom_bwd(args...)` is deprecated. Please use `torch.amp.custom_bwd(args..., device_type='cuda')` instead.
  @custom_bwd
Skipping import of cpp extensions due to incompatible torch version 2.11.0+cu130 for torchao version 0.15.0             Please see https://github.com/pytorch/ao/issues/2919 for more info
hi mamba!
hi mamba!
hi mamba!
hi mamba!
hi mamba!
hi mamba!
hi mamba!
hi mamba!
hi mamba!
hi mamba!
hi mamba!
hi mamba!
hi mamba!
hi mamba!
hi mamba!
hi mamba!
hi mamba!
hi mamba!
hi mamba!
hi mamba!
hi mamba!
hi mamba!
hi mamba!
hi mamba!
hi mamba!
hi mamba!
hi mamba!
hi mamba!
hi mamba!
hi mamba!
hi mamba!
hi mamba!
hi mamba!
hi mamba!
hi mamba!
hi mamba!
hi mamba!
hi mamba!
hi mamba!
hi mamba!
hi mamba!
hi mamba!
hi mamba!
hi mamba!
hi mamba!
hi mamba!
hi mamba!
hi mamba!
hi mamba!
hi mamba!
hi mamba!
hi mamba!
hi mamba!
hi mamba!
TIMING {"family": "mamba2", "backend": "tree64", "length": 64, "batch_size": 256, "mean_seconds": 0.01686179214157164, "median_seconds": 0.01685043191537261, "samples_seconds": [0.017046042950823903, 0.016787649830803275, 0.01685043191537261, 0.017075994983315468, 0.01654884102754295], "peak_memory_gb": 1.246938624, "parameters": 105984, "loss": 4.5234222412109375, "gpu": "NVIDIA GH200 120GB"}
hi mamba!
hi mamba!
hi mamba!
hi mamba!
hi mamba!
hi mamba!
hi mamba!
hi mamba!
hi mamba!
hi mamba!
hi mamba!
hi mamba!
hi mamba!
hi mamba!
hi mamba!
hi mamba!
hi mamba!
hi mamba!
hi mamba!
hi mamba!
hi mamba!
hi mamba!
hi mamba!
hi mamba!
hi mamba!
hi mamba!
hi mamba!
hi mamba!
hi mamba!
hi mamba!
hi mamba!
hi mamba!
hi mamba!
hi mamba!
hi mamba!
hi mamba!
hi mamba!
hi mamba!
hi mamba!
hi mamba!
hi mamba!
hi mamba!
hi mamba!
hi mamba!
hi mamba!
hi mamba!
hi mamba!
hi mamba!
hi mamba!
hi mamba!
hi mamba!
hi mamba!
hi mamba!
hi mamba!
TIMING {"family": "mamba2", "backend": "tree64", "length": 100, "batch_size": 256, "mean_seconds": 0.021929466212168337, "median_seconds": 0.02194252097979188, "samples_seconds": [0.02198469708673656, 0.02194252097979188, 0.02179500600323081, 0.021931865951046348, 0.021993241040036082], "peak_memory_gb": 1.953069056, "parameters": 105984, "loss": 4.467796802520752, "gpu": "NVIDIA GH200 120GB"}
hi mamba!
hi mamba!
hi mamba!
hi mamba!
hi mamba!
hi mamba!
hi mamba!
hi mamba!
hi mamba!
hi mamba!
hi mamba!
hi mamba!
hi mamba!
hi mamba!
hi mamba!
hi mamba!
hi mamba!
hi mamba!
hi mamba!
hi mamba!
hi mamba!
hi mamba!
hi mamba!
hi mamba!
hi mamba!
hi mamba!
hi mamba!
hi mamba!
hi mamba!
hi mamba!
hi mamba!
hi mamba!
hi mamba!
hi mamba!
hi mamba!
hi mamba!
hi mamba!
hi mamba!
hi mamba!
hi mamba!
hi mamba!
hi mamba!
hi mamba!
hi mamba!
hi mamba!
hi mamba!
hi mamba!
hi mamba!
hi mamba!
hi mamba!
hi mamba!
hi mamba!
hi mamba!
hi mamba!
TIMING {"family": "mamba2", "backend": "tree64", "length": 772, "batch_size": 256, "mean_seconds": 0.1751334758475423, "median_seconds": 0.17529150703921914, "samples_seconds": [0.17569399205967784, 0.1745169989299029, 0.17483846307732165, 0.17529150703921914, 0.1753264181315899], "peak_memory_gb": 3.992680448, "parameters": 105984, "loss": 4.399801254272461, "gpu": "NVIDIA GH200 120GB"}
hi mamba!
hi mamba!
hi mamba!
hi mamba!
hi mamba!
hi mamba!
hi mamba!
hi mamba!
hi mamba!
hi mamba!
hi mamba!
hi mamba!
hi mamba!
hi mamba!
hi mamba!
hi mamba!
hi mamba!
hi mamba!
hi mamba!
hi mamba!
hi mamba!
hi mamba!
hi mamba!
hi mamba!
hi mamba!
hi mamba!
hi mamba!
hi mamba!
hi mamba!
hi mamba!
hi mamba!
hi mamba!
hi mamba!
hi mamba!
hi mamba!
hi mamba!
hi mamba!
hi mamba!
hi mamba!
hi mamba!
hi mamba!
hi mamba!
hi mamba!
hi mamba!
hi mamba!
hi mamba!
hi mamba!
hi mamba!
hi mamba!
hi mamba!
hi mamba!
hi mamba!
hi mamba!
hi mamba!
TIMING {"family": "mamba2", "backend": "tree64", "length": 1540, "batch_size": 256, "mean_seconds": 0.3444690765347332, "median_seconds": 0.344428553013131, "samples_seconds": [0.344428553013131, 0.3443118839059025, 0.34459827607497573, 0.3444247448351234, 0.3445819248445332], "peak_memory_gb": 8.00787456, "parameters": 105984, "loss": 4.383204936981201, "gpu": "NVIDIA GH200 120GB"}
hi mamba!
hi mamba!
hi mamba!
hi mamba!
hi mamba!
hi mamba!
hi mamba!
hi mamba!
hi mamba!
hi mamba!
hi mamba!
hi mamba!
hi mamba!
hi mamba!
hi mamba!
hi mamba!
hi mamba!
hi mamba!
hi mamba!
hi mamba!
hi mamba!
hi mamba!
hi mamba!
hi mamba!
hi mamba!
hi mamba!
hi mamba!
hi mamba!
hi mamba!
hi mamba!
hi mamba!
hi mamba!
hi mamba!
hi mamba!
hi mamba!
hi mamba!
hi mamba!
hi mamba!
hi mamba!
hi mamba!
hi mamba!
hi mamba!
hi mamba!
hi mamba!
hi mamba!
hi mamba!
hi mamba!
hi mamba!
hi mamba!
hi mamba!
hi mamba!
hi mamba!
hi mamba!
hi mamba!
TIMING {"family": "mamba2", "backend": "tree64", "length": 3076, "batch_size": 256, "mean_seconds": 0.6879879961721599, "median_seconds": 0.6880116558168083, "samples_seconds": [0.6880165839102119, 0.6880116558168083, 0.6880274969153106, 0.6878815160598606, 0.6880027281586081], "peak_memory_gb": 16.13892608, "parameters": 105984, "loss": 4.375926494598389, "gpu": "NVIDIA GH200 120GB"}
BENCHMARK_COMPLETE tree64 mamba2
FORWARD gdn 64 1.4412581350597975e-08
CHECK {"family": "gdn", "length": 64, "forward_error": 1.4412581350597975e-08, "gradient_errors": [0.0, 8.070825430195327e-08, 1.9105518731521443e-06, 3.3322206149932754e-07, 0.0, 0.0]}
FORWARD gdn 100 1.5403969655380934e-06
CHECK {"family": "gdn", "length": 100, "forward_error": 1.5403969655380934e-06, "gradient_errors": [0.0, 3.313737397547811e-05, 0.00010744806058937684, 5.651976380249835e-07, 0.0, 0.0]}
FORWARD gdn 256 2.9657541745109484e-05
CHECK {"family": "gdn", "length": 256, "forward_error": 2.9657541745109484e-05, "gradient_errors": [3.268205182394013e-05, 7.789203664287925e-05, 1.5837415048736148e-05, 6.863508019705478e-07, 3.93555783375632e-05, 0.0]}
FORWARD gdn 772 4.5286069507710636e-05
CHECK {"family": "gdn", "length": 772, "forward_error": 4.5286069507710636e-05, "gradient_errors": [5.245711872703396e-05, 2.8412074243533425e-05, 2.2092892322689295e-05, 1.541380925118574e-06, 2.5126233595074154e-05, 4.925053144688718e-05]}
FORWARD gdn 1540 9.769166354089975e-05
CHECK {"family": "gdn", "length": 1540, "forward_error": 9.769166354089975e-05, "gradient_errors": [7.859720062697306e-05, 8.610563963884488e-05, 5.7472945627523586e-05, 2.245255700472626e-06, 0.00011471567995613441, 6.559637768077664e-06]}
FORWARD gdn 3076 0.00012386201706249267
CHECK {"family": "gdn", "length": 3076, "forward_error": 0.00012386201706249267, "gradient_errors": [0.00011481370165711269, 9.700296504888684e-05, 9.691857121651992e-05, 4.162652658123989e-06, 0.00016422416956629604, 0.00018533719412516803]}
ALL_OPERATOR_CHECKS_PASSED gdn
/sw/user/python/miniforge3-pytorch-2.11.0/lib/python3.12/site-packages/requests/__init__.py:113: RequestsDependencyWarning: urllib3 (2.7.0) or chardet (6.0.0.post1)/charset_normalizer (3.4.1) doesn't match a supported version!
  warnings.warn(
/u/archerdw/smat_attention/deltaai/results/paper_seeds_20260920/source/joint/zoology/mixers/mamba_ssm/ops/triton/ssd_combined.py:758: FutureWarning: `torch.cuda.amp.custom_fwd(args...)` is deprecated. Please use `torch.amp.custom_fwd(args..., device_type='cuda')` instead.
  @custom_fwd
/u/archerdw/smat_attention/deltaai/results/paper_seeds_20260920/source/joint/zoology/mixers/mamba_ssm/ops/triton/ssd_combined.py:836: FutureWarning: `torch.cuda.amp.custom_bwd(args...)` is deprecated. Please use `torch.amp.custom_bwd(args..., device_type='cuda')` instead.
  @custom_bwd
Skipping import of cpp extensions due to incompatible torch version 2.11.0+cu130 for torchao version 0.15.0             Please see https://github.com/pytorch/ao/issues/2919 for more info
hi mamba!
hi mamba!
hi mamba!
hi mamba!
hi mamba!
hi mamba!
hi mamba!
hi mamba!
hi mamba!
hi mamba!
hi mamba!
hi mamba!
hi mamba!
hi mamba!
hi mamba!
hi mamba!
hi mamba!
hi mamba!
hi mamba!
hi mamba!
hi mamba!
hi mamba!
hi mamba!
hi mamba!
hi mamba!
hi mamba!
hi mamba!
hi mamba!
hi mamba!
hi mamba!
hi mamba!
hi mamba!
hi mamba!
hi mamba!
hi mamba!
hi mamba!
hi mamba!
hi mamba!
hi mamba!
hi mamba!
hi mamba!
hi mamba!
hi mamba!
hi mamba!
hi mamba!
hi mamba!
hi mamba!
hi mamba!
hi mamba!
hi mamba!
hi mamba!
hi mamba!
hi mamba!
hi mamba!
hi mamba!
hi mamba!
hi mamba!
hi mamba!
hi mamba!
hi mamba!
hi mamba!
hi mamba!
hi mamba!
hi mamba!
hi mamba!
hi mamba!
hi mamba!
hi mamba!
hi mamba!
hi mamba!
hi mamba!
hi mamba!
hi mamba!
hi mamba!
hi mamba!
hi mamba!
hi mamba!
hi mamba!
TIMING {"family": "gdn", "backend": "tree64", "length": 64, "batch_size": 256, "mean_seconds": 0.02801693961955607, "median_seconds": 0.02803531987592578, "samples_seconds": [0.0285413539968431, 0.028148181037977338, 0.027623395202681422, 0.02803531987592578, 0.027736447984352708], "peak_memory_gb": 0.944031232, "parameters": 61468, "loss": 5.398960113525391, "gpu": "NVIDIA GH200 120GB"}
hi mamba!
hi mamba!
hi mamba!
hi mamba!
hi mamba!
hi mamba!
hi mamba!
hi mamba!
hi mamba!
hi mamba!
hi mamba!
hi mamba!
hi mamba!
hi mamba!
hi mamba!
hi mamba!
hi mamba!
hi mamba!
hi mamba!
hi mamba!
hi mamba!
hi mamba!
hi mamba!
hi mamba!
hi mamba!
hi mamba!
hi mamba!
hi mamba!
hi mamba!
hi mamba!
hi mamba!
hi mamba!
hi mamba!
hi mamba!
hi mamba!
hi mamba!
hi mamba!
hi mamba!
hi mamba!
hi mamba!
hi mamba!
hi mamba!
hi mamba!
hi mamba!
hi mamba!
hi mamba!
hi mamba!
hi mamba!
hi mamba!
hi mamba!
hi mamba!
hi mamba!
hi mamba!
hi mamba!
hi mamba!
hi mamba!
hi mamba!
hi mamba!
hi mamba!
hi mamba!
hi mamba!
hi mamba!
hi mamba!
hi mamba!
hi mamba!
hi mamba!
hi mamba!
hi mamba!
hi mamba!
hi mamba!
hi mamba!
hi mamba!
hi mamba!
hi mamba!
hi mamba!
hi mamba!
hi mamba!
hi mamba!
TIMING {"family": "gdn", "backend": "tree64", "length": 100, "batch_size": 256, "mean_seconds": 0.03033639220520854, "median_seconds": 0.030227518174797297, "samples_seconds": [0.030889612855389714, 0.03086474910378456, 0.030045602936297655, 0.030227518174797297, 0.029654477955773473], "peak_memory_gb": 1.178854912, "parameters": 61468, "loss": 5.515931606292725, "gpu": "NVIDIA GH200 120GB"}
hi mamba!
hi mamba!
hi mamba!
hi mamba!
hi mamba!
hi mamba!
hi mamba!
hi mamba!
hi mamba!
hi mamba!
hi mamba!
hi mamba!
hi mamba!
hi mamba!
hi mamba!
hi mamba!
hi mamba!
hi mamba!
hi mamba!
hi mamba!
hi mamba!
hi mamba!
hi mamba!
hi mamba!
hi mamba!
hi mamba!
hi mamba!
hi mamba!
hi mamba!
hi mamba!
hi mamba!
hi mamba!
hi mamba!
hi mamba!
hi mamba!
hi mamba!
hi mamba!
hi mamba!
hi mamba!
hi mamba!
hi mamba!
hi mamba!
hi mamba!
hi mamba!
hi mamba!
hi mamba!
hi mamba!
hi mamba!
hi mamba!
hi mamba!
hi mamba!
hi mamba!
hi mamba!
hi mamba!
hi mamba!
hi mamba!
hi mamba!
hi mamba!
hi mamba!
hi mamba!
hi mamba!
hi mamba!
hi mamba!
hi mamba!
hi mamba!
hi mamba!
hi mamba!
hi mamba!
hi mamba!
hi mamba!
hi mamba!
hi mamba!
hi mamba!
hi mamba!
hi mamba!
hi mamba!
hi mamba!
hi mamba!
TIMING {"family": "gdn", "backend": "tree64", "length": 772, "batch_size": 256, "mean_seconds": 0.2021427415776998, "median_seconds": 0.20178956096060574, "samples_seconds": [0.20492262998595834, 0.2022251330781728, 0.20027302391827106, 0.20150335994549096, 0.20178956096060574], "peak_memory_gb": 2.075059712, "parameters": 61468, "loss": 5.018878936767578, "gpu": "NVIDIA GH200 120GB"}
hi mamba!
hi mamba!
hi mamba!
hi mamba!
hi mamba!
hi mamba!
hi mamba!
hi mamba!
hi mamba!
hi mamba!
hi mamba!
hi mamba!
hi mamba!
hi mamba!
hi mamba!
hi mamba!
hi mamba!
hi mamba!
hi mamba!
hi mamba!
hi mamba!
hi mamba!
hi mamba!
hi mamba!
hi mamba!
hi mamba!
hi mamba!
hi mamba!
hi mamba!
hi mamba!
hi mamba!
hi mamba!
hi mamba!
hi mamba!
hi mamba!
hi mamba!
hi mamba!
hi mamba!
hi mamba!
hi mamba!
hi mamba!
hi mamba!
hi mamba!
hi mamba!
hi mamba!
hi mamba!
hi mamba!
hi mamba!
hi mamba!
hi mamba!
hi mamba!
hi mamba!
hi mamba!
hi mamba!
hi mamba!
hi mamba!
hi mamba!
hi mamba!
hi mamba!
hi mamba!
hi mamba!
hi mamba!
hi mamba!
hi mamba!
hi mamba!
hi mamba!
hi mamba!
hi mamba!
hi mamba!
hi mamba!
hi mamba!
hi mamba!
hi mamba!
hi mamba!
hi mamba!
hi mamba!
hi mamba!
hi mamba!
TIMING {"family": "gdn", "backend": "tree64", "length": 1540, "batch_size": 256, "mean_seconds": 0.22981149279512464, "median_seconds": 0.23013648809865117, "samples_seconds": [0.23039907403290272, 0.22945452388375998, 0.23013648809865117, 0.23043577698990703, 0.22863160097040236], "peak_memory_gb": 4.077250048, "parameters": 61468, "loss": 4.919251441955566, "gpu": "NVIDIA GH200 120GB"}
hi mamba!
hi mamba!
hi mamba!
hi mamba!
hi mamba!
hi mamba!
hi mamba!
hi mamba!
hi mamba!
hi mamba!
hi mamba!
hi mamba!
hi mamba!
hi mamba!
hi mamba!
hi mamba!
hi mamba!
hi mamba!
hi mamba!
hi mamba!
hi mamba!
hi mamba!
hi mamba!
hi mamba!
hi mamba!
hi mamba!
hi mamba!
hi mamba!
hi mamba!
hi mamba!
hi mamba!
hi mamba!
hi mamba!
hi mamba!
hi mamba!
hi mamba!
hi mamba!
hi mamba!
hi mamba!
hi mamba!
hi mamba!
hi mamba!
hi mamba!
hi mamba!
hi mamba!
hi mamba!
hi mamba!
hi mamba!
hi mamba!
hi mamba!
hi mamba!
hi mamba!
hi mamba!
hi mamba!
hi mamba!
hi mamba!
hi mamba!
hi mamba!
hi mamba!
hi mamba!
hi mamba!
hi mamba!
hi mamba!
hi mamba!
hi mamba!
hi mamba!
hi mamba!
hi mamba!
hi mamba!
hi mamba!
hi mamba!
hi mamba!
hi mamba!
hi mamba!
hi mamba!
hi mamba!
hi mamba!
hi mamba!
TIMING {"family": "gdn", "backend": "tree64", "length": 3076, "batch_size": 256, "mean_seconds": 0.3892120272386819, "median_seconds": 0.38932071602903306, "samples_seconds": [0.38932071602903306, 0.389066417934373, 0.3894305049907416, 0.3893213870469481, 0.3889211101923138], "peak_memory_gb": 8.105748992, "parameters": 61468, "loss": 4.866008758544922, "gpu": "NVIDIA GH200 120GB"}
BENCHMARK_COMPLETE tree64 gdn
